Command line invocation:
    /Applications/Xcode.app/Contents/Developer/usr/bin/xcodebuild -scheme OpenIntelligence -project OpenIntelligence.xcodeproj -destination "platform=iOS Simulator,name=iPhone 17 Pro Max" clean build

Resolve Package Graph


Resolved source packages:
  swift-collections: https://github.com/apple/swift-collections.git @ 1.3.0
  mlx-libraries: https://github.com/ml-explore/mlx-swift-examples @ main (b071763)
  Gzip: https://github.com/1024jp/GzipSwift @ 6.0.1
  swift-numerics: https://github.com/apple/swift-numerics @ 1.1.1
  Jinja: https://github.com/huggingface/swift-jinja @ 2.0.2
  swift-transformers: https://github.com/huggingface/swift-transformers @ 1.1.1
  LocalLLMClient: /Users/gunnarhostetler/Documents/GitHub/OpenIntelligence/Vendor/LocalLLMClient @ local
  mlx-swift: https://github.com/ml-explore/mlx-swift @ 0.29.1
  swift-syntax: https://github.com/swiftlang/swift-syntax @ 600.0.1

2025-11-21 21:24:12.757 xcodebuild[58948:13345028] [MT] IDERunDestination: Supported platforms for the buildables in the current scheme is empty.
CreateBuildRequest

SendProjectDescription

CreateBuildOperation

** CLEAN SUCCEEDED **

ComputePackagePrebuildTargetDependencyGraph

Prepare packages

CreateBuildRequest

SendProjectDescription

CreateBuildOperation

ComputeTargetDependencyGraph
note: Building targets in dependency order
note: Target dependency graph (16 targets)
    Target 'OpenIntelligence' in project 'OpenIntelligence'
        ➜ Explicit dependency on target 'LocalLLMClient' in project 'LocalLLMClient'
        ➜ Explicit dependency on target 'LocalLLMClientLlama' in project 'LocalLLMClient'
    Target 'LocalLLMClientLlama' in project 'LocalLLMClient'
        ➜ Explicit dependency on target 'LocalLLMClientLlama' in project 'LocalLLMClient'
        ➜ Explicit dependency on target 'LocalLLMClient_LocalLLMClientLlama' in project 'LocalLLMClient'
        ➜ Explicit dependency on target 'LocalLLMClientUtility' in project 'LocalLLMClient'
        ➜ Explicit dependency on target 'LocalLLMClientCore' in project 'LocalLLMClient'
        ➜ Explicit dependency on target 'LocalLLMClientLlamaC' in project 'LocalLLMClient'
        ➜ Explicit dependency on target 'Jinja' in project 'Jinja'
    Target 'LocalLLMClientLlama' in project 'LocalLLMClient'
        ➜ Explicit dependency on target 'LocalLLMClient_LocalLLMClientLlama' in project 'LocalLLMClient'
        ➜ Explicit dependency on target 'LocalLLMClientUtility' in project 'LocalLLMClient'
        ➜ Explicit dependency on target 'LocalLLMClientCore' in project 'LocalLLMClient'
        ➜ Explicit dependency on target 'LocalLLMClientLlamaC' in project 'LocalLLMClient'
        ➜ Explicit dependency on target 'Jinja' in project 'Jinja'
    Target 'LocalLLMClientLlamaC' in project 'LocalLLMClient' (no dependencies)
    Target 'LocalLLMClient_LocalLLMClientLlama' in project 'LocalLLMClient' (no dependencies)
    Target 'LocalLLMClient' in project 'LocalLLMClient'
        ➜ Explicit dependency on target 'LocalLLMClient' in project 'LocalLLMClient'
        ➜ Explicit dependency on target 'LocalLLMClientUtility' in project 'LocalLLMClient'
        ➜ Explicit dependency on target 'LocalLLMClientCore' in project 'LocalLLMClient'
        ➜ Explicit dependency on target 'LocalLLMClientMacrosPlugin' in project 'LocalLLMClient'
        ➜ Explicit dependency on target 'LocalLLMClientMacros' in project 'LocalLLMClient'
        ➜ Explicit dependency on target 'Jinja' in project 'Jinja'
    Target 'LocalLLMClient' in project 'LocalLLMClient'
        ➜ Explicit dependency on target 'LocalLLMClientUtility' in project 'LocalLLMClient'
        ➜ Explicit dependency on target 'LocalLLMClientCore' in project 'LocalLLMClient'
        ➜ Explicit dependency on target 'LocalLLMClientMacrosPlugin' in project 'LocalLLMClient'
        ➜ Explicit dependency on target 'LocalLLMClientMacros' in project 'LocalLLMClient'
        ➜ Explicit dependency on target 'Jinja' in project 'Jinja'
    Target 'LocalLLMClientMacros' in project 'LocalLLMClient'
        ➜ Explicit dependency on target 'LocalLLMClientMacrosPlugin' in project 'LocalLLMClient'
        ➜ Explicit dependency on target 'LocalLLMClientUtility' in project 'LocalLLMClient'
        ➜ Explicit dependency on target 'LocalLLMClientCore' in project 'LocalLLMClient'
        ➜ Explicit dependency on target 'Jinja' in project 'Jinja'
    Target 'LocalLLMClientMacrosPlugin' in project 'LocalLLMClient' (no dependencies)
    Target 'LocalLLMClientCore' in project 'LocalLLMClient'
        ➜ Explicit dependency on target 'LocalLLMClientUtility' in project 'LocalLLMClient'
        ➜ Explicit dependency on target 'Jinja' in project 'Jinja'
    Target 'Jinja' in project 'Jinja'
        ➜ Explicit dependency on target 'Jinja' in project 'Jinja'
        ➜ Explicit dependency on target 'OrderedCollections' in project 'swift-collections'
    Target 'Jinja' in project 'Jinja'
        ➜ Explicit dependency on target 'OrderedCollections' in project 'swift-collections'
    Target 'OrderedCollections' in project 'swift-collections'
        ➜ Explicit dependency on target 'OrderedCollections' in project 'swift-collections'
        ➜ Explicit dependency on target 'InternalCollectionsUtilities' in project 'swift-collections'
    Target 'OrderedCollections' in project 'swift-collections'
        ➜ Explicit dependency on target 'InternalCollectionsUtilities' in project 'swift-collections'
    Target 'InternalCollectionsUtilities' in project 'swift-collections' (no dependencies)
    Target 'LocalLLMClientUtility' in project 'LocalLLMClient' (no dependencies)

GatherProvisioningInputs

CreateBuildDescription

ExecuteExternalTool /Applications/Xcode.app/Contents/Developer/Toolchains/XcodeDefault.xctoolchain/usr/bin/swiftc --version

ExecuteExternalTool /Applications/Xcode.app/Contents/Developer/Toolchains/XcodeDefault.xctoolchain/usr/bin/clang -v -E -dM -arch arm64 -isysroot /Applications/Xcode.app/Contents/Developer/Platforms/iPhoneSimulator.platform/Developer/SDKs/iPhoneSimulator26.1.sdk -x c++ -c /dev/null

ExecuteExternalTool /Applications/Xcode.app/Contents/Developer/Toolchains/XcodeDefault.xctoolchain/usr/bin/clang -v -E -dM -isysroot /Applications/Xcode.app/Contents/Developer/Platforms/iPhoneSimulator.platform/Developer/SDKs/iPhoneSimulator26.1.sdk -x c -c /dev/null

ExecuteExternalTool /Applications/Xcode.app/Contents/Developer/usr/bin/actool --print-asset-tag-combinations --output-format xml1 /Users/gunnarhostetler/Documents/GitHub/OpenIntelligence/OpenIntelligence/Assets.xcassets

ExecuteExternalTool /Applications/Xcode.app/Contents/Developer/Toolchains/XcodeDefault.xctoolchain/usr/bin/clang -v -E -dM -isysroot /Applications/Xcode.app/Contents/Developer/Platforms/MacOSX.platform/Developer/SDKs/MacOSX26.1.sdk -x c -c /dev/null

ExecuteExternalTool /Applications/Xcode.app/Contents/Developer/Toolchains/XcodeDefault.xctoolchain/usr/bin/clang -v -E -dM -arch arm64 -isysroot /Applications/Xcode.app/Contents/Developer/Platforms/iPhoneSimulator.platform/Developer/SDKs/iPhoneSimulator26.1.sdk -x c -c /dev/null

ExecuteExternalTool /Applications/Xcode.app/Contents/Developer/Toolchains/XcodeDefault.xctoolchain/usr/bin/ld -version_details

ReadFileContents /Applications/Xcode.app/Contents/Developer/Toolchains/XcodeDefault.xctoolchain/usr/share/docc/features.json

ExecuteExternalTool /Applications/Xcode.app/Contents/Developer/usr/bin/actool --version --output-format xml1

Build description signature: 23200f73aed8daea87b7cb0c5f8e46cb
Build description path: /Users/gunnarhostetler/Library/Developer/Xcode/DerivedData/OpenIntelligence-exvenikajtsxhefyqtimuofgvczj/Build/Intermediates.noindex/XCBuildData/23200f73aed8daea87b7cb0c5f8e46cb.xcbuilddata
ClangStatCache /Applications/Xcode.app/Contents/Developer/Toolchains/XcodeDefault.xctoolchain/usr/bin/clang-stat-cache /Applications/Xcode.app/Contents/Developer/Platforms/iPhoneSimulator.platform/Developer/SDKs/iPhoneSimulator26.1.sdk /Users/gunnarhostetler/Library/Developer/Xcode/DerivedData/SDKStatCaches.noindex/iphonesimulator26.1-23B77-3885c01c3e6b6a337905948deab2002e90cf18a4295e390e64c810bc6bd7acbc.sdkstatcache
    cd /Users/gunnarhostetler/Documents/GitHub/OpenIntelligence/OpenIntelligence.xcodeproj
    /Applications/Xcode.app/Contents/Developer/Toolchains/XcodeDefault.xctoolchain/usr/bin/clang-stat-cache /Applications/Xcode.app/Contents/Developer/Platforms/iPhoneSimulator.platform/Developer/SDKs/iPhoneSimulator26.1.sdk -o /Users/gunnarhostetler/Library/Developer/Xcode/DerivedData/SDKStatCaches.noindex/iphonesimulator26.1-23B77-3885c01c3e6b6a337905948deab2002e90cf18a4295e390e64c810bc6bd7acbc.sdkstatcache

ClangStatCache /Applications/Xcode.app/Contents/Developer/Toolchains/XcodeDefault.xctoolchain/usr/bin/clang-stat-cache /Applications/Xcode.app/Contents/Developer/Platforms/MacOSX.platform/Developer/SDKs/MacOSX26.1.sdk /Users/gunnarhostetler/Library/Developer/Xcode/DerivedData/SDKStatCaches.noindex/macosx26.1-25B74-3885c01c3e6b6a337905948deab2002e3ae1261907bdadc328169391a47051a6.sdkstatcache
    cd /Users/gunnarhostetler/Documents/GitHub/OpenIntelligence/OpenIntelligence.xcodeproj
    /Applications/Xcode.app/Contents/Developer/Toolchains/XcodeDefault.xctoolchain/usr/bin/clang-stat-cache /Applications/Xcode.app/Contents/Developer/Platforms/MacOSX.platform/Developer/SDKs/MacOSX26.1.sdk -o /Users/gunnarhostetler/Library/Developer/Xcode/DerivedData/SDKStatCaches.noindex/macosx26.1-25B74-3885c01c3e6b6a337905948deab2002e3ae1261907bdadc328169391a47051a6.sdkstatcache

CreateBuildDirectory /Users/gunnarhostetler/Library/Developer/Xcode/DerivedData/OpenIntelligence-exvenikajtsxhefyqtimuofgvczj/Build/Products
    cd /Users/gunnarhostetler/Documents/GitHub/OpenIntelligence/OpenIntelligence.xcodeproj
    builtin-create-build-directory /Users/gunnarhostetler/Library/Developer/Xcode/DerivedData/OpenIntelligence-exvenikajtsxhefyqtimuofgvczj/Build/Products

CreateBuildDirectory /Users/gunnarhostetler/Library/Developer/Xcode/DerivedData/OpenIntelligence-exvenikajtsxhefyqtimuofgvczj/Build/Intermediates.noindex
    cd /Users/gunnarhostetler/Documents/GitHub/OpenIntelligence/OpenIntelligence.xcodeproj
    builtin-create-build-directory /Users/gunnarhostetler/Library/Developer/Xcode/DerivedData/OpenIntelligence-exvenikajtsxhefyqtimuofgvczj/Build/Intermediates.noindex

WriteAuxiliaryFile /Users/gunnarhostetler/Library/Developer/Xcode/DerivedData/OpenIntelligence-exvenikajtsxhefyqtimuofgvczj/Build/Intermediates.noindex/OpenIntelligence.build/Debug-iphonesimulator/OpenIntelligence-8eaf30697dd2edc034bb09d37da97ca5-VFS-iphonesimulator/all-product-headers.yaml
    cd /Users/gunnarhostetler/Documents/GitHub/OpenIntelligence/OpenIntelligence.xcodeproj
    write-file /Users/gunnarhostetler/Library/Developer/Xcode/DerivedData/OpenIntelligence-exvenikajtsxhefyqtimuofgvczj/Build/Intermediates.noindex/OpenIntelligence.build/Debug-iphonesimulator/OpenIntelligence-8eaf30697dd2edc034bb09d37da97ca5-VFS-iphonesimulator/all-product-headers.yaml

CreateBuildDirectory /Users/gunnarhostetler/Library/Developer/Xcode/DerivedData/OpenIntelligence-exvenikajtsxhefyqtimuofgvczj/Build/Products/Debug-iphonesimulator
    cd /Users/gunnarhostetler/Documents/GitHub/OpenIntelligence/OpenIntelligence.xcodeproj
    builtin-create-build-directory /Users/gunnarhostetler/Library/Developer/Xcode/DerivedData/OpenIntelligence-exvenikajtsxhefyqtimuofgvczj/Build/Products/Debug-iphonesimulator

CreateBuildDirectory /Users/gunnarhostetler/Library/Developer/Xcode/DerivedData/OpenIntelligence-exvenikajtsxhefyqtimuofgvczj/Build/Products/Debug
    cd /Users/gunnarhostetler/Documents/GitHub/OpenIntelligence/OpenIntelligence.xcodeproj
    builtin-create-build-directory /Users/gunnarhostetler/Library/Developer/Xcode/DerivedData/OpenIntelligence-exvenikajtsxhefyqtimuofgvczj/Build/Products/Debug

CreateBuildDirectory /Users/gunnarhostetler/Library/Developer/Xcode/DerivedData/OpenIntelligence-exvenikajtsxhefyqtimuofgvczj/Build/Intermediates.noindex/SwiftExplicitPrecompiledModules
    cd /Users/gunnarhostetler/Documents/GitHub/OpenIntelligence/OpenIntelligence.xcodeproj
    builtin-create-build-directory /Users/gunnarhostetler/Library/Developer/Xcode/DerivedData/OpenIntelligence-exvenikajtsxhefyqtimuofgvczj/Build/Intermediates.noindex/SwiftExplicitPrecompiledModules

CreateBuildDirectory /Users/gunnarhostetler/Library/Developer/Xcode/DerivedData/OpenIntelligence-exvenikajtsxhefyqtimuofgvczj/Build/Intermediates.noindex/ExplicitPrecompiledModules
    cd /Users/gunnarhostetler/Documents/GitHub/OpenIntelligence/OpenIntelligence.xcodeproj
    builtin-create-build-directory /Users/gunnarhostetler/Library/Developer/Xcode/DerivedData/OpenIntelligence-exvenikajtsxhefyqtimuofgvczj/Build/Intermediates.noindex/ExplicitPrecompiledModules

CreateBuildDirectory /Users/gunnarhostetler/Library/Developer/Xcode/DerivedData/OpenIntelligence-exvenikajtsxhefyqtimuofgvczj/Build/Intermediates.noindex/EagerLinkingTBDs/Debug
    cd /Users/gunnarhostetler/Documents/GitHub/OpenIntelligence/OpenIntelligence.xcodeproj
    builtin-create-build-directory /Users/gunnarhostetler/Library/Developer/Xcode/DerivedData/OpenIntelligence-exvenikajtsxhefyqtimuofgvczj/Build/Intermediates.noindex/EagerLinkingTBDs/Debug

CreateBuildDirectory /Users/gunnarhostetler/Library/Developer/Xcode/DerivedData/OpenIntelligence-exvenikajtsxhefyqtimuofgvczj/Build/Intermediates.noindex/EagerLinkingTBDs/Debug-iphonesimulator
    cd /Users/gunnarhostetler/Documents/GitHub/OpenIntelligence/OpenIntelligence.xcodeproj
    builtin-create-build-directory /Users/gunnarhostetler/Library/Developer/Xcode/DerivedData/OpenIntelligence-exvenikajtsxhefyqtimuofgvczj/Build/Intermediates.noindex/EagerLinkingTBDs/Debug-iphonesimulator

CreateBuildDirectory /Users/gunnarhostetler/Library/Developer/Xcode/DerivedData/OpenIntelligence-exvenikajtsxhefyqtimuofgvczj/Build/Products/Debug/PackageFrameworks
    cd /Users/gunnarhostetler/Documents/GitHub/OpenIntelligence/OpenIntelligence.xcodeproj
    builtin-create-build-directory /Users/gunnarhostetler/Library/Developer/Xcode/DerivedData/OpenIntelligence-exvenikajtsxhefyqtimuofgvczj/Build/Products/Debug/PackageFrameworks

CreateBuildDirectory /Users/gunnarhostetler/Library/Developer/Xcode/DerivedData/OpenIntelligence-exvenikajtsxhefyqtimuofgvczj/Build/Products/Debug-iphonesimulator/PackageFrameworks
    cd /Users/gunnarhostetler/Documents/GitHub/OpenIntelligence/OpenIntelligence.xcodeproj
    builtin-create-build-directory /Users/gunnarhostetler/Library/Developer/Xcode/DerivedData/OpenIntelligence-exvenikajtsxhefyqtimuofgvczj/Build/Products/Debug-iphonesimulator/PackageFrameworks

WriteAuxiliaryFile /Users/gunnarhostetler/Library/Developer/Xcode/DerivedData/OpenIntelligence-exvenikajtsxhefyqtimuofgvczj/Build/Intermediates.noindex/swift-collections.build/Debug-iphonesimulator/OrderedCollections.build/OrderedCollections.DependencyStaticMetadataFileList (in target 'OrderedCollections' from project 'swift-collections')
    cd /Users/gunnarhostetler/Library/Developer/Xcode/DerivedData/OpenIntelligence-exvenikajtsxhefyqtimuofgvczj/SourcePackages/checkouts/swift-collections
    write-file /Users/gunnarhostetler/Library/Developer/Xcode/DerivedData/OpenIntelligence-exvenikajtsxhefyqtimuofgvczj/Build/Intermediates.noindex/swift-collections.build/Debug-iphonesimulator/OrderedCollections.build/OrderedCollections.DependencyStaticMetadataFileList

WriteAuxiliaryFile /Users/gunnarhostetler/Library/Developer/Xcode/DerivedData/OpenIntelligence-exvenikajtsxhefyqtimuofgvczj/Build/Intermediates.noindex/swift-collections.build/Debug-iphonesimulator/OrderedCollections.build/Objects-normal/arm64/OrderedCollections_const_extract_protocols.json (in target 'OrderedCollections' from project 'swift-collections')
    cd /Users/gunnarhostetler/Library/Developer/Xcode/DerivedData/OpenIntelligence-exvenikajtsxhefyqtimuofgvczj/SourcePackages/checkouts/swift-collections
    write-file /Users/gunnarhostetler/Library/Developer/Xcode/DerivedData/OpenIntelligence-exvenikajtsxhefyqtimuofgvczj/Build/Intermediates.noindex/swift-collections.build/Debug-iphonesimulator/OrderedCollections.build/Objects-normal/arm64/OrderedCollections_const_extract_protocols.json

WriteAuxiliaryFile /Users/gunnarhostetler/Library/Developer/Xcode/DerivedData/OpenIntelligence-exvenikajtsxhefyqtimuofgvczj/Build/Intermediates.noindex/swift-collections.build/Debug-iphonesimulator/OrderedCollections.build/OrderedCollections.DependencyMetadataFileList (in target 'OrderedCollections' from project 'swift-collections')
    cd /Users/gunnarhostetler/Library/Developer/Xcode/DerivedData/OpenIntelligence-exvenikajtsxhefyqtimuofgvczj/SourcePackages/checkouts/swift-collections
    write-file /Users/gunnarhostetler/Library/Developer/Xcode/DerivedData/OpenIntelligence-exvenikajtsxhefyqtimuofgvczj/Build/Intermediates.noindex/swift-collections.build/Debug-iphonesimulator/OrderedCollections.build/OrderedCollections.DependencyMetadataFileList

WriteAuxiliaryFile /Users/gunnarhostetler/Library/Developer/Xcode/DerivedData/OpenIntelligence-exvenikajtsxhefyqtimuofgvczj/Build/Intermediates.noindex/swift-collections.build/Debug-iphonesimulator/OrderedCollections.build/OrderedCollections.modulemap (in target 'OrderedCollections' from project 'swift-collections')
    cd /Users/gunnarhostetler/Library/Developer/Xcode/DerivedData/OpenIntelligence-exvenikajtsxhefyqtimuofgvczj/SourcePackages/checkouts/swift-collections
    write-file /Users/gunnarhostetler/Library/Developer/Xcode/DerivedData/OpenIntelligence-exvenikajtsxhefyqtimuofgvczj/Build/Intermediates.noindex/swift-collections.build/Debug-iphonesimulator/OrderedCollections.build/OrderedCollections.modulemap

WriteAuxiliaryFile /Users/gunnarhostetler/Library/Developer/Xcode/DerivedData/OpenIntelligence-exvenikajtsxhefyqtimuofgvczj/Build/Intermediates.noindex/swift-collections.build/Debug-iphonesimulator/OrderedCollections.build/Objects-normal/arm64/OrderedCollections.SwiftFileList (in target 'OrderedCollections' from project 'swift-collections')
    cd /Users/gunnarhostetler/Library/Developer/Xcode/DerivedData/OpenIntelligence-exvenikajtsxhefyqtimuofgvczj/SourcePackages/checkouts/swift-collections
    write-file /Users/gunnarhostetler/Library/Developer/Xcode/DerivedData/OpenIntelligence-exvenikajtsxhefyqtimuofgvczj/Build/Intermediates.noindex/swift-collections.build/Debug-iphonesimulator/OrderedCollections.build/Objects-normal/arm64/OrderedCollections.SwiftFileList

WriteAuxiliaryFile /Users/gunnarhostetler/Library/Developer/Xcode/DerivedData/OpenIntelligence-exvenikajtsxhefyqtimuofgvczj/Build/Intermediates.noindex/swift-collections.build/Debug-iphonesimulator/OrderedCollections.build/Objects-normal/arm64/OrderedCollections.SwiftConstValuesFileList (in target 'OrderedCollections' from project 'swift-collections')
    cd /Users/gunnarhostetler/Library/Developer/Xcode/DerivedData/OpenIntelligence-exvenikajtsxhefyqtimuofgvczj/SourcePackages/checkouts/swift-collections
    write-file /Users/gunnarhostetler/Library/Developer/Xcode/DerivedData/OpenIntelligence-exvenikajtsxhefyqtimuofgvczj/Build/Intermediates.noindex/swift-collections.build/Debug-iphonesimulator/OrderedCollections.build/Objects-normal/arm64/OrderedCollections.SwiftConstValuesFileList

WriteAuxiliaryFile /Users/gunnarhostetler/Library/Developer/Xcode/DerivedData/OpenIntelligence-exvenikajtsxhefyqtimuofgvczj/Build/Intermediates.noindex/swift-collections.build/Debug-iphonesimulator/OrderedCollections.build/Objects-normal/arm64/OrderedCollections.LinkFileList (in target 'OrderedCollections' from project 'swift-collections')
    cd /Users/gunnarhostetler/Library/Developer/Xcode/DerivedData/OpenIntelligence-exvenikajtsxhefyqtimuofgvczj/SourcePackages/checkouts/swift-collections
    write-file /Users/gunnarhostetler/Library/Developer/Xcode/DerivedData/OpenIntelligence-exvenikajtsxhefyqtimuofgvczj/Build/Intermediates.noindex/swift-collections.build/Debug-iphonesimulator/OrderedCollections.build/Objects-normal/arm64/OrderedCollections.LinkFileList

WriteAuxiliaryFile /Users/gunnarhostetler/Library/Developer/Xcode/DerivedData/OpenIntelligence-exvenikajtsxhefyqtimuofgvczj/Build/Intermediates.noindex/swift-collections.build/Debug-iphonesimulator/OrderedCollections.build/Objects-normal/arm64/OrderedCollections-OutputFileMap.json (in target 'OrderedCollections' from project 'swift-collections')
    cd /Users/gunnarhostetler/Library/Developer/Xcode/DerivedData/OpenIntelligence-exvenikajtsxhefyqtimuofgvczj/SourcePackages/checkouts/swift-collections
    write-file /Users/gunnarhostetler/Library/Developer/Xcode/DerivedData/OpenIntelligence-exvenikajtsxhefyqtimuofgvczj/Build/Intermediates.noindex/swift-collections.build/Debug-iphonesimulator/OrderedCollections.build/Objects-normal/arm64/OrderedCollections-OutputFileMap.json

WriteAuxiliaryFile /Users/gunnarhostetler/Library/Developer/Xcode/DerivedData/OpenIntelligence-exvenikajtsxhefyqtimuofgvczj/Build/Intermediates.noindex/LocalLLMClient.build/Debug-iphonesimulator/LocalLLMClient_LocalLLMClientLlama.build/empty-LocalLLMClient_LocalLLMClientLlama.plist (in target 'LocalLLMClient_LocalLLMClientLlama' from project 'LocalLLMClient')
    cd /Users/gunnarhostetler/Documents/GitHub/OpenIntelligence/Vendor/LocalLLMClient
    write-file /Users/gunnarhostetler/Library/Developer/Xcode/DerivedData/OpenIntelligence-exvenikajtsxhefyqtimuofgvczj/Build/Intermediates.noindex/LocalLLMClient.build/Debug-iphonesimulator/LocalLLMClient_LocalLLMClientLlama.build/empty-LocalLLMClient_LocalLLMClientLlama.plist

WriteAuxiliaryFile /Users/gunnarhostetler/Library/Developer/Xcode/DerivedData/OpenIntelligence-exvenikajtsxhefyqtimuofgvczj/Build/Intermediates.noindex/LocalLLMClient.build/Debug-iphonesimulator/LocalLLMClient_LocalLLMClientLlama.build/LocalLLMClient_LocalLLMClientLlama.DependencyStaticMetadataFileList (in target 'LocalLLMClient_LocalLLMClientLlama' from project 'LocalLLMClient')
    cd /Users/gunnarhostetler/Documents/GitHub/OpenIntelligence/Vendor/LocalLLMClient
    write-file /Users/gunnarhostetler/Library/Developer/Xcode/DerivedData/OpenIntelligence-exvenikajtsxhefyqtimuofgvczj/Build/Intermediates.noindex/LocalLLMClient.build/Debug-iphonesimulator/LocalLLMClient_LocalLLMClientLlama.build/LocalLLMClient_LocalLLMClientLlama.DependencyStaticMetadataFileList

WriteAuxiliaryFile /Users/gunnarhostetler/Library/Developer/Xcode/DerivedData/OpenIntelligence-exvenikajtsxhefyqtimuofgvczj/Build/Intermediates.noindex/LocalLLMClient.build/Debug-iphonesimulator/LocalLLMClient_LocalLLMClientLlama.build/LocalLLMClient_LocalLLMClientLlama.DependencyMetadataFileList (in target 'LocalLLMClient_LocalLLMClientLlama' from project 'LocalLLMClient')
    cd /Users/gunnarhostetler/Documents/GitHub/OpenIntelligence/Vendor/LocalLLMClient
    write-file /Users/gunnarhostetler/Library/Developer/Xcode/DerivedData/OpenIntelligence-exvenikajtsxhefyqtimuofgvczj/Build/Intermediates.noindex/LocalLLMClient.build/Debug-iphonesimulator/LocalLLMClient_LocalLLMClientLlama.build/LocalLLMClient_LocalLLMClientLlama.DependencyMetadataFileList

WriteAuxiliaryFile /Users/gunnarhostetler/Library/Developer/Xcode/DerivedData/OpenIntelligence-exvenikajtsxhefyqtimuofgvczj/Build/Intermediates.noindex/LocalLLMClient.build/Debug-iphonesimulator/LocalLLMClientUtility.build/Objects-normal/arm64/LocalLLMClientUtility_const_extract_protocols.json (in target 'LocalLLMClientUtility' from project 'LocalLLMClient')
    cd /Users/gunnarhostetler/Documents/GitHub/OpenIntelligence/Vendor/LocalLLMClient
    write-file /Users/gunnarhostetler/Library/Developer/Xcode/DerivedData/OpenIntelligence-exvenikajtsxhefyqtimuofgvczj/Build/Intermediates.noindex/LocalLLMClient.build/Debug-iphonesimulator/LocalLLMClientUtility.build/Objects-normal/arm64/LocalLLMClientUtility_const_extract_protocols.json

WriteAuxiliaryFile /Users/gunnarhostetler/Library/Developer/Xcode/DerivedData/OpenIntelligence-exvenikajtsxhefyqtimuofgvczj/Build/Intermediates.noindex/LocalLLMClient.build/Debug-iphonesimulator/LocalLLMClientUtility.build/Objects-normal/arm64/LocalLLMClientUtility.LinkFileList (in target 'LocalLLMClientUtility' from project 'LocalLLMClient')
    cd /Users/gunnarhostetler/Documents/GitHub/OpenIntelligence/Vendor/LocalLLMClient
    write-file /Users/gunnarhostetler/Library/Developer/Xcode/DerivedData/OpenIntelligence-exvenikajtsxhefyqtimuofgvczj/Build/Intermediates.noindex/LocalLLMClient.build/Debug-iphonesimulator/LocalLLMClientUtility.build/Objects-normal/arm64/LocalLLMClientUtility.LinkFileList

WriteAuxiliaryFile /Users/gunnarhostetler/Library/Developer/Xcode/DerivedData/OpenIntelligence-exvenikajtsxhefyqtimuofgvczj/Build/Intermediates.noindex/LocalLLMClient.build/Debug-iphonesimulator/LocalLLMClientUtility.build/Objects-normal/arm64/LocalLLMClientUtility-OutputFileMap.json (in target 'LocalLLMClientUtility' from project 'LocalLLMClient')
    cd /Users/gunnarhostetler/Documents/GitHub/OpenIntelligence/Vendor/LocalLLMClient
    write-file /Users/gunnarhostetler/Library/Developer/Xcode/DerivedData/OpenIntelligence-exvenikajtsxhefyqtimuofgvczj/Build/Intermediates.noindex/LocalLLMClient.build/Debug-iphonesimulator/LocalLLMClientUtility.build/Objects-normal/arm64/LocalLLMClientUtility-OutputFileMap.json

WriteAuxiliaryFile /Users/gunnarhostetler/Library/Developer/Xcode/DerivedData/OpenIntelligence-exvenikajtsxhefyqtimuofgvczj/Build/Intermediates.noindex/LocalLLMClient.build/Debug-iphonesimulator/LocalLLMClientUtility.build/LocalLLMClientUtility.modulemap (in target 'LocalLLMClientUtility' from project 'LocalLLMClient')
    cd /Users/gunnarhostetler/Documents/GitHub/OpenIntelligence/Vendor/LocalLLMClient
    write-file /Users/gunnarhostetler/Library/Developer/Xcode/DerivedData/OpenIntelligence-exvenikajtsxhefyqtimuofgvczj/Build/Intermediates.noindex/LocalLLMClient.build/Debug-iphonesimulator/LocalLLMClientUtility.build/LocalLLMClientUtility.modulemap

WriteAuxiliaryFile /Users/gunnarhostetler/Library/Developer/Xcode/DerivedData/OpenIntelligence-exvenikajtsxhefyqtimuofgvczj/Build/Intermediates.noindex/LocalLLMClient.build/Debug-iphonesimulator/LocalLLMClientUtility.build/Objects-normal/arm64/LocalLLMClientUtility.SwiftConstValuesFileList (in target 'LocalLLMClientUtility' from project 'LocalLLMClient')
    cd /Users/gunnarhostetler/Documents/GitHub/OpenIntelligence/Vendor/LocalLLMClient
    write-file /Users/gunnarhostetler/Library/Developer/Xcode/DerivedData/OpenIntelligence-exvenikajtsxhefyqtimuofgvczj/Build/Intermediates.noindex/LocalLLMClient.build/Debug-iphonesimulator/LocalLLMClientUtility.build/Objects-normal/arm64/LocalLLMClientUtility.SwiftConstValuesFileList

WriteAuxiliaryFile /Users/gunnarhostetler/Library/Developer/Xcode/DerivedData/OpenIntelligence-exvenikajtsxhefyqtimuofgvczj/Build/Intermediates.noindex/LocalLLMClient.build/Debug-iphonesimulator/LocalLLMClientUtility.build/Objects-normal/arm64/LocalLLMClientUtility.SwiftFileList (in target 'LocalLLMClientUtility' from project 'LocalLLMClient')
    cd /Users/gunnarhostetler/Documents/GitHub/OpenIntelligence/Vendor/LocalLLMClient
    write-file /Users/gunnarhostetler/Library/Developer/Xcode/DerivedData/OpenIntelligence-exvenikajtsxhefyqtimuofgvczj/Build/Intermediates.noindex/LocalLLMClient.build/Debug-iphonesimulator/LocalLLMClientUtility.build/Objects-normal/arm64/LocalLLMClientUtility.SwiftFileList

WriteAuxiliaryFile /Users/gunnarhostetler/Library/Developer/Xcode/DerivedData/OpenIntelligence-exvenikajtsxhefyqtimuofgvczj/Build/Intermediates.noindex/LocalLLMClient.build/Debug-iphonesimulator/LocalLLMClientUtility.build/LocalLLMClientUtility.DependencyStaticMetadataFileList (in target 'LocalLLMClientUtility' from project 'LocalLLMClient')
    cd /Users/gunnarhostetler/Documents/GitHub/OpenIntelligence/Vendor/LocalLLMClient
    write-file /Users/gunnarhostetler/Library/Developer/Xcode/DerivedData/OpenIntelligence-exvenikajtsxhefyqtimuofgvczj/Build/Intermediates.noindex/LocalLLMClient.build/Debug-iphonesimulator/LocalLLMClientUtility.build/LocalLLMClientUtility.DependencyStaticMetadataFileList

WriteAuxiliaryFile /Users/gunnarhostetler/Library/Developer/Xcode/DerivedData/OpenIntelligence-exvenikajtsxhefyqtimuofgvczj/Build/Intermediates.noindex/LocalLLMClient.build/Debug-iphonesimulator/LocalLLMClientUtility.build/LocalLLMClientUtility.DependencyMetadataFileList (in target 'LocalLLMClientUtility' from project 'LocalLLMClient')
    cd /Users/gunnarhostetler/Documents/GitHub/OpenIntelligence/Vendor/LocalLLMClient
    write-file /Users/gunnarhostetler/Library/Developer/Xcode/DerivedData/OpenIntelligence-exvenikajtsxhefyqtimuofgvczj/Build/Intermediates.noindex/LocalLLMClient.build/Debug-iphonesimulator/LocalLLMClientUtility.build/LocalLLMClientUtility.DependencyMetadataFileList

WriteAuxiliaryFile /Users/gunnarhostetler/Library/Developer/Xcode/DerivedData/OpenIntelligence-exvenikajtsxhefyqtimuofgvczj/Build/Intermediates.noindex/LocalLLMClient.build/Debug/LocalLLMClientMacrosPlugin.build/Objects-normal/arm64/LocalLLMClientMacrosPlugin_const_extract_protocols.json (in target 'LocalLLMClientMacrosPlugin' from project 'LocalLLMClient')
    cd /Users/gunnarhostetler/Documents/GitHub/OpenIntelligence/Vendor/LocalLLMClient
    write-file /Users/gunnarhostetler/Library/Developer/Xcode/DerivedData/OpenIntelligence-exvenikajtsxhefyqtimuofgvczj/Build/Intermediates.noindex/LocalLLMClient.build/Debug/LocalLLMClientMacrosPlugin.build/Objects-normal/arm64/LocalLLMClientMacrosPlugin_const_extract_protocols.json

WriteAuxiliaryFile /Users/gunnarhostetler/Library/Developer/Xcode/DerivedData/OpenIntelligence-exvenikajtsxhefyqtimuofgvczj/Build/Intermediates.noindex/LocalLLMClient.build/Debug/LocalLLMClientMacrosPlugin.build/Objects-normal/arm64/LocalLLMClientMacrosPlugin.SwiftFileList (in target 'LocalLLMClientMacrosPlugin' from project 'LocalLLMClient')
    cd /Users/gunnarhostetler/Documents/GitHub/OpenIntelligence/Vendor/LocalLLMClient
    write-file /Users/gunnarhostetler/Library/Developer/Xcode/DerivedData/OpenIntelligence-exvenikajtsxhefyqtimuofgvczj/Build/Intermediates.noindex/LocalLLMClient.build/Debug/LocalLLMClientMacrosPlugin.build/Objects-normal/arm64/LocalLLMClientMacrosPlugin.SwiftFileList

WriteAuxiliaryFile /Users/gunnarhostetler/Library/Developer/Xcode/DerivedData/OpenIntelligence-exvenikajtsxhefyqtimuofgvczj/Build/Intermediates.noindex/LocalLLMClient.build/Debug/LocalLLMClientMacrosPlugin.build/Objects-normal/arm64/LocalLLMClientMacrosPlugin.LinkFileList (in target 'LocalLLMClientMacrosPlugin' from project 'LocalLLMClient')
    cd /Users/gunnarhostetler/Documents/GitHub/OpenIntelligence/Vendor/LocalLLMClient
    write-file /Users/gunnarhostetler/Library/Developer/Xcode/DerivedData/OpenIntelligence-exvenikajtsxhefyqtimuofgvczj/Build/Intermediates.noindex/LocalLLMClient.build/Debug/LocalLLMClientMacrosPlugin.build/Objects-normal/arm64/LocalLLMClientMacrosPlugin.LinkFileList

WriteAuxiliaryFile /Users/gunnarhostetler/Library/Developer/Xcode/DerivedData/OpenIntelligence-exvenikajtsxhefyqtimuofgvczj/Build/Intermediates.noindex/LocalLLMClient.build/Debug/LocalLLMClientMacrosPlugin.build/Objects-normal/arm64/LocalLLMClientMacrosPlugin-OutputFileMap.json (in target 'LocalLLMClientMacrosPlugin' from project 'LocalLLMClient')
    cd /Users/gunnarhostetler/Documents/GitHub/OpenIntelligence/Vendor/LocalLLMClient
    write-file /Users/gunnarhostetler/Library/Developer/Xcode/DerivedData/OpenIntelligence-exvenikajtsxhefyqtimuofgvczj/Build/Intermediates.noindex/LocalLLMClient.build/Debug/LocalLLMClientMacrosPlugin.build/Objects-normal/arm64/LocalLLMClientMacrosPlugin-OutputFileMap.json

WriteAuxiliaryFile /Users/gunnarhostetler/Library/Developer/Xcode/DerivedData/OpenIntelligence-exvenikajtsxhefyqtimuofgvczj/Build/Intermediates.noindex/LocalLLMClient.build/Debug/LocalLLMClientMacrosPlugin.build/LocalLLMClientMacrosPlugin.DependencyStaticMetadataFileList (in target 'LocalLLMClientMacrosPlugin' from project 'LocalLLMClient')
    cd /Users/gunnarhostetler/Documents/GitHub/OpenIntelligence/Vendor/LocalLLMClient
    write-file /Users/gunnarhostetler/Library/Developer/Xcode/DerivedData/OpenIntelligence-exvenikajtsxhefyqtimuofgvczj/Build/Intermediates.noindex/LocalLLMClient.build/Debug/LocalLLMClientMacrosPlugin.build/LocalLLMClientMacrosPlugin.DependencyStaticMetadataFileList

WriteAuxiliaryFile /Users/gunnarhostetler/Library/Developer/Xcode/DerivedData/OpenIntelligence-exvenikajtsxhefyqtimuofgvczj/Build/Intermediates.noindex/LocalLLMClient.build/Debug/LocalLLMClientMacrosPlugin.build/LocalLLMClientMacrosPlugin.DependencyMetadataFileList (in target 'LocalLLMClientMacrosPlugin' from project 'LocalLLMClient')
    cd /Users/gunnarhostetler/Documents/GitHub/OpenIntelligence/Vendor/LocalLLMClient
    write-file /Users/gunnarhostetler/Library/Developer/Xcode/DerivedData/OpenIntelligence-exvenikajtsxhefyqtimuofgvczj/Build/Intermediates.noindex/LocalLLMClient.build/Debug/LocalLLMClientMacrosPlugin.build/LocalLLMClientMacrosPlugin.DependencyMetadataFileList

WriteAuxiliaryFile /Users/gunnarhostetler/Library/Developer/Xcode/DerivedData/OpenIntelligence-exvenikajtsxhefyqtimuofgvczj/Build/Intermediates.noindex/LocalLLMClient.build/Debug-iphonesimulator/LocalLLMClientMacros.build/Objects-normal/arm64/LocalLLMClientMacros_const_extract_protocols.json (in target 'LocalLLMClientMacros' from project 'LocalLLMClient')
    cd /Users/gunnarhostetler/Documents/GitHub/OpenIntelligence/Vendor/LocalLLMClient
    write-file /Users/gunnarhostetler/Library/Developer/Xcode/DerivedData/OpenIntelligence-exvenikajtsxhefyqtimuofgvczj/Build/Intermediates.noindex/LocalLLMClient.build/Debug-iphonesimulator/LocalLLMClientMacros.build/Objects-normal/arm64/LocalLLMClientMacros_const_extract_protocols.json

WriteAuxiliaryFile /Users/gunnarhostetler/Library/Developer/Xcode/DerivedData/OpenIntelligence-exvenikajtsxhefyqtimuofgvczj/Build/Intermediates.noindex/LocalLLMClient.build/Debug-iphonesimulator/LocalLLMClientMacros.build/Objects-normal/arm64/LocalLLMClientMacros.SwiftFileList (in target 'LocalLLMClientMacros' from project 'LocalLLMClient')
    cd /Users/gunnarhostetler/Documents/GitHub/OpenIntelligence/Vendor/LocalLLMClient
    write-file /Users/gunnarhostetler/Library/Developer/Xcode/DerivedData/OpenIntelligence-exvenikajtsxhefyqtimuofgvczj/Build/Intermediates.noindex/LocalLLMClient.build/Debug-iphonesimulator/LocalLLMClientMacros.build/Objects-normal/arm64/LocalLLMClientMacros.SwiftFileList

WriteAuxiliaryFile /Users/gunnarhostetler/Library/Developer/Xcode/DerivedData/OpenIntelligence-exvenikajtsxhefyqtimuofgvczj/Build/Intermediates.noindex/LocalLLMClient.build/Debug-iphonesimulator/LocalLLMClientMacros.build/Objects-normal/arm64/LocalLLMClientMacros.SwiftConstValuesFileList (in target 'LocalLLMClientMacros' from project 'LocalLLMClient')
    cd /Users/gunnarhostetler/Documents/GitHub/OpenIntelligence/Vendor/LocalLLMClient
    write-file /Users/gunnarhostetler/Library/Developer/Xcode/DerivedData/OpenIntelligence-exvenikajtsxhefyqtimuofgvczj/Build/Intermediates.noindex/LocalLLMClient.build/Debug-iphonesimulator/LocalLLMClientMacros.build/Objects-normal/arm64/LocalLLMClientMacros.SwiftConstValuesFileList

WriteAuxiliaryFile /Users/gunnarhostetler/Library/Developer/Xcode/DerivedData/OpenIntelligence-exvenikajtsxhefyqtimuofgvczj/Build/Intermediates.noindex/LocalLLMClient.build/Debug-iphonesimulator/LocalLLMClientMacros.build/Objects-normal/arm64/LocalLLMClientMacros.LinkFileList (in target 'LocalLLMClientMacros' from project 'LocalLLMClient')
    cd /Users/gunnarhostetler/Documents/GitHub/OpenIntelligence/Vendor/LocalLLMClient
    write-file /Users/gunnarhostetler/Library/Developer/Xcode/DerivedData/OpenIntelligence-exvenikajtsxhefyqtimuofgvczj/Build/Intermediates.noindex/LocalLLMClient.build/Debug-iphonesimulator/LocalLLMClientMacros.build/Objects-normal/arm64/LocalLLMClientMacros.LinkFileList

WriteAuxiliaryFile /Users/gunnarhostetler/Library/Developer/Xcode/DerivedData/OpenIntelligence-exvenikajtsxhefyqtimuofgvczj/Build/Intermediates.noindex/LocalLLMClient.build/Debug-iphonesimulator/LocalLLMClientMacros.build/Objects-normal/arm64/LocalLLMClientMacros-OutputFileMap.json (in target 'LocalLLMClientMacros' from project 'LocalLLMClient')
    cd /Users/gunnarhostetler/Documents/GitHub/OpenIntelligence/Vendor/LocalLLMClient
    write-file /Users/gunnarhostetler/Library/Developer/Xcode/DerivedData/OpenIntelligence-exvenikajtsxhefyqtimuofgvczj/Build/Intermediates.noindex/LocalLLMClient.build/Debug-iphonesimulator/LocalLLMClientMacros.build/Objects-normal/arm64/LocalLLMClientMacros-OutputFileMap.json

WriteAuxiliaryFile /Users/gunnarhostetler/Library/Developer/Xcode/DerivedData/OpenIntelligence-exvenikajtsxhefyqtimuofgvczj/Build/Intermediates.noindex/LocalLLMClient.build/Debug-iphonesimulator/LocalLLMClientMacros.build/LocalLLMClientMacros.modulemap (in target 'LocalLLMClientMacros' from project 'LocalLLMClient')
    cd /Users/gunnarhostetler/Documents/GitHub/OpenIntelligence/Vendor/LocalLLMClient
    write-file /Users/gunnarhostetler/Library/Developer/Xcode/DerivedData/OpenIntelligence-exvenikajtsxhefyqtimuofgvczj/Build/Intermediates.noindex/LocalLLMClient.build/Debug-iphonesimulator/LocalLLMClientMacros.build/LocalLLMClientMacros.modulemap

WriteAuxiliaryFile /Users/gunnarhostetler/Library/Developer/Xcode/DerivedData/OpenIntelligence-exvenikajtsxhefyqtimuofgvczj/Build/Intermediates.noindex/LocalLLMClient.build/Debug-iphonesimulator/LocalLLMClientMacros.build/LocalLLMClientMacros.DependencyStaticMetadataFileList (in target 'LocalLLMClientMacros' from project 'LocalLLMClient')
    cd /Users/gunnarhostetler/Documents/GitHub/OpenIntelligence/Vendor/LocalLLMClient
    write-file /Users/gunnarhostetler/Library/Developer/Xcode/DerivedData/OpenIntelligence-exvenikajtsxhefyqtimuofgvczj/Build/Intermediates.noindex/LocalLLMClient.build/Debug-iphonesimulator/LocalLLMClientMacros.build/LocalLLMClientMacros.DependencyStaticMetadataFileList

WriteAuxiliaryFile /Users/gunnarhostetler/Library/Developer/Xcode/DerivedData/OpenIntelligence-exvenikajtsxhefyqtimuofgvczj/Build/Intermediates.noindex/LocalLLMClient.build/Debug-iphonesimulator/LocalLLMClientMacros.build/LocalLLMClientMacros.DependencyMetadataFileList (in target 'LocalLLMClientMacros' from project 'LocalLLMClient')
    cd /Users/gunnarhostetler/Documents/GitHub/OpenIntelligence/Vendor/LocalLLMClient
    write-file /Users/gunnarhostetler/Library/Developer/Xcode/DerivedData/OpenIntelligence-exvenikajtsxhefyqtimuofgvczj/Build/Intermediates.noindex/LocalLLMClient.build/Debug-iphonesimulator/LocalLLMClientMacros.build/LocalLLMClientMacros.DependencyMetadataFileList

WriteAuxiliaryFile /Users/gunnarhostetler/Library/Developer/Xcode/DerivedData/OpenIntelligence-exvenikajtsxhefyqtimuofgvczj/Build/Intermediates.noindex/LocalLLMClient.build/Debug-iphonesimulator/LocalLLMClientCore.build/Objects-normal/arm64/LocalLLMClientCore_const_extract_protocols.json (in target 'LocalLLMClientCore' from project 'LocalLLMClient')
    cd /Users/gunnarhostetler/Documents/GitHub/OpenIntelligence/Vendor/LocalLLMClient
    write-file /Users/gunnarhostetler/Library/Developer/Xcode/DerivedData/OpenIntelligence-exvenikajtsxhefyqtimuofgvczj/Build/Intermediates.noindex/LocalLLMClient.build/Debug-iphonesimulator/LocalLLMClientCore.build/Objects-normal/arm64/LocalLLMClientCore_const_extract_protocols.json

WriteAuxiliaryFile /Users/gunnarhostetler/Library/Developer/Xcode/DerivedData/OpenIntelligence-exvenikajtsxhefyqtimuofgvczj/Build/Intermediates.noindex/LocalLLMClient.build/Debug-iphonesimulator/LocalLLMClientCore.build/Objects-normal/arm64/LocalLLMClientCore.SwiftFileList (in target 'LocalLLMClientCore' from project 'LocalLLMClient')
    cd /Users/gunnarhostetler/Documents/GitHub/OpenIntelligence/Vendor/LocalLLMClient
    write-file /Users/gunnarhostetler/Library/Developer/Xcode/DerivedData/OpenIntelligence-exvenikajtsxhefyqtimuofgvczj/Build/Intermediates.noindex/LocalLLMClient.build/Debug-iphonesimulator/LocalLLMClientCore.build/Objects-normal/arm64/LocalLLMClientCore.SwiftFileList

WriteAuxiliaryFile /Users/gunnarhostetler/Library/Developer/Xcode/DerivedData/OpenIntelligence-exvenikajtsxhefyqtimuofgvczj/Build/Intermediates.noindex/LocalLLMClient.build/Debug-iphonesimulator/LocalLLMClientCore.build/Objects-normal/arm64/LocalLLMClientCore.SwiftConstValuesFileList (in target 'LocalLLMClientCore' from project 'LocalLLMClient')
    cd /Users/gunnarhostetler/Documents/GitHub/OpenIntelligence/Vendor/LocalLLMClient
    write-file /Users/gunnarhostetler/Library/Developer/Xcode/DerivedData/OpenIntelligence-exvenikajtsxhefyqtimuofgvczj/Build/Intermediates.noindex/LocalLLMClient.build/Debug-iphonesimulator/LocalLLMClientCore.build/Objects-normal/arm64/LocalLLMClientCore.SwiftConstValuesFileList

WriteAuxiliaryFile /Users/gunnarhostetler/Library/Developer/Xcode/DerivedData/OpenIntelligence-exvenikajtsxhefyqtimuofgvczj/Build/Intermediates.noindex/LocalLLMClient.build/Debug-iphonesimulator/LocalLLMClientCore.build/Objects-normal/arm64/LocalLLMClientCore.LinkFileList (in target 'LocalLLMClientCore' from project 'LocalLLMClient')
    cd /Users/gunnarhostetler/Documents/GitHub/OpenIntelligence/Vendor/LocalLLMClient
    write-file /Users/gunnarhostetler/Library/Developer/Xcode/DerivedData/OpenIntelligence-exvenikajtsxhefyqtimuofgvczj/Build/Intermediates.noindex/LocalLLMClient.build/Debug-iphonesimulator/LocalLLMClientCore.build/Objects-normal/arm64/LocalLLMClientCore.LinkFileList

WriteAuxiliaryFile /Users/gunnarhostetler/Library/Developer/Xcode/DerivedData/OpenIntelligence-exvenikajtsxhefyqtimuofgvczj/Build/Intermediates.noindex/LocalLLMClient.build/Debug-iphonesimulator/LocalLLMClientCore.build/Objects-normal/arm64/LocalLLMClientCore-OutputFileMap.json (in target 'LocalLLMClientCore' from project 'LocalLLMClient')
    cd /Users/gunnarhostetler/Documents/GitHub/OpenIntelligence/Vendor/LocalLLMClient
    write-file /Users/gunnarhostetler/Library/Developer/Xcode/DerivedData/OpenIntelligence-exvenikajtsxhefyqtimuofgvczj/Build/Intermediates.noindex/LocalLLMClient.build/Debug-iphonesimulator/LocalLLMClientCore.build/Objects-normal/arm64/LocalLLMClientCore-OutputFileMap.json

WriteAuxiliaryFile /Users/gunnarhostetler/Library/Developer/Xcode/DerivedData/OpenIntelligence-exvenikajtsxhefyqtimuofgvczj/Build/Intermediates.noindex/LocalLLMClient.build/Debug-iphonesimulator/LocalLLMClientCore.build/LocalLLMClientCore.modulemap (in target 'LocalLLMClientCore' from project 'LocalLLMClient')
    cd /Users/gunnarhostetler/Documents/GitHub/OpenIntelligence/Vendor/LocalLLMClient
    write-file /Users/gunnarhostetler/Library/Developer/Xcode/DerivedData/OpenIntelligence-exvenikajtsxhefyqtimuofgvczj/Build/Intermediates.noindex/LocalLLMClient.build/Debug-iphonesimulator/LocalLLMClientCore.build/LocalLLMClientCore.modulemap

WriteAuxiliaryFile /Users/gunnarhostetler/Library/Developer/Xcode/DerivedData/OpenIntelligence-exvenikajtsxhefyqtimuofgvczj/Build/Intermediates.noindex/LocalLLMClient.build/Debug-iphonesimulator/LocalLLMClientCore.build/LocalLLMClientCore.DependencyStaticMetadataFileList (in target 'LocalLLMClientCore' from project 'LocalLLMClient')
    cd /Users/gunnarhostetler/Documents/GitHub/OpenIntelligence/Vendor/LocalLLMClient
    write-file /Users/gunnarhostetler/Library/Developer/Xcode/DerivedData/OpenIntelligence-exvenikajtsxhefyqtimuofgvczj/Build/Intermediates.noindex/LocalLLMClient.build/Debug-iphonesimulator/LocalLLMClientCore.build/LocalLLMClientCore.DependencyStaticMetadataFileList

WriteAuxiliaryFile /Users/gunnarhostetler/Library/Developer/Xcode/DerivedData/OpenIntelligence-exvenikajtsxhefyqtimuofgvczj/Build/Intermediates.noindex/LocalLLMClient.build/Debug-iphonesimulator/LocalLLMClientCore.build/LocalLLMClientCore.DependencyMetadataFileList (in target 'LocalLLMClientCore' from project 'LocalLLMClient')
    cd /Users/gunnarhostetler/Documents/GitHub/OpenIntelligence/Vendor/LocalLLMClient
    write-file /Users/gunnarhostetler/Library/Developer/Xcode/DerivedData/OpenIntelligence-exvenikajtsxhefyqtimuofgvczj/Build/Intermediates.noindex/LocalLLMClient.build/Debug-iphonesimulator/LocalLLMClientCore.build/LocalLLMClientCore.DependencyMetadataFileList

WriteAuxiliaryFile /Users/gunnarhostetler/Library/Developer/Xcode/DerivedData/OpenIntelligence-exvenikajtsxhefyqtimuofgvczj/Build/Intermediates.noindex/LocalLLMClient.build/Debug-iphonesimulator/LocalLLMClient.build/Objects-normal/arm64/LocalLLMClient.SwiftFileList (in target 'LocalLLMClient' from project 'LocalLLMClient')
    cd /Users/gunnarhostetler/Documents/GitHub/OpenIntelligence/Vendor/LocalLLMClient
    write-file /Users/gunnarhostetler/Library/Developer/Xcode/DerivedData/OpenIntelligence-exvenikajtsxhefyqtimuofgvczj/Build/Intermediates.noindex/LocalLLMClient.build/Debug-iphonesimulator/LocalLLMClient.build/Objects-normal/arm64/LocalLLMClient.SwiftFileList

WriteAuxiliaryFile /Users/gunnarhostetler/Library/Developer/Xcode/DerivedData/OpenIntelligence-exvenikajtsxhefyqtimuofgvczj/Build/Intermediates.noindex/LocalLLMClient.build/Debug-iphonesimulator/LocalLLMClient.build/Objects-normal/arm64/LocalLLMClient.SwiftConstValuesFileList (in target 'LocalLLMClient' from project 'LocalLLMClient')
    cd /Users/gunnarhostetler/Documents/GitHub/OpenIntelligence/Vendor/LocalLLMClient
    write-file /Users/gunnarhostetler/Library/Developer/Xcode/DerivedData/OpenIntelligence-exvenikajtsxhefyqtimuofgvczj/Build/Intermediates.noindex/LocalLLMClient.build/Debug-iphonesimulator/LocalLLMClient.build/Objects-normal/arm64/LocalLLMClient.SwiftConstValuesFileList

WriteAuxiliaryFile /Users/gunnarhostetler/Library/Developer/Xcode/DerivedData/OpenIntelligence-exvenikajtsxhefyqtimuofgvczj/Build/Intermediates.noindex/LocalLLMClient.build/Debug-iphonesimulator/LocalLLMClient.build/Objects-normal/arm64/LocalLLMClient_const_extract_protocols.json (in target 'LocalLLMClient' from project 'LocalLLMClient')
    cd /Users/gunnarhostetler/Documents/GitHub/OpenIntelligence/Vendor/LocalLLMClient
    write-file /Users/gunnarhostetler/Library/Developer/Xcode/DerivedData/OpenIntelligence-exvenikajtsxhefyqtimuofgvczj/Build/Intermediates.noindex/LocalLLMClient.build/Debug-iphonesimulator/LocalLLMClient.build/Objects-normal/arm64/LocalLLMClient_const_extract_protocols.json

WriteAuxiliaryFile /Users/gunnarhostetler/Library/Developer/Xcode/DerivedData/OpenIntelligence-exvenikajtsxhefyqtimuofgvczj/Build/Intermediates.noindex/LocalLLMClient.build/Debug-iphonesimulator/LocalLLMClient.build/Objects-normal/arm64/LocalLLMClient.LinkFileList (in target 'LocalLLMClient' from project 'LocalLLMClient')
    cd /Users/gunnarhostetler/Documents/GitHub/OpenIntelligence/Vendor/LocalLLMClient
    write-file /Users/gunnarhostetler/Library/Developer/Xcode/DerivedData/OpenIntelligence-exvenikajtsxhefyqtimuofgvczj/Build/Intermediates.noindex/LocalLLMClient.build/Debug-iphonesimulator/LocalLLMClient.build/Objects-normal/arm64/LocalLLMClient.LinkFileList

WriteAuxiliaryFile /Users/gunnarhostetler/Library/Developer/Xcode/DerivedData/OpenIntelligence-exvenikajtsxhefyqtimuofgvczj/Build/Intermediates.noindex/LocalLLMClient.build/Debug-iphonesimulator/LocalLLMClient.build/Objects-normal/arm64/LocalLLMClient-OutputFileMap.json (in target 'LocalLLMClient' from project 'LocalLLMClient')
    cd /Users/gunnarhostetler/Documents/GitHub/OpenIntelligence/Vendor/LocalLLMClient
    write-file /Users/gunnarhostetler/Library/Developer/Xcode/DerivedData/OpenIntelligence-exvenikajtsxhefyqtimuofgvczj/Build/Intermediates.noindex/LocalLLMClient.build/Debug-iphonesimulator/LocalLLMClient.build/Objects-normal/arm64/LocalLLMClient-OutputFileMap.json

WriteAuxiliaryFile /Users/gunnarhostetler/Library/Developer/Xcode/DerivedData/OpenIntelligence-exvenikajtsxhefyqtimuofgvczj/Build/Intermediates.noindex/LocalLLMClient.build/Debug-iphonesimulator/LocalLLMClient.build/LocalLLMClient.modulemap (in target 'LocalLLMClient' from project 'LocalLLMClient')
    cd /Users/gunnarhostetler/Documents/GitHub/OpenIntelligence/Vendor/LocalLLMClient
    write-file /Users/gunnarhostetler/Library/Developer/Xcode/DerivedData/OpenIntelligence-exvenikajtsxhefyqtimuofgvczj/Build/Intermediates.noindex/LocalLLMClient.build/Debug-iphonesimulator/LocalLLMClient.build/LocalLLMClient.modulemap

WriteAuxiliaryFile /Users/gunnarhostetler/Library/Developer/Xcode/DerivedData/OpenIntelligence-exvenikajtsxhefyqtimuofgvczj/Build/Intermediates.noindex/LocalLLMClient.build/Debug-iphonesimulator/LocalLLMClient.build/LocalLLMClient.DependencyStaticMetadataFileList (in target 'LocalLLMClient' from project 'LocalLLMClient')
    cd /Users/gunnarhostetler/Documents/GitHub/OpenIntelligence/Vendor/LocalLLMClient
    write-file /Users/gunnarhostetler/Library/Developer/Xcode/DerivedData/OpenIntelligence-exvenikajtsxhefyqtimuofgvczj/Build/Intermediates.noindex/LocalLLMClient.build/Debug-iphonesimulator/LocalLLMClient.build/LocalLLMClient.DependencyStaticMetadataFileList

WriteAuxiliaryFile /Users/gunnarhostetler/Library/Developer/Xcode/DerivedData/OpenIntelligence-exvenikajtsxhefyqtimuofgvczj/Build/Intermediates.noindex/LocalLLMClient.build/Debug-iphonesimulator/LocalLLMClient.build/LocalLLMClient.DependencyMetadataFileList (in target 'LocalLLMClient' from project 'LocalLLMClient')
    cd /Users/gunnarhostetler/Documents/GitHub/OpenIntelligence/Vendor/LocalLLMClient
    write-file /Users/gunnarhostetler/Library/Developer/Xcode/DerivedData/OpenIntelligence-exvenikajtsxhefyqtimuofgvczj/Build/Intermediates.noindex/LocalLLMClient.build/Debug-iphonesimulator/LocalLLMClient.build/LocalLLMClient.DependencyMetadataFileList

WriteAuxiliaryFile /Users/gunnarhostetler/Library/Developer/Xcode/DerivedData/OpenIntelligence-exvenikajtsxhefyqtimuofgvczj/Build/Intermediates.noindex/Jinja.build/Debug-iphonesimulator/Jinja.build/Objects-normal/arm64/Jinja_const_extract_protocols.json (in target 'Jinja' from project 'Jinja')
    cd /Users/gunnarhostetler/Library/Developer/Xcode/DerivedData/OpenIntelligence-exvenikajtsxhefyqtimuofgvczj/SourcePackages/checkouts/swift-jinja
    write-file /Users/gunnarhostetler/Library/Developer/Xcode/DerivedData/OpenIntelligence-exvenikajtsxhefyqtimuofgvczj/Build/Intermediates.noindex/Jinja.build/Debug-iphonesimulator/Jinja.build/Objects-normal/arm64/Jinja_const_extract_protocols.json

WriteAuxiliaryFile /Users/gunnarhostetler/Library/Developer/Xcode/DerivedData/OpenIntelligence-exvenikajtsxhefyqtimuofgvczj/Build/Intermediates.noindex/Jinja.build/Debug-iphonesimulator/Jinja.build/Objects-normal/arm64/Jinja.SwiftConstValuesFileList (in target 'Jinja' from project 'Jinja')
    cd /Users/gunnarhostetler/Library/Developer/Xcode/DerivedData/OpenIntelligence-exvenikajtsxhefyqtimuofgvczj/SourcePackages/checkouts/swift-jinja
    write-file /Users/gunnarhostetler/Library/Developer/Xcode/DerivedData/OpenIntelligence-exvenikajtsxhefyqtimuofgvczj/Build/Intermediates.noindex/Jinja.build/Debug-iphonesimulator/Jinja.build/Objects-normal/arm64/Jinja.SwiftConstValuesFileList

WriteAuxiliaryFile /Users/gunnarhostetler/Library/Developer/Xcode/DerivedData/OpenIntelligence-exvenikajtsxhefyqtimuofgvczj/Build/Intermediates.noindex/Jinja.build/Debug-iphonesimulator/Jinja.build/Objects-normal/arm64/Jinja.SwiftFileList (in target 'Jinja' from project 'Jinja')
    cd /Users/gunnarhostetler/Library/Developer/Xcode/DerivedData/OpenIntelligence-exvenikajtsxhefyqtimuofgvczj/SourcePackages/checkouts/swift-jinja
    write-file /Users/gunnarhostetler/Library/Developer/Xcode/DerivedData/OpenIntelligence-exvenikajtsxhefyqtimuofgvczj/Build/Intermediates.noindex/Jinja.build/Debug-iphonesimulator/Jinja.build/Objects-normal/arm64/Jinja.SwiftFileList

WriteAuxiliaryFile /Users/gunnarhostetler/Library/Developer/Xcode/DerivedData/OpenIntelligence-exvenikajtsxhefyqtimuofgvczj/Build/Intermediates.noindex/Jinja.build/Debug-iphonesimulator/Jinja.build/Objects-normal/arm64/Jinja.LinkFileList (in target 'Jinja' from project 'Jinja')
    cd /Users/gunnarhostetler/Library/Developer/Xcode/DerivedData/OpenIntelligence-exvenikajtsxhefyqtimuofgvczj/SourcePackages/checkouts/swift-jinja
    write-file /Users/gunnarhostetler/Library/Developer/Xcode/DerivedData/OpenIntelligence-exvenikajtsxhefyqtimuofgvczj/Build/Intermediates.noindex/Jinja.build/Debug-iphonesimulator/Jinja.build/Objects-normal/arm64/Jinja.LinkFileList

Copy /Users/gunnarhostetler/Library/Developer/Xcode/DerivedData/OpenIntelligence-exvenikajtsxhefyqtimuofgvczj/Build/Intermediates.noindex/GeneratedModuleMaps-iphonesimulator/OrderedCollections.modulemap /Users/gunnarhostetler/Library/Developer/Xcode/DerivedData/OpenIntelligence-exvenikajtsxhefyqtimuofgvczj/Build/Intermediates.noindex/swift-collections.build/Debug-iphonesimulator/OrderedCollections.build/OrderedCollections.modulemap (in target 'OrderedCollections' from project 'swift-collections')
    cd /Users/gunnarhostetler/Library/Developer/Xcode/DerivedData/OpenIntelligence-exvenikajtsxhefyqtimuofgvczj/SourcePackages/checkouts/swift-collections
    builtin-copy -exclude .DS_Store -exclude CVS -exclude .svn -exclude .git -exclude .hg -resolve-src-symlinks /Users/gunnarhostetler/Library/Developer/Xcode/DerivedData/OpenIntelligence-exvenikajtsxhefyqtimuofgvczj/Build/Intermediates.noindex/swift-collections.build/Debug-iphonesimulator/OrderedCollections.build/OrderedCollections.modulemap /Users/gunnarhostetler/Library/Developer/Xcode/DerivedData/OpenIntelligence-exvenikajtsxhefyqtimuofgvczj/Build/Intermediates.noindex/GeneratedModuleMaps-iphonesimulator

WriteAuxiliaryFile /Users/gunnarhostetler/Library/Developer/Xcode/DerivedData/OpenIntelligence-exvenikajtsxhefyqtimuofgvczj/Build/Intermediates.noindex/Jinja.build/Debug-iphonesimulator/Jinja.build/Objects-normal/arm64/Jinja-OutputFileMap.json (in target 'Jinja' from project 'Jinja')
    cd /Users/gunnarhostetler/Library/Developer/Xcode/DerivedData/OpenIntelligence-exvenikajtsxhefyqtimuofgvczj/SourcePackages/checkouts/swift-jinja
    write-file /Users/gunnarhostetler/Library/Developer/Xcode/DerivedData/OpenIntelligence-exvenikajtsxhefyqtimuofgvczj/Build/Intermediates.noindex/Jinja.build/Debug-iphonesimulator/Jinja.build/Objects-normal/arm64/Jinja-OutputFileMap.json

WriteAuxiliaryFile /Users/gunnarhostetler/Library/Developer/Xcode/DerivedData/OpenIntelligence-exvenikajtsxhefyqtimuofgvczj/Build/Intermediates.noindex/Jinja.build/Debug-iphonesimulator/Jinja.build/Jinja.modulemap (in target 'Jinja' from project 'Jinja')
    cd /Users/gunnarhostetler/Library/Developer/Xcode/DerivedData/OpenIntelligence-exvenikajtsxhefyqtimuofgvczj/SourcePackages/checkouts/swift-jinja
    write-file /Users/gunnarhostetler/Library/Developer/Xcode/DerivedData/OpenIntelligence-exvenikajtsxhefyqtimuofgvczj/Build/Intermediates.noindex/Jinja.build/Debug-iphonesimulator/Jinja.build/Jinja.modulemap

Copy /Users/gunnarhostetler/Library/Developer/Xcode/DerivedData/OpenIntelligence-exvenikajtsxhefyqtimuofgvczj/Build/Intermediates.noindex/GeneratedModuleMaps-iphonesimulator/LocalLLMClientUtility.modulemap /Users/gunnarhostetler/Library/Developer/Xcode/DerivedData/OpenIntelligence-exvenikajtsxhefyqtimuofgvczj/Build/Intermediates.noindex/LocalLLMClient.build/Debug-iphonesimulator/LocalLLMClientUtility.build/LocalLLMClientUtility.modulemap (in target 'LocalLLMClientUtility' from project 'LocalLLMClient')
    cd /Users/gunnarhostetler/Documents/GitHub/OpenIntelligence/Vendor/LocalLLMClient
    builtin-copy -exclude .DS_Store -exclude CVS -exclude .svn -exclude .git -exclude .hg -resolve-src-symlinks /Users/gunnarhostetler/Library/Developer/Xcode/DerivedData/OpenIntelligence-exvenikajtsxhefyqtimuofgvczj/Build/Intermediates.noindex/LocalLLMClient.build/Debug-iphonesimulator/LocalLLMClientUtility.build/LocalLLMClientUtility.modulemap /Users/gunnarhostetler/Library/Developer/Xcode/DerivedData/OpenIntelligence-exvenikajtsxhefyqtimuofgvczj/Build/Intermediates.noindex/GeneratedModuleMaps-iphonesimulator

Copy /Users/gunnarhostetler/Library/Developer/Xcode/DerivedData/OpenIntelligence-exvenikajtsxhefyqtimuofgvczj/Build/Intermediates.noindex/GeneratedModuleMaps-iphonesimulator/LocalLLMClientMacros.modulemap /Users/gunnarhostetler/Library/Developer/Xcode/DerivedData/OpenIntelligence-exvenikajtsxhefyqtimuofgvczj/Build/Intermediates.noindex/LocalLLMClient.build/Debug-iphonesimulator/LocalLLMClientMacros.build/LocalLLMClientMacros.modulemap (in target 'LocalLLMClientMacros' from project 'LocalLLMClient')
    cd /Users/gunnarhostetler/Documents/GitHub/OpenIntelligence/Vendor/LocalLLMClient
    builtin-copy -exclude .DS_Store -exclude CVS -exclude .svn -exclude .git -exclude .hg -resolve-src-symlinks /Users/gunnarhostetler/Library/Developer/Xcode/DerivedData/OpenIntelligence-exvenikajtsxhefyqtimuofgvczj/Build/Intermediates.noindex/LocalLLMClient.build/Debug-iphonesimulator/LocalLLMClientMacros.build/LocalLLMClientMacros.modulemap /Users/gunnarhostetler/Library/Developer/Xcode/DerivedData/OpenIntelligence-exvenikajtsxhefyqtimuofgvczj/Build/Intermediates.noindex/GeneratedModuleMaps-iphonesimulator

Copy /Users/gunnarhostetler/Library/Developer/Xcode/DerivedData/OpenIntelligence-exvenikajtsxhefyqtimuofgvczj/Build/Intermediates.noindex/GeneratedModuleMaps-iphonesimulator/LocalLLMClientCore.modulemap /Users/gunnarhostetler/Library/Developer/Xcode/DerivedData/OpenIntelligence-exvenikajtsxhefyqtimuofgvczj/Build/Intermediates.noindex/LocalLLMClient.build/Debug-iphonesimulator/LocalLLMClientCore.build/LocalLLMClientCore.modulemap (in target 'LocalLLMClientCore' from project 'LocalLLMClient')
    cd /Users/gunnarhostetler/Documents/GitHub/OpenIntelligence/Vendor/LocalLLMClient
    builtin-copy -exclude .DS_Store -exclude CVS -exclude .svn -exclude .git -exclude .hg -resolve-src-symlinks /Users/gunnarhostetler/Library/Developer/Xcode/DerivedData/OpenIntelligence-exvenikajtsxhefyqtimuofgvczj/Build/Intermediates.noindex/LocalLLMClient.build/Debug-iphonesimulator/LocalLLMClientCore.build/LocalLLMClientCore.modulemap /Users/gunnarhostetler/Library/Developer/Xcode/DerivedData/OpenIntelligence-exvenikajtsxhefyqtimuofgvczj/Build/Intermediates.noindex/GeneratedModuleMaps-iphonesimulator

WriteAuxiliaryFile /Users/gunnarhostetler/Library/Developer/Xcode/DerivedData/OpenIntelligence-exvenikajtsxhefyqtimuofgvczj/Build/Intermediates.noindex/Jinja.build/Debug-iphonesimulator/Jinja.build/Jinja.DependencyStaticMetadataFileList (in target 'Jinja' from project 'Jinja')
    cd /Users/gunnarhostetler/Library/Developer/Xcode/DerivedData/OpenIntelligence-exvenikajtsxhefyqtimuofgvczj/SourcePackages/checkouts/swift-jinja
    write-file /Users/gunnarhostetler/Library/Developer/Xcode/DerivedData/OpenIntelligence-exvenikajtsxhefyqtimuofgvczj/Build/Intermediates.noindex/Jinja.build/Debug-iphonesimulator/Jinja.build/Jinja.DependencyStaticMetadataFileList

WriteAuxiliaryFile /Users/gunnarhostetler/Library/Developer/Xcode/DerivedData/OpenIntelligence-exvenikajtsxhefyqtimuofgvczj/Build/Intermediates.noindex/Jinja.build/Debug-iphonesimulator/Jinja.build/Jinja.DependencyMetadataFileList (in target 'Jinja' from project 'Jinja')
    cd /Users/gunnarhostetler/Library/Developer/Xcode/DerivedData/OpenIntelligence-exvenikajtsxhefyqtimuofgvczj/SourcePackages/checkouts/swift-jinja
    write-file /Users/gunnarhostetler/Library/Developer/Xcode/DerivedData/OpenIntelligence-exvenikajtsxhefyqtimuofgvczj/Build/Intermediates.noindex/Jinja.build/Debug-iphonesimulator/Jinja.build/Jinja.DependencyMetadataFileList

WriteAuxiliaryFile /Users/gunnarhostetler/Library/Developer/Xcode/DerivedData/OpenIntelligence-exvenikajtsxhefyqtimuofgvczj/Build/Intermediates.noindex/swift-collections.build/Debug-iphonesimulator/InternalCollectionsUtilities.build/Objects-normal/arm64/InternalCollectionsUtilities.SwiftFileList (in target 'InternalCollectionsUtilities' from project 'swift-collections')
    cd /Users/gunnarhostetler/Library/Developer/Xcode/DerivedData/OpenIntelligence-exvenikajtsxhefyqtimuofgvczj/SourcePackages/checkouts/swift-collections
    write-file /Users/gunnarhostetler/Library/Developer/Xcode/DerivedData/OpenIntelligence-exvenikajtsxhefyqtimuofgvczj/Build/Intermediates.noindex/swift-collections.build/Debug-iphonesimulator/InternalCollectionsUtilities.build/Objects-normal/arm64/InternalCollectionsUtilities.SwiftFileList

WriteAuxiliaryFile /Users/gunnarhostetler/Library/Developer/Xcode/DerivedData/OpenIntelligence-exvenikajtsxhefyqtimuofgvczj/Build/Intermediates.noindex/swift-collections.build/Debug-iphonesimulator/InternalCollectionsUtilities.build/Objects-normal/arm64/InternalCollectionsUtilities_const_extract_protocols.json (in target 'InternalCollectionsUtilities' from project 'swift-collections')
    cd /Users/gunnarhostetler/Library/Developer/Xcode/DerivedData/OpenIntelligence-exvenikajtsxhefyqtimuofgvczj/SourcePackages/checkouts/swift-collections
    write-file /Users/gunnarhostetler/Library/Developer/Xcode/DerivedData/OpenIntelligence-exvenikajtsxhefyqtimuofgvczj/Build/Intermediates.noindex/swift-collections.build/Debug-iphonesimulator/InternalCollectionsUtilities.build/Objects-normal/arm64/InternalCollectionsUtilities_const_extract_protocols.json

WriteAuxiliaryFile /Users/gunnarhostetler/Library/Developer/Xcode/DerivedData/OpenIntelligence-exvenikajtsxhefyqtimuofgvczj/Build/Intermediates.noindex/swift-collections.build/Debug-iphonesimulator/InternalCollectionsUtilities.build/Objects-normal/arm64/InternalCollectionsUtilities.SwiftConstValuesFileList (in target 'InternalCollectionsUtilities' from project 'swift-collections')
    cd /Users/gunnarhostetler/Library/Developer/Xcode/DerivedData/OpenIntelligence-exvenikajtsxhefyqtimuofgvczj/SourcePackages/checkouts/swift-collections
    write-file /Users/gunnarhostetler/Library/Developer/Xcode/DerivedData/OpenIntelligence-exvenikajtsxhefyqtimuofgvczj/Build/Intermediates.noindex/swift-collections.build/Debug-iphonesimulator/InternalCollectionsUtilities.build/Objects-normal/arm64/InternalCollectionsUtilities.SwiftConstValuesFileList

Copy /Users/gunnarhostetler/Library/Developer/Xcode/DerivedData/OpenIntelligence-exvenikajtsxhefyqtimuofgvczj/Build/Intermediates.noindex/GeneratedModuleMaps-iphonesimulator/LocalLLMClient.modulemap /Users/gunnarhostetler/Library/Developer/Xcode/DerivedData/OpenIntelligence-exvenikajtsxhefyqtimuofgvczj/Build/Intermediates.noindex/LocalLLMClient.build/Debug-iphonesimulator/LocalLLMClient.build/LocalLLMClient.modulemap (in target 'LocalLLMClient' from project 'LocalLLMClient')
    cd /Users/gunnarhostetler/Documents/GitHub/OpenIntelligence/Vendor/LocalLLMClient
    builtin-copy -exclude .DS_Store -exclude CVS -exclude .svn -exclude .git -exclude .hg -resolve-src-symlinks /Users/gunnarhostetler/Library/Developer/Xcode/DerivedData/OpenIntelligence-exvenikajtsxhefyqtimuofgvczj/Build/Intermediates.noindex/LocalLLMClient.build/Debug-iphonesimulator/LocalLLMClient.build/LocalLLMClient.modulemap /Users/gunnarhostetler/Library/Developer/Xcode/DerivedData/OpenIntelligence-exvenikajtsxhefyqtimuofgvczj/Build/Intermediates.noindex/GeneratedModuleMaps-iphonesimulator

WriteAuxiliaryFile /Users/gunnarhostetler/Library/Developer/Xcode/DerivedData/OpenIntelligence-exvenikajtsxhefyqtimuofgvczj/Build/Intermediates.noindex/swift-collections.build/Debug-iphonesimulator/InternalCollectionsUtilities.build/Objects-normal/arm64/InternalCollectionsUtilities.LinkFileList (in target 'InternalCollectionsUtilities' from project 'swift-collections')
    cd /Users/gunnarhostetler/Library/Developer/Xcode/DerivedData/OpenIntelligence-exvenikajtsxhefyqtimuofgvczj/SourcePackages/checkouts/swift-collections
    write-file /Users/gunnarhostetler/Library/Developer/Xcode/DerivedData/OpenIntelligence-exvenikajtsxhefyqtimuofgvczj/Build/Intermediates.noindex/swift-collections.build/Debug-iphonesimulator/InternalCollectionsUtilities.build/Objects-normal/arm64/InternalCollectionsUtilities.LinkFileList

WriteAuxiliaryFile /Users/gunnarhostetler/Library/Developer/Xcode/DerivedData/OpenIntelligence-exvenikajtsxhefyqtimuofgvczj/Build/Intermediates.noindex/swift-collections.build/Debug-iphonesimulator/InternalCollectionsUtilities.build/Objects-normal/arm64/InternalCollectionsUtilities-OutputFileMap.json (in target 'InternalCollectionsUtilities' from project 'swift-collections')
    cd /Users/gunnarhostetler/Library/Developer/Xcode/DerivedData/OpenIntelligence-exvenikajtsxhefyqtimuofgvczj/SourcePackages/checkouts/swift-collections
    write-file /Users/gunnarhostetler/Library/Developer/Xcode/DerivedData/OpenIntelligence-exvenikajtsxhefyqtimuofgvczj/Build/Intermediates.noindex/swift-collections.build/Debug-iphonesimulator/InternalCollectionsUtilities.build/Objects-normal/arm64/InternalCollectionsUtilities-OutputFileMap.json

WriteAuxiliaryFile /Users/gunnarhostetler/Library/Developer/Xcode/DerivedData/OpenIntelligence-exvenikajtsxhefyqtimuofgvczj/Build/Intermediates.noindex/swift-collections.build/Debug-iphonesimulator/InternalCollectionsUtilities.build/InternalCollectionsUtilities.modulemap (in target 'InternalCollectionsUtilities' from project 'swift-collections')
    cd /Users/gunnarhostetler/Library/Developer/Xcode/DerivedData/OpenIntelligence-exvenikajtsxhefyqtimuofgvczj/SourcePackages/checkouts/swift-collections
    write-file /Users/gunnarhostetler/Library/Developer/Xcode/DerivedData/OpenIntelligence-exvenikajtsxhefyqtimuofgvczj/Build/Intermediates.noindex/swift-collections.build/Debug-iphonesimulator/InternalCollectionsUtilities.build/InternalCollectionsUtilities.modulemap

WriteAuxiliaryFile /Users/gunnarhostetler/Library/Developer/Xcode/DerivedData/OpenIntelligence-exvenikajtsxhefyqtimuofgvczj/Build/Intermediates.noindex/swift-collections.build/Debug-iphonesimulator/InternalCollectionsUtilities.build/InternalCollectionsUtilities.DependencyStaticMetadataFileList (in target 'InternalCollectionsUtilities' from project 'swift-collections')
    cd /Users/gunnarhostetler/Library/Developer/Xcode/DerivedData/OpenIntelligence-exvenikajtsxhefyqtimuofgvczj/SourcePackages/checkouts/swift-collections
    write-file /Users/gunnarhostetler/Library/Developer/Xcode/DerivedData/OpenIntelligence-exvenikajtsxhefyqtimuofgvczj/Build/Intermediates.noindex/swift-collections.build/Debug-iphonesimulator/InternalCollectionsUtilities.build/InternalCollectionsUtilities.DependencyStaticMetadataFileList

WriteAuxiliaryFile /Users/gunnarhostetler/Library/Developer/Xcode/DerivedData/OpenIntelligence-exvenikajtsxhefyqtimuofgvczj/Build/Intermediates.noindex/swift-collections.build/Debug-iphonesimulator/InternalCollectionsUtilities.build/InternalCollectionsUtilities.DependencyMetadataFileList (in target 'InternalCollectionsUtilities' from project 'swift-collections')
    cd /Users/gunnarhostetler/Library/Developer/Xcode/DerivedData/OpenIntelligence-exvenikajtsxhefyqtimuofgvczj/SourcePackages/checkouts/swift-collections
    write-file /Users/gunnarhostetler/Library/Developer/Xcode/DerivedData/OpenIntelligence-exvenikajtsxhefyqtimuofgvczj/Build/Intermediates.noindex/swift-collections.build/Debug-iphonesimulator/InternalCollectionsUtilities.build/InternalCollectionsUtilities.DependencyMetadataFileList

MkDir /Users/gunnarhostetler/Library/Developer/Xcode/DerivedData/OpenIntelligence-exvenikajtsxhefyqtimuofgvczj/Build/Products/Debug-iphonesimulator/LocalLLMClient_LocalLLMClientLlama.bundle (in target 'LocalLLMClient_LocalLLMClientLlama' from project 'LocalLLMClient')
    cd /Users/gunnarhostetler/Documents/GitHub/OpenIntelligence/Vendor/LocalLLMClient
    /bin/mkdir -p /Users/gunnarhostetler/Library/Developer/Xcode/DerivedData/OpenIntelligence-exvenikajtsxhefyqtimuofgvczj/Build/Products/Debug-iphonesimulator/LocalLLMClient_LocalLLMClientLlama.bundle

Copy /Users/gunnarhostetler/Library/Developer/Xcode/DerivedData/OpenIntelligence-exvenikajtsxhefyqtimuofgvczj/Build/Intermediates.noindex/GeneratedModuleMaps-iphonesimulator/Jinja.modulemap /Users/gunnarhostetler/Library/Developer/Xcode/DerivedData/OpenIntelligence-exvenikajtsxhefyqtimuofgvczj/Build/Intermediates.noindex/Jinja.build/Debug-iphonesimulator/Jinja.build/Jinja.modulemap (in target 'Jinja' from project 'Jinja')
    cd /Users/gunnarhostetler/Library/Developer/Xcode/DerivedData/OpenIntelligence-exvenikajtsxhefyqtimuofgvczj/SourcePackages/checkouts/swift-jinja
    builtin-copy -exclude .DS_Store -exclude CVS -exclude .svn -exclude .git -exclude .hg -resolve-src-symlinks /Users/gunnarhostetler/Library/Developer/Xcode/DerivedData/OpenIntelligence-exvenikajtsxhefyqtimuofgvczj/Build/Intermediates.noindex/Jinja.build/Debug-iphonesimulator/Jinja.build/Jinja.modulemap /Users/gunnarhostetler/Library/Developer/Xcode/DerivedData/OpenIntelligence-exvenikajtsxhefyqtimuofgvczj/Build/Intermediates.noindex/GeneratedModuleMaps-iphonesimulator

Copy /Users/gunnarhostetler/Library/Developer/Xcode/DerivedData/OpenIntelligence-exvenikajtsxhefyqtimuofgvczj/Build/Intermediates.noindex/GeneratedModuleMaps-iphonesimulator/InternalCollectionsUtilities.modulemap /Users/gunnarhostetler/Library/Developer/Xcode/DerivedData/OpenIntelligence-exvenikajtsxhefyqtimuofgvczj/Build/Intermediates.noindex/swift-collections.build/Debug-iphonesimulator/InternalCollectionsUtilities.build/InternalCollectionsUtilities.modulemap (in target 'InternalCollectionsUtilities' from project 'swift-collections')
    cd /Users/gunnarhostetler/Library/Developer/Xcode/DerivedData/OpenIntelligence-exvenikajtsxhefyqtimuofgvczj/SourcePackages/checkouts/swift-collections
    builtin-copy -exclude .DS_Store -exclude CVS -exclude .svn -exclude .git -exclude .hg -resolve-src-symlinks /Users/gunnarhostetler/Library/Developer/Xcode/DerivedData/OpenIntelligence-exvenikajtsxhefyqtimuofgvczj/Build/Intermediates.noindex/swift-collections.build/Debug-iphonesimulator/InternalCollectionsUtilities.build/InternalCollectionsUtilities.modulemap /Users/gunnarhostetler/Library/Developer/Xcode/DerivedData/OpenIntelligence-exvenikajtsxhefyqtimuofgvczj/Build/Intermediates.noindex/GeneratedModuleMaps-iphonesimulator

ProcessXCFramework /Users/gunnarhostetler/Library/Developer/Xcode/DerivedData/OpenIntelligence-exvenikajtsxhefyqtimuofgvczj/SourcePackages/artifacts/localllmclient/LocalLLMClientLlamaFramework/llama.xcframework /Users/gunnarhostetler/Library/Developer/Xcode/DerivedData/OpenIntelligence-exvenikajtsxhefyqtimuofgvczj/Build/Products/Debug-iphonesimulator/llama.framework ios simulator
    cd /Users/gunnarhostetler/Documents/GitHub/OpenIntelligence/OpenIntelligence.xcodeproj
    builtin-process-xcframework --xcframework /Users/gunnarhostetler/Library/Developer/Xcode/DerivedData/OpenIntelligence-exvenikajtsxhefyqtimuofgvczj/SourcePackages/artifacts/localllmclient/LocalLLMClientLlamaFramework/llama.xcframework --platform ios --environment simulator --target-path /Users/gunnarhostetler/Library/Developer/Xcode/DerivedData/OpenIntelligence-exvenikajtsxhefyqtimuofgvczj/Build/Products/Debug-iphonesimulator

ProcessInfoPlistFile /Users/gunnarhostetler/Library/Developer/Xcode/DerivedData/OpenIntelligence-exvenikajtsxhefyqtimuofgvczj/Build/Products/Debug-iphonesimulator/LocalLLMClient_LocalLLMClientLlama.bundle/Info.plist /Users/gunnarhostetler/Library/Developer/Xcode/DerivedData/OpenIntelligence-exvenikajtsxhefyqtimuofgvczj/Build/Intermediates.noindex/LocalLLMClient.build/Debug-iphonesimulator/LocalLLMClient_LocalLLMClientLlama.build/empty-LocalLLMClient_LocalLLMClientLlama.plist (in target 'LocalLLMClient_LocalLLMClientLlama' from project 'LocalLLMClient')
    cd /Users/gunnarhostetler/Documents/GitHub/OpenIntelligence/Vendor/LocalLLMClient
    builtin-infoPlistUtility /Users/gunnarhostetler/Library/Developer/Xcode/DerivedData/OpenIntelligence-exvenikajtsxhefyqtimuofgvczj/Build/Intermediates.noindex/LocalLLMClient.build/Debug-iphonesimulator/LocalLLMClient_LocalLLMClientLlama.build/empty-LocalLLMClient_LocalLLMClientLlama.plist -producttype com.apple.product-type.bundle -expandbuildsettings -format binary -platform iphonesimulator -o /Users/gunnarhostetler/Library/Developer/Xcode/DerivedData/OpenIntelligence-exvenikajtsxhefyqtimuofgvczj/Build/Products/Debug-iphonesimulator/LocalLLMClient_LocalLLMClientLlama.bundle/Info.plist

CpResource /Users/gunnarhostetler/Library/Developer/Xcode/DerivedData/OpenIntelligence-exvenikajtsxhefyqtimuofgvczj/Build/Products/Debug-iphonesimulator/LocalLLMClient_LocalLLMClientLlama.bundle/json.gbnf /Users/gunnarhostetler/Documents/GitHub/OpenIntelligence/Vendor/LocalLLMClient/Sources/LocalLLMClientLlama/Resources/Grammars/json.gbnf (in target 'LocalLLMClient_LocalLLMClientLlama' from project 'LocalLLMClient')
    cd /Users/gunnarhostetler/Documents/GitHub/OpenIntelligence/Vendor/LocalLLMClient
    builtin-copy -exclude .DS_Store -exclude CVS -exclude .svn -exclude .git -exclude .hg -resolve-src-symlinks /Users/gunnarhostetler/Documents/GitHub/OpenIntelligence/Vendor/LocalLLMClient/Sources/LocalLLMClientLlama/Resources/Grammars/json.gbnf /Users/gunnarhostetler/Library/Developer/Xcode/DerivedData/OpenIntelligence-exvenikajtsxhefyqtimuofgvczj/Build/Products/Debug-iphonesimulator/LocalLLMClient_LocalLLMClientLlama.bundle

CodeSign /Users/gunnarhostetler/Library/Developer/Xcode/DerivedData/OpenIntelligence-exvenikajtsxhefyqtimuofgvczj/Build/Products/Debug-iphonesimulator/LocalLLMClient_LocalLLMClientLlama.bundle (in target 'LocalLLMClient_LocalLLMClientLlama' from project 'LocalLLMClient')
    cd /Users/gunnarhostetler/Documents/GitHub/OpenIntelligence/Vendor/LocalLLMClient
    
    Signing Identity:     "Sign to Run Locally"
    
    /usr/bin/codesign --force --sign - --timestamp\=none --generate-entitlement-der /Users/gunnarhostetler/Library/Developer/Xcode/DerivedData/OpenIntelligence-exvenikajtsxhefyqtimuofgvczj/Build/Products/Debug-iphonesimulator/LocalLLMClient_LocalLLMClientLlama.bundle

RegisterExecutionPolicyException /Users/gunnarhostetler/Library/Developer/Xcode/DerivedData/OpenIntelligence-exvenikajtsxhefyqtimuofgvczj/Build/Products/Debug-iphonesimulator/LocalLLMClient_LocalLLMClientLlama.bundle (in target 'LocalLLMClient_LocalLLMClientLlama' from project 'LocalLLMClient')
    cd /Users/gunnarhostetler/Documents/GitHub/OpenIntelligence/Vendor/LocalLLMClient
    builtin-RegisterExecutionPolicyException /Users/gunnarhostetler/Library/Developer/Xcode/DerivedData/OpenIntelligence-exvenikajtsxhefyqtimuofgvczj/Build/Products/Debug-iphonesimulator/LocalLLMClient_LocalLLMClientLlama.bundle

WriteAuxiliaryFile /Users/gunnarhostetler/Library/Developer/Xcode/DerivedData/OpenIntelligence-exvenikajtsxhefyqtimuofgvczj/Build/Intermediates.noindex/OpenIntelligence.build/Debug-iphonesimulator/OpenIntelligence.build/OpenIntelligence.hmap (in target 'OpenIntelligence' from project 'OpenIntelligence')
    cd /Users/gunnarhostetler/Documents/GitHub/OpenIntelligence
    write-file /Users/gunnarhostetler/Library/Developer/Xcode/DerivedData/OpenIntelligence-exvenikajtsxhefyqtimuofgvczj/Build/Intermediates.noindex/OpenIntelligence.build/Debug-iphonesimulator/OpenIntelligence.build/OpenIntelligence.hmap

WriteAuxiliaryFile /Users/gunnarhostetler/Library/Developer/Xcode/DerivedData/OpenIntelligence-exvenikajtsxhefyqtimuofgvczj/Build/Intermediates.noindex/OpenIntelligence.build/Debug-iphonesimulator/OpenIntelligence.build/empty-OpenIntelligence.plist (in target 'OpenIntelligence' from project 'OpenIntelligence')
    cd /Users/gunnarhostetler/Documents/GitHub/OpenIntelligence
    write-file /Users/gunnarhostetler/Library/Developer/Xcode/DerivedData/OpenIntelligence-exvenikajtsxhefyqtimuofgvczj/Build/Intermediates.noindex/OpenIntelligence.build/Debug-iphonesimulator/OpenIntelligence.build/empty-OpenIntelligence.plist

WriteAuxiliaryFile /Users/gunnarhostetler/Library/Developer/Xcode/DerivedData/OpenIntelligence-exvenikajtsxhefyqtimuofgvczj/Build/Intermediates.noindex/OpenIntelligence.build/Debug-iphonesimulator/OpenIntelligence.build/OpenIntelligence.DependencyStaticMetadataFileList (in target 'OpenIntelligence' from project 'OpenIntelligence')
    cd /Users/gunnarhostetler/Documents/GitHub/OpenIntelligence
    write-file /Users/gunnarhostetler/Library/Developer/Xcode/DerivedData/OpenIntelligence-exvenikajtsxhefyqtimuofgvczj/Build/Intermediates.noindex/OpenIntelligence.build/Debug-iphonesimulator/OpenIntelligence.build/OpenIntelligence.DependencyStaticMetadataFileList

WriteAuxiliaryFile /Users/gunnarhostetler/Library/Developer/Xcode/DerivedData/OpenIntelligence-exvenikajtsxhefyqtimuofgvczj/Build/Intermediates.noindex/OpenIntelligence.build/Debug-iphonesimulator/OpenIntelligence.build/OpenIntelligence.DependencyMetadataFileList (in target 'OpenIntelligence' from project 'OpenIntelligence')
    cd /Users/gunnarhostetler/Documents/GitHub/OpenIntelligence
    write-file /Users/gunnarhostetler/Library/Developer/Xcode/DerivedData/OpenIntelligence-exvenikajtsxhefyqtimuofgvczj/Build/Intermediates.noindex/OpenIntelligence.build/Debug-iphonesimulator/OpenIntelligence.build/OpenIntelligence.DependencyMetadataFileList

WriteAuxiliaryFile /Users/gunnarhostetler/Library/Developer/Xcode/DerivedData/OpenIntelligence-exvenikajtsxhefyqtimuofgvczj/Build/Intermediates.noindex/OpenIntelligence.build/Debug-iphonesimulator/OpenIntelligence.build/OpenIntelligence-project-headers.hmap (in target 'OpenIntelligence' from project 'OpenIntelligence')
    cd /Users/gunnarhostetler/Documents/GitHub/OpenIntelligence
    write-file /Users/gunnarhostetler/Library/Developer/Xcode/DerivedData/OpenIntelligence-exvenikajtsxhefyqtimuofgvczj/Build/Intermediates.noindex/OpenIntelligence.build/Debug-iphonesimulator/OpenIntelligence.build/OpenIntelligence-project-headers.hmap

WriteAuxiliaryFile /Users/gunnarhostetler/Library/Developer/Xcode/DerivedData/OpenIntelligence-exvenikajtsxhefyqtimuofgvczj/Build/Intermediates.noindex/OpenIntelligence.build/Debug-iphonesimulator/OpenIntelligence.build/OpenIntelligence-own-target-headers.hmap (in target 'OpenIntelligence' from project 'OpenIntelligence')
    cd /Users/gunnarhostetler/Documents/GitHub/OpenIntelligence
    write-file /Users/gunnarhostetler/Library/Developer/Xcode/DerivedData/OpenIntelligence-exvenikajtsxhefyqtimuofgvczj/Build/Intermediates.noindex/OpenIntelligence.build/Debug-iphonesimulator/OpenIntelligence.build/OpenIntelligence-own-target-headers.hmap

WriteAuxiliaryFile /Users/gunnarhostetler/Library/Developer/Xcode/DerivedData/OpenIntelligence-exvenikajtsxhefyqtimuofgvczj/Build/Intermediates.noindex/OpenIntelligence.build/Debug-iphonesimulator/OpenIntelligence.build/OpenIntelligence-generated-files.hmap (in target 'OpenIntelligence' from project 'OpenIntelligence')
    cd /Users/gunnarhostetler/Documents/GitHub/OpenIntelligence
    write-file /Users/gunnarhostetler/Library/Developer/Xcode/DerivedData/OpenIntelligence-exvenikajtsxhefyqtimuofgvczj/Build/Intermediates.noindex/OpenIntelligence.build/Debug-iphonesimulator/OpenIntelligence.build/OpenIntelligence-generated-files.hmap

WriteAuxiliaryFile /Users/gunnarhostetler/Library/Developer/Xcode/DerivedData/OpenIntelligence-exvenikajtsxhefyqtimuofgvczj/Build/Intermediates.noindex/OpenIntelligence.build/Debug-iphonesimulator/OpenIntelligence.build/OpenIntelligence-all-target-headers.hmap (in target 'OpenIntelligence' from project 'OpenIntelligence')
    cd /Users/gunnarhostetler/Documents/GitHub/OpenIntelligence
    write-file /Users/gunnarhostetler/Library/Developer/Xcode/DerivedData/OpenIntelligence-exvenikajtsxhefyqtimuofgvczj/Build/Intermediates.noindex/OpenIntelligence.build/Debug-iphonesimulator/OpenIntelligence.build/OpenIntelligence-all-target-headers.hmap

WriteAuxiliaryFile /Users/gunnarhostetler/Library/Developer/Xcode/DerivedData/OpenIntelligence-exvenikajtsxhefyqtimuofgvczj/Build/Intermediates.noindex/OpenIntelligence.build/Debug-iphonesimulator/OpenIntelligence.build/OpenIntelligence-all-non-framework-target-headers.hmap (in target 'OpenIntelligence' from project 'OpenIntelligence')
    cd /Users/gunnarhostetler/Documents/GitHub/OpenIntelligence
    write-file /Users/gunnarhostetler/Library/Developer/Xcode/DerivedData/OpenIntelligence-exvenikajtsxhefyqtimuofgvczj/Build/Intermediates.noindex/OpenIntelligence.build/Debug-iphonesimulator/OpenIntelligence.build/OpenIntelligence-all-non-framework-target-headers.hmap

WriteAuxiliaryFile /Users/gunnarhostetler/Library/Developer/Xcode/DerivedData/OpenIntelligence-exvenikajtsxhefyqtimuofgvczj/Build/Intermediates.noindex/OpenIntelligence.build/Debug-iphonesimulator/OpenIntelligence.build/OpenIntelligence-DebugDylibPath-normal-arm64.txt (in target 'OpenIntelligence' from project 'OpenIntelligence')
    cd /Users/gunnarhostetler/Documents/GitHub/OpenIntelligence
    write-file /Users/gunnarhostetler/Library/Developer/Xcode/DerivedData/OpenIntelligence-exvenikajtsxhefyqtimuofgvczj/Build/Intermediates.noindex/OpenIntelligence.build/Debug-iphonesimulator/OpenIntelligence.build/OpenIntelligence-DebugDylibPath-normal-arm64.txt

WriteAuxiliaryFile /Users/gunnarhostetler/Library/Developer/Xcode/DerivedData/OpenIntelligence-exvenikajtsxhefyqtimuofgvczj/Build/Intermediates.noindex/OpenIntelligence.build/Debug-iphonesimulator/OpenIntelligence.build/OpenIntelligence-DebugDylibInstallName-normal-arm64.txt (in target 'OpenIntelligence' from project 'OpenIntelligence')
    cd /Users/gunnarhostetler/Documents/GitHub/OpenIntelligence
    write-file /Users/gunnarhostetler/Library/Developer/Xcode/DerivedData/OpenIntelligence-exvenikajtsxhefyqtimuofgvczj/Build/Intermediates.noindex/OpenIntelligence.build/Debug-iphonesimulator/OpenIntelligence.build/OpenIntelligence-DebugDylibInstallName-normal-arm64.txt

WriteAuxiliaryFile /Users/gunnarhostetler/Library/Developer/Xcode/DerivedData/OpenIntelligence-exvenikajtsxhefyqtimuofgvczj/Build/Intermediates.noindex/OpenIntelligence.build/Debug-iphonesimulator/OpenIntelligence.build/Objects-normal/arm64/OpenIntelligence_const_extract_protocols.json (in target 'OpenIntelligence' from project 'OpenIntelligence')
    cd /Users/gunnarhostetler/Documents/GitHub/OpenIntelligence
    write-file /Users/gunnarhostetler/Library/Developer/Xcode/DerivedData/OpenIntelligence-exvenikajtsxhefyqtimuofgvczj/Build/Intermediates.noindex/OpenIntelligence.build/Debug-iphonesimulator/OpenIntelligence.build/Objects-normal/arm64/OpenIntelligence_const_extract_protocols.json

WriteAuxiliaryFile /Users/gunnarhostetler/Library/Developer/Xcode/DerivedData/OpenIntelligence-exvenikajtsxhefyqtimuofgvczj/Build/Intermediates.noindex/OpenIntelligence.build/Debug-iphonesimulator/OpenIntelligence.build/Objects-normal/arm64/OpenIntelligence.SwiftFileList (in target 'OpenIntelligence' from project 'OpenIntelligence')
    cd /Users/gunnarhostetler/Documents/GitHub/OpenIntelligence
    write-file /Users/gunnarhostetler/Library/Developer/Xcode/DerivedData/OpenIntelligence-exvenikajtsxhefyqtimuofgvczj/Build/Intermediates.noindex/OpenIntelligence.build/Debug-iphonesimulator/OpenIntelligence.build/Objects-normal/arm64/OpenIntelligence.SwiftFileList

WriteAuxiliaryFile /Users/gunnarhostetler/Library/Developer/Xcode/DerivedData/OpenIntelligence-exvenikajtsxhefyqtimuofgvczj/Build/Intermediates.noindex/OpenIntelligence.build/Debug-iphonesimulator/OpenIntelligence.build/Objects-normal/arm64/OpenIntelligence.SwiftConstValuesFileList (in target 'OpenIntelligence' from project 'OpenIntelligence')
    cd /Users/gunnarhostetler/Documents/GitHub/OpenIntelligence
    write-file /Users/gunnarhostetler/Library/Developer/Xcode/DerivedData/OpenIntelligence-exvenikajtsxhefyqtimuofgvczj/Build/Intermediates.noindex/OpenIntelligence.build/Debug-iphonesimulator/OpenIntelligence.build/Objects-normal/arm64/OpenIntelligence.SwiftConstValuesFileList

WriteAuxiliaryFile /Users/gunnarhostetler/Library/Developer/Xcode/DerivedData/OpenIntelligence-exvenikajtsxhefyqtimuofgvczj/Build/Intermediates.noindex/OpenIntelligence.build/Debug-iphonesimulator/OpenIntelligence.build/Objects-normal/arm64/OpenIntelligence.LinkFileList (in target 'OpenIntelligence' from project 'OpenIntelligence')
    cd /Users/gunnarhostetler/Documents/GitHub/OpenIntelligence
    write-file /Users/gunnarhostetler/Library/Developer/Xcode/DerivedData/OpenIntelligence-exvenikajtsxhefyqtimuofgvczj/Build/Intermediates.noindex/OpenIntelligence.build/Debug-iphonesimulator/OpenIntelligence.build/Objects-normal/arm64/OpenIntelligence.LinkFileList

WriteAuxiliaryFile /Users/gunnarhostetler/Library/Developer/Xcode/DerivedData/OpenIntelligence-exvenikajtsxhefyqtimuofgvczj/Build/Intermediates.noindex/OpenIntelligence.build/Debug-iphonesimulator/OpenIntelligence.build/Objects-normal/arm64/OpenIntelligence-OutputFileMap.json (in target 'OpenIntelligence' from project 'OpenIntelligence')
    cd /Users/gunnarhostetler/Documents/GitHub/OpenIntelligence
    write-file /Users/gunnarhostetler/Library/Developer/Xcode/DerivedData/OpenIntelligence-exvenikajtsxhefyqtimuofgvczj/Build/Intermediates.noindex/OpenIntelligence.build/Debug-iphonesimulator/OpenIntelligence.build/Objects-normal/arm64/OpenIntelligence-OutputFileMap.json

WriteAuxiliaryFile /Users/gunnarhostetler/Library/Developer/Xcode/DerivedData/OpenIntelligence-exvenikajtsxhefyqtimuofgvczj/Build/Intermediates.noindex/OpenIntelligence.build/Debug-iphonesimulator/OpenIntelligence.build/DerivedSources/Entitlements-Simulated.plist (in target 'OpenIntelligence' from project 'OpenIntelligence')
    cd /Users/gunnarhostetler/Documents/GitHub/OpenIntelligence
    write-file /Users/gunnarhostetler/Library/Developer/Xcode/DerivedData/OpenIntelligence-exvenikajtsxhefyqtimuofgvczj/Build/Intermediates.noindex/OpenIntelligence.build/Debug-iphonesimulator/OpenIntelligence.build/DerivedSources/Entitlements-Simulated.plist

WriteAuxiliaryFile /Users/gunnarhostetler/Library/Developer/Xcode/DerivedData/OpenIntelligence-exvenikajtsxhefyqtimuofgvczj/Build/Intermediates.noindex/LocalLLMClient.build/Debug-iphonesimulator/LocalLLMClientLlamaC.build/Objects-normal/arm64/LocalLLMClientLlamaC.LinkFileList (in target 'LocalLLMClientLlamaC' from project 'LocalLLMClient')
    cd /Users/gunnarhostetler/Documents/GitHub/OpenIntelligence/Vendor/LocalLLMClient
    write-file /Users/gunnarhostetler/Library/Developer/Xcode/DerivedData/OpenIntelligence-exvenikajtsxhefyqtimuofgvczj/Build/Intermediates.noindex/LocalLLMClient.build/Debug-iphonesimulator/LocalLLMClientLlamaC.build/Objects-normal/arm64/LocalLLMClientLlamaC.LinkFileList

WriteAuxiliaryFile /Users/gunnarhostetler/Library/Developer/Xcode/DerivedData/OpenIntelligence-exvenikajtsxhefyqtimuofgvczj/Build/Intermediates.noindex/LocalLLMClient.build/Debug-iphonesimulator/LocalLLMClientLlamaC.build/Objects-normal/arm64/82b82416624d2658e5098eb0a28c15c5-common-args.resp (in target 'LocalLLMClientLlamaC' from project 'LocalLLMClient')
    cd /Users/gunnarhostetler/Documents/GitHub/OpenIntelligence/Vendor/LocalLLMClient
    write-file /Users/gunnarhostetler/Library/Developer/Xcode/DerivedData/OpenIntelligence-exvenikajtsxhefyqtimuofgvczj/Build/Intermediates.noindex/LocalLLMClient.build/Debug-iphonesimulator/LocalLLMClientLlamaC.build/Objects-normal/arm64/82b82416624d2658e5098eb0a28c15c5-common-args.resp
-target arm64-apple-ios16.0-simulator '-std=c++17' -fmodules -fno-cxx-modules -gmodules '-fmodules-cache-path=/Users/gunnarhostetler/Library/Developer/Xcode/DerivedData/ModuleCache.noindex' '-fmodule-name=LocalLLMClientLlamaC' '-D_LIBCPP_HARDENING_MODE=_LIBCPP_HARDENING_MODE_DEBUG' -fpascal-strings -O0 -DSWIFT_PACKAGE '-DDEBUG=1' -isysroot /Applications/Xcode.app/Contents/Developer/Platforms/iPhoneSimulator.platform/Developer/SDKs/iPhoneSimulator26.1.sdk -g -fvisibility-inlines-hidden -I/Users/gunnarhostetler/Library/Developer/Xcode/DerivedData/OpenIntelligence-exvenikajtsxhefyqtimuofgvczj/Build/Products/Debug-iphonesimulator/include -I/Users/gunnarhostetler/Documents/GitHub/OpenIntelligence/Vendor/LocalLLMClient/Sources/LocalLLMClientLlamaC/include -I/Users/gunnarhostetler/Documents/GitHub/OpenIntelligence/Vendor/LocalLLMClient/Sources/LocalLLMClientLlamaC -I/Users/gunnarhostetler/Documents/GitHub/OpenIntelligence/Vendor/LocalLLMClient/Sources/LocalLLMClientLlamaC -I/Users/gunnarhostetler/Library/Developer/Xcode/DerivedData/OpenIntelligence-exvenikajtsxhefyqtimuofgvczj/Build/Intermediates.noindex/LocalLLMClient.build/Debug-iphonesimulator/LocalLLMClientLlamaC.build/DerivedSources-normal/arm64 -I/Users/gunnarhostetler/Library/Developer/Xcode/DerivedData/OpenIntelligence-exvenikajtsxhefyqtimuofgvczj/Build/Intermediates.noindex/LocalLLMClient.build/Debug-iphonesimulator/LocalLLMClientLlamaC.build/DerivedSources/arm64 -I/Users/gunnarhostetler/Library/Developer/Xcode/DerivedData/OpenIntelligence-exvenikajtsxhefyqtimuofgvczj/Build/Intermediates.noindex/LocalLLMClient.build/Debug-iphonesimulator/LocalLLMClientLlamaC.build/DerivedSources -F/Users/gunnarhostetler/Library/Developer/Xcode/DerivedData/OpenIntelligence-exvenikajtsxhefyqtimuofgvczj/Build/Products/Debug-iphonesimulator -iframework /Applications/Xcode.app/Contents/Developer/Platforms/iPhoneSimulator.platform/Developer/Library/Frameworks -iframework /Applications/Xcode.app/Contents/Developer/Platforms/iPhoneSimulator.platform/Developer/SDKs/iPhoneSimulator26.1.sdk/Developer/Library/Frameworks -DXcode

WriteAuxiliaryFile /Users/gunnarhostetler/Library/Developer/Xcode/DerivedData/OpenIntelligence-exvenikajtsxhefyqtimuofgvczj/Build/Intermediates.noindex/LocalLLMClient.build/Debug-iphonesimulator/LocalLLMClientLlamaC.build/LocalLLMClientLlamaC.DependencyStaticMetadataFileList (in target 'LocalLLMClientLlamaC' from project 'LocalLLMClient')
    cd /Users/gunnarhostetler/Documents/GitHub/OpenIntelligence/Vendor/LocalLLMClient
    write-file /Users/gunnarhostetler/Library/Developer/Xcode/DerivedData/OpenIntelligence-exvenikajtsxhefyqtimuofgvczj/Build/Intermediates.noindex/LocalLLMClient.build/Debug-iphonesimulator/LocalLLMClientLlamaC.build/LocalLLMClientLlamaC.DependencyStaticMetadataFileList

WriteAuxiliaryFile /Users/gunnarhostetler/Library/Developer/Xcode/DerivedData/OpenIntelligence-exvenikajtsxhefyqtimuofgvczj/Build/Intermediates.noindex/LocalLLMClient.build/Debug-iphonesimulator/LocalLLMClientLlamaC.build/LocalLLMClientLlamaC.DependencyMetadataFileList (in target 'LocalLLMClientLlamaC' from project 'LocalLLMClient')
    cd /Users/gunnarhostetler/Documents/GitHub/OpenIntelligence/Vendor/LocalLLMClient
    write-file /Users/gunnarhostetler/Library/Developer/Xcode/DerivedData/OpenIntelligence-exvenikajtsxhefyqtimuofgvczj/Build/Intermediates.noindex/LocalLLMClient.build/Debug-iphonesimulator/LocalLLMClientLlamaC.build/LocalLLMClientLlamaC.DependencyMetadataFileList

WriteAuxiliaryFile /Users/gunnarhostetler/Library/Developer/Xcode/DerivedData/OpenIntelligence-exvenikajtsxhefyqtimuofgvczj/Build/Intermediates.noindex/LocalLLMClient.build/Debug-iphonesimulator/LocalLLMClientLlama.build/Objects-normal/arm64/LocalLLMClientLlama_const_extract_protocols.json (in target 'LocalLLMClientLlama' from project 'LocalLLMClient')
    cd /Users/gunnarhostetler/Documents/GitHub/OpenIntelligence/Vendor/LocalLLMClient
    write-file /Users/gunnarhostetler/Library/Developer/Xcode/DerivedData/OpenIntelligence-exvenikajtsxhefyqtimuofgvczj/Build/Intermediates.noindex/LocalLLMClient.build/Debug-iphonesimulator/LocalLLMClientLlama.build/Objects-normal/arm64/LocalLLMClientLlama_const_extract_protocols.json

WriteAuxiliaryFile /Users/gunnarhostetler/Library/Developer/Xcode/DerivedData/OpenIntelligence-exvenikajtsxhefyqtimuofgvczj/Build/Intermediates.noindex/LocalLLMClient.build/Debug-iphonesimulator/LocalLLMClientLlama.build/Objects-normal/arm64/LocalLLMClientLlama.SwiftFileList (in target 'LocalLLMClientLlama' from project 'LocalLLMClient')
    cd /Users/gunnarhostetler/Documents/GitHub/OpenIntelligence/Vendor/LocalLLMClient
    write-file /Users/gunnarhostetler/Library/Developer/Xcode/DerivedData/OpenIntelligence-exvenikajtsxhefyqtimuofgvczj/Build/Intermediates.noindex/LocalLLMClient.build/Debug-iphonesimulator/LocalLLMClientLlama.build/Objects-normal/arm64/LocalLLMClientLlama.SwiftFileList

WriteAuxiliaryFile /Users/gunnarhostetler/Library/Developer/Xcode/DerivedData/OpenIntelligence-exvenikajtsxhefyqtimuofgvczj/Build/Intermediates.noindex/LocalLLMClient.build/Debug-iphonesimulator/LocalLLMClientLlamaC.build/LocalLLMClientLlamaC.modulemap (in target 'LocalLLMClientLlamaC' from project 'LocalLLMClient')
    cd /Users/gunnarhostetler/Documents/GitHub/OpenIntelligence/Vendor/LocalLLMClient
    write-file /Users/gunnarhostetler/Library/Developer/Xcode/DerivedData/OpenIntelligence-exvenikajtsxhefyqtimuofgvczj/Build/Intermediates.noindex/LocalLLMClient.build/Debug-iphonesimulator/LocalLLMClientLlamaC.build/LocalLLMClientLlamaC.modulemap

WriteAuxiliaryFile /Users/gunnarhostetler/Library/Developer/Xcode/DerivedData/OpenIntelligence-exvenikajtsxhefyqtimuofgvczj/Build/Intermediates.noindex/LocalLLMClient.build/Debug-iphonesimulator/LocalLLMClientLlama.build/Objects-normal/arm64/LocalLLMClientLlama.SwiftConstValuesFileList (in target 'LocalLLMClientLlama' from project 'LocalLLMClient')
    cd /Users/gunnarhostetler/Documents/GitHub/OpenIntelligence/Vendor/LocalLLMClient
    write-file /Users/gunnarhostetler/Library/Developer/Xcode/DerivedData/OpenIntelligence-exvenikajtsxhefyqtimuofgvczj/Build/Intermediates.noindex/LocalLLMClient.build/Debug-iphonesimulator/LocalLLMClientLlama.build/Objects-normal/arm64/LocalLLMClientLlama.SwiftConstValuesFileList

WriteAuxiliaryFile /Users/gunnarhostetler/Library/Developer/Xcode/DerivedData/OpenIntelligence-exvenikajtsxhefyqtimuofgvczj/Build/Intermediates.noindex/LocalLLMClient.build/Debug-iphonesimulator/LocalLLMClientLlama.build/Objects-normal/arm64/LocalLLMClientLlama.LinkFileList (in target 'LocalLLMClientLlama' from project 'LocalLLMClient')
    cd /Users/gunnarhostetler/Documents/GitHub/OpenIntelligence/Vendor/LocalLLMClient
    write-file /Users/gunnarhostetler/Library/Developer/Xcode/DerivedData/OpenIntelligence-exvenikajtsxhefyqtimuofgvczj/Build/Intermediates.noindex/LocalLLMClient.build/Debug-iphonesimulator/LocalLLMClientLlama.build/Objects-normal/arm64/LocalLLMClientLlama.LinkFileList

WriteAuxiliaryFile /Users/gunnarhostetler/Library/Developer/Xcode/DerivedData/OpenIntelligence-exvenikajtsxhefyqtimuofgvczj/Build/Intermediates.noindex/LocalLLMClient.build/Debug-iphonesimulator/LocalLLMClientLlama.build/Objects-normal/arm64/LocalLLMClientLlama-OutputFileMap.json (in target 'LocalLLMClientLlama' from project 'LocalLLMClient')
    cd /Users/gunnarhostetler/Documents/GitHub/OpenIntelligence/Vendor/LocalLLMClient
    write-file /Users/gunnarhostetler/Library/Developer/Xcode/DerivedData/OpenIntelligence-exvenikajtsxhefyqtimuofgvczj/Build/Intermediates.noindex/LocalLLMClient.build/Debug-iphonesimulator/LocalLLMClientLlama.build/Objects-normal/arm64/LocalLLMClientLlama-OutputFileMap.json

WriteAuxiliaryFile /Users/gunnarhostetler/Library/Developer/Xcode/DerivedData/OpenIntelligence-exvenikajtsxhefyqtimuofgvczj/Build/Intermediates.noindex/LocalLLMClient.build/Debug-iphonesimulator/LocalLLMClientLlama.build/LocalLLMClientLlama.modulemap (in target 'LocalLLMClientLlama' from project 'LocalLLMClient')
    cd /Users/gunnarhostetler/Documents/GitHub/OpenIntelligence/Vendor/LocalLLMClient
    write-file /Users/gunnarhostetler/Library/Developer/Xcode/DerivedData/OpenIntelligence-exvenikajtsxhefyqtimuofgvczj/Build/Intermediates.noindex/LocalLLMClient.build/Debug-iphonesimulator/LocalLLMClientLlama.build/LocalLLMClientLlama.modulemap

WriteAuxiliaryFile /Users/gunnarhostetler/Library/Developer/Xcode/DerivedData/OpenIntelligence-exvenikajtsxhefyqtimuofgvczj/Build/Intermediates.noindex/LocalLLMClient.build/Debug-iphonesimulator/LocalLLMClientLlama.build/LocalLLMClientLlama.DependencyStaticMetadataFileList (in target 'LocalLLMClientLlama' from project 'LocalLLMClient')
    cd /Users/gunnarhostetler/Documents/GitHub/OpenIntelligence/Vendor/LocalLLMClient
    write-file /Users/gunnarhostetler/Library/Developer/Xcode/DerivedData/OpenIntelligence-exvenikajtsxhefyqtimuofgvczj/Build/Intermediates.noindex/LocalLLMClient.build/Debug-iphonesimulator/LocalLLMClientLlama.build/LocalLLMClientLlama.DependencyStaticMetadataFileList

WriteAuxiliaryFile /Users/gunnarhostetler/Library/Developer/Xcode/DerivedData/OpenIntelligence-exvenikajtsxhefyqtimuofgvczj/Build/Intermediates.noindex/LocalLLMClient.build/Debug-iphonesimulator/LocalLLMClientLlama.build/LocalLLMClientLlama.DependencyMetadataFileList (in target 'LocalLLMClientLlama' from project 'LocalLLMClient')
    cd /Users/gunnarhostetler/Documents/GitHub/OpenIntelligence/Vendor/LocalLLMClient
    write-file /Users/gunnarhostetler/Library/Developer/Xcode/DerivedData/OpenIntelligence-exvenikajtsxhefyqtimuofgvczj/Build/Intermediates.noindex/LocalLLMClient.build/Debug-iphonesimulator/LocalLLMClientLlama.build/LocalLLMClientLlama.DependencyMetadataFileList

MkDir /Users/gunnarhostetler/Library/Developer/Xcode/DerivedData/OpenIntelligence-exvenikajtsxhefyqtimuofgvczj/Build/Products/Debug-iphonesimulator/OpenIntelligence.app (in target 'OpenIntelligence' from project 'OpenIntelligence')
    cd /Users/gunnarhostetler/Documents/GitHub/OpenIntelligence
    /bin/mkdir -p /Users/gunnarhostetler/Library/Developer/Xcode/DerivedData/OpenIntelligence-exvenikajtsxhefyqtimuofgvczj/Build/Products/Debug-iphonesimulator/OpenIntelligence.app

WriteAuxiliaryFile /Users/gunnarhostetler/Library/Developer/Xcode/DerivedData/OpenIntelligence-exvenikajtsxhefyqtimuofgvczj/Build/Intermediates.noindex/LocalLLMClient.build/Debug-iphonesimulator/LocalLLMClientLlama.build/DerivedSources/resource_bundle_accessor.swift (in target 'LocalLLMClientLlama' from project 'LocalLLMClient')
    cd /Users/gunnarhostetler/Documents/GitHub/OpenIntelligence/Vendor/LocalLLMClient
    write-file /Users/gunnarhostetler/Library/Developer/Xcode/DerivedData/OpenIntelligence-exvenikajtsxhefyqtimuofgvczj/Build/Intermediates.noindex/LocalLLMClient.build/Debug-iphonesimulator/LocalLLMClientLlama.build/DerivedSources/resource_bundle_accessor.swift

MkDir /Users/gunnarhostetler/Library/Developer/Xcode/DerivedData/OpenIntelligence-exvenikajtsxhefyqtimuofgvczj/Build/Products/Debug-iphonesimulator/OpenIntelligence.app/Frameworks (in target 'OpenIntelligence' from project 'OpenIntelligence')
    cd /Users/gunnarhostetler/Documents/GitHub/OpenIntelligence
    /bin/mkdir -p /Users/gunnarhostetler/Library/Developer/Xcode/DerivedData/OpenIntelligence-exvenikajtsxhefyqtimuofgvczj/Build/Products/Debug-iphonesimulator/OpenIntelligence.app/Frameworks

Copy /Users/gunnarhostetler/Library/Developer/Xcode/DerivedData/OpenIntelligence-exvenikajtsxhefyqtimuofgvczj/Build/Intermediates.noindex/GeneratedModuleMaps-iphonesimulator/LocalLLMClientLlamaC.modulemap /Users/gunnarhostetler/Library/Developer/Xcode/DerivedData/OpenIntelligence-exvenikajtsxhefyqtimuofgvczj/Build/Intermediates.noindex/LocalLLMClient.build/Debug-iphonesimulator/LocalLLMClientLlamaC.build/LocalLLMClientLlamaC.modulemap (in target 'LocalLLMClientLlamaC' from project 'LocalLLMClient')
    cd /Users/gunnarhostetler/Documents/GitHub/OpenIntelligence/Vendor/LocalLLMClient
    builtin-copy -exclude .DS_Store -exclude CVS -exclude .svn -exclude .git -exclude .hg -resolve-src-symlinks /Users/gunnarhostetler/Library/Developer/Xcode/DerivedData/OpenIntelligence-exvenikajtsxhefyqtimuofgvczj/Build/Intermediates.noindex/LocalLLMClient.build/Debug-iphonesimulator/LocalLLMClientLlamaC.build/LocalLLMClientLlamaC.modulemap /Users/gunnarhostetler/Library/Developer/Xcode/DerivedData/OpenIntelligence-exvenikajtsxhefyqtimuofgvczj/Build/Intermediates.noindex/GeneratedModuleMaps-iphonesimulator

Copy /Users/gunnarhostetler/Library/Developer/Xcode/DerivedData/OpenIntelligence-exvenikajtsxhefyqtimuofgvczj/Build/Intermediates.noindex/GeneratedModuleMaps-iphonesimulator/LocalLLMClientLlama.modulemap /Users/gunnarhostetler/Library/Developer/Xcode/DerivedData/OpenIntelligence-exvenikajtsxhefyqtimuofgvczj/Build/Intermediates.noindex/LocalLLMClient.build/Debug-iphonesimulator/LocalLLMClientLlama.build/LocalLLMClientLlama.modulemap (in target 'LocalLLMClientLlama' from project 'LocalLLMClient')
    cd /Users/gunnarhostetler/Documents/GitHub/OpenIntelligence/Vendor/LocalLLMClient
    builtin-copy -exclude .DS_Store -exclude CVS -exclude .svn -exclude .git -exclude .hg -resolve-src-symlinks /Users/gunnarhostetler/Library/Developer/Xcode/DerivedData/OpenIntelligence-exvenikajtsxhefyqtimuofgvczj/Build/Intermediates.noindex/LocalLLMClient.build/Debug-iphonesimulator/LocalLLMClientLlama.build/LocalLLMClientLlama.modulemap /Users/gunnarhostetler/Library/Developer/Xcode/DerivedData/OpenIntelligence-exvenikajtsxhefyqtimuofgvczj/Build/Intermediates.noindex/GeneratedModuleMaps-iphonesimulator

Touch /Users/gunnarhostetler/Library/Developer/Xcode/DerivedData/OpenIntelligence-exvenikajtsxhefyqtimuofgvczj/Build/Products/Debug-iphonesimulator/LocalLLMClient_LocalLLMClientLlama.bundle (in target 'LocalLLMClient_LocalLLMClientLlama' from project 'LocalLLMClient')
    cd /Users/gunnarhostetler/Documents/GitHub/OpenIntelligence/Vendor/LocalLLMClient
    /usr/bin/touch -c /Users/gunnarhostetler/Library/Developer/Xcode/DerivedData/OpenIntelligence-exvenikajtsxhefyqtimuofgvczj/Build/Products/Debug-iphonesimulator/LocalLLMClient_LocalLLMClientLlama.bundle

SwiftDriver LocalLLMClientMacrosPlugin normal arm64 com.apple.xcode.tools.swift.compiler (in target 'LocalLLMClientMacrosPlugin' from project 'LocalLLMClient')
    cd /Users/gunnarhostetler/Documents/GitHub/OpenIntelligence/OpenIntelligence.xcodeproj
    builtin-SwiftDriver -- /Applications/Xcode.app/Contents/Developer/Toolchains/XcodeDefault.xctoolchain/usr/bin/swiftc -module-name LocalLLMClientMacrosPlugin -Onone -enforce-exclusivity\=checked @/Users/gunnarhostetler/Library/Developer/Xcode/DerivedData/OpenIntelligence-exvenikajtsxhefyqtimuofgvczj/Build/Intermediates.noindex/LocalLLMClient.build/Debug/LocalLLMClientMacrosPlugin.build/Objects-normal/arm64/LocalLLMClientMacrosPlugin.SwiftFileList -DSWIFT_PACKAGE -DDEBUG -DXcode -I/Users/gunnarhostetler/Library/Developer/Xcode/DerivedData/OpenIntelligence-exvenikajtsxhefyqtimuofgvczj/SourcePackages/prebuilts/swift-syntax/600.0.1/swiftlang-6.2.1.4.8-MacroSupport-macos_aarch64/Modules -I/Users/gunnarhostetler/Library/Developer/Xcode/DerivedData/OpenIntelligence-exvenikajtsxhefyqtimuofgvczj/SourcePackages/checkouts/swift-syntax/Sources/_SwiftLibraryPluginProviderCShims/include -I/Users/gunnarhostetler/Library/Developer/Xcode/DerivedData/OpenIntelligence-exvenikajtsxhefyqtimuofgvczj/SourcePackages/checkouts/swift-syntax/Sources/_SwiftSyntaxCShims/include -plugin-path /Applications/Xcode.app/Contents/Developer/Toolchains/XcodeDefault.xctoolchain/usr/lib/swift/host/plugins/testing -enable-experimental-feature DebugDescriptionMacro -sdk /Applications/Xcode.app/Contents/Developer/Platforms/MacOSX.platform/Developer/SDKs/MacOSX26.1.sdk -target arm64-apple-macos14.0 -g -module-cache-path /Users/gunnarhostetler/Library/Developer/Xcode/DerivedData/ModuleCache.noindex -Xfrontend -serialize-debugging-options -enable-testing -suppress-warnings -index-store-path /Users/gunnarhostetler/Library/Developer/Xcode/DerivedData/OpenIntelligence-exvenikajtsxhefyqtimuofgvczj/Index.noindex/DataStore -Xcc -D_LIBCPP_HARDENING_MODE\=_LIBCPP_HARDENING_MODE_DEBUG -swift-version 6 -I /Users/gunnarhostetler/Library/Developer/Xcode/DerivedData/OpenIntelligence-exvenikajtsxhefyqtimuofgvczj/Build/Products/Debug -Isystem /Applications/Xcode.app/Contents/Developer/Platforms/MacOSX.platform/Developer/usr/lib -F /Users/gunnarhostetler/Library/Developer/Xcode/DerivedData/OpenIntelligence-exvenikajtsxhefyqtimuofgvczj/Build/Products/Debug -F /Applications/Xcode.app/Contents/Developer/Platforms/MacOSX.platform/Developer/Library/Frameworks -c -j11 -enable-batch-mode -incremental -Xcc -ivfsstatcache -Xcc /Users/gunnarhostetler/Library/Developer/Xcode/DerivedData/SDKStatCaches.noindex/macosx26.1-25B74-3885c01c3e6b6a337905948deab2002e3ae1261907bdadc328169391a47051a6.sdkstatcache -output-file-map /Users/gunnarhostetler/Library/Developer/Xcode/DerivedData/OpenIntelligence-exvenikajtsxhefyqtimuofgvczj/Build/Intermediates.noindex/LocalLLMClient.build/Debug/LocalLLMClientMacrosPlugin.build/Objects-normal/arm64/LocalLLMClientMacrosPlugin-OutputFileMap.json -use-frontend-parseable-output -save-temps -no-color-diagnostics -explicit-module-build -module-cache-path /Users/gunnarhostetler/Library/Developer/Xcode/DerivedData/OpenIntelligence-exvenikajtsxhefyqtimuofgvczj/Build/Intermediates.noindex/SwiftExplicitPrecompiledModules -clang-scanner-module-cache-path /Users/gunnarhostetler/Library/Developer/Xcode/DerivedData/ModuleCache.noindex -sdk-module-cache-path /Users/gunnarhostetler/Library/Developer/Xcode/DerivedData/ModuleCache.noindex -serialize-diagnostics -emit-dependencies -emit-module -emit-module-path /Users/gunnarhostetler/Library/Developer/Xcode/DerivedData/OpenIntelligence-exvenikajtsxhefyqtimuofgvczj/Build/Intermediates.noindex/LocalLLMClient.build/Debug/LocalLLMClientMacrosPlugin.build/Objects-normal/arm64/LocalLLMClientMacrosPlugin.swiftmodule -validate-clang-modules-once -clang-build-session-file /Users/gunnarhostetler/Library/Developer/Xcode/DerivedData/ModuleCache.noindex/Session.modulevalidation -package-name localllmclient -emit-const-values -Xfrontend -const-gather-protocols-file -Xfrontend /Users/gunnarhostetler/Library/Developer/Xcode/DerivedData/OpenIntelligence-exvenikajtsxhefyqtimuofgvczj/Build/Intermediates.noindex/LocalLLMClient.build/Debug/LocalLLMClientMacrosPlugin.build/Objects-normal/arm64/LocalLLMClientMacrosPlugin_const_extract_protocols.json -Xcc -I/Users/gunnarhostetler/Library/Developer/Xcode/DerivedData/OpenIntelligence-exvenikajtsxhefyqtimuofgvczj/Build/Products/Debug/include -Xcc -I/Users/gunnarhostetler/Library/Developer/Xcode/DerivedData/OpenIntelligence-exvenikajtsxhefyqtimuofgvczj/Build/Intermediates.noindex/LocalLLMClient.build/Debug/LocalLLMClientMacrosPlugin.build/DerivedSources-normal/arm64 -Xcc -I/Users/gunnarhostetler/Library/Developer/Xcode/DerivedData/OpenIntelligence-exvenikajtsxhefyqtimuofgvczj/Build/Intermediates.noindex/LocalLLMClient.build/Debug/LocalLLMClientMacrosPlugin.build/DerivedSources/arm64 -Xcc -I/Users/gunnarhostetler/Library/Developer/Xcode/DerivedData/OpenIntelligence-exvenikajtsxhefyqtimuofgvczj/Build/Intermediates.noindex/LocalLLMClient.build/Debug/LocalLLMClientMacrosPlugin.build/DerivedSources -Xcc -DSWIFT_PACKAGE -Xcc -DDEBUG\=1 -working-directory /Users/gunnarhostetler/Documents/GitHub/OpenIntelligence/OpenIntelligence.xcodeproj -experimental-emit-module-separately -disable-cmo

CompileC /Users/gunnarhostetler/Library/Developer/Xcode/DerivedData/OpenIntelligence-exvenikajtsxhefyqtimuofgvczj/Build/Intermediates.noindex/LocalLLMClient.build/Debug-iphonesimulator/LocalLLMClientLlamaC.build/Objects-normal/arm64/utils.o /Users/gunnarhostetler/Documents/GitHub/OpenIntelligence/Vendor/LocalLLMClient/Sources/LocalLLMClientLlamaC/utils.cpp normal arm64 c++ com.apple.compilers.llvm.clang.1_0.compiler (in target 'LocalLLMClientLlamaC' from project 'LocalLLMClient')
    cd /Users/gunnarhostetler/Documents/GitHub/OpenIntelligence/OpenIntelligence.xcodeproj
    
    Using response file: /Users/gunnarhostetler/Library/Developer/Xcode/DerivedData/OpenIntelligence-exvenikajtsxhefyqtimuofgvczj/Build/Intermediates.noindex/LocalLLMClient.build/Debug-iphonesimulator/LocalLLMClientLlamaC.build/Objects-normal/arm64/82b82416624d2658e5098eb0a28c15c5-common-args.resp
    
    /Applications/Xcode.app/Contents/Developer/Toolchains/XcodeDefault.xctoolchain/usr/bin/clang -x c++ -ivfsstatcache /Users/gunnarhostetler/Library/Developer/Xcode/DerivedData/SDKStatCaches.noindex/iphonesimulator26.1-23B77-3885c01c3e6b6a337905948deab2002e90cf18a4295e390e64c810bc6bd7acbc.sdkstatcache -fmessage-length\=0 -fdiagnostics-show-note-include-stack -fmacro-backtrace-limit\=0 -fno-color-diagnostics -fmodules-prune-interval\=86400 -fmodules-prune-after\=345600 -fbuild-session-file\=/Users/gunnarhostetler/Library/Developer/Xcode/DerivedData/ModuleCache.noindex/Session.modulevalidation -fmodules-validate-once-per-build-session -Wnon-modular-include-in-framework-module -Werror\=non-modular-include-in-framework-module -Wno-trigraphs -Wno-missing-field-initializers -Wno-missing-prototypes -Wno-return-type -Wno-non-virtual-dtor -Wno-overloaded-virtual -Wno-exit-time-destructors -Wno-missing-braces -Wparentheses -Wswitch -Wno-unused-function -Wno-unused-label -Wno-unused-parameter -Wno-unused-variable -Wunused-value -Wno-empty-body -Wno-uninitialized -Wno-unknown-pragmas -w -Wno-shadow -Wno-four-char-constants -Wno-conversion -Wno-constant-conversion -Wno-int-conversion -Wno-bool-conversion -Wno-enum-conversion -Wno-float-conversion -Wno-non-literal-null-conversion -Wno-objc-literal-conversion -Wshorten-64-to-32 -Wno-newline-eof -Wno-c++11-extensions -Wno-implicit-fallthrough -fstrict-aliasing -Wdeprecated-declarations -Winvalid-offsetof -Wno-sign-conversion -Wno-infinite-recursion -Wno-move -Wno-comma -Wno-block-capture-autoreleasing -Wno-strict-prototypes -Wno-range-loop-analysis -Wno-semicolon-before-method-body -index-store-path /Users/gunnarhostetler/Library/Developer/Xcode/DerivedData/OpenIntelligence-exvenikajtsxhefyqtimuofgvczj/Index.noindex/DataStore -w @/Users/gunnarhostetler/Library/Developer/Xcode/DerivedData/OpenIntelligence-exvenikajtsxhefyqtimuofgvczj/Build/Intermediates.noindex/LocalLLMClient.build/Debug-iphonesimulator/LocalLLMClientLlamaC.build/Objects-normal/arm64/82b82416624d2658e5098eb0a28c15c5-common-args.resp -MMD -MT dependencies -MF /Users/gunnarhostetler/Library/Developer/Xcode/DerivedData/OpenIntelligence-exvenikajtsxhefyqtimuofgvczj/Build/Intermediates.noindex/LocalLLMClient.build/Debug-iphonesimulator/LocalLLMClientLlamaC.build/Objects-normal/arm64/utils.d --serialize-diagnostics /Users/gunnarhostetler/Library/Developer/Xcode/DerivedData/OpenIntelligence-exvenikajtsxhefyqtimuofgvczj/Build/Intermediates.noindex/LocalLLMClient.build/Debug-iphonesimulator/LocalLLMClientLlamaC.build/Objects-normal/arm64/utils.dia -c /Users/gunnarhostetler/Documents/GitHub/OpenIntelligence/Vendor/LocalLLMClient/Sources/LocalLLMClientLlamaC/utils.cpp -o /Users/gunnarhostetler/Library/Developer/Xcode/DerivedData/OpenIntelligence-exvenikajtsxhefyqtimuofgvczj/Build/Intermediates.noindex/LocalLLMClient.build/Debug-iphonesimulator/LocalLLMClientLlamaC.build/Objects-normal/arm64/utils.o -index-unit-output-path /LocalLLMClient.build/Debug-iphonesimulator/LocalLLMClientLlamaC.build/Objects-normal/arm64/utils.o

CompileC /Users/gunnarhostetler/Library/Developer/Xcode/DerivedData/OpenIntelligence-exvenikajtsxhefyqtimuofgvczj/Build/Intermediates.noindex/LocalLLMClient.build/Debug-iphonesimulator/LocalLLMClientLlamaC.build/Objects-normal/arm64/regex-partial.o /Users/gunnarhostetler/Documents/GitHub/OpenIntelligence/Vendor/LocalLLMClient/Sources/LocalLLMClientLlamaC/common/regex-partial.cpp normal arm64 c++ com.apple.compilers.llvm.clang.1_0.compiler (in target 'LocalLLMClientLlamaC' from project 'LocalLLMClient')
    cd /Users/gunnarhostetler/Documents/GitHub/OpenIntelligence/OpenIntelligence.xcodeproj
    
    Using response file: /Users/gunnarhostetler/Library/Developer/Xcode/DerivedData/OpenIntelligence-exvenikajtsxhefyqtimuofgvczj/Build/Intermediates.noindex/LocalLLMClient.build/Debug-iphonesimulator/LocalLLMClientLlamaC.build/Objects-normal/arm64/82b82416624d2658e5098eb0a28c15c5-common-args.resp
    
    /Applications/Xcode.app/Contents/Developer/Toolchains/XcodeDefault.xctoolchain/usr/bin/clang -x c++ -ivfsstatcache /Users/gunnarhostetler/Library/Developer/Xcode/DerivedData/SDKStatCaches.noindex/iphonesimulator26.1-23B77-3885c01c3e6b6a337905948deab2002e90cf18a4295e390e64c810bc6bd7acbc.sdkstatcache -fmessage-length\=0 -fdiagnostics-show-note-include-stack -fmacro-backtrace-limit\=0 -fno-color-diagnostics -fmodules-prune-interval\=86400 -fmodules-prune-after\=345600 -fbuild-session-file\=/Users/gunnarhostetler/Library/Developer/Xcode/DerivedData/ModuleCache.noindex/Session.modulevalidation -fmodules-validate-once-per-build-session -Wnon-modular-include-in-framework-module -Werror\=non-modular-include-in-framework-module -Wno-trigraphs -Wno-missing-field-initializers -Wno-missing-prototypes -Wno-return-type -Wno-non-virtual-dtor -Wno-overloaded-virtual -Wno-exit-time-destructors -Wno-missing-braces -Wparentheses -Wswitch -Wno-unused-function -Wno-unused-label -Wno-unused-parameter -Wno-unused-variable -Wunused-value -Wno-empty-body -Wno-uninitialized -Wno-unknown-pragmas -w -Wno-shadow -Wno-four-char-constants -Wno-conversion -Wno-constant-conversion -Wno-int-conversion -Wno-bool-conversion -Wno-enum-conversion -Wno-float-conversion -Wno-non-literal-null-conversion -Wno-objc-literal-conversion -Wshorten-64-to-32 -Wno-newline-eof -Wno-c++11-extensions -Wno-implicit-fallthrough -fstrict-aliasing -Wdeprecated-declarations -Winvalid-offsetof -Wno-sign-conversion -Wno-infinite-recursion -Wno-move -Wno-comma -Wno-block-capture-autoreleasing -Wno-strict-prototypes -Wno-range-loop-analysis -Wno-semicolon-before-method-body -index-store-path /Users/gunnarhostetler/Library/Developer/Xcode/DerivedData/OpenIntelligence-exvenikajtsxhefyqtimuofgvczj/Index.noindex/DataStore -w @/Users/gunnarhostetler/Library/Developer/Xcode/DerivedData/OpenIntelligence-exvenikajtsxhefyqtimuofgvczj/Build/Intermediates.noindex/LocalLLMClient.build/Debug-iphonesimulator/LocalLLMClientLlamaC.build/Objects-normal/arm64/82b82416624d2658e5098eb0a28c15c5-common-args.resp -MMD -MT dependencies -MF /Users/gunnarhostetler/Library/Developer/Xcode/DerivedData/OpenIntelligence-exvenikajtsxhefyqtimuofgvczj/Build/Intermediates.noindex/LocalLLMClient.build/Debug-iphonesimulator/LocalLLMClientLlamaC.build/Objects-normal/arm64/regex-partial.d --serialize-diagnostics /Users/gunnarhostetler/Library/Developer/Xcode/DerivedData/OpenIntelligence-exvenikajtsxhefyqtimuofgvczj/Build/Intermediates.noindex/LocalLLMClient.build/Debug-iphonesimulator/LocalLLMClientLlamaC.build/Objects-normal/arm64/regex-partial.dia -c /Users/gunnarhostetler/Documents/GitHub/OpenIntelligence/Vendor/LocalLLMClient/Sources/LocalLLMClientLlamaC/common/regex-partial.cpp -o /Users/gunnarhostetler/Library/Developer/Xcode/DerivedData/OpenIntelligence-exvenikajtsxhefyqtimuofgvczj/Build/Intermediates.noindex/LocalLLMClient.build/Debug-iphonesimulator/LocalLLMClientLlamaC.build/Objects-normal/arm64/regex-partial.o -index-unit-output-path /LocalLLMClient.build/Debug-iphonesimulator/LocalLLMClientLlamaC.build/Objects-normal/arm64/regex-partial.o

SwiftDriver LocalLLMClientUtility normal arm64 com.apple.xcode.tools.swift.compiler (in target 'LocalLLMClientUtility' from project 'LocalLLMClient')
    cd /Users/gunnarhostetler/Documents/GitHub/OpenIntelligence/OpenIntelligence.xcodeproj
    builtin-SwiftDriver -- /Applications/Xcode.app/Contents/Developer/Toolchains/XcodeDefault.xctoolchain/usr/bin/swiftc -module-name LocalLLMClientUtility -Onone -enforce-exclusivity\=checked @/Users/gunnarhostetler/Library/Developer/Xcode/DerivedData/OpenIntelligence-exvenikajtsxhefyqtimuofgvczj/Build/Intermediates.noindex/LocalLLMClient.build/Debug-iphonesimulator/LocalLLMClientUtility.build/Objects-normal/arm64/LocalLLMClientUtility.SwiftFileList -DSWIFT_PACKAGE -DDEBUG -DSWIFT_MODULE_RESOURCE_BUNDLE_UNAVAILABLE -DXcode -plugin-path /Applications/Xcode.app/Contents/Developer/Toolchains/XcodeDefault.xctoolchain/usr/lib/swift/host/plugins/testing -enable-experimental-feature DebugDescriptionMacro -sdk /Applications/Xcode.app/Contents/Developer/Platforms/iPhoneSimulator.platform/Developer/SDKs/iPhoneSimulator26.1.sdk -target arm64-apple-ios16.0-simulator -g -module-cache-path /Users/gunnarhostetler/Library/Developer/Xcode/DerivedData/ModuleCache.noindex -Xfrontend -serialize-debugging-options -enable-testing -suppress-warnings -index-store-path /Users/gunnarhostetler/Library/Developer/Xcode/DerivedData/OpenIntelligence-exvenikajtsxhefyqtimuofgvczj/Index.noindex/DataStore -Xcc -D_LIBCPP_HARDENING_MODE\=_LIBCPP_HARDENING_MODE_DEBUG -swift-version 6 -I /Users/gunnarhostetler/Library/Developer/Xcode/DerivedData/OpenIntelligence-exvenikajtsxhefyqtimuofgvczj/Build/Products/Debug-iphonesimulator -Isystem /Applications/Xcode.app/Contents/Developer/Platforms/iPhoneSimulator.platform/Developer/usr/lib -F /Users/gunnarhostetler/Library/Developer/Xcode/DerivedData/OpenIntelligence-exvenikajtsxhefyqtimuofgvczj/Build/Products/Debug-iphonesimulator -F /Applications/Xcode.app/Contents/Developer/Platforms/iPhoneSimulator.platform/Developer/Library/Frameworks -F /Applications/Xcode.app/Contents/Developer/Platforms/iPhoneSimulator.platform/Developer/SDKs/iPhoneSimulator26.1.sdk/Developer/Library/Frameworks -c -j11 -enable-batch-mode -incremental -Xcc -ivfsstatcache -Xcc /Users/gunnarhostetler/Library/Developer/Xcode/DerivedData/SDKStatCaches.noindex/iphonesimulator26.1-23B77-3885c01c3e6b6a337905948deab2002e90cf18a4295e390e64c810bc6bd7acbc.sdkstatcache -output-file-map /Users/gunnarhostetler/Library/Developer/Xcode/DerivedData/OpenIntelligence-exvenikajtsxhefyqtimuofgvczj/Build/Intermediates.noindex/LocalLLMClient.build/Debug-iphonesimulator/LocalLLMClientUtility.build/Objects-normal/arm64/LocalLLMClientUtility-OutputFileMap.json -use-frontend-parseable-output -save-temps -no-color-diagnostics -explicit-module-build -module-cache-path /Users/gunnarhostetler/Library/Developer/Xcode/DerivedData/OpenIntelligence-exvenikajtsxhefyqtimuofgvczj/Build/Intermediates.noindex/SwiftExplicitPrecompiledModules -clang-scanner-module-cache-path /Users/gunnarhostetler/Library/Developer/Xcode/DerivedData/ModuleCache.noindex -sdk-module-cache-path /Users/gunnarhostetler/Library/Developer/Xcode/DerivedData/ModuleCache.noindex -serialize-diagnostics -emit-dependencies -emit-module -emit-module-path /Users/gunnarhostetler/Library/Developer/Xcode/DerivedData/OpenIntelligence-exvenikajtsxhefyqtimuofgvczj/Build/Intermediates.noindex/LocalLLMClient.build/Debug-iphonesimulator/LocalLLMClientUtility.build/Objects-normal/arm64/LocalLLMClientUtility.swiftmodule -validate-clang-modules-once -clang-build-session-file /Users/gunnarhostetler/Library/Developer/Xcode/DerivedData/ModuleCache.noindex/Session.modulevalidation -package-name localllmclient -Xcc -I/Users/gunnarhostetler/Library/Developer/Xcode/DerivedData/OpenIntelligence-exvenikajtsxhefyqtimuofgvczj/Build/Intermediates.noindex/LocalLLMClient.build/Debug-iphonesimulator/LocalLLMClientUtility.build/swift-overrides.hmap -emit-const-values -Xfrontend -const-gather-protocols-file -Xfrontend /Users/gunnarhostetler/Library/Developer/Xcode/DerivedData/OpenIntelligence-exvenikajtsxhefyqtimuofgvczj/Build/Intermediates.noindex/LocalLLMClient.build/Debug-iphonesimulator/LocalLLMClientUtility.build/Objects-normal/arm64/LocalLLMClientUtility_const_extract_protocols.json -Xcc -I/Users/gunnarhostetler/Library/Developer/Xcode/DerivedData/OpenIntelligence-exvenikajtsxhefyqtimuofgvczj/Build/Products/Debug-iphonesimulator/include -Xcc -I/Users/gunnarhostetler/Library/Developer/Xcode/DerivedData/OpenIntelligence-exvenikajtsxhefyqtimuofgvczj/Build/Intermediates.noindex/LocalLLMClient.build/Debug-iphonesimulator/LocalLLMClientUtility.build/DerivedSources-normal/arm64 -Xcc -I/Users/gunnarhostetler/Library/Developer/Xcode/DerivedData/OpenIntelligence-exvenikajtsxhefyqtimuofgvczj/Build/Intermediates.noindex/LocalLLMClient.build/Debug-iphonesimulator/LocalLLMClientUtility.build/DerivedSources/arm64 -Xcc -I/Users/gunnarhostetler/Library/Developer/Xcode/DerivedData/OpenIntelligence-exvenikajtsxhefyqtimuofgvczj/Build/Intermediates.noindex/LocalLLMClient.build/Debug-iphonesimulator/LocalLLMClientUtility.build/DerivedSources -Xcc -DSWIFT_PACKAGE -Xcc -DDEBUG\=1 -emit-objc-header -emit-objc-header-path /Users/gunnarhostetler/Library/Developer/Xcode/DerivedData/OpenIntelligence-exvenikajtsxhefyqtimuofgvczj/Build/Intermediates.noindex/LocalLLMClient.build/Debug-iphonesimulator/LocalLLMClientUtility.build/Objects-normal/arm64/LocalLLMClientUtility-Swift.h -working-directory /Users/gunnarhostetler/Documents/GitHub/OpenIntelligence/OpenIntelligence.xcodeproj -experimental-emit-module-separately -disable-cmo

SwiftDriver InternalCollectionsUtilities normal arm64 com.apple.xcode.tools.swift.compiler (in target 'InternalCollectionsUtilities' from project 'swift-collections')
    cd /Users/gunnarhostetler/Documents/GitHub/OpenIntelligence/OpenIntelligence.xcodeproj
    builtin-SwiftDriver -- /Applications/Xcode.app/Contents/Developer/Toolchains/XcodeDefault.xctoolchain/usr/bin/swiftc -module-name InternalCollectionsUtilities -Onone -enforce-exclusivity\=checked @/Users/gunnarhostetler/Library/Developer/Xcode/DerivedData/OpenIntelligence-exvenikajtsxhefyqtimuofgvczj/Build/Intermediates.noindex/swift-collections.build/Debug-iphonesimulator/InternalCollectionsUtilities.build/Objects-normal/arm64/InternalCollectionsUtilities.SwiftFileList -DSWIFT_PACKAGE -DDEBUG -DSWIFT_MODULE_RESOURCE_BUNDLE_UNAVAILABLE -DCOLLECTIONS_RANDOMIZED_TESTING -DXcode -enable-experimental-feature AvailabilityMacro\=SwiftStdlib\ 5.0:\ macOS\ 10.14.4,\ iOS\ 12.2,\ watchOS\ 5.2,\ tvOS\ 12.2 -enable-experimental-feature AvailabilityMacro\=SwiftStdlib\ 5.1:\ macOS\ 10.15,\ iOS\ 13.0,\ watchOS\ 6.0,\ tvOS\ 13.0 -enable-experimental-feature AvailabilityMacro\=SwiftStdlib\ 5.6:\ macOS\ 12.3,\ iOS\ 15.4,\ watchOS\ 8.5,\ tvOS\ 15.4 -enable-experimental-feature AvailabilityMacro\=SwiftStdlib\ 5.8:\ macOS\ 13.3,\ iOS\ 16.4,\ watchOS\ 9.4,\ tvOS\ 16.4 -enable-experimental-feature AvailabilityMacro\=SwiftStdlib\ 5.9:\ macOS\ 14.0,\ iOS\ 17.0,\ watchOS\ 10.0,\ tvOS\ 17.0 -enable-experimental-feature AvailabilityMacro\=SwiftStdlib\ 5.10:\ macOS\ 14.4,\ iOS\ 17.4,\ watchOS\ 10.4,\ tvOS\ 17.4,\ visionOS\ 1.1 -enable-experimental-feature AvailabilityMacro\=SwiftStdlib\ 6.0:\ macOS\ 15.0,\ iOS\ 18.0,\ watchOS\ 11.0,\ tvOS\ 18.0,\ visionOS\ 2.0 -enable-experimental-feature AvailabilityMacro\=SwiftStdlib\ 6.1:\ macOS\ 15.4,\ iOS\ 18.4,\ watchOS\ 11.4,\ tvOS\ 18.4,\ visionOS\ 2.4 -enable-experimental-feature AvailabilityMacro\=SwiftStdlib\ 6.2:\ macOS\ 26.0,\ iOS\ 26.0,\ watchOS\ 26.0,\ tvOS\ 26.0,\ visionOS\ 26.0 -enable-upcoming-feature MemberImportVisibility -enable-experimental-feature BuiltinModule -enable-experimental-feature Lifetimes -enable-experimental-feature InoutLifetimeDependence -enable-experimental-feature SuppressedAssociatedTypes -plugin-path /Applications/Xcode.app/Contents/Developer/Toolchains/XcodeDefault.xctoolchain/usr/lib/swift/host/plugins/testing -enable-experimental-feature DebugDescriptionMacro -sdk /Applications/Xcode.app/Contents/Developer/Platforms/iPhoneSimulator.platform/Developer/SDKs/iPhoneSimulator26.1.sdk -target arm64-apple-ios12.0-simulator -g -module-cache-path /Users/gunnarhostetler/Library/Developer/Xcode/DerivedData/ModuleCache.noindex -Xfrontend -serialize-debugging-options -enable-testing -suppress-warnings -index-store-path /Users/gunnarhostetler/Library/Developer/Xcode/DerivedData/OpenIntelligence-exvenikajtsxhefyqtimuofgvczj/Index.noindex/DataStore -Xcc -D_LIBCPP_HARDENING_MODE\=_LIBCPP_HARDENING_MODE_DEBUG -swift-version 6 -I /Users/gunnarhostetler/Library/Developer/Xcode/DerivedData/OpenIntelligence-exvenikajtsxhefyqtimuofgvczj/Build/Products/Debug-iphonesimulator -Isystem /Applications/Xcode.app/Contents/Developer/Platforms/iPhoneSimulator.platform/Developer/usr/lib -F /Users/gunnarhostetler/Library/Developer/Xcode/DerivedData/OpenIntelligence-exvenikajtsxhefyqtimuofgvczj/Build/Products/Debug-iphonesimulator -F /Applications/Xcode.app/Contents/Developer/Platforms/iPhoneSimulator.platform/Developer/Library/Frameworks -F /Applications/Xcode.app/Contents/Developer/Platforms/iPhoneSimulator.platform/Developer/SDKs/iPhoneSimulator26.1.sdk/Developer/Library/Frameworks -c -j11 -enable-batch-mode -incremental -Xcc -ivfsstatcache -Xcc /Users/gunnarhostetler/Library/Developer/Xcode/DerivedData/SDKStatCaches.noindex/iphonesimulator26.1-23B77-3885c01c3e6b6a337905948deab2002e90cf18a4295e390e64c810bc6bd7acbc.sdkstatcache -output-file-map /Users/gunnarhostetler/Library/Developer/Xcode/DerivedData/OpenIntelligence-exvenikajtsxhefyqtimuofgvczj/Build/Intermediates.noindex/swift-collections.build/Debug-iphonesimulator/InternalCollectionsUtilities.build/Objects-normal/arm64/InternalCollectionsUtilities-OutputFileMap.json -use-frontend-parseable-output -save-temps -no-color-diagnostics -explicit-module-build -module-cache-path /Users/gunnarhostetler/Library/Developer/Xcode/DerivedData/OpenIntelligence-exvenikajtsxhefyqtimuofgvczj/Build/Intermediates.noindex/SwiftExplicitPrecompiledModules -clang-scanner-module-cache-path /Users/gunnarhostetler/Library/Developer/Xcode/DerivedData/ModuleCache.noindex -sdk-module-cache-path /Users/gunnarhostetler/Library/Developer/Xcode/DerivedData/ModuleCache.noindex -serialize-diagnostics -emit-dependencies -emit-module -emit-module-path /Users/gunnarhostetler/Library/Developer/Xcode/DerivedData/OpenIntelligence-exvenikajtsxhefyqtimuofgvczj/Build/Intermediates.noindex/swift-collections.build/Debug-iphonesimulator/InternalCollectionsUtilities.build/Objects-normal/arm64/InternalCollectionsUtilities.swiftmodule -user-module-version 1.3.0 -validate-clang-modules-once -clang-build-session-file /Users/gunnarhostetler/Library/Developer/Xcode/DerivedData/ModuleCache.noindex/Session.modulevalidation -package-name swift_collections -Xcc -I/Users/gunnarhostetler/Library/Developer/Xcode/DerivedData/OpenIntelligence-exvenikajtsxhefyqtimuofgvczj/Build/Intermediates.noindex/swift-collections.build/Debug-iphonesimulator/InternalCollectionsUtilities.build/swift-overrides.hmap -emit-const-values -Xfrontend -const-gather-protocols-file -Xfrontend /Users/gunnarhostetler/Library/Developer/Xcode/DerivedData/OpenIntelligence-exvenikajtsxhefyqtimuofgvczj/Build/Intermediates.noindex/swift-collections.build/Debug-iphonesimulator/InternalCollectionsUtilities.build/Objects-normal/arm64/InternalCollectionsUtilities_const_extract_protocols.json -Xcc -I/Users/gunnarhostetler/Library/Developer/Xcode/DerivedData/OpenIntelligence-exvenikajtsxhefyqtimuofgvczj/Build/Products/Debug-iphonesimulator/include -Xcc -I/Users/gunnarhostetler/Library/Developer/Xcode/DerivedData/OpenIntelligence-exvenikajtsxhefyqtimuofgvczj/Build/Intermediates.noindex/swift-collections.build/Debug-iphonesimulator/InternalCollectionsUtilities.build/DerivedSources-normal/arm64 -Xcc -I/Users/gunnarhostetler/Library/Developer/Xcode/DerivedData/OpenIntelligence-exvenikajtsxhefyqtimuofgvczj/Build/Intermediates.noindex/swift-collections.build/Debug-iphonesimulator/InternalCollectionsUtilities.build/DerivedSources/arm64 -Xcc -I/Users/gunnarhostetler/Library/Developer/Xcode/DerivedData/OpenIntelligence-exvenikajtsxhefyqtimuofgvczj/Build/Intermediates.noindex/swift-collections.build/Debug-iphonesimulator/InternalCollectionsUtilities.build/DerivedSources -Xcc -DSWIFT_PACKAGE -Xcc -DDEBUG\=1 -emit-objc-header -emit-objc-header-path /Users/gunnarhostetler/Library/Developer/Xcode/DerivedData/OpenIntelligence-exvenikajtsxhefyqtimuofgvczj/Build/Intermediates.noindex/swift-collections.build/Debug-iphonesimulator/InternalCollectionsUtilities.build/Objects-normal/arm64/InternalCollectionsUtilities-Swift.h -working-directory /Users/gunnarhostetler/Documents/GitHub/OpenIntelligence/OpenIntelligence.xcodeproj -experimental-emit-module-separately -disable-cmo

CompileC /Users/gunnarhostetler/Library/Developer/Xcode/DerivedData/OpenIntelligence-exvenikajtsxhefyqtimuofgvczj/Build/Intermediates.noindex/LocalLLMClient.build/Debug-iphonesimulator/LocalLLMClientLlamaC.build/Objects-normal/arm64/mtmd.o /Users/gunnarhostetler/Documents/GitHub/OpenIntelligence/Vendor/LocalLLMClient/Sources/LocalLLMClientLlamaC/mtmd.cpp normal arm64 c++ com.apple.compilers.llvm.clang.1_0.compiler (in target 'LocalLLMClientLlamaC' from project 'LocalLLMClient')
    cd /Users/gunnarhostetler/Documents/GitHub/OpenIntelligence/OpenIntelligence.xcodeproj
    
    Using response file: /Users/gunnarhostetler/Library/Developer/Xcode/DerivedData/OpenIntelligence-exvenikajtsxhefyqtimuofgvczj/Build/Intermediates.noindex/LocalLLMClient.build/Debug-iphonesimulator/LocalLLMClientLlamaC.build/Objects-normal/arm64/82b82416624d2658e5098eb0a28c15c5-common-args.resp
    
    /Applications/Xcode.app/Contents/Developer/Toolchains/XcodeDefault.xctoolchain/usr/bin/clang -x c++ -ivfsstatcache /Users/gunnarhostetler/Library/Developer/Xcode/DerivedData/SDKStatCaches.noindex/iphonesimulator26.1-23B77-3885c01c3e6b6a337905948deab2002e90cf18a4295e390e64c810bc6bd7acbc.sdkstatcache -fmessage-length\=0 -fdiagnostics-show-note-include-stack -fmacro-backtrace-limit\=0 -fno-color-diagnostics -fmodules-prune-interval\=86400 -fmodules-prune-after\=345600 -fbuild-session-file\=/Users/gunnarhostetler/Library/Developer/Xcode/DerivedData/ModuleCache.noindex/Session.modulevalidation -fmodules-validate-once-per-build-session -Wnon-modular-include-in-framework-module -Werror\=non-modular-include-in-framework-module -Wno-trigraphs -Wno-missing-field-initializers -Wno-missing-prototypes -Wno-return-type -Wno-non-virtual-dtor -Wno-overloaded-virtual -Wno-exit-time-destructors -Wno-missing-braces -Wparentheses -Wswitch -Wno-unused-function -Wno-unused-label -Wno-unused-parameter -Wno-unused-variable -Wunused-value -Wno-empty-body -Wno-uninitialized -Wno-unknown-pragmas -w -Wno-shadow -Wno-four-char-constants -Wno-conversion -Wno-constant-conversion -Wno-int-conversion -Wno-bool-conversion -Wno-enum-conversion -Wno-float-conversion -Wno-non-literal-null-conversion -Wno-objc-literal-conversion -Wshorten-64-to-32 -Wno-newline-eof -Wno-c++11-extensions -Wno-implicit-fallthrough -fstrict-aliasing -Wdeprecated-declarations -Winvalid-offsetof -Wno-sign-conversion -Wno-infinite-recursion -Wno-move -Wno-comma -Wno-block-capture-autoreleasing -Wno-strict-prototypes -Wno-range-loop-analysis -Wno-semicolon-before-method-body -index-store-path /Users/gunnarhostetler/Library/Developer/Xcode/DerivedData/OpenIntelligence-exvenikajtsxhefyqtimuofgvczj/Index.noindex/DataStore -w @/Users/gunnarhostetler/Library/Developer/Xcode/DerivedData/OpenIntelligence-exvenikajtsxhefyqtimuofgvczj/Build/Intermediates.noindex/LocalLLMClient.build/Debug-iphonesimulator/LocalLLMClientLlamaC.build/Objects-normal/arm64/82b82416624d2658e5098eb0a28c15c5-common-args.resp -MMD -MT dependencies -MF /Users/gunnarhostetler/Library/Developer/Xcode/DerivedData/OpenIntelligence-exvenikajtsxhefyqtimuofgvczj/Build/Intermediates.noindex/LocalLLMClient.build/Debug-iphonesimulator/LocalLLMClientLlamaC.build/Objects-normal/arm64/mtmd.d --serialize-diagnostics /Users/gunnarhostetler/Library/Developer/Xcode/DerivedData/OpenIntelligence-exvenikajtsxhefyqtimuofgvczj/Build/Intermediates.noindex/LocalLLMClient.build/Debug-iphonesimulator/LocalLLMClientLlamaC.build/Objects-normal/arm64/mtmd.dia -c /Users/gunnarhostetler/Documents/GitHub/OpenIntelligence/Vendor/LocalLLMClient/Sources/LocalLLMClientLlamaC/mtmd.cpp -o /Users/gunnarhostetler/Library/Developer/Xcode/DerivedData/OpenIntelligence-exvenikajtsxhefyqtimuofgvczj/Build/Intermediates.noindex/LocalLLMClient.build/Debug-iphonesimulator/LocalLLMClientLlamaC.build/Objects-normal/arm64/mtmd.o -index-unit-output-path /LocalLLMClient.build/Debug-iphonesimulator/LocalLLMClientLlamaC.build/Objects-normal/arm64/mtmd.o

CompileC /Users/gunnarhostetler/Library/Developer/Xcode/DerivedData/OpenIntelligence-exvenikajtsxhefyqtimuofgvczj/Build/Intermediates.noindex/LocalLLMClient.build/Debug-iphonesimulator/LocalLLMClientLlamaC.build/Objects-normal/arm64/mtmd-helper.o /Users/gunnarhostetler/Documents/GitHub/OpenIntelligence/Vendor/LocalLLMClient/Sources/LocalLLMClientLlamaC/mtmd-helper.cpp normal arm64 c++ com.apple.compilers.llvm.clang.1_0.compiler (in target 'LocalLLMClientLlamaC' from project 'LocalLLMClient')
    cd /Users/gunnarhostetler/Documents/GitHub/OpenIntelligence/OpenIntelligence.xcodeproj
    
    Using response file: /Users/gunnarhostetler/Library/Developer/Xcode/DerivedData/OpenIntelligence-exvenikajtsxhefyqtimuofgvczj/Build/Intermediates.noindex/LocalLLMClient.build/Debug-iphonesimulator/LocalLLMClientLlamaC.build/Objects-normal/arm64/82b82416624d2658e5098eb0a28c15c5-common-args.resp
    
    /Applications/Xcode.app/Contents/Developer/Toolchains/XcodeDefault.xctoolchain/usr/bin/clang -x c++ -ivfsstatcache /Users/gunnarhostetler/Library/Developer/Xcode/DerivedData/SDKStatCaches.noindex/iphonesimulator26.1-23B77-3885c01c3e6b6a337905948deab2002e90cf18a4295e390e64c810bc6bd7acbc.sdkstatcache -fmessage-length\=0 -fdiagnostics-show-note-include-stack -fmacro-backtrace-limit\=0 -fno-color-diagnostics -fmodules-prune-interval\=86400 -fmodules-prune-after\=345600 -fbuild-session-file\=/Users/gunnarhostetler/Library/Developer/Xcode/DerivedData/ModuleCache.noindex/Session.modulevalidation -fmodules-validate-once-per-build-session -Wnon-modular-include-in-framework-module -Werror\=non-modular-include-in-framework-module -Wno-trigraphs -Wno-missing-field-initializers -Wno-missing-prototypes -Wno-return-type -Wno-non-virtual-dtor -Wno-overloaded-virtual -Wno-exit-time-destructors -Wno-missing-braces -Wparentheses -Wswitch -Wno-unused-function -Wno-unused-label -Wno-unused-parameter -Wno-unused-variable -Wunused-value -Wno-empty-body -Wno-uninitialized -Wno-unknown-pragmas -w -Wno-shadow -Wno-four-char-constants -Wno-conversion -Wno-constant-conversion -Wno-int-conversion -Wno-bool-conversion -Wno-enum-conversion -Wno-float-conversion -Wno-non-literal-null-conversion -Wno-objc-literal-conversion -Wshorten-64-to-32 -Wno-newline-eof -Wno-c++11-extensions -Wno-implicit-fallthrough -fstrict-aliasing -Wdeprecated-declarations -Winvalid-offsetof -Wno-sign-conversion -Wno-infinite-recursion -Wno-move -Wno-comma -Wno-block-capture-autoreleasing -Wno-strict-prototypes -Wno-range-loop-analysis -Wno-semicolon-before-method-body -index-store-path /Users/gunnarhostetler/Library/Developer/Xcode/DerivedData/OpenIntelligence-exvenikajtsxhefyqtimuofgvczj/Index.noindex/DataStore -w @/Users/gunnarhostetler/Library/Developer/Xcode/DerivedData/OpenIntelligence-exvenikajtsxhefyqtimuofgvczj/Build/Intermediates.noindex/LocalLLMClient.build/Debug-iphonesimulator/LocalLLMClientLlamaC.build/Objects-normal/arm64/82b82416624d2658e5098eb0a28c15c5-common-args.resp -MMD -MT dependencies -MF /Users/gunnarhostetler/Library/Developer/Xcode/DerivedData/OpenIntelligence-exvenikajtsxhefyqtimuofgvczj/Build/Intermediates.noindex/LocalLLMClient.build/Debug-iphonesimulator/LocalLLMClientLlamaC.build/Objects-normal/arm64/mtmd-helper.d --serialize-diagnostics /Users/gunnarhostetler/Library/Developer/Xcode/DerivedData/OpenIntelligence-exvenikajtsxhefyqtimuofgvczj/Build/Intermediates.noindex/LocalLLMClient.build/Debug-iphonesimulator/LocalLLMClientLlamaC.build/Objects-normal/arm64/mtmd-helper.dia -c /Users/gunnarhostetler/Documents/GitHub/OpenIntelligence/Vendor/LocalLLMClient/Sources/LocalLLMClientLlamaC/mtmd-helper.cpp -o /Users/gunnarhostetler/Library/Developer/Xcode/DerivedData/OpenIntelligence-exvenikajtsxhefyqtimuofgvczj/Build/Intermediates.noindex/LocalLLMClient.build/Debug-iphonesimulator/LocalLLMClientLlamaC.build/Objects-normal/arm64/mtmd-helper.o -index-unit-output-path /LocalLLMClient.build/Debug-iphonesimulator/LocalLLMClientLlamaC.build/Objects-normal/arm64/mtmd-helper.o

CompileC /Users/gunnarhostetler/Library/Developer/Xcode/DerivedData/OpenIntelligence-exvenikajtsxhefyqtimuofgvczj/Build/Intermediates.noindex/LocalLLMClient.build/Debug-iphonesimulator/LocalLLMClientLlamaC.build/Objects-normal/arm64/mtmd-audio.o /Users/gunnarhostetler/Documents/GitHub/OpenIntelligence/Vendor/LocalLLMClient/Sources/LocalLLMClientLlamaC/mtmd-audio.cpp normal arm64 c++ com.apple.compilers.llvm.clang.1_0.compiler (in target 'LocalLLMClientLlamaC' from project 'LocalLLMClient')
    cd /Users/gunnarhostetler/Documents/GitHub/OpenIntelligence/OpenIntelligence.xcodeproj
    
    Using response file: /Users/gunnarhostetler/Library/Developer/Xcode/DerivedData/OpenIntelligence-exvenikajtsxhefyqtimuofgvczj/Build/Intermediates.noindex/LocalLLMClient.build/Debug-iphonesimulator/LocalLLMClientLlamaC.build/Objects-normal/arm64/82b82416624d2658e5098eb0a28c15c5-common-args.resp
    
    /Applications/Xcode.app/Contents/Developer/Toolchains/XcodeDefault.xctoolchain/usr/bin/clang -x c++ -ivfsstatcache /Users/gunnarhostetler/Library/Developer/Xcode/DerivedData/SDKStatCaches.noindex/iphonesimulator26.1-23B77-3885c01c3e6b6a337905948deab2002e90cf18a4295e390e64c810bc6bd7acbc.sdkstatcache -fmessage-length\=0 -fdiagnostics-show-note-include-stack -fmacro-backtrace-limit\=0 -fno-color-diagnostics -fmodules-prune-interval\=86400 -fmodules-prune-after\=345600 -fbuild-session-file\=/Users/gunnarhostetler/Library/Developer/Xcode/DerivedData/ModuleCache.noindex/Session.modulevalidation -fmodules-validate-once-per-build-session -Wnon-modular-include-in-framework-module -Werror\=non-modular-include-in-framework-module -Wno-trigraphs -Wno-missing-field-initializers -Wno-missing-prototypes -Wno-return-type -Wno-non-virtual-dtor -Wno-overloaded-virtual -Wno-exit-time-destructors -Wno-missing-braces -Wparentheses -Wswitch -Wno-unused-function -Wno-unused-label -Wno-unused-parameter -Wno-unused-variable -Wunused-value -Wno-empty-body -Wno-uninitialized -Wno-unknown-pragmas -w -Wno-shadow -Wno-four-char-constants -Wno-conversion -Wno-constant-conversion -Wno-int-conversion -Wno-bool-conversion -Wno-enum-conversion -Wno-float-conversion -Wno-non-literal-null-conversion -Wno-objc-literal-conversion -Wshorten-64-to-32 -Wno-newline-eof -Wno-c++11-extensions -Wno-implicit-fallthrough -fstrict-aliasing -Wdeprecated-declarations -Winvalid-offsetof -Wno-sign-conversion -Wno-infinite-recursion -Wno-move -Wno-comma -Wno-block-capture-autoreleasing -Wno-strict-prototypes -Wno-range-loop-analysis -Wno-semicolon-before-method-body -index-store-path /Users/gunnarhostetler/Library/Developer/Xcode/DerivedData/OpenIntelligence-exvenikajtsxhefyqtimuofgvczj/Index.noindex/DataStore -w @/Users/gunnarhostetler/Library/Developer/Xcode/DerivedData/OpenIntelligence-exvenikajtsxhefyqtimuofgvczj/Build/Intermediates.noindex/LocalLLMClient.build/Debug-iphonesimulator/LocalLLMClientLlamaC.build/Objects-normal/arm64/82b82416624d2658e5098eb0a28c15c5-common-args.resp -MMD -MT dependencies -MF /Users/gunnarhostetler/Library/Developer/Xcode/DerivedData/OpenIntelligence-exvenikajtsxhefyqtimuofgvczj/Build/Intermediates.noindex/LocalLLMClient.build/Debug-iphonesimulator/LocalLLMClientLlamaC.build/Objects-normal/arm64/mtmd-audio.d --serialize-diagnostics /Users/gunnarhostetler/Library/Developer/Xcode/DerivedData/OpenIntelligence-exvenikajtsxhefyqtimuofgvczj/Build/Intermediates.noindex/LocalLLMClient.build/Debug-iphonesimulator/LocalLLMClientLlamaC.build/Objects-normal/arm64/mtmd-audio.dia -c /Users/gunnarhostetler/Documents/GitHub/OpenIntelligence/Vendor/LocalLLMClient/Sources/LocalLLMClientLlamaC/mtmd-audio.cpp -o /Users/gunnarhostetler/Library/Developer/Xcode/DerivedData/OpenIntelligence-exvenikajtsxhefyqtimuofgvczj/Build/Intermediates.noindex/LocalLLMClient.build/Debug-iphonesimulator/LocalLLMClientLlamaC.build/Objects-normal/arm64/mtmd-audio.o -index-unit-output-path /LocalLLMClient.build/Debug-iphonesimulator/LocalLLMClientLlamaC.build/Objects-normal/arm64/mtmd-audio.o

CompileC /Users/gunnarhostetler/Library/Developer/Xcode/DerivedData/OpenIntelligence-exvenikajtsxhefyqtimuofgvczj/Build/Intermediates.noindex/LocalLLMClient.build/Debug-iphonesimulator/LocalLLMClientLlamaC.build/Objects-normal/arm64/log.o /Users/gunnarhostetler/Documents/GitHub/OpenIntelligence/Vendor/LocalLLMClient/Sources/LocalLLMClientLlamaC/common/log.cpp normal arm64 c++ com.apple.compilers.llvm.clang.1_0.compiler (in target 'LocalLLMClientLlamaC' from project 'LocalLLMClient')
    cd /Users/gunnarhostetler/Documents/GitHub/OpenIntelligence/OpenIntelligence.xcodeproj
    
    Using response file: /Users/gunnarhostetler/Library/Developer/Xcode/DerivedData/OpenIntelligence-exvenikajtsxhefyqtimuofgvczj/Build/Intermediates.noindex/LocalLLMClient.build/Debug-iphonesimulator/LocalLLMClientLlamaC.build/Objects-normal/arm64/82b82416624d2658e5098eb0a28c15c5-common-args.resp
    
    /Applications/Xcode.app/Contents/Developer/Toolchains/XcodeDefault.xctoolchain/usr/bin/clang -x c++ -ivfsstatcache /Users/gunnarhostetler/Library/Developer/Xcode/DerivedData/SDKStatCaches.noindex/iphonesimulator26.1-23B77-3885c01c3e6b6a337905948deab2002e90cf18a4295e390e64c810bc6bd7acbc.sdkstatcache -fmessage-length\=0 -fdiagnostics-show-note-include-stack -fmacro-backtrace-limit\=0 -fno-color-diagnostics -fmodules-prune-interval\=86400 -fmodules-prune-after\=345600 -fbuild-session-file\=/Users/gunnarhostetler/Library/Developer/Xcode/DerivedData/ModuleCache.noindex/Session.modulevalidation -fmodules-validate-once-per-build-session -Wnon-modular-include-in-framework-module -Werror\=non-modular-include-in-framework-module -Wno-trigraphs -Wno-missing-field-initializers -Wno-missing-prototypes -Wno-return-type -Wno-non-virtual-dtor -Wno-overloaded-virtual -Wno-exit-time-destructors -Wno-missing-braces -Wparentheses -Wswitch -Wno-unused-function -Wno-unused-label -Wno-unused-parameter -Wno-unused-variable -Wunused-value -Wno-empty-body -Wno-uninitialized -Wno-unknown-pragmas -w -Wno-shadow -Wno-four-char-constants -Wno-conversion -Wno-constant-conversion -Wno-int-conversion -Wno-bool-conversion -Wno-enum-conversion -Wno-float-conversion -Wno-non-literal-null-conversion -Wno-objc-literal-conversion -Wshorten-64-to-32 -Wno-newline-eof -Wno-c++11-extensions -Wno-implicit-fallthrough -fstrict-aliasing -Wdeprecated-declarations -Winvalid-offsetof -Wno-sign-conversion -Wno-infinite-recursion -Wno-move -Wno-comma -Wno-block-capture-autoreleasing -Wno-strict-prototypes -Wno-range-loop-analysis -Wno-semicolon-before-method-body -index-store-path /Users/gunnarhostetler/Library/Developer/Xcode/DerivedData/OpenIntelligence-exvenikajtsxhefyqtimuofgvczj/Index.noindex/DataStore -w @/Users/gunnarhostetler/Library/Developer/Xcode/DerivedData/OpenIntelligence-exvenikajtsxhefyqtimuofgvczj/Build/Intermediates.noindex/LocalLLMClient.build/Debug-iphonesimulator/LocalLLMClientLlamaC.build/Objects-normal/arm64/82b82416624d2658e5098eb0a28c15c5-common-args.resp -MMD -MT dependencies -MF /Users/gunnarhostetler/Library/Developer/Xcode/DerivedData/OpenIntelligence-exvenikajtsxhefyqtimuofgvczj/Build/Intermediates.noindex/LocalLLMClient.build/Debug-iphonesimulator/LocalLLMClientLlamaC.build/Objects-normal/arm64/log.d --serialize-diagnostics /Users/gunnarhostetler/Library/Developer/Xcode/DerivedData/OpenIntelligence-exvenikajtsxhefyqtimuofgvczj/Build/Intermediates.noindex/LocalLLMClient.build/Debug-iphonesimulator/LocalLLMClientLlamaC.build/Objects-normal/arm64/log.dia -c /Users/gunnarhostetler/Documents/GitHub/OpenIntelligence/Vendor/LocalLLMClient/Sources/LocalLLMClientLlamaC/common/log.cpp -o /Users/gunnarhostetler/Library/Developer/Xcode/DerivedData/OpenIntelligence-exvenikajtsxhefyqtimuofgvczj/Build/Intermediates.noindex/LocalLLMClient.build/Debug-iphonesimulator/LocalLLMClientLlamaC.build/Objects-normal/arm64/log.o -index-unit-output-path /LocalLLMClient.build/Debug-iphonesimulator/LocalLLMClientLlamaC.build/Objects-normal/arm64/log.o

CompileC /Users/gunnarhostetler/Library/Developer/Xcode/DerivedData/OpenIntelligence-exvenikajtsxhefyqtimuofgvczj/Build/Intermediates.noindex/LocalLLMClient.build/Debug-iphonesimulator/LocalLLMClientLlamaC.build/Objects-normal/arm64/json-schema-to-grammar.o /Users/gunnarhostetler/Documents/GitHub/OpenIntelligence/Vendor/LocalLLMClient/Sources/LocalLLMClientLlamaC/common/json-schema-to-grammar.cpp normal arm64 c++ com.apple.compilers.llvm.clang.1_0.compiler (in target 'LocalLLMClientLlamaC' from project 'LocalLLMClient')
    cd /Users/gunnarhostetler/Documents/GitHub/OpenIntelligence/OpenIntelligence.xcodeproj
    
    Using response file: /Users/gunnarhostetler/Library/Developer/Xcode/DerivedData/OpenIntelligence-exvenikajtsxhefyqtimuofgvczj/Build/Intermediates.noindex/LocalLLMClient.build/Debug-iphonesimulator/LocalLLMClientLlamaC.build/Objects-normal/arm64/82b82416624d2658e5098eb0a28c15c5-common-args.resp
    
    /Applications/Xcode.app/Contents/Developer/Toolchains/XcodeDefault.xctoolchain/usr/bin/clang -x c++ -ivfsstatcache /Users/gunnarhostetler/Library/Developer/Xcode/DerivedData/SDKStatCaches.noindex/iphonesimulator26.1-23B77-3885c01c3e6b6a337905948deab2002e90cf18a4295e390e64c810bc6bd7acbc.sdkstatcache -fmessage-length\=0 -fdiagnostics-show-note-include-stack -fmacro-backtrace-limit\=0 -fno-color-diagnostics -fmodules-prune-interval\=86400 -fmodules-prune-after\=345600 -fbuild-session-file\=/Users/gunnarhostetler/Library/Developer/Xcode/DerivedData/ModuleCache.noindex/Session.modulevalidation -fmodules-validate-once-per-build-session -Wnon-modular-include-in-framework-module -Werror\=non-modular-include-in-framework-module -Wno-trigraphs -Wno-missing-field-initializers -Wno-missing-prototypes -Wno-return-type -Wno-non-virtual-dtor -Wno-overloaded-virtual -Wno-exit-time-destructors -Wno-missing-braces -Wparentheses -Wswitch -Wno-unused-function -Wno-unused-label -Wno-unused-parameter -Wno-unused-variable -Wunused-value -Wno-empty-body -Wno-uninitialized -Wno-unknown-pragmas -w -Wno-shadow -Wno-four-char-constants -Wno-conversion -Wno-constant-conversion -Wno-int-conversion -Wno-bool-conversion -Wno-enum-conversion -Wno-float-conversion -Wno-non-literal-null-conversion -Wno-objc-literal-conversion -Wshorten-64-to-32 -Wno-newline-eof -Wno-c++11-extensions -Wno-implicit-fallthrough -fstrict-aliasing -Wdeprecated-declarations -Winvalid-offsetof -Wno-sign-conversion -Wno-infinite-recursion -Wno-move -Wno-comma -Wno-block-capture-autoreleasing -Wno-strict-prototypes -Wno-range-loop-analysis -Wno-semicolon-before-method-body -index-store-path /Users/gunnarhostetler/Library/Developer/Xcode/DerivedData/OpenIntelligence-exvenikajtsxhefyqtimuofgvczj/Index.noindex/DataStore -w @/Users/gunnarhostetler/Library/Developer/Xcode/DerivedData/OpenIntelligence-exvenikajtsxhefyqtimuofgvczj/Build/Intermediates.noindex/LocalLLMClient.build/Debug-iphonesimulator/LocalLLMClientLlamaC.build/Objects-normal/arm64/82b82416624d2658e5098eb0a28c15c5-common-args.resp -MMD -MT dependencies -MF /Users/gunnarhostetler/Library/Developer/Xcode/DerivedData/OpenIntelligence-exvenikajtsxhefyqtimuofgvczj/Build/Intermediates.noindex/LocalLLMClient.build/Debug-iphonesimulator/LocalLLMClientLlamaC.build/Objects-normal/arm64/json-schema-to-grammar.d --serialize-diagnostics /Users/gunnarhostetler/Library/Developer/Xcode/DerivedData/OpenIntelligence-exvenikajtsxhefyqtimuofgvczj/Build/Intermediates.noindex/LocalLLMClient.build/Debug-iphonesimulator/LocalLLMClientLlamaC.build/Objects-normal/arm64/json-schema-to-grammar.dia -c /Users/gunnarhostetler/Documents/GitHub/OpenIntelligence/Vendor/LocalLLMClient/Sources/LocalLLMClientLlamaC/common/json-schema-to-grammar.cpp -o /Users/gunnarhostetler/Library/Developer/Xcode/DerivedData/OpenIntelligence-exvenikajtsxhefyqtimuofgvczj/Build/Intermediates.noindex/LocalLLMClient.build/Debug-iphonesimulator/LocalLLMClientLlamaC.build/Objects-normal/arm64/json-schema-to-grammar.o -index-unit-output-path /LocalLLMClient.build/Debug-iphonesimulator/LocalLLMClientLlamaC.build/Objects-normal/arm64/json-schema-to-grammar.o

CompileC /Users/gunnarhostetler/Library/Developer/Xcode/DerivedData/OpenIntelligence-exvenikajtsxhefyqtimuofgvczj/Build/Intermediates.noindex/LocalLLMClient.build/Debug-iphonesimulator/LocalLLMClientLlamaC.build/Objects-normal/arm64/json-partial.o /Users/gunnarhostetler/Documents/GitHub/OpenIntelligence/Vendor/LocalLLMClient/Sources/LocalLLMClientLlamaC/common/json-partial.cpp normal arm64 c++ com.apple.compilers.llvm.clang.1_0.compiler (in target 'LocalLLMClientLlamaC' from project 'LocalLLMClient')
    cd /Users/gunnarhostetler/Documents/GitHub/OpenIntelligence/OpenIntelligence.xcodeproj
    
    Using response file: /Users/gunnarhostetler/Library/Developer/Xcode/DerivedData/OpenIntelligence-exvenikajtsxhefyqtimuofgvczj/Build/Intermediates.noindex/LocalLLMClient.build/Debug-iphonesimulator/LocalLLMClientLlamaC.build/Objects-normal/arm64/82b82416624d2658e5098eb0a28c15c5-common-args.resp
    
    /Applications/Xcode.app/Contents/Developer/Toolchains/XcodeDefault.xctoolchain/usr/bin/clang -x c++ -ivfsstatcache /Users/gunnarhostetler/Library/Developer/Xcode/DerivedData/SDKStatCaches.noindex/iphonesimulator26.1-23B77-3885c01c3e6b6a337905948deab2002e90cf18a4295e390e64c810bc6bd7acbc.sdkstatcache -fmessage-length\=0 -fdiagnostics-show-note-include-stack -fmacro-backtrace-limit\=0 -fno-color-diagnostics -fmodules-prune-interval\=86400 -fmodules-prune-after\=345600 -fbuild-session-file\=/Users/gunnarhostetler/Library/Developer/Xcode/DerivedData/ModuleCache.noindex/Session.modulevalidation -fmodules-validate-once-per-build-session -Wnon-modular-include-in-framework-module -Werror\=non-modular-include-in-framework-module -Wno-trigraphs -Wno-missing-field-initializers -Wno-missing-prototypes -Wno-return-type -Wno-non-virtual-dtor -Wno-overloaded-virtual -Wno-exit-time-destructors -Wno-missing-braces -Wparentheses -Wswitch -Wno-unused-function -Wno-unused-label -Wno-unused-parameter -Wno-unused-variable -Wunused-value -Wno-empty-body -Wno-uninitialized -Wno-unknown-pragmas -w -Wno-shadow -Wno-four-char-constants -Wno-conversion -Wno-constant-conversion -Wno-int-conversion -Wno-bool-conversion -Wno-enum-conversion -Wno-float-conversion -Wno-non-literal-null-conversion -Wno-objc-literal-conversion -Wshorten-64-to-32 -Wno-newline-eof -Wno-c++11-extensions -Wno-implicit-fallthrough -fstrict-aliasing -Wdeprecated-declarations -Winvalid-offsetof -Wno-sign-conversion -Wno-infinite-recursion -Wno-move -Wno-comma -Wno-block-capture-autoreleasing -Wno-strict-prototypes -Wno-range-loop-analysis -Wno-semicolon-before-method-body -index-store-path /Users/gunnarhostetler/Library/Developer/Xcode/DerivedData/OpenIntelligence-exvenikajtsxhefyqtimuofgvczj/Index.noindex/DataStore -w @/Users/gunnarhostetler/Library/Developer/Xcode/DerivedData/OpenIntelligence-exvenikajtsxhefyqtimuofgvczj/Build/Intermediates.noindex/LocalLLMClient.build/Debug-iphonesimulator/LocalLLMClientLlamaC.build/Objects-normal/arm64/82b82416624d2658e5098eb0a28c15c5-common-args.resp -MMD -MT dependencies -MF /Users/gunnarhostetler/Library/Developer/Xcode/DerivedData/OpenIntelligence-exvenikajtsxhefyqtimuofgvczj/Build/Intermediates.noindex/LocalLLMClient.build/Debug-iphonesimulator/LocalLLMClientLlamaC.build/Objects-normal/arm64/json-partial.d --serialize-diagnostics /Users/gunnarhostetler/Library/Developer/Xcode/DerivedData/OpenIntelligence-exvenikajtsxhefyqtimuofgvczj/Build/Intermediates.noindex/LocalLLMClient.build/Debug-iphonesimulator/LocalLLMClientLlamaC.build/Objects-normal/arm64/json-partial.dia -c /Users/gunnarhostetler/Documents/GitHub/OpenIntelligence/Vendor/LocalLLMClient/Sources/LocalLLMClientLlamaC/common/json-partial.cpp -o /Users/gunnarhostetler/Library/Developer/Xcode/DerivedData/OpenIntelligence-exvenikajtsxhefyqtimuofgvczj/Build/Intermediates.noindex/LocalLLMClient.build/Debug-iphonesimulator/LocalLLMClientLlamaC.build/Objects-normal/arm64/json-partial.o -index-unit-output-path /LocalLLMClient.build/Debug-iphonesimulator/LocalLLMClientLlamaC.build/Objects-normal/arm64/json-partial.o

CompileC /Users/gunnarhostetler/Library/Developer/Xcode/DerivedData/OpenIntelligence-exvenikajtsxhefyqtimuofgvczj/Build/Intermediates.noindex/LocalLLMClient.build/Debug-iphonesimulator/LocalLLMClientLlamaC.build/Objects-normal/arm64/common.o /Users/gunnarhostetler/Documents/GitHub/OpenIntelligence/Vendor/LocalLLMClient/Sources/LocalLLMClientLlamaC/common/common.cpp normal arm64 c++ com.apple.compilers.llvm.clang.1_0.compiler (in target 'LocalLLMClientLlamaC' from project 'LocalLLMClient')
    cd /Users/gunnarhostetler/Documents/GitHub/OpenIntelligence/OpenIntelligence.xcodeproj
    
    Using response file: /Users/gunnarhostetler/Library/Developer/Xcode/DerivedData/OpenIntelligence-exvenikajtsxhefyqtimuofgvczj/Build/Intermediates.noindex/LocalLLMClient.build/Debug-iphonesimulator/LocalLLMClientLlamaC.build/Objects-normal/arm64/82b82416624d2658e5098eb0a28c15c5-common-args.resp
    
    /Applications/Xcode.app/Contents/Developer/Toolchains/XcodeDefault.xctoolchain/usr/bin/clang -x c++ -ivfsstatcache /Users/gunnarhostetler/Library/Developer/Xcode/DerivedData/SDKStatCaches.noindex/iphonesimulator26.1-23B77-3885c01c3e6b6a337905948deab2002e90cf18a4295e390e64c810bc6bd7acbc.sdkstatcache -fmessage-length\=0 -fdiagnostics-show-note-include-stack -fmacro-backtrace-limit\=0 -fno-color-diagnostics -fmodules-prune-interval\=86400 -fmodules-prune-after\=345600 -fbuild-session-file\=/Users/gunnarhostetler/Library/Developer/Xcode/DerivedData/ModuleCache.noindex/Session.modulevalidation -fmodules-validate-once-per-build-session -Wnon-modular-include-in-framework-module -Werror\=non-modular-include-in-framework-module -Wno-trigraphs -Wno-missing-field-initializers -Wno-missing-prototypes -Wno-return-type -Wno-non-virtual-dtor -Wno-overloaded-virtual -Wno-exit-time-destructors -Wno-missing-braces -Wparentheses -Wswitch -Wno-unused-function -Wno-unused-label -Wno-unused-parameter -Wno-unused-variable -Wunused-value -Wno-empty-body -Wno-uninitialized -Wno-unknown-pragmas -w -Wno-shadow -Wno-four-char-constants -Wno-conversion -Wno-constant-conversion -Wno-int-conversion -Wno-bool-conversion -Wno-enum-conversion -Wno-float-conversion -Wno-non-literal-null-conversion -Wno-objc-literal-conversion -Wshorten-64-to-32 -Wno-newline-eof -Wno-c++11-extensions -Wno-implicit-fallthrough -fstrict-aliasing -Wdeprecated-declarations -Winvalid-offsetof -Wno-sign-conversion -Wno-infinite-recursion -Wno-move -Wno-comma -Wno-block-capture-autoreleasing -Wno-strict-prototypes -Wno-range-loop-analysis -Wno-semicolon-before-method-body -index-store-path /Users/gunnarhostetler/Library/Developer/Xcode/DerivedData/OpenIntelligence-exvenikajtsxhefyqtimuofgvczj/Index.noindex/DataStore -w @/Users/gunnarhostetler/Library/Developer/Xcode/DerivedData/OpenIntelligence-exvenikajtsxhefyqtimuofgvczj/Build/Intermediates.noindex/LocalLLMClient.build/Debug-iphonesimulator/LocalLLMClientLlamaC.build/Objects-normal/arm64/82b82416624d2658e5098eb0a28c15c5-common-args.resp -MMD -MT dependencies -MF /Users/gunnarhostetler/Library/Developer/Xcode/DerivedData/OpenIntelligence-exvenikajtsxhefyqtimuofgvczj/Build/Intermediates.noindex/LocalLLMClient.build/Debug-iphonesimulator/LocalLLMClientLlamaC.build/Objects-normal/arm64/common.d --serialize-diagnostics /Users/gunnarhostetler/Library/Developer/Xcode/DerivedData/OpenIntelligence-exvenikajtsxhefyqtimuofgvczj/Build/Intermediates.noindex/LocalLLMClient.build/Debug-iphonesimulator/LocalLLMClientLlamaC.build/Objects-normal/arm64/common.dia -c /Users/gunnarhostetler/Documents/GitHub/OpenIntelligence/Vendor/LocalLLMClient/Sources/LocalLLMClientLlamaC/common/common.cpp -o /Users/gunnarhostetler/Library/Developer/Xcode/DerivedData/OpenIntelligence-exvenikajtsxhefyqtimuofgvczj/Build/Intermediates.noindex/LocalLLMClient.build/Debug-iphonesimulator/LocalLLMClientLlamaC.build/Objects-normal/arm64/common.o -index-unit-output-path /LocalLLMClient.build/Debug-iphonesimulator/LocalLLMClientLlamaC.build/Objects-normal/arm64/common.o

CompileC /Users/gunnarhostetler/Library/Developer/Xcode/DerivedData/OpenIntelligence-exvenikajtsxhefyqtimuofgvczj/Build/Intermediates.noindex/LocalLLMClient.build/Debug-iphonesimulator/LocalLLMClientLlamaC.build/Objects-normal/arm64/clip.o /Users/gunnarhostetler/Documents/GitHub/OpenIntelligence/Vendor/LocalLLMClient/Sources/LocalLLMClientLlamaC/clip.cpp normal arm64 c++ com.apple.compilers.llvm.clang.1_0.compiler (in target 'LocalLLMClientLlamaC' from project 'LocalLLMClient')
    cd /Users/gunnarhostetler/Documents/GitHub/OpenIntelligence/OpenIntelligence.xcodeproj
    
    Using response file: /Users/gunnarhostetler/Library/Developer/Xcode/DerivedData/OpenIntelligence-exvenikajtsxhefyqtimuofgvczj/Build/Intermediates.noindex/LocalLLMClient.build/Debug-iphonesimulator/LocalLLMClientLlamaC.build/Objects-normal/arm64/82b82416624d2658e5098eb0a28c15c5-common-args.resp
    
    /Applications/Xcode.app/Contents/Developer/Toolchains/XcodeDefault.xctoolchain/usr/bin/clang -x c++ -ivfsstatcache /Users/gunnarhostetler/Library/Developer/Xcode/DerivedData/SDKStatCaches.noindex/iphonesimulator26.1-23B77-3885c01c3e6b6a337905948deab2002e90cf18a4295e390e64c810bc6bd7acbc.sdkstatcache -fmessage-length\=0 -fdiagnostics-show-note-include-stack -fmacro-backtrace-limit\=0 -fno-color-diagnostics -fmodules-prune-interval\=86400 -fmodules-prune-after\=345600 -fbuild-session-file\=/Users/gunnarhostetler/Library/Developer/Xcode/DerivedData/ModuleCache.noindex/Session.modulevalidation -fmodules-validate-once-per-build-session -Wnon-modular-include-in-framework-module -Werror\=non-modular-include-in-framework-module -Wno-trigraphs -Wno-missing-field-initializers -Wno-missing-prototypes -Wno-return-type -Wno-non-virtual-dtor -Wno-overloaded-virtual -Wno-exit-time-destructors -Wno-missing-braces -Wparentheses -Wswitch -Wno-unused-function -Wno-unused-label -Wno-unused-parameter -Wno-unused-variable -Wunused-value -Wno-empty-body -Wno-uninitialized -Wno-unknown-pragmas -w -Wno-shadow -Wno-four-char-constants -Wno-conversion -Wno-constant-conversion -Wno-int-conversion -Wno-bool-conversion -Wno-enum-conversion -Wno-float-conversion -Wno-non-literal-null-conversion -Wno-objc-literal-conversion -Wshorten-64-to-32 -Wno-newline-eof -Wno-c++11-extensions -Wno-implicit-fallthrough -fstrict-aliasing -Wdeprecated-declarations -Winvalid-offsetof -Wno-sign-conversion -Wno-infinite-recursion -Wno-move -Wno-comma -Wno-block-capture-autoreleasing -Wno-strict-prototypes -Wno-range-loop-analysis -Wno-semicolon-before-method-body -index-store-path /Users/gunnarhostetler/Library/Developer/Xcode/DerivedData/OpenIntelligence-exvenikajtsxhefyqtimuofgvczj/Index.noindex/DataStore -w @/Users/gunnarhostetler/Library/Developer/Xcode/DerivedData/OpenIntelligence-exvenikajtsxhefyqtimuofgvczj/Build/Intermediates.noindex/LocalLLMClient.build/Debug-iphonesimulator/LocalLLMClientLlamaC.build/Objects-normal/arm64/82b82416624d2658e5098eb0a28c15c5-common-args.resp -MMD -MT dependencies -MF /Users/gunnarhostetler/Library/Developer/Xcode/DerivedData/OpenIntelligence-exvenikajtsxhefyqtimuofgvczj/Build/Intermediates.noindex/LocalLLMClient.build/Debug-iphonesimulator/LocalLLMClientLlamaC.build/Objects-normal/arm64/clip.d --serialize-diagnostics /Users/gunnarhostetler/Library/Developer/Xcode/DerivedData/OpenIntelligence-exvenikajtsxhefyqtimuofgvczj/Build/Intermediates.noindex/LocalLLMClient.build/Debug-iphonesimulator/LocalLLMClientLlamaC.build/Objects-normal/arm64/clip.dia -c /Users/gunnarhostetler/Documents/GitHub/OpenIntelligence/Vendor/LocalLLMClient/Sources/LocalLLMClientLlamaC/clip.cpp -o /Users/gunnarhostetler/Library/Developer/Xcode/DerivedData/OpenIntelligence-exvenikajtsxhefyqtimuofgvczj/Build/Intermediates.noindex/LocalLLMClient.build/Debug-iphonesimulator/LocalLLMClientLlamaC.build/Objects-normal/arm64/clip.o -index-unit-output-path /LocalLLMClient.build/Debug-iphonesimulator/LocalLLMClientLlamaC.build/Objects-normal/arm64/clip.o

SwiftEmitModule normal arm64 Emitting\ module\ for\ InternalCollectionsUtilities (in target 'InternalCollectionsUtilities' from project 'swift-collections')

EmitSwiftModule normal arm64 (in target 'InternalCollectionsUtilities' from project 'swift-collections')
    cd /Users/gunnarhostetler/Documents/GitHub/OpenIntelligence/OpenIntelligence.xcodeproj
    

SwiftEmitModule normal arm64 Emitting\ module\ for\ LocalLLMClientUtility (in target 'LocalLLMClientUtility' from project 'LocalLLMClient')

EmitSwiftModule normal arm64 (in target 'LocalLLMClientUtility' from project 'LocalLLMClient')
    cd /Users/gunnarhostetler/Documents/GitHub/OpenIntelligence/OpenIntelligence.xcodeproj
    

SwiftExplicitDependencyGeneratePcm arm64 /Users/gunnarhostetler/Library/Developer/Xcode/DerivedData/OpenIntelligence-exvenikajtsxhefyqtimuofgvczj/Build/Intermediates.noindex/SwiftExplicitPrecompiledModules/_SwiftSyntaxCShims-6N2Q5MFDF3OISZ5UQ26LUM61Z.pcm

SwiftDriverJobDiscovery normal arm64 Emitting module for LocalLLMClientUtility (in target 'LocalLLMClientUtility' from project 'LocalLLMClient')

SwiftDriver\ Compilation\ Requirements LocalLLMClientUtility normal arm64 com.apple.xcode.tools.swift.compiler (in target 'LocalLLMClientUtility' from project 'LocalLLMClient')
    cd /Users/gunnarhostetler/Documents/GitHub/OpenIntelligence/OpenIntelligence.xcodeproj
    builtin-Swift-Compilation-Requirements -- /Applications/Xcode.app/Contents/Developer/Toolchains/XcodeDefault.xctoolchain/usr/bin/swiftc -module-name LocalLLMClientUtility -Onone -enforce-exclusivity\=checked @/Users/gunnarhostetler/Library/Developer/Xcode/DerivedData/OpenIntelligence-exvenikajtsxhefyqtimuofgvczj/Build/Intermediates.noindex/LocalLLMClient.build/Debug-iphonesimulator/LocalLLMClientUtility.build/Objects-normal/arm64/LocalLLMClientUtility.SwiftFileList -DSWIFT_PACKAGE -DDEBUG -DSWIFT_MODULE_RESOURCE_BUNDLE_UNAVAILABLE -DXcode -plugin-path /Applications/Xcode.app/Contents/Developer/Toolchains/XcodeDefault.xctoolchain/usr/lib/swift/host/plugins/testing -enable-experimental-feature DebugDescriptionMacro -sdk /Applications/Xcode.app/Contents/Developer/Platforms/iPhoneSimulator.platform/Developer/SDKs/iPhoneSimulator26.1.sdk -target arm64-apple-ios16.0-simulator -g -module-cache-path /Users/gunnarhostetler/Library/Developer/Xcode/DerivedData/ModuleCache.noindex -Xfrontend -serialize-debugging-options -enable-testing -suppress-warnings -index-store-path /Users/gunnarhostetler/Library/Developer/Xcode/DerivedData/OpenIntelligence-exvenikajtsxhefyqtimuofgvczj/Index.noindex/DataStore -Xcc -D_LIBCPP_HARDENING_MODE\=_LIBCPP_HARDENING_MODE_DEBUG -swift-version 6 -I /Users/gunnarhostetler/Library/Developer/Xcode/DerivedData/OpenIntelligence-exvenikajtsxhefyqtimuofgvczj/Build/Products/Debug-iphonesimulator -Isystem /Applications/Xcode.app/Contents/Developer/Platforms/iPhoneSimulator.platform/Developer/usr/lib -F /Users/gunnarhostetler/Library/Developer/Xcode/DerivedData/OpenIntelligence-exvenikajtsxhefyqtimuofgvczj/Build/Products/Debug-iphonesimulator -F /Applications/Xcode.app/Contents/Developer/Platforms/iPhoneSimulator.platform/Developer/Library/Frameworks -F /Applications/Xcode.app/Contents/Developer/Platforms/iPhoneSimulator.platform/Developer/SDKs/iPhoneSimulator26.1.sdk/Developer/Library/Frameworks -c -j11 -enable-batch-mode -incremental -Xcc -ivfsstatcache -Xcc /Users/gunnarhostetler/Library/Developer/Xcode/DerivedData/SDKStatCaches.noindex/iphonesimulator26.1-23B77-3885c01c3e6b6a337905948deab2002e90cf18a4295e390e64c810bc6bd7acbc.sdkstatcache -output-file-map /Users/gunnarhostetler/Library/Developer/Xcode/DerivedData/OpenIntelligence-exvenikajtsxhefyqtimuofgvczj/Build/Intermediates.noindex/LocalLLMClient.build/Debug-iphonesimulator/LocalLLMClientUtility.build/Objects-normal/arm64/LocalLLMClientUtility-OutputFileMap.json -use-frontend-parseable-output -save-temps -no-color-diagnostics -explicit-module-build -module-cache-path /Users/gunnarhostetler/Library/Developer/Xcode/DerivedData/OpenIntelligence-exvenikajtsxhefyqtimuofgvczj/Build/Intermediates.noindex/SwiftExplicitPrecompiledModules -clang-scanner-module-cache-path /Users/gunnarhostetler/Library/Developer/Xcode/DerivedData/ModuleCache.noindex -sdk-module-cache-path /Users/gunnarhostetler/Library/Developer/Xcode/DerivedData/ModuleCache.noindex -serialize-diagnostics -emit-dependencies -emit-module -emit-module-path /Users/gunnarhostetler/Library/Developer/Xcode/DerivedData/OpenIntelligence-exvenikajtsxhefyqtimuofgvczj/Build/Intermediates.noindex/LocalLLMClient.build/Debug-iphonesimulator/LocalLLMClientUtility.build/Objects-normal/arm64/LocalLLMClientUtility.swiftmodule -validate-clang-modules-once -clang-build-session-file /Users/gunnarhostetler/Library/Developer/Xcode/DerivedData/ModuleCache.noindex/Session.modulevalidation -package-name localllmclient -Xcc -I/Users/gunnarhostetler/Library/Developer/Xcode/DerivedData/OpenIntelligence-exvenikajtsxhefyqtimuofgvczj/Build/Intermediates.noindex/LocalLLMClient.build/Debug-iphonesimulator/LocalLLMClientUtility.build/swift-overrides.hmap -emit-const-values -Xfrontend -const-gather-protocols-file -Xfrontend /Users/gunnarhostetler/Library/Developer/Xcode/DerivedData/OpenIntelligence-exvenikajtsxhefyqtimuofgvczj/Build/Intermediates.noindex/LocalLLMClient.build/Debug-iphonesimulator/LocalLLMClientUtility.build/Objects-normal/arm64/LocalLLMClientUtility_const_extract_protocols.json -Xcc -I/Users/gunnarhostetler/Library/Developer/Xcode/DerivedData/OpenIntelligence-exvenikajtsxhefyqtimuofgvczj/Build/Products/Debug-iphonesimulator/include -Xcc -I/Users/gunnarhostetler/Library/Developer/Xcode/DerivedData/OpenIntelligence-exvenikajtsxhefyqtimuofgvczj/Build/Intermediates.noindex/LocalLLMClient.build/Debug-iphonesimulator/LocalLLMClientUtility.build/DerivedSources-normal/arm64 -Xcc -I/Users/gunnarhostetler/Library/Developer/Xcode/DerivedData/OpenIntelligence-exvenikajtsxhefyqtimuofgvczj/Build/Intermediates.noindex/LocalLLMClient.build/Debug-iphonesimulator/LocalLLMClientUtility.build/DerivedSources/arm64 -Xcc -I/Users/gunnarhostetler/Library/Developer/Xcode/DerivedData/OpenIntelligence-exvenikajtsxhefyqtimuofgvczj/Build/Intermediates.noindex/LocalLLMClient.build/Debug-iphonesimulator/LocalLLMClientUtility.build/DerivedSources -Xcc -DSWIFT_PACKAGE -Xcc -DDEBUG\=1 -emit-objc-header -emit-objc-header-path /Users/gunnarhostetler/Library/Developer/Xcode/DerivedData/OpenIntelligence-exvenikajtsxhefyqtimuofgvczj/Build/Intermediates.noindex/LocalLLMClient.build/Debug-iphonesimulator/LocalLLMClientUtility.build/Objects-normal/arm64/LocalLLMClientUtility-Swift.h -working-directory /Users/gunnarhostetler/Documents/GitHub/OpenIntelligence/OpenIntelligence.xcodeproj -experimental-emit-module-separately -disable-cmo

SwiftEmitModule normal arm64 Emitting\ module\ for\ LocalLLMClientMacrosPlugin (in target 'LocalLLMClientMacrosPlugin' from project 'LocalLLMClient')

EmitSwiftModule normal arm64 (in target 'LocalLLMClientMacrosPlugin' from project 'LocalLLMClient')
    cd /Users/gunnarhostetler/Documents/GitHub/OpenIntelligence/OpenIntelligence.xcodeproj
    

SwiftDriverJobDiscovery normal arm64 Emitting module for InternalCollectionsUtilities (in target 'InternalCollectionsUtilities' from project 'swift-collections')

SwiftMergeGeneratedHeaders /Users/gunnarhostetler/Library/Developer/Xcode/DerivedData/OpenIntelligence-exvenikajtsxhefyqtimuofgvczj/Build/Intermediates.noindex/GeneratedModuleMaps-iphonesimulator/LocalLLMClientUtility-Swift.h /Users/gunnarhostetler/Library/Developer/Xcode/DerivedData/OpenIntelligence-exvenikajtsxhefyqtimuofgvczj/Build/Intermediates.noindex/LocalLLMClient.build/Debug-iphonesimulator/LocalLLMClientUtility.build/Objects-normal/arm64/LocalLLMClientUtility-Swift.h (in target 'LocalLLMClientUtility' from project 'LocalLLMClient')
    cd /Users/gunnarhostetler/Documents/GitHub/OpenIntelligence/Vendor/LocalLLMClient
    builtin-swiftHeaderTool -arch arm64 /Users/gunnarhostetler/Library/Developer/Xcode/DerivedData/OpenIntelligence-exvenikajtsxhefyqtimuofgvczj/Build/Intermediates.noindex/LocalLLMClient.build/Debug-iphonesimulator/LocalLLMClientUtility.build/Objects-normal/arm64/LocalLLMClientUtility-Swift.h -o /Users/gunnarhostetler/Library/Developer/Xcode/DerivedData/OpenIntelligence-exvenikajtsxhefyqtimuofgvczj/Build/Intermediates.noindex/GeneratedModuleMaps-iphonesimulator/LocalLLMClientUtility-Swift.h

Copy /Users/gunnarhostetler/Library/Developer/Xcode/DerivedData/OpenIntelligence-exvenikajtsxhefyqtimuofgvczj/Build/Products/Debug-iphonesimulator/LocalLLMClientUtility.swiftmodule/arm64-apple-ios-simulator.swiftmodule /Users/gunnarhostetler/Library/Developer/Xcode/DerivedData/OpenIntelligence-exvenikajtsxhefyqtimuofgvczj/Build/Intermediates.noindex/LocalLLMClient.build/Debug-iphonesimulator/LocalLLMClientUtility.build/Objects-normal/arm64/LocalLLMClientUtility.swiftmodule (in target 'LocalLLMClientUtility' from project 'LocalLLMClient')
    cd /Users/gunnarhostetler/Documents/GitHub/OpenIntelligence/Vendor/LocalLLMClient
    builtin-copy -exclude .DS_Store -exclude CVS -exclude .svn -exclude .git -exclude .hg -resolve-src-symlinks -rename /Users/gunnarhostetler/Library/Developer/Xcode/DerivedData/OpenIntelligence-exvenikajtsxhefyqtimuofgvczj/Build/Intermediates.noindex/LocalLLMClient.build/Debug-iphonesimulator/LocalLLMClientUtility.build/Objects-normal/arm64/LocalLLMClientUtility.swiftmodule /Users/gunnarhostetler/Library/Developer/Xcode/DerivedData/OpenIntelligence-exvenikajtsxhefyqtimuofgvczj/Build/Products/Debug-iphonesimulator/LocalLLMClientUtility.swiftmodule/arm64-apple-ios-simulator.swiftmodule

SwiftDriverJobDiscovery normal arm64 Emitting module for LocalLLMClientMacrosPlugin (in target 'LocalLLMClientMacrosPlugin' from project 'LocalLLMClient')

Copy /Users/gunnarhostetler/Library/Developer/Xcode/DerivedData/OpenIntelligence-exvenikajtsxhefyqtimuofgvczj/Build/Products/Debug-iphonesimulator/LocalLLMClientUtility.swiftmodule/arm64-apple-ios-simulator.swiftdoc /Users/gunnarhostetler/Library/Developer/Xcode/DerivedData/OpenIntelligence-exvenikajtsxhefyqtimuofgvczj/Build/Intermediates.noindex/LocalLLMClient.build/Debug-iphonesimulator/LocalLLMClientUtility.build/Objects-normal/arm64/LocalLLMClientUtility.swiftdoc (in target 'LocalLLMClientUtility' from project 'LocalLLMClient')
    cd /Users/gunnarhostetler/Documents/GitHub/OpenIntelligence/Vendor/LocalLLMClient
    builtin-copy -exclude .DS_Store -exclude CVS -exclude .svn -exclude .git -exclude .hg -resolve-src-symlinks -rename /Users/gunnarhostetler/Library/Developer/Xcode/DerivedData/OpenIntelligence-exvenikajtsxhefyqtimuofgvczj/Build/Intermediates.noindex/LocalLLMClient.build/Debug-iphonesimulator/LocalLLMClientUtility.build/Objects-normal/arm64/LocalLLMClientUtility.swiftdoc /Users/gunnarhostetler/Library/Developer/Xcode/DerivedData/OpenIntelligence-exvenikajtsxhefyqtimuofgvczj/Build/Products/Debug-iphonesimulator/LocalLLMClientUtility.swiftmodule/arm64-apple-ios-simulator.swiftdoc

Copy /Users/gunnarhostetler/Library/Developer/Xcode/DerivedData/OpenIntelligence-exvenikajtsxhefyqtimuofgvczj/Build/Products/Debug-iphonesimulator/LocalLLMClientUtility.swiftmodule/arm64-apple-ios-simulator.abi.json /Users/gunnarhostetler/Library/Developer/Xcode/DerivedData/OpenIntelligence-exvenikajtsxhefyqtimuofgvczj/Build/Intermediates.noindex/LocalLLMClient.build/Debug-iphonesimulator/LocalLLMClientUtility.build/Objects-normal/arm64/LocalLLMClientUtility.abi.json (in target 'LocalLLMClientUtility' from project 'LocalLLMClient')
    cd /Users/gunnarhostetler/Documents/GitHub/OpenIntelligence/Vendor/LocalLLMClient
    builtin-copy -exclude .DS_Store -exclude CVS -exclude .svn -exclude .git -exclude .hg -resolve-src-symlinks -rename /Users/gunnarhostetler/Library/Developer/Xcode/DerivedData/OpenIntelligence-exvenikajtsxhefyqtimuofgvczj/Build/Intermediates.noindex/LocalLLMClient.build/Debug-iphonesimulator/LocalLLMClientUtility.build/Objects-normal/arm64/LocalLLMClientUtility.abi.json /Users/gunnarhostetler/Library/Developer/Xcode/DerivedData/OpenIntelligence-exvenikajtsxhefyqtimuofgvczj/Build/Products/Debug-iphonesimulator/LocalLLMClientUtility.swiftmodule/arm64-apple-ios-simulator.abi.json

Copy /Users/gunnarhostetler/Library/Developer/Xcode/DerivedData/OpenIntelligence-exvenikajtsxhefyqtimuofgvczj/Build/Products/Debug-iphonesimulator/LocalLLMClientUtility.swiftmodule/Project/arm64-apple-ios-simulator.swiftsourceinfo /Users/gunnarhostetler/Library/Developer/Xcode/DerivedData/OpenIntelligence-exvenikajtsxhefyqtimuofgvczj/Build/Intermediates.noindex/LocalLLMClient.build/Debug-iphonesimulator/LocalLLMClientUtility.build/Objects-normal/arm64/LocalLLMClientUtility.swiftsourceinfo (in target 'LocalLLMClientUtility' from project 'LocalLLMClient')
    cd /Users/gunnarhostetler/Documents/GitHub/OpenIntelligence/Vendor/LocalLLMClient
    builtin-copy -exclude .DS_Store -exclude CVS -exclude .svn -exclude .git -exclude .hg -resolve-src-symlinks -rename /Users/gunnarhostetler/Library/Developer/Xcode/DerivedData/OpenIntelligence-exvenikajtsxhefyqtimuofgvczj/Build/Intermediates.noindex/LocalLLMClient.build/Debug-iphonesimulator/LocalLLMClientUtility.build/Objects-normal/arm64/LocalLLMClientUtility.swiftsourceinfo /Users/gunnarhostetler/Library/Developer/Xcode/DerivedData/OpenIntelligence-exvenikajtsxhefyqtimuofgvczj/Build/Products/Debug-iphonesimulator/LocalLLMClientUtility.swiftmodule/Project/arm64-apple-ios-simulator.swiftsourceinfo

SwiftDriver\ Compilation\ Requirements LocalLLMClientMacrosPlugin normal arm64 com.apple.xcode.tools.swift.compiler (in target 'LocalLLMClientMacrosPlugin' from project 'LocalLLMClient')
    cd /Users/gunnarhostetler/Documents/GitHub/OpenIntelligence/OpenIntelligence.xcodeproj
    builtin-Swift-Compilation-Requirements -- /Applications/Xcode.app/Contents/Developer/Toolchains/XcodeDefault.xctoolchain/usr/bin/swiftc -module-name LocalLLMClientMacrosPlugin -Onone -enforce-exclusivity\=checked @/Users/gunnarhostetler/Library/Developer/Xcode/DerivedData/OpenIntelligence-exvenikajtsxhefyqtimuofgvczj/Build/Intermediates.noindex/LocalLLMClient.build/Debug/LocalLLMClientMacrosPlugin.build/Objects-normal/arm64/LocalLLMClientMacrosPlugin.SwiftFileList -DSWIFT_PACKAGE -DDEBUG -DXcode -I/Users/gunnarhostetler/Library/Developer/Xcode/DerivedData/OpenIntelligence-exvenikajtsxhefyqtimuofgvczj/SourcePackages/prebuilts/swift-syntax/600.0.1/swiftlang-6.2.1.4.8-MacroSupport-macos_aarch64/Modules -I/Users/gunnarhostetler/Library/Developer/Xcode/DerivedData/OpenIntelligence-exvenikajtsxhefyqtimuofgvczj/SourcePackages/checkouts/swift-syntax/Sources/_SwiftLibraryPluginProviderCShims/include -I/Users/gunnarhostetler/Library/Developer/Xcode/DerivedData/OpenIntelligence-exvenikajtsxhefyqtimuofgvczj/SourcePackages/checkouts/swift-syntax/Sources/_SwiftSyntaxCShims/include -plugin-path /Applications/Xcode.app/Contents/Developer/Toolchains/XcodeDefault.xctoolchain/usr/lib/swift/host/plugins/testing -enable-experimental-feature DebugDescriptionMacro -sdk /Applications/Xcode.app/Contents/Developer/Platforms/MacOSX.platform/Developer/SDKs/MacOSX26.1.sdk -target arm64-apple-macos14.0 -g -module-cache-path /Users/gunnarhostetler/Library/Developer/Xcode/DerivedData/ModuleCache.noindex -Xfrontend -serialize-debugging-options -enable-testing -suppress-warnings -index-store-path /Users/gunnarhostetler/Library/Developer/Xcode/DerivedData/OpenIntelligence-exvenikajtsxhefyqtimuofgvczj/Index.noindex/DataStore -Xcc -D_LIBCPP_HARDENING_MODE\=_LIBCPP_HARDENING_MODE_DEBUG -swift-version 6 -I /Users/gunnarhostetler/Library/Developer/Xcode/DerivedData/OpenIntelligence-exvenikajtsxhefyqtimuofgvczj/Build/Products/Debug -Isystem /Applications/Xcode.app/Contents/Developer/Platforms/MacOSX.platform/Developer/usr/lib -F /Users/gunnarhostetler/Library/Developer/Xcode/DerivedData/OpenIntelligence-exvenikajtsxhefyqtimuofgvczj/Build/Products/Debug -F /Applications/Xcode.app/Contents/Developer/Platforms/MacOSX.platform/Developer/Library/Frameworks -c -j11 -enable-batch-mode -incremental -Xcc -ivfsstatcache -Xcc /Users/gunnarhostetler/Library/Developer/Xcode/DerivedData/SDKStatCaches.noindex/macosx26.1-25B74-3885c01c3e6b6a337905948deab2002e3ae1261907bdadc328169391a47051a6.sdkstatcache -output-file-map /Users/gunnarhostetler/Library/Developer/Xcode/DerivedData/OpenIntelligence-exvenikajtsxhefyqtimuofgvczj/Build/Intermediates.noindex/LocalLLMClient.build/Debug/LocalLLMClientMacrosPlugin.build/Objects-normal/arm64/LocalLLMClientMacrosPlugin-OutputFileMap.json -use-frontend-parseable-output -save-temps -no-color-diagnostics -explicit-module-build -module-cache-path /Users/gunnarhostetler/Library/Developer/Xcode/DerivedData/OpenIntelligence-exvenikajtsxhefyqtimuofgvczj/Build/Intermediates.noindex/SwiftExplicitPrecompiledModules -clang-scanner-module-cache-path /Users/gunnarhostetler/Library/Developer/Xcode/DerivedData/ModuleCache.noindex -sdk-module-cache-path /Users/gunnarhostetler/Library/Developer/Xcode/DerivedData/ModuleCache.noindex -serialize-diagnostics -emit-dependencies -emit-module -emit-module-path /Users/gunnarhostetler/Library/Developer/Xcode/DerivedData/OpenIntelligence-exvenikajtsxhefyqtimuofgvczj/Build/Intermediates.noindex/LocalLLMClient.build/Debug/LocalLLMClientMacrosPlugin.build/Objects-normal/arm64/LocalLLMClientMacrosPlugin.swiftmodule -validate-clang-modules-once -clang-build-session-file /Users/gunnarhostetler/Library/Developer/Xcode/DerivedData/ModuleCache.noindex/Session.modulevalidation -package-name localllmclient -emit-const-values -Xfrontend -const-gather-protocols-file -Xfrontend /Users/gunnarhostetler/Library/Developer/Xcode/DerivedData/OpenIntelligence-exvenikajtsxhefyqtimuofgvczj/Build/Intermediates.noindex/LocalLLMClient.build/Debug/LocalLLMClientMacrosPlugin.build/Objects-normal/arm64/LocalLLMClientMacrosPlugin_const_extract_protocols.json -Xcc -I/Users/gunnarhostetler/Library/Developer/Xcode/DerivedData/OpenIntelligence-exvenikajtsxhefyqtimuofgvczj/Build/Products/Debug/include -Xcc -I/Users/gunnarhostetler/Library/Developer/Xcode/DerivedData/OpenIntelligence-exvenikajtsxhefyqtimuofgvczj/Build/Intermediates.noindex/LocalLLMClient.build/Debug/LocalLLMClientMacrosPlugin.build/DerivedSources-normal/arm64 -Xcc -I/Users/gunnarhostetler/Library/Developer/Xcode/DerivedData/OpenIntelligence-exvenikajtsxhefyqtimuofgvczj/Build/Intermediates.noindex/LocalLLMClient.build/Debug/LocalLLMClientMacrosPlugin.build/DerivedSources/arm64 -Xcc -I/Users/gunnarhostetler/Library/Developer/Xcode/DerivedData/OpenIntelligence-exvenikajtsxhefyqtimuofgvczj/Build/Intermediates.noindex/LocalLLMClient.build/Debug/LocalLLMClientMacrosPlugin.build/DerivedSources -Xcc -DSWIFT_PACKAGE -Xcc -DDEBUG\=1 -working-directory /Users/gunnarhostetler/Documents/GitHub/OpenIntelligence/OpenIntelligence.xcodeproj -experimental-emit-module-separately -disable-cmo

SwiftDriver\ Compilation\ Requirements InternalCollectionsUtilities normal arm64 com.apple.xcode.tools.swift.compiler (in target 'InternalCollectionsUtilities' from project 'swift-collections')
    cd /Users/gunnarhostetler/Documents/GitHub/OpenIntelligence/OpenIntelligence.xcodeproj
    builtin-Swift-Compilation-Requirements -- /Applications/Xcode.app/Contents/Developer/Toolchains/XcodeDefault.xctoolchain/usr/bin/swiftc -module-name InternalCollectionsUtilities -Onone -enforce-exclusivity\=checked @/Users/gunnarhostetler/Library/Developer/Xcode/DerivedData/OpenIntelligence-exvenikajtsxhefyqtimuofgvczj/Build/Intermediates.noindex/swift-collections.build/Debug-iphonesimulator/InternalCollectionsUtilities.build/Objects-normal/arm64/InternalCollectionsUtilities.SwiftFileList -DSWIFT_PACKAGE -DDEBUG -DSWIFT_MODULE_RESOURCE_BUNDLE_UNAVAILABLE -DCOLLECTIONS_RANDOMIZED_TESTING -DXcode -enable-experimental-feature AvailabilityMacro\=SwiftStdlib\ 5.0:\ macOS\ 10.14.4,\ iOS\ 12.2,\ watchOS\ 5.2,\ tvOS\ 12.2 -enable-experimental-feature AvailabilityMacro\=SwiftStdlib\ 5.1:\ macOS\ 10.15,\ iOS\ 13.0,\ watchOS\ 6.0,\ tvOS\ 13.0 -enable-experimental-feature AvailabilityMacro\=SwiftStdlib\ 5.6:\ macOS\ 12.3,\ iOS\ 15.4,\ watchOS\ 8.5,\ tvOS\ 15.4 -enable-experimental-feature AvailabilityMacro\=SwiftStdlib\ 5.8:\ macOS\ 13.3,\ iOS\ 16.4,\ watchOS\ 9.4,\ tvOS\ 16.4 -enable-experimental-feature AvailabilityMacro\=SwiftStdlib\ 5.9:\ macOS\ 14.0,\ iOS\ 17.0,\ watchOS\ 10.0,\ tvOS\ 17.0 -enable-experimental-feature AvailabilityMacro\=SwiftStdlib\ 5.10:\ macOS\ 14.4,\ iOS\ 17.4,\ watchOS\ 10.4,\ tvOS\ 17.4,\ visionOS\ 1.1 -enable-experimental-feature AvailabilityMacro\=SwiftStdlib\ 6.0:\ macOS\ 15.0,\ iOS\ 18.0,\ watchOS\ 11.0,\ tvOS\ 18.0,\ visionOS\ 2.0 -enable-experimental-feature AvailabilityMacro\=SwiftStdlib\ 6.1:\ macOS\ 15.4,\ iOS\ 18.4,\ watchOS\ 11.4,\ tvOS\ 18.4,\ visionOS\ 2.4 -enable-experimental-feature AvailabilityMacro\=SwiftStdlib\ 6.2:\ macOS\ 26.0,\ iOS\ 26.0,\ watchOS\ 26.0,\ tvOS\ 26.0,\ visionOS\ 26.0 -enable-upcoming-feature MemberImportVisibility -enable-experimental-feature BuiltinModule -enable-experimental-feature Lifetimes -enable-experimental-feature InoutLifetimeDependence -enable-experimental-feature SuppressedAssociatedTypes -plugin-path /Applications/Xcode.app/Contents/Developer/Toolchains/XcodeDefault.xctoolchain/usr/lib/swift/host/plugins/testing -enable-experimental-feature DebugDescriptionMacro -sdk /Applications/Xcode.app/Contents/Developer/Platforms/iPhoneSimulator.platform/Developer/SDKs/iPhoneSimulator26.1.sdk -target arm64-apple-ios12.0-simulator -g -module-cache-path /Users/gunnarhostetler/Library/Developer/Xcode/DerivedData/ModuleCache.noindex -Xfrontend -serialize-debugging-options -enable-testing -suppress-warnings -index-store-path /Users/gunnarhostetler/Library/Developer/Xcode/DerivedData/OpenIntelligence-exvenikajtsxhefyqtimuofgvczj/Index.noindex/DataStore -Xcc -D_LIBCPP_HARDENING_MODE\=_LIBCPP_HARDENING_MODE_DEBUG -swift-version 6 -I /Users/gunnarhostetler/Library/Developer/Xcode/DerivedData/OpenIntelligence-exvenikajtsxhefyqtimuofgvczj/Build/Products/Debug-iphonesimulator -Isystem /Applications/Xcode.app/Contents/Developer/Platforms/iPhoneSimulator.platform/Developer/usr/lib -F /Users/gunnarhostetler/Library/Developer/Xcode/DerivedData/OpenIntelligence-exvenikajtsxhefyqtimuofgvczj/Build/Products/Debug-iphonesimulator -F /Applications/Xcode.app/Contents/Developer/Platforms/iPhoneSimulator.platform/Developer/Library/Frameworks -F /Applications/Xcode.app/Contents/Developer/Platforms/iPhoneSimulator.platform/Developer/SDKs/iPhoneSimulator26.1.sdk/Developer/Library/Frameworks -c -j11 -enable-batch-mode -incremental -Xcc -ivfsstatcache -Xcc /Users/gunnarhostetler/Library/Developer/Xcode/DerivedData/SDKStatCaches.noindex/iphonesimulator26.1-23B77-3885c01c3e6b6a337905948deab2002e90cf18a4295e390e64c810bc6bd7acbc.sdkstatcache -output-file-map /Users/gunnarhostetler/Library/Developer/Xcode/DerivedData/OpenIntelligence-exvenikajtsxhefyqtimuofgvczj/Build/Intermediates.noindex/swift-collections.build/Debug-iphonesimulator/InternalCollectionsUtilities.build/Objects-normal/arm64/InternalCollectionsUtilities-OutputFileMap.json -use-frontend-parseable-output -save-temps -no-color-diagnostics -explicit-module-build -module-cache-path /Users/gunnarhostetler/Library/Developer/Xcode/DerivedData/OpenIntelligence-exvenikajtsxhefyqtimuofgvczj/Build/Intermediates.noindex/SwiftExplicitPrecompiledModules -clang-scanner-module-cache-path /Users/gunnarhostetler/Library/Developer/Xcode/DerivedData/ModuleCache.noindex -sdk-module-cache-path /Users/gunnarhostetler/Library/Developer/Xcode/DerivedData/ModuleCache.noindex -serialize-diagnostics -emit-dependencies -emit-module -emit-module-path /Users/gunnarhostetler/Library/Developer/Xcode/DerivedData/OpenIntelligence-exvenikajtsxhefyqtimuofgvczj/Build/Intermediates.noindex/swift-collections.build/Debug-iphonesimulator/InternalCollectionsUtilities.build/Objects-normal/arm64/InternalCollectionsUtilities.swiftmodule -user-module-version 1.3.0 -validate-clang-modules-once -clang-build-session-file /Users/gunnarhostetler/Library/Developer/Xcode/DerivedData/ModuleCache.noindex/Session.modulevalidation -package-name swift_collections -Xcc -I/Users/gunnarhostetler/Library/Developer/Xcode/DerivedData/OpenIntelligence-exvenikajtsxhefyqtimuofgvczj/Build/Intermediates.noindex/swift-collections.build/Debug-iphonesimulator/InternalCollectionsUtilities.build/swift-overrides.hmap -emit-const-values -Xfrontend -const-gather-protocols-file -Xfrontend /Users/gunnarhostetler/Library/Developer/Xcode/DerivedData/OpenIntelligence-exvenikajtsxhefyqtimuofgvczj/Build/Intermediates.noindex/swift-collections.build/Debug-iphonesimulator/InternalCollectionsUtilities.build/Objects-normal/arm64/InternalCollectionsUtilities_const_extract_protocols.json -Xcc -I/Users/gunnarhostetler/Library/Developer/Xcode/DerivedData/OpenIntelligence-exvenikajtsxhefyqtimuofgvczj/Build/Products/Debug-iphonesimulator/include -Xcc -I/Users/gunnarhostetler/Library/Developer/Xcode/DerivedData/OpenIntelligence-exvenikajtsxhefyqtimuofgvczj/Build/Intermediates.noindex/swift-collections.build/Debug-iphonesimulator/InternalCollectionsUtilities.build/DerivedSources-normal/arm64 -Xcc -I/Users/gunnarhostetler/Library/Developer/Xcode/DerivedData/OpenIntelligence-exvenikajtsxhefyqtimuofgvczj/Build/Intermediates.noindex/swift-collections.build/Debug-iphonesimulator/InternalCollectionsUtilities.build/DerivedSources/arm64 -Xcc -I/Users/gunnarhostetler/Library/Developer/Xcode/DerivedData/OpenIntelligence-exvenikajtsxhefyqtimuofgvczj/Build/Intermediates.noindex/swift-collections.build/Debug-iphonesimulator/InternalCollectionsUtilities.build/DerivedSources -Xcc -DSWIFT_PACKAGE -Xcc -DDEBUG\=1 -emit-objc-header -emit-objc-header-path /Users/gunnarhostetler/Library/Developer/Xcode/DerivedData/OpenIntelligence-exvenikajtsxhefyqtimuofgvczj/Build/Intermediates.noindex/swift-collections.build/Debug-iphonesimulator/InternalCollectionsUtilities.build/Objects-normal/arm64/InternalCollectionsUtilities-Swift.h -working-directory /Users/gunnarhostetler/Documents/GitHub/OpenIntelligence/OpenIntelligence.xcodeproj -experimental-emit-module-separately -disable-cmo

CompileC /Users/gunnarhostetler/Library/Developer/Xcode/DerivedData/OpenIntelligence-exvenikajtsxhefyqtimuofgvczj/Build/Intermediates.noindex/LocalLLMClient.build/Debug-iphonesimulator/LocalLLMClientLlamaC.build/Objects-normal/arm64/chat.o /Users/gunnarhostetler/Documents/GitHub/OpenIntelligence/Vendor/LocalLLMClient/Sources/LocalLLMClientLlamaC/common/chat.cpp normal arm64 c++ com.apple.compilers.llvm.clang.1_0.compiler (in target 'LocalLLMClientLlamaC' from project 'LocalLLMClient')
    cd /Users/gunnarhostetler/Documents/GitHub/OpenIntelligence/OpenIntelligence.xcodeproj
    
    Using response file: /Users/gunnarhostetler/Library/Developer/Xcode/DerivedData/OpenIntelligence-exvenikajtsxhefyqtimuofgvczj/Build/Intermediates.noindex/LocalLLMClient.build/Debug-iphonesimulator/LocalLLMClientLlamaC.build/Objects-normal/arm64/82b82416624d2658e5098eb0a28c15c5-common-args.resp
    
    /Applications/Xcode.app/Contents/Developer/Toolchains/XcodeDefault.xctoolchain/usr/bin/clang -x c++ -ivfsstatcache /Users/gunnarhostetler/Library/Developer/Xcode/DerivedData/SDKStatCaches.noindex/iphonesimulator26.1-23B77-3885c01c3e6b6a337905948deab2002e90cf18a4295e390e64c810bc6bd7acbc.sdkstatcache -fmessage-length\=0 -fdiagnostics-show-note-include-stack -fmacro-backtrace-limit\=0 -fno-color-diagnostics -fmodules-prune-interval\=86400 -fmodules-prune-after\=345600 -fbuild-session-file\=/Users/gunnarhostetler/Library/Developer/Xcode/DerivedData/ModuleCache.noindex/Session.modulevalidation -fmodules-validate-once-per-build-session -Wnon-modular-include-in-framework-module -Werror\=non-modular-include-in-framework-module -Wno-trigraphs -Wno-missing-field-initializers -Wno-missing-prototypes -Wno-return-type -Wno-non-virtual-dtor -Wno-overloaded-virtual -Wno-exit-time-destructors -Wno-missing-braces -Wparentheses -Wswitch -Wno-unused-function -Wno-unused-label -Wno-unused-parameter -Wno-unused-variable -Wunused-value -Wno-empty-body -Wno-uninitialized -Wno-unknown-pragmas -w -Wno-shadow -Wno-four-char-constants -Wno-conversion -Wno-constant-conversion -Wno-int-conversion -Wno-bool-conversion -Wno-enum-conversion -Wno-float-conversion -Wno-non-literal-null-conversion -Wno-objc-literal-conversion -Wshorten-64-to-32 -Wno-newline-eof -Wno-c++11-extensions -Wno-implicit-fallthrough -fstrict-aliasing -Wdeprecated-declarations -Winvalid-offsetof -Wno-sign-conversion -Wno-infinite-recursion -Wno-move -Wno-comma -Wno-block-capture-autoreleasing -Wno-strict-prototypes -Wno-range-loop-analysis -Wno-semicolon-before-method-body -index-store-path /Users/gunnarhostetler/Library/Developer/Xcode/DerivedData/OpenIntelligence-exvenikajtsxhefyqtimuofgvczj/Index.noindex/DataStore -w @/Users/gunnarhostetler/Library/Developer/Xcode/DerivedData/OpenIntelligence-exvenikajtsxhefyqtimuofgvczj/Build/Intermediates.noindex/LocalLLMClient.build/Debug-iphonesimulator/LocalLLMClientLlamaC.build/Objects-normal/arm64/82b82416624d2658e5098eb0a28c15c5-common-args.resp -MMD -MT dependencies -MF /Users/gunnarhostetler/Library/Developer/Xcode/DerivedData/OpenIntelligence-exvenikajtsxhefyqtimuofgvczj/Build/Intermediates.noindex/LocalLLMClient.build/Debug-iphonesimulator/LocalLLMClientLlamaC.build/Objects-normal/arm64/chat.d --serialize-diagnostics /Users/gunnarhostetler/Library/Developer/Xcode/DerivedData/OpenIntelligence-exvenikajtsxhefyqtimuofgvczj/Build/Intermediates.noindex/LocalLLMClient.build/Debug-iphonesimulator/LocalLLMClientLlamaC.build/Objects-normal/arm64/chat.dia -c /Users/gunnarhostetler/Documents/GitHub/OpenIntelligence/Vendor/LocalLLMClient/Sources/LocalLLMClientLlamaC/common/chat.cpp -o /Users/gunnarhostetler/Library/Developer/Xcode/DerivedData/OpenIntelligence-exvenikajtsxhefyqtimuofgvczj/Build/Intermediates.noindex/LocalLLMClient.build/Debug-iphonesimulator/LocalLLMClientLlamaC.build/Objects-normal/arm64/chat.o -index-unit-output-path /LocalLLMClient.build/Debug-iphonesimulator/LocalLLMClientLlamaC.build/Objects-normal/arm64/chat.o

Copy /Users/gunnarhostetler/Library/Developer/Xcode/DerivedData/OpenIntelligence-exvenikajtsxhefyqtimuofgvczj/Build/Products/Debug/LocalLLMClientMacrosPlugin.swiftmodule/arm64-apple-macos.swiftmodule /Users/gunnarhostetler/Library/Developer/Xcode/DerivedData/OpenIntelligence-exvenikajtsxhefyqtimuofgvczj/Build/Intermediates.noindex/LocalLLMClient.build/Debug/LocalLLMClientMacrosPlugin.build/Objects-normal/arm64/LocalLLMClientMacrosPlugin.swiftmodule (in target 'LocalLLMClientMacrosPlugin' from project 'LocalLLMClient')
    cd /Users/gunnarhostetler/Documents/GitHub/OpenIntelligence/Vendor/LocalLLMClient
    builtin-copy -exclude .DS_Store -exclude CVS -exclude .svn -exclude .git -exclude .hg -resolve-src-symlinks -rename /Users/gunnarhostetler/Library/Developer/Xcode/DerivedData/OpenIntelligence-exvenikajtsxhefyqtimuofgvczj/Build/Intermediates.noindex/LocalLLMClient.build/Debug/LocalLLMClientMacrosPlugin.build/Objects-normal/arm64/LocalLLMClientMacrosPlugin.swiftmodule /Users/gunnarhostetler/Library/Developer/Xcode/DerivedData/OpenIntelligence-exvenikajtsxhefyqtimuofgvczj/Build/Products/Debug/LocalLLMClientMacrosPlugin.swiftmodule/arm64-apple-macos.swiftmodule

Copy /Users/gunnarhostetler/Library/Developer/Xcode/DerivedData/OpenIntelligence-exvenikajtsxhefyqtimuofgvczj/Build/Products/Debug/LocalLLMClientMacrosPlugin.swiftmodule/arm64-apple-macos.swiftdoc /Users/gunnarhostetler/Library/Developer/Xcode/DerivedData/OpenIntelligence-exvenikajtsxhefyqtimuofgvczj/Build/Intermediates.noindex/LocalLLMClient.build/Debug/LocalLLMClientMacrosPlugin.build/Objects-normal/arm64/LocalLLMClientMacrosPlugin.swiftdoc (in target 'LocalLLMClientMacrosPlugin' from project 'LocalLLMClient')
    cd /Users/gunnarhostetler/Documents/GitHub/OpenIntelligence/Vendor/LocalLLMClient
    builtin-copy -exclude .DS_Store -exclude CVS -exclude .svn -exclude .git -exclude .hg -resolve-src-symlinks -rename /Users/gunnarhostetler/Library/Developer/Xcode/DerivedData/OpenIntelligence-exvenikajtsxhefyqtimuofgvczj/Build/Intermediates.noindex/LocalLLMClient.build/Debug/LocalLLMClientMacrosPlugin.build/Objects-normal/arm64/LocalLLMClientMacrosPlugin.swiftdoc /Users/gunnarhostetler/Library/Developer/Xcode/DerivedData/OpenIntelligence-exvenikajtsxhefyqtimuofgvczj/Build/Products/Debug/LocalLLMClientMacrosPlugin.swiftmodule/arm64-apple-macos.swiftdoc

Copy /Users/gunnarhostetler/Library/Developer/Xcode/DerivedData/OpenIntelligence-exvenikajtsxhefyqtimuofgvczj/Build/Products/Debug/LocalLLMClientMacrosPlugin.swiftmodule/arm64-apple-macos.abi.json /Users/gunnarhostetler/Library/Developer/Xcode/DerivedData/OpenIntelligence-exvenikajtsxhefyqtimuofgvczj/Build/Intermediates.noindex/LocalLLMClient.build/Debug/LocalLLMClientMacrosPlugin.build/Objects-normal/arm64/LocalLLMClientMacrosPlugin.abi.json (in target 'LocalLLMClientMacrosPlugin' from project 'LocalLLMClient')
    cd /Users/gunnarhostetler/Documents/GitHub/OpenIntelligence/Vendor/LocalLLMClient
    builtin-copy -exclude .DS_Store -exclude CVS -exclude .svn -exclude .git -exclude .hg -resolve-src-symlinks -rename /Users/gunnarhostetler/Library/Developer/Xcode/DerivedData/OpenIntelligence-exvenikajtsxhefyqtimuofgvczj/Build/Intermediates.noindex/LocalLLMClient.build/Debug/LocalLLMClientMacrosPlugin.build/Objects-normal/arm64/LocalLLMClientMacrosPlugin.abi.json /Users/gunnarhostetler/Library/Developer/Xcode/DerivedData/OpenIntelligence-exvenikajtsxhefyqtimuofgvczj/Build/Products/Debug/LocalLLMClientMacrosPlugin.swiftmodule/arm64-apple-macos.abi.json

Copy /Users/gunnarhostetler/Library/Developer/Xcode/DerivedData/OpenIntelligence-exvenikajtsxhefyqtimuofgvczj/Build/Products/Debug/LocalLLMClientMacrosPlugin.swiftmodule/Project/arm64-apple-macos.swiftsourceinfo /Users/gunnarhostetler/Library/Developer/Xcode/DerivedData/OpenIntelligence-exvenikajtsxhefyqtimuofgvczj/Build/Intermediates.noindex/LocalLLMClient.build/Debug/LocalLLMClientMacrosPlugin.build/Objects-normal/arm64/LocalLLMClientMacrosPlugin.swiftsourceinfo (in target 'LocalLLMClientMacrosPlugin' from project 'LocalLLMClient')
    cd /Users/gunnarhostetler/Documents/GitHub/OpenIntelligence/Vendor/LocalLLMClient
    builtin-copy -exclude .DS_Store -exclude CVS -exclude .svn -exclude .git -exclude .hg -resolve-src-symlinks -rename /Users/gunnarhostetler/Library/Developer/Xcode/DerivedData/OpenIntelligence-exvenikajtsxhefyqtimuofgvczj/Build/Intermediates.noindex/LocalLLMClient.build/Debug/LocalLLMClientMacrosPlugin.build/Objects-normal/arm64/LocalLLMClientMacrosPlugin.swiftsourceinfo /Users/gunnarhostetler/Library/Developer/Xcode/DerivedData/OpenIntelligence-exvenikajtsxhefyqtimuofgvczj/Build/Products/Debug/LocalLLMClientMacrosPlugin.swiftmodule/Project/arm64-apple-macos.swiftsourceinfo

SwiftMergeGeneratedHeaders /Users/gunnarhostetler/Library/Developer/Xcode/DerivedData/OpenIntelligence-exvenikajtsxhefyqtimuofgvczj/Build/Intermediates.noindex/GeneratedModuleMaps-iphonesimulator/InternalCollectionsUtilities-Swift.h /Users/gunnarhostetler/Library/Developer/Xcode/DerivedData/OpenIntelligence-exvenikajtsxhefyqtimuofgvczj/Build/Intermediates.noindex/swift-collections.build/Debug-iphonesimulator/InternalCollectionsUtilities.build/Objects-normal/arm64/InternalCollectionsUtilities-Swift.h (in target 'InternalCollectionsUtilities' from project 'swift-collections')
    cd /Users/gunnarhostetler/Library/Developer/Xcode/DerivedData/OpenIntelligence-exvenikajtsxhefyqtimuofgvczj/SourcePackages/checkouts/swift-collections
    builtin-swiftHeaderTool -arch arm64 /Users/gunnarhostetler/Library/Developer/Xcode/DerivedData/OpenIntelligence-exvenikajtsxhefyqtimuofgvczj/Build/Intermediates.noindex/swift-collections.build/Debug-iphonesimulator/InternalCollectionsUtilities.build/Objects-normal/arm64/InternalCollectionsUtilities-Swift.h -o /Users/gunnarhostetler/Library/Developer/Xcode/DerivedData/OpenIntelligence-exvenikajtsxhefyqtimuofgvczj/Build/Intermediates.noindex/GeneratedModuleMaps-iphonesimulator/InternalCollectionsUtilities-Swift.h

Copy /Users/gunnarhostetler/Library/Developer/Xcode/DerivedData/OpenIntelligence-exvenikajtsxhefyqtimuofgvczj/Build/Products/Debug-iphonesimulator/InternalCollectionsUtilities.swiftmodule/arm64-apple-ios-simulator.swiftmodule /Users/gunnarhostetler/Library/Developer/Xcode/DerivedData/OpenIntelligence-exvenikajtsxhefyqtimuofgvczj/Build/Intermediates.noindex/swift-collections.build/Debug-iphonesimulator/InternalCollectionsUtilities.build/Objects-normal/arm64/InternalCollectionsUtilities.swiftmodule (in target 'InternalCollectionsUtilities' from project 'swift-collections')
    cd /Users/gunnarhostetler/Library/Developer/Xcode/DerivedData/OpenIntelligence-exvenikajtsxhefyqtimuofgvczj/SourcePackages/checkouts/swift-collections
    builtin-copy -exclude .DS_Store -exclude CVS -exclude .svn -exclude .git -exclude .hg -resolve-src-symlinks -rename /Users/gunnarhostetler/Library/Developer/Xcode/DerivedData/OpenIntelligence-exvenikajtsxhefyqtimuofgvczj/Build/Intermediates.noindex/swift-collections.build/Debug-iphonesimulator/InternalCollectionsUtilities.build/Objects-normal/arm64/InternalCollectionsUtilities.swiftmodule /Users/gunnarhostetler/Library/Developer/Xcode/DerivedData/OpenIntelligence-exvenikajtsxhefyqtimuofgvczj/Build/Products/Debug-iphonesimulator/InternalCollectionsUtilities.swiftmodule/arm64-apple-ios-simulator.swiftmodule

Copy /Users/gunnarhostetler/Library/Developer/Xcode/DerivedData/OpenIntelligence-exvenikajtsxhefyqtimuofgvczj/Build/Products/Debug-iphonesimulator/InternalCollectionsUtilities.swiftmodule/arm64-apple-ios-simulator.swiftdoc /Users/gunnarhostetler/Library/Developer/Xcode/DerivedData/OpenIntelligence-exvenikajtsxhefyqtimuofgvczj/Build/Intermediates.noindex/swift-collections.build/Debug-iphonesimulator/InternalCollectionsUtilities.build/Objects-normal/arm64/InternalCollectionsUtilities.swiftdoc (in target 'InternalCollectionsUtilities' from project 'swift-collections')
    cd /Users/gunnarhostetler/Library/Developer/Xcode/DerivedData/OpenIntelligence-exvenikajtsxhefyqtimuofgvczj/SourcePackages/checkouts/swift-collections
    builtin-copy -exclude .DS_Store -exclude CVS -exclude .svn -exclude .git -exclude .hg -resolve-src-symlinks -rename /Users/gunnarhostetler/Library/Developer/Xcode/DerivedData/OpenIntelligence-exvenikajtsxhefyqtimuofgvczj/Build/Intermediates.noindex/swift-collections.build/Debug-iphonesimulator/InternalCollectionsUtilities.build/Objects-normal/arm64/InternalCollectionsUtilities.swiftdoc /Users/gunnarhostetler/Library/Developer/Xcode/DerivedData/OpenIntelligence-exvenikajtsxhefyqtimuofgvczj/Build/Products/Debug-iphonesimulator/InternalCollectionsUtilities.swiftmodule/arm64-apple-ios-simulator.swiftdoc

Copy /Users/gunnarhostetler/Library/Developer/Xcode/DerivedData/OpenIntelligence-exvenikajtsxhefyqtimuofgvczj/Build/Products/Debug-iphonesimulator/InternalCollectionsUtilities.swiftmodule/arm64-apple-ios-simulator.abi.json /Users/gunnarhostetler/Library/Developer/Xcode/DerivedData/OpenIntelligence-exvenikajtsxhefyqtimuofgvczj/Build/Intermediates.noindex/swift-collections.build/Debug-iphonesimulator/InternalCollectionsUtilities.build/Objects-normal/arm64/InternalCollectionsUtilities.abi.json (in target 'InternalCollectionsUtilities' from project 'swift-collections')
    cd /Users/gunnarhostetler/Library/Developer/Xcode/DerivedData/OpenIntelligence-exvenikajtsxhefyqtimuofgvczj/SourcePackages/checkouts/swift-collections
    builtin-copy -exclude .DS_Store -exclude CVS -exclude .svn -exclude .git -exclude .hg -resolve-src-symlinks -rename /Users/gunnarhostetler/Library/Developer/Xcode/DerivedData/OpenIntelligence-exvenikajtsxhefyqtimuofgvczj/Build/Intermediates.noindex/swift-collections.build/Debug-iphonesimulator/InternalCollectionsUtilities.build/Objects-normal/arm64/InternalCollectionsUtilities.abi.json /Users/gunnarhostetler/Library/Developer/Xcode/DerivedData/OpenIntelligence-exvenikajtsxhefyqtimuofgvczj/Build/Products/Debug-iphonesimulator/InternalCollectionsUtilities.swiftmodule/arm64-apple-ios-simulator.abi.json

Copy /Users/gunnarhostetler/Library/Developer/Xcode/DerivedData/OpenIntelligence-exvenikajtsxhefyqtimuofgvczj/Build/Products/Debug-iphonesimulator/InternalCollectionsUtilities.swiftmodule/Project/arm64-apple-ios-simulator.swiftsourceinfo /Users/gunnarhostetler/Library/Developer/Xcode/DerivedData/OpenIntelligence-exvenikajtsxhefyqtimuofgvczj/Build/Intermediates.noindex/swift-collections.build/Debug-iphonesimulator/InternalCollectionsUtilities.build/Objects-normal/arm64/InternalCollectionsUtilities.swiftsourceinfo (in target 'InternalCollectionsUtilities' from project 'swift-collections')
    cd /Users/gunnarhostetler/Library/Developer/Xcode/DerivedData/OpenIntelligence-exvenikajtsxhefyqtimuofgvczj/SourcePackages/checkouts/swift-collections
    builtin-copy -exclude .DS_Store -exclude CVS -exclude .svn -exclude .git -exclude .hg -resolve-src-symlinks -rename /Users/gunnarhostetler/Library/Developer/Xcode/DerivedData/OpenIntelligence-exvenikajtsxhefyqtimuofgvczj/Build/Intermediates.noindex/swift-collections.build/Debug-iphonesimulator/InternalCollectionsUtilities.build/Objects-normal/arm64/InternalCollectionsUtilities.swiftsourceinfo /Users/gunnarhostetler/Library/Developer/Xcode/DerivedData/OpenIntelligence-exvenikajtsxhefyqtimuofgvczj/Build/Products/Debug-iphonesimulator/InternalCollectionsUtilities.swiftmodule/Project/arm64-apple-ios-simulator.swiftsourceinfo

CompileC /Users/gunnarhostetler/Library/Developer/Xcode/DerivedData/OpenIntelligence-exvenikajtsxhefyqtimuofgvczj/Build/Intermediates.noindex/LocalLLMClient.build/Debug-iphonesimulator/LocalLLMClientLlamaC.build/Objects-normal/arm64/chat-parser.o /Users/gunnarhostetler/Documents/GitHub/OpenIntelligence/Vendor/LocalLLMClient/Sources/LocalLLMClientLlamaC/common/chat-parser.cpp normal arm64 c++ com.apple.compilers.llvm.clang.1_0.compiler (in target 'LocalLLMClientLlamaC' from project 'LocalLLMClient')
    cd /Users/gunnarhostetler/Documents/GitHub/OpenIntelligence/OpenIntelligence.xcodeproj
    
    Using response file: /Users/gunnarhostetler/Library/Developer/Xcode/DerivedData/OpenIntelligence-exvenikajtsxhefyqtimuofgvczj/Build/Intermediates.noindex/LocalLLMClient.build/Debug-iphonesimulator/LocalLLMClientLlamaC.build/Objects-normal/arm64/82b82416624d2658e5098eb0a28c15c5-common-args.resp
    
    /Applications/Xcode.app/Contents/Developer/Toolchains/XcodeDefault.xctoolchain/usr/bin/clang -x c++ -ivfsstatcache /Users/gunnarhostetler/Library/Developer/Xcode/DerivedData/SDKStatCaches.noindex/iphonesimulator26.1-23B77-3885c01c3e6b6a337905948deab2002e90cf18a4295e390e64c810bc6bd7acbc.sdkstatcache -fmessage-length\=0 -fdiagnostics-show-note-include-stack -fmacro-backtrace-limit\=0 -fno-color-diagnostics -fmodules-prune-interval\=86400 -fmodules-prune-after\=345600 -fbuild-session-file\=/Users/gunnarhostetler/Library/Developer/Xcode/DerivedData/ModuleCache.noindex/Session.modulevalidation -fmodules-validate-once-per-build-session -Wnon-modular-include-in-framework-module -Werror\=non-modular-include-in-framework-module -Wno-trigraphs -Wno-missing-field-initializers -Wno-missing-prototypes -Wno-return-type -Wno-non-virtual-dtor -Wno-overloaded-virtual -Wno-exit-time-destructors -Wno-missing-braces -Wparentheses -Wswitch -Wno-unused-function -Wno-unused-label -Wno-unused-parameter -Wno-unused-variable -Wunused-value -Wno-empty-body -Wno-uninitialized -Wno-unknown-pragmas -w -Wno-shadow -Wno-four-char-constants -Wno-conversion -Wno-constant-conversion -Wno-int-conversion -Wno-bool-conversion -Wno-enum-conversion -Wno-float-conversion -Wno-non-literal-null-conversion -Wno-objc-literal-conversion -Wshorten-64-to-32 -Wno-newline-eof -Wno-c++11-extensions -Wno-implicit-fallthrough -fstrict-aliasing -Wdeprecated-declarations -Winvalid-offsetof -Wno-sign-conversion -Wno-infinite-recursion -Wno-move -Wno-comma -Wno-block-capture-autoreleasing -Wno-strict-prototypes -Wno-range-loop-analysis -Wno-semicolon-before-method-body -index-store-path /Users/gunnarhostetler/Library/Developer/Xcode/DerivedData/OpenIntelligence-exvenikajtsxhefyqtimuofgvczj/Index.noindex/DataStore -w @/Users/gunnarhostetler/Library/Developer/Xcode/DerivedData/OpenIntelligence-exvenikajtsxhefyqtimuofgvczj/Build/Intermediates.noindex/LocalLLMClient.build/Debug-iphonesimulator/LocalLLMClientLlamaC.build/Objects-normal/arm64/82b82416624d2658e5098eb0a28c15c5-common-args.resp -MMD -MT dependencies -MF /Users/gunnarhostetler/Library/Developer/Xcode/DerivedData/OpenIntelligence-exvenikajtsxhefyqtimuofgvczj/Build/Intermediates.noindex/LocalLLMClient.build/Debug-iphonesimulator/LocalLLMClientLlamaC.build/Objects-normal/arm64/chat-parser.d --serialize-diagnostics /Users/gunnarhostetler/Library/Developer/Xcode/DerivedData/OpenIntelligence-exvenikajtsxhefyqtimuofgvczj/Build/Intermediates.noindex/LocalLLMClient.build/Debug-iphonesimulator/LocalLLMClientLlamaC.build/Objects-normal/arm64/chat-parser.dia -c /Users/gunnarhostetler/Documents/GitHub/OpenIntelligence/Vendor/LocalLLMClient/Sources/LocalLLMClientLlamaC/common/chat-parser.cpp -o /Users/gunnarhostetler/Library/Developer/Xcode/DerivedData/OpenIntelligence-exvenikajtsxhefyqtimuofgvczj/Build/Intermediates.noindex/LocalLLMClient.build/Debug-iphonesimulator/LocalLLMClientLlamaC.build/Objects-normal/arm64/chat-parser.o -index-unit-output-path /LocalLLMClient.build/Debug-iphonesimulator/LocalLLMClientLlamaC.build/Objects-normal/arm64/chat-parser.o

SwiftCompile normal arm64 Compiling\ FileDownloader.swift /Users/gunnarhostetler/Documents/GitHub/OpenIntelligence/Vendor/LocalLLMClient/Sources/LocalLLMClientUtility/FileDownloader.swift (in target 'LocalLLMClientUtility' from project 'LocalLLMClient')

SwiftCompile normal arm64 /Users/gunnarhostetler/Documents/GitHub/OpenIntelligence/Vendor/LocalLLMClient/Sources/LocalLLMClientUtility/FileDownloader.swift (in target 'LocalLLMClientUtility' from project 'LocalLLMClient')
    cd /Users/gunnarhostetler/Documents/GitHub/OpenIntelligence/OpenIntelligence.xcodeproj
    

SwiftCompile normal arm64 Compiling\ Globs.swift /Users/gunnarhostetler/Documents/GitHub/OpenIntelligence/Vendor/LocalLLMClient/Sources/LocalLLMClientUtility/Globs.swift (in target 'LocalLLMClientUtility' from project 'LocalLLMClient')

SwiftCompile normal arm64 /Users/gunnarhostetler/Documents/GitHub/OpenIntelligence/Vendor/LocalLLMClient/Sources/LocalLLMClientUtility/Globs.swift (in target 'LocalLLMClientUtility' from project 'LocalLLMClient')
    cd /Users/gunnarhostetler/Documents/GitHub/OpenIntelligence/OpenIntelligence.xcodeproj
    

SwiftCompile normal arm64 Compiling\ Lock.swift /Users/gunnarhostetler/Documents/GitHub/OpenIntelligence/Vendor/LocalLLMClient/Sources/LocalLLMClientUtility/Lock.swift (in target 'LocalLLMClientUtility' from project 'LocalLLMClient')

SwiftCompile normal arm64 /Users/gunnarhostetler/Documents/GitHub/OpenIntelligence/Vendor/LocalLLMClient/Sources/LocalLLMClientUtility/Lock.swift (in target 'LocalLLMClientUtility' from project 'LocalLLMClient')
    cd /Users/gunnarhostetler/Documents/GitHub/OpenIntelligence/OpenIntelligence.xcodeproj
    

SwiftDriverJobDiscovery normal arm64 Compiling Globs.swift (in target 'LocalLLMClientUtility' from project 'LocalLLMClient')

SwiftCompile normal arm64 Compiling\ Downloader.swift /Users/gunnarhostetler/Documents/GitHub/OpenIntelligence/Vendor/LocalLLMClient/Sources/LocalLLMClientUtility/Downloader.swift (in target 'LocalLLMClientUtility' from project 'LocalLLMClient')

SwiftCompile normal arm64 /Users/gunnarhostetler/Documents/GitHub/OpenIntelligence/Vendor/LocalLLMClient/Sources/LocalLLMClientUtility/Downloader.swift (in target 'LocalLLMClientUtility' from project 'LocalLLMClient')
    cd /Users/gunnarhostetler/Documents/GitHub/OpenIntelligence/OpenIntelligence.xcodeproj
    

SwiftDriverJobDiscovery normal arm64 Compiling Lock.swift (in target 'LocalLLMClientUtility' from project 'LocalLLMClient')

SwiftCompile normal arm64 Compiling\ URL+.swift /Users/gunnarhostetler/Documents/GitHub/OpenIntelligence/Vendor/LocalLLMClient/Sources/LocalLLMClientUtility/URL+.swift (in target 'LocalLLMClientUtility' from project 'LocalLLMClient')

SwiftCompile normal arm64 /Users/gunnarhostetler/Documents/GitHub/OpenIntelligence/Vendor/LocalLLMClient/Sources/LocalLLMClientUtility/URL+.swift (in target 'LocalLLMClientUtility' from project 'LocalLLMClient')
    cd /Users/gunnarhostetler/Documents/GitHub/OpenIntelligence/OpenIntelligence.xcodeproj
    

SwiftDriverJobDiscovery normal arm64 Compiling FileDownloader.swift (in target 'LocalLLMClientUtility' from project 'LocalLLMClient')

SwiftCompile normal arm64 Compiling\ HuggingFaceAPI.swift /Users/gunnarhostetler/Documents/GitHub/OpenIntelligence/Vendor/LocalLLMClient/Sources/LocalLLMClientUtility/HuggingFaceAPI.swift (in target 'LocalLLMClientUtility' from project 'LocalLLMClient')

SwiftCompile normal arm64 /Users/gunnarhostetler/Documents/GitHub/OpenIntelligence/Vendor/LocalLLMClient/Sources/LocalLLMClientUtility/HuggingFaceAPI.swift (in target 'LocalLLMClientUtility' from project 'LocalLLMClient')
    cd /Users/gunnarhostetler/Documents/GitHub/OpenIntelligence/OpenIntelligence.xcodeproj
    

SwiftCompile normal arm64 Compiling\ ToolArgumentEnumMacro.swift /Users/gunnarhostetler/Documents/GitHub/OpenIntelligence/Vendor/LocalLLMClient/Sources/LocalLLMClientMacrosPlugin/ToolArgumentEnumMacro.swift (in target 'LocalLLMClientMacrosPlugin' from project 'LocalLLMClient')

SwiftCompile normal arm64 /Users/gunnarhostetler/Documents/GitHub/OpenIntelligence/Vendor/LocalLLMClient/Sources/LocalLLMClientMacrosPlugin/ToolArgumentEnumMacro.swift (in target 'LocalLLMClientMacrosPlugin' from project 'LocalLLMClient')
    cd /Users/gunnarhostetler/Documents/GitHub/OpenIntelligence/OpenIntelligence.xcodeproj
    

SwiftDriverJobDiscovery normal arm64 Compiling URL+.swift (in target 'LocalLLMClientUtility' from project 'LocalLLMClient')

SwiftCompile normal arm64 Compiling\ ToolArgumentMacro.swift /Users/gunnarhostetler/Documents/GitHub/OpenIntelligence/Vendor/LocalLLMClient/Sources/LocalLLMClientMacrosPlugin/ToolArgumentMacro.swift (in target 'LocalLLMClientMacrosPlugin' from project 'LocalLLMClient')

SwiftCompile normal arm64 /Users/gunnarhostetler/Documents/GitHub/OpenIntelligence/Vendor/LocalLLMClient/Sources/LocalLLMClientMacrosPlugin/ToolArgumentMacro.swift (in target 'LocalLLMClientMacrosPlugin' from project 'LocalLLMClient')
    cd /Users/gunnarhostetler/Documents/GitHub/OpenIntelligence/OpenIntelligence.xcodeproj
    

SwiftDriverJobDiscovery normal arm64 Compiling ToolArgumentEnumMacro.swift (in target 'LocalLLMClientMacrosPlugin' from project 'LocalLLMClient')

SwiftDriverJobDiscovery normal arm64 Compiling ToolArgumentMacro.swift (in target 'LocalLLMClientMacrosPlugin' from project 'LocalLLMClient')

SwiftCompile normal arm64 Compiling\ LocalLLMClientMacrosPlugin.swift /Users/gunnarhostetler/Documents/GitHub/OpenIntelligence/Vendor/LocalLLMClient/Sources/LocalLLMClientMacrosPlugin/LocalLLMClientMacrosPlugin.swift (in target 'LocalLLMClientMacrosPlugin' from project 'LocalLLMClient')

SwiftCompile normal arm64 /Users/gunnarhostetler/Documents/GitHub/OpenIntelligence/Vendor/LocalLLMClient/Sources/LocalLLMClientMacrosPlugin/LocalLLMClientMacrosPlugin.swift (in target 'LocalLLMClientMacrosPlugin' from project 'LocalLLMClient')
    cd /Users/gunnarhostetler/Documents/GitHub/OpenIntelligence/OpenIntelligence.xcodeproj
    

SwiftCompile normal arm64 Compiling\ ToolMacro.swift /Users/gunnarhostetler/Documents/GitHub/OpenIntelligence/Vendor/LocalLLMClient/Sources/LocalLLMClientMacrosPlugin/ToolMacro.swift (in target 'LocalLLMClientMacrosPlugin' from project 'LocalLLMClient')

SwiftCompile normal arm64 /Users/gunnarhostetler/Documents/GitHub/OpenIntelligence/Vendor/LocalLLMClient/Sources/LocalLLMClientMacrosPlugin/ToolMacro.swift (in target 'LocalLLMClientMacrosPlugin' from project 'LocalLLMClient')
    cd /Users/gunnarhostetler/Documents/GitHub/OpenIntelligence/OpenIntelligence.xcodeproj
    

SwiftCompile normal arm64 Compiling\ ToolArgumentsMacro.swift /Users/gunnarhostetler/Documents/GitHub/OpenIntelligence/Vendor/LocalLLMClient/Sources/LocalLLMClientMacrosPlugin/ToolArgumentsMacro.swift (in target 'LocalLLMClientMacrosPlugin' from project 'LocalLLMClient')

SwiftCompile normal arm64 /Users/gunnarhostetler/Documents/GitHub/OpenIntelligence/Vendor/LocalLLMClient/Sources/LocalLLMClientMacrosPlugin/ToolArgumentsMacro.swift (in target 'LocalLLMClientMacrosPlugin' from project 'LocalLLMClient')
    cd /Users/gunnarhostetler/Documents/GitHub/OpenIntelligence/OpenIntelligence.xcodeproj
    

SwiftDriverJobDiscovery normal arm64 Compiling LocalLLMClientMacrosPlugin.swift (in target 'LocalLLMClientMacrosPlugin' from project 'LocalLLMClient')

SwiftCompile normal arm64 Compiling\ UnsafeMutableRawBufferPointer+Extras.swift /Users/gunnarhostetler/Library/Developer/Xcode/DerivedData/OpenIntelligence-exvenikajtsxhefyqtimuofgvczj/SourcePackages/checkouts/swift-collections/Sources/InternalCollectionsUtilities/autogenerated/UnsafeMutableRawBufferPointer+Extras.swift (in target 'InternalCollectionsUtilities' from project 'swift-collections')

SwiftCompile normal arm64 /Users/gunnarhostetler/Library/Developer/Xcode/DerivedData/OpenIntelligence-exvenikajtsxhefyqtimuofgvczj/SourcePackages/checkouts/swift-collections/Sources/InternalCollectionsUtilities/autogenerated/UnsafeMutableRawBufferPointer+Extras.swift (in target 'InternalCollectionsUtilities' from project 'swift-collections')
    cd /Users/gunnarhostetler/Documents/GitHub/OpenIntelligence/OpenIntelligence.xcodeproj
    

SwiftDriverJobDiscovery normal arm64 Compiling Downloader.swift (in target 'LocalLLMClientUtility' from project 'LocalLLMClient')

SwiftCompile normal arm64 Compiling\ _UniqueCollection.swift,\ Debugging.swift /Users/gunnarhostetler/Library/Developer/Xcode/DerivedData/OpenIntelligence-exvenikajtsxhefyqtimuofgvczj/SourcePackages/checkouts/swift-collections/Sources/InternalCollectionsUtilities/_UniqueCollection.swift /Users/gunnarhostetler/Library/Developer/Xcode/DerivedData/OpenIntelligence-exvenikajtsxhefyqtimuofgvczj/SourcePackages/checkouts/swift-collections/Sources/InternalCollectionsUtilities/autogenerated/Debugging.swift (in target 'InternalCollectionsUtilities' from project 'swift-collections')

SwiftCompile normal arm64 /Users/gunnarhostetler/Library/Developer/Xcode/DerivedData/OpenIntelligence-exvenikajtsxhefyqtimuofgvczj/SourcePackages/checkouts/swift-collections/Sources/InternalCollectionsUtilities/_UniqueCollection.swift (in target 'InternalCollectionsUtilities' from project 'swift-collections')
    cd /Users/gunnarhostetler/Documents/GitHub/OpenIntelligence/OpenIntelligence.xcodeproj
    

SwiftCompile normal arm64 /Users/gunnarhostetler/Library/Developer/Xcode/DerivedData/OpenIntelligence-exvenikajtsxhefyqtimuofgvczj/SourcePackages/checkouts/swift-collections/Sources/InternalCollectionsUtilities/autogenerated/Debugging.swift (in target 'InternalCollectionsUtilities' from project 'swift-collections')
    cd /Users/gunnarhostetler/Documents/GitHub/OpenIntelligence/OpenIntelligence.xcodeproj
    

SwiftDriverJobDiscovery normal arm64 Compiling UnsafeMutableRawBufferPointer+Extras.swift (in target 'InternalCollectionsUtilities' from project 'swift-collections')

SwiftCompile normal arm64 Compiling\ _UnsafeBitSet+Index.swift,\ _UnsafeBitSet+_Word.swift /Users/gunnarhostetler/Library/Developer/Xcode/DerivedData/OpenIntelligence-exvenikajtsxhefyqtimuofgvczj/SourcePackages/checkouts/swift-collections/Sources/InternalCollectionsUtilities/UnsafeBitSet/autogenerated/_UnsafeBitSet+Index.swift /Users/gunnarhostetler/Library/Developer/Xcode/DerivedData/OpenIntelligence-exvenikajtsxhefyqtimuofgvczj/SourcePackages/checkouts/swift-collections/Sources/InternalCollectionsUtilities/UnsafeBitSet/autogenerated/_UnsafeBitSet+_Word.swift (in target 'InternalCollectionsUtilities' from project 'swift-collections')

SwiftCompile normal arm64 /Users/gunnarhostetler/Library/Developer/Xcode/DerivedData/OpenIntelligence-exvenikajtsxhefyqtimuofgvczj/SourcePackages/checkouts/swift-collections/Sources/InternalCollectionsUtilities/UnsafeBitSet/autogenerated/_UnsafeBitSet+Index.swift (in target 'InternalCollectionsUtilities' from project 'swift-collections')
    cd /Users/gunnarhostetler/Documents/GitHub/OpenIntelligence/OpenIntelligence.xcodeproj
    

SwiftCompile normal arm64 /Users/gunnarhostetler/Library/Developer/Xcode/DerivedData/OpenIntelligence-exvenikajtsxhefyqtimuofgvczj/SourcePackages/checkouts/swift-collections/Sources/InternalCollectionsUtilities/UnsafeBitSet/autogenerated/_UnsafeBitSet+_Word.swift (in target 'InternalCollectionsUtilities' from project 'swift-collections')
    cd /Users/gunnarhostetler/Documents/GitHub/OpenIntelligence/OpenIntelligence.xcodeproj
    

SwiftDriverJobDiscovery normal arm64 Compiling ToolMacro.swift (in target 'LocalLLMClientMacrosPlugin' from project 'LocalLLMClient')

SwiftCompile normal arm64 Compiling\ UnsafeRawBufferPointer+Extras.swift /Users/gunnarhostetler/Library/Developer/Xcode/DerivedData/OpenIntelligence-exvenikajtsxhefyqtimuofgvczj/SourcePackages/checkouts/swift-collections/Sources/InternalCollectionsUtilities/autogenerated/UnsafeRawBufferPointer+Extras.swift (in target 'InternalCollectionsUtilities' from project 'swift-collections')

SwiftCompile normal arm64 /Users/gunnarhostetler/Library/Developer/Xcode/DerivedData/OpenIntelligence-exvenikajtsxhefyqtimuofgvczj/SourcePackages/checkouts/swift-collections/Sources/InternalCollectionsUtilities/autogenerated/UnsafeRawBufferPointer+Extras.swift (in target 'InternalCollectionsUtilities' from project 'swift-collections')
    cd /Users/gunnarhostetler/Documents/GitHub/OpenIntelligence/OpenIntelligence.xcodeproj
    

SwiftDriverJobDiscovery normal arm64 Compiling _UniqueCollection.swift, Debugging.swift (in target 'InternalCollectionsUtilities' from project 'swift-collections')

SwiftCompile normal arm64 Compiling\ UnsafeBufferPointer+Extras.swift /Users/gunnarhostetler/Library/Developer/Xcode/DerivedData/OpenIntelligence-exvenikajtsxhefyqtimuofgvczj/SourcePackages/checkouts/swift-collections/Sources/InternalCollectionsUtilities/autogenerated/UnsafeBufferPointer+Extras.swift (in target 'InternalCollectionsUtilities' from project 'swift-collections')

SwiftCompile normal arm64 /Users/gunnarhostetler/Library/Developer/Xcode/DerivedData/OpenIntelligence-exvenikajtsxhefyqtimuofgvczj/SourcePackages/checkouts/swift-collections/Sources/InternalCollectionsUtilities/autogenerated/UnsafeBufferPointer+Extras.swift (in target 'InternalCollectionsUtilities' from project 'swift-collections')
    cd /Users/gunnarhostetler/Documents/GitHub/OpenIntelligence/OpenIntelligence.xcodeproj
    

SwiftDriverJobDiscovery normal arm64 Compiling HuggingFaceAPI.swift (in target 'LocalLLMClientUtility' from project 'LocalLLMClient')

SwiftCompile normal arm64 Compiling\ UInt+first\ and\ last\ set\ bit.swift,\ UInt+reversed.swift /Users/gunnarhostetler/Library/Developer/Xcode/DerivedData/OpenIntelligence-exvenikajtsxhefyqtimuofgvczj/SourcePackages/checkouts/swift-collections/Sources/InternalCollectionsUtilities/IntegerTricks/autogenerated/UInt+first\ and\ last\ set\ bit.swift /Users/gunnarhostetler/Library/Developer/Xcode/DerivedData/OpenIntelligence-exvenikajtsxhefyqtimuofgvczj/SourcePackages/checkouts/swift-collections/Sources/InternalCollectionsUtilities/IntegerTricks/autogenerated/UInt+reversed.swift (in target 'InternalCollectionsUtilities' from project 'swift-collections')

SwiftCompile normal arm64 /Users/gunnarhostetler/Library/Developer/Xcode/DerivedData/OpenIntelligence-exvenikajtsxhefyqtimuofgvczj/SourcePackages/checkouts/swift-collections/Sources/InternalCollectionsUtilities/IntegerTricks/autogenerated/UInt+first\ and\ last\ set\ bit.swift (in target 'InternalCollectionsUtilities' from project 'swift-collections')
    cd /Users/gunnarhostetler/Documents/GitHub/OpenIntelligence/OpenIntelligence.xcodeproj
    

SwiftCompile normal arm64 /Users/gunnarhostetler/Library/Developer/Xcode/DerivedData/OpenIntelligence-exvenikajtsxhefyqtimuofgvczj/SourcePackages/checkouts/swift-collections/Sources/InternalCollectionsUtilities/IntegerTricks/autogenerated/UInt+reversed.swift (in target 'InternalCollectionsUtilities' from project 'swift-collections')
    cd /Users/gunnarhostetler/Documents/GitHub/OpenIntelligence/OpenIntelligence.xcodeproj
    

SwiftDriverJobDiscovery normal arm64 Compiling UnsafeRawBufferPointer+Extras.swift (in target 'InternalCollectionsUtilities' from project 'swift-collections')

SwiftDriver\ Compilation LocalLLMClientUtility normal arm64 com.apple.xcode.tools.swift.compiler (in target 'LocalLLMClientUtility' from project 'LocalLLMClient')
    cd /Users/gunnarhostetler/Documents/GitHub/OpenIntelligence/OpenIntelligence.xcodeproj
    builtin-Swift-Compilation -- /Applications/Xcode.app/Contents/Developer/Toolchains/XcodeDefault.xctoolchain/usr/bin/swiftc -module-name LocalLLMClientUtility -Onone -enforce-exclusivity\=checked @/Users/gunnarhostetler/Library/Developer/Xcode/DerivedData/OpenIntelligence-exvenikajtsxhefyqtimuofgvczj/Build/Intermediates.noindex/LocalLLMClient.build/Debug-iphonesimulator/LocalLLMClientUtility.build/Objects-normal/arm64/LocalLLMClientUtility.SwiftFileList -DSWIFT_PACKAGE -DDEBUG -DSWIFT_MODULE_RESOURCE_BUNDLE_UNAVAILABLE -DXcode -plugin-path /Applications/Xcode.app/Contents/Developer/Toolchains/XcodeDefault.xctoolchain/usr/lib/swift/host/plugins/testing -enable-experimental-feature DebugDescriptionMacro -sdk /Applications/Xcode.app/Contents/Developer/Platforms/iPhoneSimulator.platform/Developer/SDKs/iPhoneSimulator26.1.sdk -target arm64-apple-ios16.0-simulator -g -module-cache-path /Users/gunnarhostetler/Library/Developer/Xcode/DerivedData/ModuleCache.noindex -Xfrontend -serialize-debugging-options -enable-testing -suppress-warnings -index-store-path /Users/gunnarhostetler/Library/Developer/Xcode/DerivedData/OpenIntelligence-exvenikajtsxhefyqtimuofgvczj/Index.noindex/DataStore -Xcc -D_LIBCPP_HARDENING_MODE\=_LIBCPP_HARDENING_MODE_DEBUG -swift-version 6 -I /Users/gunnarhostetler/Library/Developer/Xcode/DerivedData/OpenIntelligence-exvenikajtsxhefyqtimuofgvczj/Build/Products/Debug-iphonesimulator -Isystem /Applications/Xcode.app/Contents/Developer/Platforms/iPhoneSimulator.platform/Developer/usr/lib -F /Users/gunnarhostetler/Library/Developer/Xcode/DerivedData/OpenIntelligence-exvenikajtsxhefyqtimuofgvczj/Build/Products/Debug-iphonesimulator -F /Applications/Xcode.app/Contents/Developer/Platforms/iPhoneSimulator.platform/Developer/Library/Frameworks -F /Applications/Xcode.app/Contents/Developer/Platforms/iPhoneSimulator.platform/Developer/SDKs/iPhoneSimulator26.1.sdk/Developer/Library/Frameworks -c -j11 -enable-batch-mode -incremental -Xcc -ivfsstatcache -Xcc /Users/gunnarhostetler/Library/Developer/Xcode/DerivedData/SDKStatCaches.noindex/iphonesimulator26.1-23B77-3885c01c3e6b6a337905948deab2002e90cf18a4295e390e64c810bc6bd7acbc.sdkstatcache -output-file-map /Users/gunnarhostetler/Library/Developer/Xcode/DerivedData/OpenIntelligence-exvenikajtsxhefyqtimuofgvczj/Build/Intermediates.noindex/LocalLLMClient.build/Debug-iphonesimulator/LocalLLMClientUtility.build/Objects-normal/arm64/LocalLLMClientUtility-OutputFileMap.json -use-frontend-parseable-output -save-temps -no-color-diagnostics -explicit-module-build -module-cache-path /Users/gunnarhostetler/Library/Developer/Xcode/DerivedData/OpenIntelligence-exvenikajtsxhefyqtimuofgvczj/Build/Intermediates.noindex/SwiftExplicitPrecompiledModules -clang-scanner-module-cache-path /Users/gunnarhostetler/Library/Developer/Xcode/DerivedData/ModuleCache.noindex -sdk-module-cache-path /Users/gunnarhostetler/Library/Developer/Xcode/DerivedData/ModuleCache.noindex -serialize-diagnostics -emit-dependencies -emit-module -emit-module-path /Users/gunnarhostetler/Library/Developer/Xcode/DerivedData/OpenIntelligence-exvenikajtsxhefyqtimuofgvczj/Build/Intermediates.noindex/LocalLLMClient.build/Debug-iphonesimulator/LocalLLMClientUtility.build/Objects-normal/arm64/LocalLLMClientUtility.swiftmodule -validate-clang-modules-once -clang-build-session-file /Users/gunnarhostetler/Library/Developer/Xcode/DerivedData/ModuleCache.noindex/Session.modulevalidation -package-name localllmclient -Xcc -I/Users/gunnarhostetler/Library/Developer/Xcode/DerivedData/OpenIntelligence-exvenikajtsxhefyqtimuofgvczj/Build/Intermediates.noindex/LocalLLMClient.build/Debug-iphonesimulator/LocalLLMClientUtility.build/swift-overrides.hmap -emit-const-values -Xfrontend -const-gather-protocols-file -Xfrontend /Users/gunnarhostetler/Library/Developer/Xcode/DerivedData/OpenIntelligence-exvenikajtsxhefyqtimuofgvczj/Build/Intermediates.noindex/LocalLLMClient.build/Debug-iphonesimulator/LocalLLMClientUtility.build/Objects-normal/arm64/LocalLLMClientUtility_const_extract_protocols.json -Xcc -I/Users/gunnarhostetler/Library/Developer/Xcode/DerivedData/OpenIntelligence-exvenikajtsxhefyqtimuofgvczj/Build/Products/Debug-iphonesimulator/include -Xcc -I/Users/gunnarhostetler/Library/Developer/Xcode/DerivedData/OpenIntelligence-exvenikajtsxhefyqtimuofgvczj/Build/Intermediates.noindex/LocalLLMClient.build/Debug-iphonesimulator/LocalLLMClientUtility.build/DerivedSources-normal/arm64 -Xcc -I/Users/gunnarhostetler/Library/Developer/Xcode/DerivedData/OpenIntelligence-exvenikajtsxhefyqtimuofgvczj/Build/Intermediates.noindex/LocalLLMClient.build/Debug-iphonesimulator/LocalLLMClientUtility.build/DerivedSources/arm64 -Xcc -I/Users/gunnarhostetler/Library/Developer/Xcode/DerivedData/OpenIntelligence-exvenikajtsxhefyqtimuofgvczj/Build/Intermediates.noindex/LocalLLMClient.build/Debug-iphonesimulator/LocalLLMClientUtility.build/DerivedSources -Xcc -DSWIFT_PACKAGE -Xcc -DDEBUG\=1 -emit-objc-header -emit-objc-header-path /Users/gunnarhostetler/Library/Developer/Xcode/DerivedData/OpenIntelligence-exvenikajtsxhefyqtimuofgvczj/Build/Intermediates.noindex/LocalLLMClient.build/Debug-iphonesimulator/LocalLLMClientUtility.build/Objects-normal/arm64/LocalLLMClientUtility-Swift.h -working-directory /Users/gunnarhostetler/Documents/GitHub/OpenIntelligence/OpenIntelligence.xcodeproj -experimental-emit-module-separately -disable-cmo

SwiftCompile normal arm64 Compiling\ UnsafeMutableBufferPointer+Extras.swift /Users/gunnarhostetler/Library/Developer/Xcode/DerivedData/OpenIntelligence-exvenikajtsxhefyqtimuofgvczj/SourcePackages/checkouts/swift-collections/Sources/InternalCollectionsUtilities/autogenerated/UnsafeMutableBufferPointer+Extras.swift (in target 'InternalCollectionsUtilities' from project 'swift-collections')

SwiftCompile normal arm64 /Users/gunnarhostetler/Library/Developer/Xcode/DerivedData/OpenIntelligence-exvenikajtsxhefyqtimuofgvczj/SourcePackages/checkouts/swift-collections/Sources/InternalCollectionsUtilities/autogenerated/UnsafeMutableBufferPointer+Extras.swift (in target 'InternalCollectionsUtilities' from project 'swift-collections')
    cd /Users/gunnarhostetler/Documents/GitHub/OpenIntelligence/OpenIntelligence.xcodeproj
    

SwiftCompile normal arm64 Compiling\ FixedWidthInteger+roundUpToPowerOfTwo.swift,\ Integer\ rank.swift /Users/gunnarhostetler/Library/Developer/Xcode/DerivedData/OpenIntelligence-exvenikajtsxhefyqtimuofgvczj/SourcePackages/checkouts/swift-collections/Sources/InternalCollectionsUtilities/IntegerTricks/autogenerated/FixedWidthInteger+roundUpToPowerOfTwo.swift /Users/gunnarhostetler/Library/Developer/Xcode/DerivedData/OpenIntelligence-exvenikajtsxhefyqtimuofgvczj/SourcePackages/checkouts/swift-collections/Sources/InternalCollectionsUtilities/IntegerTricks/autogenerated/Integer\ rank.swift (in target 'InternalCollectionsUtilities' from project 'swift-collections')

SwiftCompile normal arm64 /Users/gunnarhostetler/Library/Developer/Xcode/DerivedData/OpenIntelligence-exvenikajtsxhefyqtimuofgvczj/SourcePackages/checkouts/swift-collections/Sources/InternalCollectionsUtilities/IntegerTricks/autogenerated/FixedWidthInteger+roundUpToPowerOfTwo.swift (in target 'InternalCollectionsUtilities' from project 'swift-collections')
    cd /Users/gunnarhostetler/Documents/GitHub/OpenIntelligence/OpenIntelligence.xcodeproj
    

SwiftCompile normal arm64 /Users/gunnarhostetler/Library/Developer/Xcode/DerivedData/OpenIntelligence-exvenikajtsxhefyqtimuofgvczj/SourcePackages/checkouts/swift-collections/Sources/InternalCollectionsUtilities/IntegerTricks/autogenerated/Integer\ rank.swift (in target 'InternalCollectionsUtilities' from project 'swift-collections')
    cd /Users/gunnarhostetler/Documents/GitHub/OpenIntelligence/OpenIntelligence.xcodeproj
    

SwiftDriverJobDiscovery normal arm64 Compiling UnsafeBufferPointer+Extras.swift (in target 'InternalCollectionsUtilities' from project 'swift-collections')

SwiftCompile normal arm64 Compiling\ Descriptions.swift,\ LifetimeOverride.swift /Users/gunnarhostetler/Library/Developer/Xcode/DerivedData/OpenIntelligence-exvenikajtsxhefyqtimuofgvczj/SourcePackages/checkouts/swift-collections/Sources/InternalCollectionsUtilities/autogenerated/Descriptions.swift /Users/gunnarhostetler/Library/Developer/Xcode/DerivedData/OpenIntelligence-exvenikajtsxhefyqtimuofgvczj/SourcePackages/checkouts/swift-collections/Sources/InternalCollectionsUtilities/autogenerated/LifetimeOverride.swift (in target 'InternalCollectionsUtilities' from project 'swift-collections')

SwiftCompile normal arm64 /Users/gunnarhostetler/Library/Developer/Xcode/DerivedData/OpenIntelligence-exvenikajtsxhefyqtimuofgvczj/SourcePackages/checkouts/swift-collections/Sources/InternalCollectionsUtilities/autogenerated/Descriptions.swift (in target 'InternalCollectionsUtilities' from project 'swift-collections')
    cd /Users/gunnarhostetler/Documents/GitHub/OpenIntelligence/OpenIntelligence.xcodeproj
    

SwiftCompile normal arm64 /Users/gunnarhostetler/Library/Developer/Xcode/DerivedData/OpenIntelligence-exvenikajtsxhefyqtimuofgvczj/SourcePackages/checkouts/swift-collections/Sources/InternalCollectionsUtilities/autogenerated/LifetimeOverride.swift (in target 'InternalCollectionsUtilities' from project 'swift-collections')
    cd /Users/gunnarhostetler/Documents/GitHub/OpenIntelligence/OpenIntelligence.xcodeproj
    

SwiftDriverJobDiscovery normal arm64 Compiling UInt+first and last set bit.swift, UInt+reversed.swift (in target 'InternalCollectionsUtilities' from project 'swift-collections')

SwiftCompile normal arm64 Compiling\ RandomAccessCollection+Offsets.swift /Users/gunnarhostetler/Library/Developer/Xcode/DerivedData/OpenIntelligence-exvenikajtsxhefyqtimuofgvczj/SourcePackages/checkouts/swift-collections/Sources/InternalCollectionsUtilities/autogenerated/RandomAccessCollection+Offsets.swift (in target 'InternalCollectionsUtilities' from project 'swift-collections')

SwiftCompile normal arm64 /Users/gunnarhostetler/Library/Developer/Xcode/DerivedData/OpenIntelligence-exvenikajtsxhefyqtimuofgvczj/SourcePackages/checkouts/swift-collections/Sources/InternalCollectionsUtilities/autogenerated/RandomAccessCollection+Offsets.swift (in target 'InternalCollectionsUtilities' from project 'swift-collections')
    cd /Users/gunnarhostetler/Documents/GitHub/OpenIntelligence/OpenIntelligence.xcodeproj
    

SwiftDriverJobDiscovery normal arm64 Compiling UnsafeMutableBufferPointer+Extras.swift (in target 'InternalCollectionsUtilities' from project 'swift-collections')

SwiftCompile normal arm64 Compiling\ _UnsafeBitSet.swift,\ _SortedCollection.swift /Users/gunnarhostetler/Library/Developer/Xcode/DerivedData/OpenIntelligence-exvenikajtsxhefyqtimuofgvczj/SourcePackages/checkouts/swift-collections/Sources/InternalCollectionsUtilities/UnsafeBitSet/autogenerated/_UnsafeBitSet.swift /Users/gunnarhostetler/Library/Developer/Xcode/DerivedData/OpenIntelligence-exvenikajtsxhefyqtimuofgvczj/SourcePackages/checkouts/swift-collections/Sources/InternalCollectionsUtilities/_SortedCollection.swift (in target 'InternalCollectionsUtilities' from project 'swift-collections')

SwiftCompile normal arm64 /Users/gunnarhostetler/Library/Developer/Xcode/DerivedData/OpenIntelligence-exvenikajtsxhefyqtimuofgvczj/SourcePackages/checkouts/swift-collections/Sources/InternalCollectionsUtilities/UnsafeBitSet/autogenerated/_UnsafeBitSet.swift (in target 'InternalCollectionsUtilities' from project 'swift-collections')
    cd /Users/gunnarhostetler/Documents/GitHub/OpenIntelligence/OpenIntelligence.xcodeproj
    

SwiftCompile normal arm64 /Users/gunnarhostetler/Library/Developer/Xcode/DerivedData/OpenIntelligence-exvenikajtsxhefyqtimuofgvczj/SourcePackages/checkouts/swift-collections/Sources/InternalCollectionsUtilities/_SortedCollection.swift (in target 'InternalCollectionsUtilities' from project 'swift-collections')
    cd /Users/gunnarhostetler/Documents/GitHub/OpenIntelligence/OpenIntelligence.xcodeproj
    

SwiftDriverJobDiscovery normal arm64 Compiling Descriptions.swift, LifetimeOverride.swift (in target 'InternalCollectionsUtilities' from project 'swift-collections')

Ld /Users/gunnarhostetler/Library/Developer/Xcode/DerivedData/OpenIntelligence-exvenikajtsxhefyqtimuofgvczj/Build/Products/Debug-iphonesimulator/LocalLLMClientUtility.o normal (in target 'LocalLLMClientUtility' from project 'LocalLLMClient')
    cd /Users/gunnarhostetler/Documents/GitHub/OpenIntelligence/Vendor/LocalLLMClient
    /Applications/Xcode.app/Contents/Developer/Toolchains/XcodeDefault.xctoolchain/usr/bin/clang -Xlinker -reproducible -target arm64-apple-ios16.0-simulator -r -isysroot /Applications/Xcode.app/Contents/Developer/Platforms/iPhoneSimulator.platform/Developer/SDKs/iPhoneSimulator26.1.sdk -O0 -w -L/Users/gunnarhostetler/Library/Developer/Xcode/DerivedData/OpenIntelligence-exvenikajtsxhefyqtimuofgvczj/Build/Intermediates.noindex/EagerLinkingTBDs/Debug-iphonesimulator -L/Users/gunnarhostetler/Library/Developer/Xcode/DerivedData/OpenIntelligence-exvenikajtsxhefyqtimuofgvczj/Build/Products/Debug-iphonesimulator -L/Applications/Xcode.app/Contents/Developer/Platforms/iPhoneSimulator.platform/Developer/usr/lib -F/Users/gunnarhostetler/Library/Developer/Xcode/DerivedData/OpenIntelligence-exvenikajtsxhefyqtimuofgvczj/Build/Intermediates.noindex/EagerLinkingTBDs/Debug-iphonesimulator -F/Users/gunnarhostetler/Library/Developer/Xcode/DerivedData/OpenIntelligence-exvenikajtsxhefyqtimuofgvczj/Build/Products/Debug-iphonesimulator -iframework /Applications/Xcode.app/Contents/Developer/Platforms/iPhoneSimulator.platform/Developer/Library/Frameworks -iframework /Applications/Xcode.app/Contents/Developer/Platforms/iPhoneSimulator.platform/Developer/SDKs/iPhoneSimulator26.1.sdk/Developer/Library/Frameworks -filelist /Users/gunnarhostetler/Library/Developer/Xcode/DerivedData/OpenIntelligence-exvenikajtsxhefyqtimuofgvczj/Build/Intermediates.noindex/LocalLLMClient.build/Debug-iphonesimulator/LocalLLMClientUtility.build/Objects-normal/arm64/LocalLLMClientUtility.LinkFileList -nostdlib -Xlinker -object_path_lto -Xlinker /Users/gunnarhostetler/Library/Developer/Xcode/DerivedData/OpenIntelligence-exvenikajtsxhefyqtimuofgvczj/Build/Intermediates.noindex/LocalLLMClient.build/Debug-iphonesimulator/LocalLLMClientUtility.build/Objects-normal/arm64/LocalLLMClientUtility_lto.o -rdynamic -Xlinker -no_deduplicate -Xlinker -objc_abi_version -Xlinker 2 -Xlinker -dependency_info -Xlinker /Users/gunnarhostetler/Library/Developer/Xcode/DerivedData/OpenIntelligence-exvenikajtsxhefyqtimuofgvczj/Build/Intermediates.noindex/LocalLLMClient.build/Debug-iphonesimulator/LocalLLMClientUtility.build/Objects-normal/arm64/LocalLLMClientUtility_dependency_info.dat -fobjc-link-runtime -L/Applications/Xcode.app/Contents/Developer/Toolchains/XcodeDefault.xctoolchain/usr/lib/swift/iphonesimulator -L/usr/lib/swift -Xlinker -add_ast_path -Xlinker /Users/gunnarhostetler/Library/Developer/Xcode/DerivedData/OpenIntelligence-exvenikajtsxhefyqtimuofgvczj/Build/Intermediates.noindex/LocalLLMClient.build/Debug-iphonesimulator/LocalLLMClientUtility.build/Objects-normal/arm64/LocalLLMClientUtility.swiftmodule @/Users/gunnarhostetler/Library/Developer/Xcode/DerivedData/OpenIntelligence-exvenikajtsxhefyqtimuofgvczj/Build/Intermediates.noindex/LocalLLMClient.build/Debug-iphonesimulator/LocalLLMClientUtility.build/Objects-normal/arm64/LocalLLMClientUtility-linker-args.resp -o /Users/gunnarhostetler/Library/Developer/Xcode/DerivedData/OpenIntelligence-exvenikajtsxhefyqtimuofgvczj/Build/Products/Debug-iphonesimulator/LocalLLMClientUtility.o

SwiftDriverJobDiscovery normal arm64 Compiling RandomAccessCollection+Offsets.swift (in target 'InternalCollectionsUtilities' from project 'swift-collections')

SwiftDriver OrderedCollections normal arm64 com.apple.xcode.tools.swift.compiler (in target 'OrderedCollections' from project 'swift-collections')
    cd /Users/gunnarhostetler/Documents/GitHub/OpenIntelligence/OpenIntelligence.xcodeproj
    builtin-SwiftDriver -- /Applications/Xcode.app/Contents/Developer/Toolchains/XcodeDefault.xctoolchain/usr/bin/swiftc -module-name OrderedCollections -Onone -enforce-exclusivity\=checked @/Users/gunnarhostetler/Library/Developer/Xcode/DerivedData/OpenIntelligence-exvenikajtsxhefyqtimuofgvczj/Build/Intermediates.noindex/swift-collections.build/Debug-iphonesimulator/OrderedCollections.build/Objects-normal/arm64/OrderedCollections.SwiftFileList -DSWIFT_PACKAGE -DDEBUG -DSWIFT_MODULE_RESOURCE_BUNDLE_UNAVAILABLE -DCOLLECTIONS_RANDOMIZED_TESTING -DXcode -enable-experimental-feature AvailabilityMacro\=SwiftStdlib\ 5.0:\ macOS\ 10.14.4,\ iOS\ 12.2,\ watchOS\ 5.2,\ tvOS\ 12.2 -enable-experimental-feature AvailabilityMacro\=SwiftStdlib\ 5.1:\ macOS\ 10.15,\ iOS\ 13.0,\ watchOS\ 6.0,\ tvOS\ 13.0 -enable-experimental-feature AvailabilityMacro\=SwiftStdlib\ 5.6:\ macOS\ 12.3,\ iOS\ 15.4,\ watchOS\ 8.5,\ tvOS\ 15.4 -enable-experimental-feature AvailabilityMacro\=SwiftStdlib\ 5.8:\ macOS\ 13.3,\ iOS\ 16.4,\ watchOS\ 9.4,\ tvOS\ 16.4 -enable-experimental-feature AvailabilityMacro\=SwiftStdlib\ 5.9:\ macOS\ 14.0,\ iOS\ 17.0,\ watchOS\ 10.0,\ tvOS\ 17.0 -enable-experimental-feature AvailabilityMacro\=SwiftStdlib\ 5.10:\ macOS\ 14.4,\ iOS\ 17.4,\ watchOS\ 10.4,\ tvOS\ 17.4,\ visionOS\ 1.1 -enable-experimental-feature AvailabilityMacro\=SwiftStdlib\ 6.0:\ macOS\ 15.0,\ iOS\ 18.0,\ watchOS\ 11.0,\ tvOS\ 18.0,\ visionOS\ 2.0 -enable-experimental-feature AvailabilityMacro\=SwiftStdlib\ 6.1:\ macOS\ 15.4,\ iOS\ 18.4,\ watchOS\ 11.4,\ tvOS\ 18.4,\ visionOS\ 2.4 -enable-experimental-feature AvailabilityMacro\=SwiftStdlib\ 6.2:\ macOS\ 26.0,\ iOS\ 26.0,\ watchOS\ 26.0,\ tvOS\ 26.0,\ visionOS\ 26.0 -enable-upcoming-feature MemberImportVisibility -enable-experimental-feature BuiltinModule -enable-experimental-feature Lifetimes -enable-experimental-feature InoutLifetimeDependence -enable-experimental-feature SuppressedAssociatedTypes -plugin-path /Applications/Xcode.app/Contents/Developer/Toolchains/XcodeDefault.xctoolchain/usr/lib/swift/host/plugins/testing -enable-experimental-feature DebugDescriptionMacro -sdk /Applications/Xcode.app/Contents/Developer/Platforms/iPhoneSimulator.platform/Developer/SDKs/iPhoneSimulator26.1.sdk -target arm64-apple-ios12.0-simulator -g -module-cache-path /Users/gunnarhostetler/Library/Developer/Xcode/DerivedData/ModuleCache.noindex -Xfrontend -serialize-debugging-options -enable-testing -suppress-warnings -index-store-path /Users/gunnarhostetler/Library/Developer/Xcode/DerivedData/OpenIntelligence-exvenikajtsxhefyqtimuofgvczj/Index.noindex/DataStore -Xcc -D_LIBCPP_HARDENING_MODE\=_LIBCPP_HARDENING_MODE_DEBUG -swift-version 6 -I /Users/gunnarhostetler/Library/Developer/Xcode/DerivedData/OpenIntelligence-exvenikajtsxhefyqtimuofgvczj/Build/Products/Debug-iphonesimulator -Isystem /Applications/Xcode.app/Contents/Developer/Platforms/iPhoneSimulator.platform/Developer/usr/lib -F /Users/gunnarhostetler/Library/Developer/Xcode/DerivedData/OpenIntelligence-exvenikajtsxhefyqtimuofgvczj/Build/Products/Debug-iphonesimulator/PackageFrameworks -F /Users/gunnarhostetler/Library/Developer/Xcode/DerivedData/OpenIntelligence-exvenikajtsxhefyqtimuofgvczj/Build/Products/Debug-iphonesimulator -F /Applications/Xcode.app/Contents/Developer/Platforms/iPhoneSimulator.platform/Developer/Library/Frameworks -F /Applications/Xcode.app/Contents/Developer/Platforms/iPhoneSimulator.platform/Developer/SDKs/iPhoneSimulator26.1.sdk/Developer/Library/Frameworks -c -j11 -enable-batch-mode -incremental -Xcc -ivfsstatcache -Xcc /Users/gunnarhostetler/Library/Developer/Xcode/DerivedData/SDKStatCaches.noindex/iphonesimulator26.1-23B77-3885c01c3e6b6a337905948deab2002e90cf18a4295e390e64c810bc6bd7acbc.sdkstatcache -output-file-map /Users/gunnarhostetler/Library/Developer/Xcode/DerivedData/OpenIntelligence-exvenikajtsxhefyqtimuofgvczj/Build/Intermediates.noindex/swift-collections.build/Debug-iphonesimulator/OrderedCollections.build/Objects-normal/arm64/OrderedCollections-OutputFileMap.json -use-frontend-parseable-output -save-temps -no-color-diagnostics -explicit-module-build -module-cache-path /Users/gunnarhostetler/Library/Developer/Xcode/DerivedData/OpenIntelligence-exvenikajtsxhefyqtimuofgvczj/Build/Intermediates.noindex/SwiftExplicitPrecompiledModules -clang-scanner-module-cache-path /Users/gunnarhostetler/Library/Developer/Xcode/DerivedData/ModuleCache.noindex -sdk-module-cache-path /Users/gunnarhostetler/Library/Developer/Xcode/DerivedData/ModuleCache.noindex -serialize-diagnostics -emit-dependencies -emit-module -emit-module-path /Users/gunnarhostetler/Library/Developer/Xcode/DerivedData/OpenIntelligence-exvenikajtsxhefyqtimuofgvczj/Build/Intermediates.noindex/swift-collections.build/Debug-iphonesimulator/OrderedCollections.build/Objects-normal/arm64/OrderedCollections.swiftmodule -user-module-version 1.3.0 -validate-clang-modules-once -clang-build-session-file /Users/gunnarhostetler/Library/Developer/Xcode/DerivedData/ModuleCache.noindex/Session.modulevalidation -package-name swift_collections -Xcc -I/Users/gunnarhostetler/Library/Developer/Xcode/DerivedData/OpenIntelligence-exvenikajtsxhefyqtimuofgvczj/Build/Intermediates.noindex/swift-collections.build/Debug-iphonesimulator/OrderedCollections.build/swift-overrides.hmap -emit-const-values -Xfrontend -const-gather-protocols-file -Xfrontend /Users/gunnarhostetler/Library/Developer/Xcode/DerivedData/OpenIntelligence-exvenikajtsxhefyqtimuofgvczj/Build/Intermediates.noindex/swift-collections.build/Debug-iphonesimulator/OrderedCollections.build/Objects-normal/arm64/OrderedCollections_const_extract_protocols.json -Xcc -I/Users/gunnarhostetler/Library/Developer/Xcode/DerivedData/OpenIntelligence-exvenikajtsxhefyqtimuofgvczj/Build/Products/Debug-iphonesimulator/include -Xcc -I/Users/gunnarhostetler/Library/Developer/Xcode/DerivedData/OpenIntelligence-exvenikajtsxhefyqtimuofgvczj/Build/Intermediates.noindex/swift-collections.build/Debug-iphonesimulator/OrderedCollections.build/DerivedSources-normal/arm64 -Xcc -I/Users/gunnarhostetler/Library/Developer/Xcode/DerivedData/OpenIntelligence-exvenikajtsxhefyqtimuofgvczj/Build/Intermediates.noindex/swift-collections.build/Debug-iphonesimulator/OrderedCollections.build/DerivedSources/arm64 -Xcc -I/Users/gunnarhostetler/Library/Developer/Xcode/DerivedData/OpenIntelligence-exvenikajtsxhefyqtimuofgvczj/Build/Intermediates.noindex/swift-collections.build/Debug-iphonesimulator/OrderedCollections.build/DerivedSources -Xcc -DSWIFT_PACKAGE -Xcc -DDEBUG\=1 -emit-objc-header -emit-objc-header-path /Users/gunnarhostetler/Library/Developer/Xcode/DerivedData/OpenIntelligence-exvenikajtsxhefyqtimuofgvczj/Build/Intermediates.noindex/swift-collections.build/Debug-iphonesimulator/OrderedCollections.build/Objects-normal/arm64/OrderedCollections-Swift.h -working-directory /Users/gunnarhostetler/Documents/GitHub/OpenIntelligence/OpenIntelligence.xcodeproj -experimental-emit-module-separately -disable-cmo

ExtractAppIntentsMetadata (in target 'LocalLLMClientUtility' from project 'LocalLLMClient')
    cd /Users/gunnarhostetler/Documents/GitHub/OpenIntelligence/Vendor/LocalLLMClient
    /Applications/Xcode.app/Contents/Developer/Toolchains/XcodeDefault.xctoolchain/usr/bin/appintentsmetadataprocessor --toolchain-dir /var/run/com.apple.security.cryptexd/mnt/com.apple.MobileAsset.MetalToolchain-v17.2.54.0.h1Qr4f/Metal.xctoolchain --module-name LocalLLMClientUtility --sdk-root /Applications/Xcode.app/Contents/Developer/Platforms/iPhoneSimulator.platform/Developer/SDKs/iPhoneSimulator26.1.sdk --xcode-version 17B100 --platform-family iOS --deployment-target 16.0 --bundle-identifier localllmclient.LocalLLMClientUtility --output /Users/gunnarhostetler/Library/Developer/Xcode/DerivedData/OpenIntelligence-exvenikajtsxhefyqtimuofgvczj/Build/Products/Debug-iphonesimulator/LocalLLMClientUtility.appintents --target-triple arm64-apple-ios16.0-simulator --binary-file /Users/gunnarhostetler/Library/Developer/Xcode/DerivedData/OpenIntelligence-exvenikajtsxhefyqtimuofgvczj/Build/Products/Debug-iphonesimulator/LocalLLMClientUtility.o --dependency-file /Users/gunnarhostetler/Library/Developer/Xcode/DerivedData/OpenIntelligence-exvenikajtsxhefyqtimuofgvczj/Build/Intermediates.noindex/LocalLLMClient.build/Debug-iphonesimulator/LocalLLMClientUtility.build/Objects-normal/arm64/LocalLLMClientUtility_dependency_info.dat --stringsdata-file /Users/gunnarhostetler/Library/Developer/Xcode/DerivedData/OpenIntelligence-exvenikajtsxhefyqtimuofgvczj/Build/Intermediates.noindex/LocalLLMClient.build/Debug-iphonesimulator/LocalLLMClientUtility.build/Objects-normal/arm64/ExtractedAppShortcutsMetadata.stringsdata --source-file-list /Users/gunnarhostetler/Library/Developer/Xcode/DerivedData/OpenIntelligence-exvenikajtsxhefyqtimuofgvczj/Build/Intermediates.noindex/LocalLLMClient.build/Debug-iphonesimulator/LocalLLMClientUtility.build/Objects-normal/arm64/LocalLLMClientUtility.SwiftFileList --metadata-file-list /Users/gunnarhostetler/Library/Developer/Xcode/DerivedData/OpenIntelligence-exvenikajtsxhefyqtimuofgvczj/Build/Intermediates.noindex/LocalLLMClient.build/Debug-iphonesimulator/LocalLLMClientUtility.build/LocalLLMClientUtility.DependencyMetadataFileList --static-metadata-file-list /Users/gunnarhostetler/Library/Developer/Xcode/DerivedData/OpenIntelligence-exvenikajtsxhefyqtimuofgvczj/Build/Intermediates.noindex/LocalLLMClient.build/Debug-iphonesimulator/LocalLLMClientUtility.build/LocalLLMClientUtility.DependencyStaticMetadataFileList --swift-const-vals-list /Users/gunnarhostetler/Library/Developer/Xcode/DerivedData/OpenIntelligence-exvenikajtsxhefyqtimuofgvczj/Build/Intermediates.noindex/LocalLLMClient.build/Debug-iphonesimulator/LocalLLMClientUtility.build/Objects-normal/arm64/LocalLLMClientUtility.SwiftConstValuesFileList --force --compile-time-extraction --deployment-aware-processing --validate-assistant-intents --no-app-shortcuts-localization
2025-11-21 21:24:34.639 appintentsmetadataprocessor[60580:13349264] Starting appintentsmetadataprocessor export
2025-11-21 21:24:35.338 appintentsmetadataprocessor[60580:13349264] Extracted no relevant App Intents symbols, skipping writing output

SwiftDriverJobDiscovery normal arm64 Compiling ToolArgumentsMacro.swift (in target 'LocalLLMClientMacrosPlugin' from project 'LocalLLMClient')

SwiftDriver\ Compilation LocalLLMClientMacrosPlugin normal arm64 com.apple.xcode.tools.swift.compiler (in target 'LocalLLMClientMacrosPlugin' from project 'LocalLLMClient')
    cd /Users/gunnarhostetler/Documents/GitHub/OpenIntelligence/OpenIntelligence.xcodeproj
    builtin-Swift-Compilation -- /Applications/Xcode.app/Contents/Developer/Toolchains/XcodeDefault.xctoolchain/usr/bin/swiftc -module-name LocalLLMClientMacrosPlugin -Onone -enforce-exclusivity\=checked @/Users/gunnarhostetler/Library/Developer/Xcode/DerivedData/OpenIntelligence-exvenikajtsxhefyqtimuofgvczj/Build/Intermediates.noindex/LocalLLMClient.build/Debug/LocalLLMClientMacrosPlugin.build/Objects-normal/arm64/LocalLLMClientMacrosPlugin.SwiftFileList -DSWIFT_PACKAGE -DDEBUG -DXcode -I/Users/gunnarhostetler/Library/Developer/Xcode/DerivedData/OpenIntelligence-exvenikajtsxhefyqtimuofgvczj/SourcePackages/prebuilts/swift-syntax/600.0.1/swiftlang-6.2.1.4.8-MacroSupport-macos_aarch64/Modules -I/Users/gunnarhostetler/Library/Developer/Xcode/DerivedData/OpenIntelligence-exvenikajtsxhefyqtimuofgvczj/SourcePackages/checkouts/swift-syntax/Sources/_SwiftLibraryPluginProviderCShims/include -I/Users/gunnarhostetler/Library/Developer/Xcode/DerivedData/OpenIntelligence-exvenikajtsxhefyqtimuofgvczj/SourcePackages/checkouts/swift-syntax/Sources/_SwiftSyntaxCShims/include -plugin-path /Applications/Xcode.app/Contents/Developer/Toolchains/XcodeDefault.xctoolchain/usr/lib/swift/host/plugins/testing -enable-experimental-feature DebugDescriptionMacro -sdk /Applications/Xcode.app/Contents/Developer/Platforms/MacOSX.platform/Developer/SDKs/MacOSX26.1.sdk -target arm64-apple-macos14.0 -g -module-cache-path /Users/gunnarhostetler/Library/Developer/Xcode/DerivedData/ModuleCache.noindex -Xfrontend -serialize-debugging-options -enable-testing -suppress-warnings -index-store-path /Users/gunnarhostetler/Library/Developer/Xcode/DerivedData/OpenIntelligence-exvenikajtsxhefyqtimuofgvczj/Index.noindex/DataStore -Xcc -D_LIBCPP_HARDENING_MODE\=_LIBCPP_HARDENING_MODE_DEBUG -swift-version 6 -I /Users/gunnarhostetler/Library/Developer/Xcode/DerivedData/OpenIntelligence-exvenikajtsxhefyqtimuofgvczj/Build/Products/Debug -Isystem /Applications/Xcode.app/Contents/Developer/Platforms/MacOSX.platform/Developer/usr/lib -F /Users/gunnarhostetler/Library/Developer/Xcode/DerivedData/OpenIntelligence-exvenikajtsxhefyqtimuofgvczj/Build/Products/Debug -F /Applications/Xcode.app/Contents/Developer/Platforms/MacOSX.platform/Developer/Library/Frameworks -c -j11 -enable-batch-mode -incremental -Xcc -ivfsstatcache -Xcc /Users/gunnarhostetler/Library/Developer/Xcode/DerivedData/SDKStatCaches.noindex/macosx26.1-25B74-3885c01c3e6b6a337905948deab2002e3ae1261907bdadc328169391a47051a6.sdkstatcache -output-file-map /Users/gunnarhostetler/Library/Developer/Xcode/DerivedData/OpenIntelligence-exvenikajtsxhefyqtimuofgvczj/Build/Intermediates.noindex/LocalLLMClient.build/Debug/LocalLLMClientMacrosPlugin.build/Objects-normal/arm64/LocalLLMClientMacrosPlugin-OutputFileMap.json -use-frontend-parseable-output -save-temps -no-color-diagnostics -explicit-module-build -module-cache-path /Users/gunnarhostetler/Library/Developer/Xcode/DerivedData/OpenIntelligence-exvenikajtsxhefyqtimuofgvczj/Build/Intermediates.noindex/SwiftExplicitPrecompiledModules -clang-scanner-module-cache-path /Users/gunnarhostetler/Library/Developer/Xcode/DerivedData/ModuleCache.noindex -sdk-module-cache-path /Users/gunnarhostetler/Library/Developer/Xcode/DerivedData/ModuleCache.noindex -serialize-diagnostics -emit-dependencies -emit-module -emit-module-path /Users/gunnarhostetler/Library/Developer/Xcode/DerivedData/OpenIntelligence-exvenikajtsxhefyqtimuofgvczj/Build/Intermediates.noindex/LocalLLMClient.build/Debug/LocalLLMClientMacrosPlugin.build/Objects-normal/arm64/LocalLLMClientMacrosPlugin.swiftmodule -validate-clang-modules-once -clang-build-session-file /Users/gunnarhostetler/Library/Developer/Xcode/DerivedData/ModuleCache.noindex/Session.modulevalidation -package-name localllmclient -emit-const-values -Xfrontend -const-gather-protocols-file -Xfrontend /Users/gunnarhostetler/Library/Developer/Xcode/DerivedData/OpenIntelligence-exvenikajtsxhefyqtimuofgvczj/Build/Intermediates.noindex/LocalLLMClient.build/Debug/LocalLLMClientMacrosPlugin.build/Objects-normal/arm64/LocalLLMClientMacrosPlugin_const_extract_protocols.json -Xcc -I/Users/gunnarhostetler/Library/Developer/Xcode/DerivedData/OpenIntelligence-exvenikajtsxhefyqtimuofgvczj/Build/Products/Debug/include -Xcc -I/Users/gunnarhostetler/Library/Developer/Xcode/DerivedData/OpenIntelligence-exvenikajtsxhefyqtimuofgvczj/Build/Intermediates.noindex/LocalLLMClient.build/Debug/LocalLLMClientMacrosPlugin.build/DerivedSources-normal/arm64 -Xcc -I/Users/gunnarhostetler/Library/Developer/Xcode/DerivedData/OpenIntelligence-exvenikajtsxhefyqtimuofgvczj/Build/Intermediates.noindex/LocalLLMClient.build/Debug/LocalLLMClientMacrosPlugin.build/DerivedSources/arm64 -Xcc -I/Users/gunnarhostetler/Library/Developer/Xcode/DerivedData/OpenIntelligence-exvenikajtsxhefyqtimuofgvczj/Build/Intermediates.noindex/LocalLLMClient.build/Debug/LocalLLMClientMacrosPlugin.build/DerivedSources -Xcc -DSWIFT_PACKAGE -Xcc -DDEBUG\=1 -working-directory /Users/gunnarhostetler/Documents/GitHub/OpenIntelligence/OpenIntelligence.xcodeproj -experimental-emit-module-separately -disable-cmo

SwiftEmitModule normal arm64 Emitting\ module\ for\ OrderedCollections (in target 'OrderedCollections' from project 'swift-collections')

EmitSwiftModule normal arm64 (in target 'OrderedCollections' from project 'swift-collections')
    cd /Users/gunnarhostetler/Documents/GitHub/OpenIntelligence/OpenIntelligence.xcodeproj
    

SwiftCompile normal arm64 Compiling\ OrderedSet+Partial\ SetAlgebra\ isDisjoint.swift,\ OrderedSet+Partial\ SetAlgebra\ isEqualSet.swift,\ OrderedSet+Partial\ SetAlgebra\ isStrictSubset.swift,\ OrderedSet+Partial\ SetAlgebra\ isStrictSuperset.swift,\ OrderedSet+Partial\ SetAlgebra\ isSubset.swift /Users/gunnarhostetler/Library/Developer/Xcode/DerivedData/OpenIntelligence-exvenikajtsxhefyqtimuofgvczj/SourcePackages/checkouts/swift-collections/Sources/OrderedCollections/OrderedSet/OrderedSet+Partial\ SetAlgebra\ isDisjoint.swift /Users/gunnarhostetler/Library/Developer/Xcode/DerivedData/OpenIntelligence-exvenikajtsxhefyqtimuofgvczj/SourcePackages/checkouts/swift-collections/Sources/OrderedCollections/OrderedSet/OrderedSet+Partial\ SetAlgebra\ isEqualSet.swift /Users/gunnarhostetler/Library/Developer/Xcode/DerivedData/OpenIntelligence-exvenikajtsxhefyqtimuofgvczj/SourcePackages/checkouts/swift-collections/Sources/OrderedCollections/OrderedSet/OrderedSet+Partial\ SetAlgebra\ isStrictSubset.swift /Users/gunnarhostetler/Library/Developer/Xcode/DerivedData/OpenIntelligence-exvenikajtsxhefyqtimuofgvczj/SourcePackages/checkouts/swift-collections/Sources/OrderedCollections/OrderedSet/OrderedSet+Partial\ SetAlgebra\ isStrictSuperset.swift /Users/gunnarhostetler/Library/Developer/Xcode/DerivedData/OpenIntelligence-exvenikajtsxhefyqtimuofgvczj/SourcePackages/checkouts/swift-collections/Sources/OrderedCollections/OrderedSet/OrderedSet+Partial\ SetAlgebra\ isSubset.swift (in target 'OrderedCollections' from project 'swift-collections')

SwiftCompile normal arm64 /Users/gunnarhostetler/Library/Developer/Xcode/DerivedData/OpenIntelligence-exvenikajtsxhefyqtimuofgvczj/SourcePackages/checkouts/swift-collections/Sources/OrderedCollections/OrderedSet/OrderedSet+Partial\ SetAlgebra\ isDisjoint.swift (in target 'OrderedCollections' from project 'swift-collections')
    cd /Users/gunnarhostetler/Documents/GitHub/OpenIntelligence/OpenIntelligence.xcodeproj
    

SwiftCompile normal arm64 /Users/gunnarhostetler/Library/Developer/Xcode/DerivedData/OpenIntelligence-exvenikajtsxhefyqtimuofgvczj/SourcePackages/checkouts/swift-collections/Sources/OrderedCollections/OrderedSet/OrderedSet+Partial\ SetAlgebra\ isEqualSet.swift (in target 'OrderedCollections' from project 'swift-collections')
    cd /Users/gunnarhostetler/Documents/GitHub/OpenIntelligence/OpenIntelligence.xcodeproj
    

SwiftCompile normal arm64 /Users/gunnarhostetler/Library/Developer/Xcode/DerivedData/OpenIntelligence-exvenikajtsxhefyqtimuofgvczj/SourcePackages/checkouts/swift-collections/Sources/OrderedCollections/OrderedSet/OrderedSet+Partial\ SetAlgebra\ isStrictSubset.swift (in target 'OrderedCollections' from project 'swift-collections')
    cd /Users/gunnarhostetler/Documents/GitHub/OpenIntelligence/OpenIntelligence.xcodeproj
    

SwiftCompile normal arm64 /Users/gunnarhostetler/Library/Developer/Xcode/DerivedData/OpenIntelligence-exvenikajtsxhefyqtimuofgvczj/SourcePackages/checkouts/swift-collections/Sources/OrderedCollections/OrderedSet/OrderedSet+Partial\ SetAlgebra\ isStrictSuperset.swift (in target 'OrderedCollections' from project 'swift-collections')
    cd /Users/gunnarhostetler/Documents/GitHub/OpenIntelligence/OpenIntelligence.xcodeproj
    

SwiftCompile normal arm64 /Users/gunnarhostetler/Library/Developer/Xcode/DerivedData/OpenIntelligence-exvenikajtsxhefyqtimuofgvczj/SourcePackages/checkouts/swift-collections/Sources/OrderedCollections/OrderedSet/OrderedSet+Partial\ SetAlgebra\ isSubset.swift (in target 'OrderedCollections' from project 'swift-collections')
    cd /Users/gunnarhostetler/Documents/GitHub/OpenIntelligence/OpenIntelligence.xcodeproj
    

SwiftCompile normal arm64 Compiling\ _HashTable.swift,\ _Hashtable+Header.swift,\ OrderedDictionary+Codable.swift,\ OrderedDictionary+CustomReflectable.swift,\ OrderedDictionary+Deprecations.swift,\ OrderedDictionary+Descriptions.swift /Users/gunnarhostetler/Library/Developer/Xcode/DerivedData/OpenIntelligence-exvenikajtsxhefyqtimuofgvczj/SourcePackages/checkouts/swift-collections/Sources/OrderedCollections/HashTable/_HashTable.swift /Users/gunnarhostetler/Library/Developer/Xcode/DerivedData/OpenIntelligence-exvenikajtsxhefyqtimuofgvczj/SourcePackages/checkouts/swift-collections/Sources/OrderedCollections/HashTable/_Hashtable+Header.swift /Users/gunnarhostetler/Library/Developer/Xcode/DerivedData/OpenIntelligence-exvenikajtsxhefyqtimuofgvczj/SourcePackages/checkouts/swift-collections/Sources/OrderedCollections/OrderedDictionary/OrderedDictionary+Codable.swift /Users/gunnarhostetler/Library/Developer/Xcode/DerivedData/OpenIntelligence-exvenikajtsxhefyqtimuofgvczj/SourcePackages/checkouts/swift-collections/Sources/OrderedCollections/OrderedDictionary/OrderedDictionary+CustomReflectable.swift /Users/gunnarhostetler/Library/Developer/Xcode/DerivedData/OpenIntelligence-exvenikajtsxhefyqtimuofgvczj/SourcePackages/checkouts/swift-collections/Sources/OrderedCollections/OrderedDictionary/OrderedDictionary+Deprecations.swift /Users/gunnarhostetler/Library/Developer/Xcode/DerivedData/OpenIntelligence-exvenikajtsxhefyqtimuofgvczj/SourcePackages/checkouts/swift-collections/Sources/OrderedCollections/OrderedDictionary/OrderedDictionary+Descriptions.swift (in target 'OrderedCollections' from project 'swift-collections')

SwiftCompile normal arm64 /Users/gunnarhostetler/Library/Developer/Xcode/DerivedData/OpenIntelligence-exvenikajtsxhefyqtimuofgvczj/SourcePackages/checkouts/swift-collections/Sources/OrderedCollections/HashTable/_HashTable.swift (in target 'OrderedCollections' from project 'swift-collections')
    cd /Users/gunnarhostetler/Documents/GitHub/OpenIntelligence/OpenIntelligence.xcodeproj
    

SwiftCompile normal arm64 /Users/gunnarhostetler/Library/Developer/Xcode/DerivedData/OpenIntelligence-exvenikajtsxhefyqtimuofgvczj/SourcePackages/checkouts/swift-collections/Sources/OrderedCollections/HashTable/_Hashtable+Header.swift (in target 'OrderedCollections' from project 'swift-collections')
    cd /Users/gunnarhostetler/Documents/GitHub/OpenIntelligence/OpenIntelligence.xcodeproj
    

SwiftCompile normal arm64 /Users/gunnarhostetler/Library/Developer/Xcode/DerivedData/OpenIntelligence-exvenikajtsxhefyqtimuofgvczj/SourcePackages/checkouts/swift-collections/Sources/OrderedCollections/OrderedDictionary/OrderedDictionary+Codable.swift (in target 'OrderedCollections' from project 'swift-collections')
    cd /Users/gunnarhostetler/Documents/GitHub/OpenIntelligence/OpenIntelligence.xcodeproj
    

SwiftCompile normal arm64 /Users/gunnarhostetler/Library/Developer/Xcode/DerivedData/OpenIntelligence-exvenikajtsxhefyqtimuofgvczj/SourcePackages/checkouts/swift-collections/Sources/OrderedCollections/OrderedDictionary/OrderedDictionary+CustomReflectable.swift (in target 'OrderedCollections' from project 'swift-collections')
    cd /Users/gunnarhostetler/Documents/GitHub/OpenIntelligence/OpenIntelligence.xcodeproj
    

SwiftCompile normal arm64 /Users/gunnarhostetler/Library/Developer/Xcode/DerivedData/OpenIntelligence-exvenikajtsxhefyqtimuofgvczj/SourcePackages/checkouts/swift-collections/Sources/OrderedCollections/OrderedDictionary/OrderedDictionary+Deprecations.swift (in target 'OrderedCollections' from project 'swift-collections')
    cd /Users/gunnarhostetler/Documents/GitHub/OpenIntelligence/OpenIntelligence.xcodeproj
    

SwiftCompile normal arm64 /Users/gunnarhostetler/Library/Developer/Xcode/DerivedData/OpenIntelligence-exvenikajtsxhefyqtimuofgvczj/SourcePackages/checkouts/swift-collections/Sources/OrderedCollections/OrderedDictionary/OrderedDictionary+Descriptions.swift (in target 'OrderedCollections' from project 'swift-collections')
    cd /Users/gunnarhostetler/Documents/GitHub/OpenIntelligence/OpenIntelligence.xcodeproj
    

Ld /Users/gunnarhostetler/Library/Developer/Xcode/DerivedData/OpenIntelligence-exvenikajtsxhefyqtimuofgvczj/Build/Products/Debug/LocalLLMClientMacrosPlugin normal (in target 'LocalLLMClientMacrosPlugin' from project 'LocalLLMClient')
    cd /Users/gunnarhostetler/Documents/GitHub/OpenIntelligence/Vendor/LocalLLMClient
    /Applications/Xcode.app/Contents/Developer/Toolchains/XcodeDefault.xctoolchain/usr/bin/clang -Xlinker -reproducible -target arm64-apple-macos14.0 -isysroot /Applications/Xcode.app/Contents/Developer/Platforms/MacOSX.platform/Developer/SDKs/MacOSX26.1.sdk -O0 -w -L/Users/gunnarhostetler/Library/Developer/Xcode/DerivedData/OpenIntelligence-exvenikajtsxhefyqtimuofgvczj/Build/Intermediates.noindex/EagerLinkingTBDs/Debug -L/Users/gunnarhostetler/Library/Developer/Xcode/DerivedData/OpenIntelligence-exvenikajtsxhefyqtimuofgvczj/Build/Products/Debug -L/Applications/Xcode.app/Contents/Developer/Platforms/MacOSX.platform/Developer/usr/lib -F/Users/gunnarhostetler/Library/Developer/Xcode/DerivedData/OpenIntelligence-exvenikajtsxhefyqtimuofgvczj/Build/Intermediates.noindex/EagerLinkingTBDs/Debug -F/Users/gunnarhostetler/Library/Developer/Xcode/DerivedData/OpenIntelligence-exvenikajtsxhefyqtimuofgvczj/Build/Products/Debug -iframework /Applications/Xcode.app/Contents/Developer/Platforms/MacOSX.platform/Developer/Library/Frameworks -filelist /Users/gunnarhostetler/Library/Developer/Xcode/DerivedData/OpenIntelligence-exvenikajtsxhefyqtimuofgvczj/Build/Intermediates.noindex/LocalLLMClient.build/Debug/LocalLLMClientMacrosPlugin.build/Objects-normal/arm64/LocalLLMClientMacrosPlugin.LinkFileList -Xlinker -rpath -Xlinker /usr/lib/swift -Xlinker -object_path_lto -Xlinker /Users/gunnarhostetler/Library/Developer/Xcode/DerivedData/OpenIntelligence-exvenikajtsxhefyqtimuofgvczj/Build/Intermediates.noindex/LocalLLMClient.build/Debug/LocalLLMClientMacrosPlugin.build/Objects-normal/arm64/LocalLLMClientMacrosPlugin_lto.o -rdynamic -Xlinker -no_deduplicate -Xlinker -dependency_info -Xlinker /Users/gunnarhostetler/Library/Developer/Xcode/DerivedData/OpenIntelligence-exvenikajtsxhefyqtimuofgvczj/Build/Intermediates.noindex/LocalLLMClient.build/Debug/LocalLLMClientMacrosPlugin.build/Objects-normal/arm64/LocalLLMClientMacrosPlugin_dependency_info.dat -fobjc-link-runtime -L/Applications/Xcode.app/Contents/Developer/Toolchains/XcodeDefault.xctoolchain/usr/lib/swift/macosx -L/usr/lib/swift -Xlinker -add_ast_path -Xlinker /Users/gunnarhostetler/Library/Developer/Xcode/DerivedData/OpenIntelligence-exvenikajtsxhefyqtimuofgvczj/Build/Intermediates.noindex/LocalLLMClient.build/Debug/LocalLLMClientMacrosPlugin.build/Objects-normal/arm64/LocalLLMClientMacrosPlugin.swiftmodule @/Users/gunnarhostetler/Library/Developer/Xcode/DerivedData/OpenIntelligence-exvenikajtsxhefyqtimuofgvczj/Build/Intermediates.noindex/LocalLLMClient.build/Debug/LocalLLMClientMacrosPlugin.build/Objects-normal/arm64/LocalLLMClientMacrosPlugin-linker-args.resp /Users/gunnarhostetler/Library/Developer/Xcode/DerivedData/OpenIntelligence-exvenikajtsxhefyqtimuofgvczj/SourcePackages/prebuilts/swift-syntax/600.0.1/swiftlang-6.2.1.4.8-MacroSupport-macos_aarch64/lib/libMacroSupport.a -o /Users/gunnarhostetler/Library/Developer/Xcode/DerivedData/OpenIntelligence-exvenikajtsxhefyqtimuofgvczj/Build/Products/Debug/LocalLLMClientMacrosPlugin

SwiftDriverJobDiscovery normal arm64 Compiling FixedWidthInteger+roundUpToPowerOfTwo.swift, Integer rank.swift (in target 'InternalCollectionsUtilities' from project 'swift-collections')

SwiftCompile normal arm64 Compiling\ OrderedSet+ExpressibleByArrayLiteral.swift,\ OrderedSet+Hashable.swift,\ OrderedSet+Initializers.swift,\ OrderedSet+Insertions.swift,\ OrderedSet+Invariants.swift,\ OrderedSet+Partial\ MutableCollection.swift /Users/gunnarhostetler/Library/Developer/Xcode/DerivedData/OpenIntelligence-exvenikajtsxhefyqtimuofgvczj/SourcePackages/checkouts/swift-collections/Sources/OrderedCollections/OrderedSet/OrderedSet+ExpressibleByArrayLiteral.swift /Users/gunnarhostetler/Library/Developer/Xcode/DerivedData/OpenIntelligence-exvenikajtsxhefyqtimuofgvczj/SourcePackages/checkouts/swift-collections/Sources/OrderedCollections/OrderedSet/OrderedSet+Hashable.swift /Users/gunnarhostetler/Library/Developer/Xcode/DerivedData/OpenIntelligence-exvenikajtsxhefyqtimuofgvczj/SourcePackages/checkouts/swift-collections/Sources/OrderedCollections/OrderedSet/OrderedSet+Initializers.swift /Users/gunnarhostetler/Library/Developer/Xcode/DerivedData/OpenIntelligence-exvenikajtsxhefyqtimuofgvczj/SourcePackages/checkouts/swift-collections/Sources/OrderedCollections/OrderedSet/OrderedSet+Insertions.swift /Users/gunnarhostetler/Library/Developer/Xcode/DerivedData/OpenIntelligence-exvenikajtsxhefyqtimuofgvczj/SourcePackages/checkouts/swift-collections/Sources/OrderedCollections/OrderedSet/OrderedSet+Invariants.swift /Users/gunnarhostetler/Library/Developer/Xcode/DerivedData/OpenIntelligence-exvenikajtsxhefyqtimuofgvczj/SourcePackages/checkouts/swift-collections/Sources/OrderedCollections/OrderedSet/OrderedSet+Partial\ MutableCollection.swift (in target 'OrderedCollections' from project 'swift-collections')

SwiftCompile normal arm64 /Users/gunnarhostetler/Library/Developer/Xcode/DerivedData/OpenIntelligence-exvenikajtsxhefyqtimuofgvczj/SourcePackages/checkouts/swift-collections/Sources/OrderedCollections/OrderedSet/OrderedSet+ExpressibleByArrayLiteral.swift (in target 'OrderedCollections' from project 'swift-collections')
    cd /Users/gunnarhostetler/Documents/GitHub/OpenIntelligence/OpenIntelligence.xcodeproj
    

SwiftCompile normal arm64 /Users/gunnarhostetler/Library/Developer/Xcode/DerivedData/OpenIntelligence-exvenikajtsxhefyqtimuofgvczj/SourcePackages/checkouts/swift-collections/Sources/OrderedCollections/OrderedSet/OrderedSet+Hashable.swift (in target 'OrderedCollections' from project 'swift-collections')
    cd /Users/gunnarhostetler/Documents/GitHub/OpenIntelligence/OpenIntelligence.xcodeproj
    

SwiftCompile normal arm64 /Users/gunnarhostetler/Library/Developer/Xcode/DerivedData/OpenIntelligence-exvenikajtsxhefyqtimuofgvczj/SourcePackages/checkouts/swift-collections/Sources/OrderedCollections/OrderedSet/OrderedSet+Initializers.swift (in target 'OrderedCollections' from project 'swift-collections')
    cd /Users/gunnarhostetler/Documents/GitHub/OpenIntelligence/OpenIntelligence.xcodeproj
    

SwiftCompile normal arm64 /Users/gunnarhostetler/Library/Developer/Xcode/DerivedData/OpenIntelligence-exvenikajtsxhefyqtimuofgvczj/SourcePackages/checkouts/swift-collections/Sources/OrderedCollections/OrderedSet/OrderedSet+Insertions.swift (in target 'OrderedCollections' from project 'swift-collections')
    cd /Users/gunnarhostetler/Documents/GitHub/OpenIntelligence/OpenIntelligence.xcodeproj
    

SwiftCompile normal arm64 /Users/gunnarhostetler/Library/Developer/Xcode/DerivedData/OpenIntelligence-exvenikajtsxhefyqtimuofgvczj/SourcePackages/checkouts/swift-collections/Sources/OrderedCollections/OrderedSet/OrderedSet+Invariants.swift (in target 'OrderedCollections' from project 'swift-collections')
    cd /Users/gunnarhostetler/Documents/GitHub/OpenIntelligence/OpenIntelligence.xcodeproj
    

SwiftCompile normal arm64 /Users/gunnarhostetler/Library/Developer/Xcode/DerivedData/OpenIntelligence-exvenikajtsxhefyqtimuofgvczj/SourcePackages/checkouts/swift-collections/Sources/OrderedCollections/OrderedSet/OrderedSet+Partial\ MutableCollection.swift (in target 'OrderedCollections' from project 'swift-collections')
    cd /Users/gunnarhostetler/Documents/GitHub/OpenIntelligence/OpenIntelligence.xcodeproj
    

SwiftDriverJobDiscovery normal arm64 Compiling _UnsafeBitSet+Index.swift, _UnsafeBitSet+_Word.swift (in target 'InternalCollectionsUtilities' from project 'swift-collections')

SwiftCompile normal arm64 Compiling\ _HashTable+Bucket.swift,\ _HashTable+BucketIterator.swift,\ _HashTable+Constants.swift,\ _HashTable+CustomStringConvertible.swift,\ _HashTable+Testing.swift,\ _HashTable+UnsafeHandle.swift /Users/gunnarhostetler/Library/Developer/Xcode/DerivedData/OpenIntelligence-exvenikajtsxhefyqtimuofgvczj/SourcePackages/checkouts/swift-collections/Sources/OrderedCollections/HashTable/_HashTable+Bucket.swift /Users/gunnarhostetler/Library/Developer/Xcode/DerivedData/OpenIntelligence-exvenikajtsxhefyqtimuofgvczj/SourcePackages/checkouts/swift-collections/Sources/OrderedCollections/HashTable/_HashTable+BucketIterator.swift /Users/gunnarhostetler/Library/Developer/Xcode/DerivedData/OpenIntelligence-exvenikajtsxhefyqtimuofgvczj/SourcePackages/checkouts/swift-collections/Sources/OrderedCollections/HashTable/_HashTable+Constants.swift /Users/gunnarhostetler/Library/Developer/Xcode/DerivedData/OpenIntelligence-exvenikajtsxhefyqtimuofgvczj/SourcePackages/checkouts/swift-collections/Sources/OrderedCollections/HashTable/_HashTable+CustomStringConvertible.swift /Users/gunnarhostetler/Library/Developer/Xcode/DerivedData/OpenIntelligence-exvenikajtsxhefyqtimuofgvczj/SourcePackages/checkouts/swift-collections/Sources/OrderedCollections/HashTable/_HashTable+Testing.swift /Users/gunnarhostetler/Library/Developer/Xcode/DerivedData/OpenIntelligence-exvenikajtsxhefyqtimuofgvczj/SourcePackages/checkouts/swift-collections/Sources/OrderedCollections/HashTable/_HashTable+UnsafeHandle.swift (in target 'OrderedCollections' from project 'swift-collections')

SwiftCompile normal arm64 /Users/gunnarhostetler/Library/Developer/Xcode/DerivedData/OpenIntelligence-exvenikajtsxhefyqtimuofgvczj/SourcePackages/checkouts/swift-collections/Sources/OrderedCollections/HashTable/_HashTable+Bucket.swift (in target 'OrderedCollections' from project 'swift-collections')
    cd /Users/gunnarhostetler/Documents/GitHub/OpenIntelligence/OpenIntelligence.xcodeproj
    

SwiftCompile normal arm64 /Users/gunnarhostetler/Library/Developer/Xcode/DerivedData/OpenIntelligence-exvenikajtsxhefyqtimuofgvczj/SourcePackages/checkouts/swift-collections/Sources/OrderedCollections/HashTable/_HashTable+BucketIterator.swift (in target 'OrderedCollections' from project 'swift-collections')
    cd /Users/gunnarhostetler/Documents/GitHub/OpenIntelligence/OpenIntelligence.xcodeproj
    

SwiftCompile normal arm64 /Users/gunnarhostetler/Library/Developer/Xcode/DerivedData/OpenIntelligence-exvenikajtsxhefyqtimuofgvczj/SourcePackages/checkouts/swift-collections/Sources/OrderedCollections/HashTable/_HashTable+Constants.swift (in target 'OrderedCollections' from project 'swift-collections')
    cd /Users/gunnarhostetler/Documents/GitHub/OpenIntelligence/OpenIntelligence.xcodeproj
    

SwiftCompile normal arm64 /Users/gunnarhostetler/Library/Developer/Xcode/DerivedData/OpenIntelligence-exvenikajtsxhefyqtimuofgvczj/SourcePackages/checkouts/swift-collections/Sources/OrderedCollections/HashTable/_HashTable+CustomStringConvertible.swift (in target 'OrderedCollections' from project 'swift-collections')
    cd /Users/gunnarhostetler/Documents/GitHub/OpenIntelligence/OpenIntelligence.xcodeproj
    

SwiftCompile normal arm64 /Users/gunnarhostetler/Library/Developer/Xcode/DerivedData/OpenIntelligence-exvenikajtsxhefyqtimuofgvczj/SourcePackages/checkouts/swift-collections/Sources/OrderedCollections/HashTable/_HashTable+Testing.swift (in target 'OrderedCollections' from project 'swift-collections')
    cd /Users/gunnarhostetler/Documents/GitHub/OpenIntelligence/OpenIntelligence.xcodeproj
    

SwiftCompile normal arm64 /Users/gunnarhostetler/Library/Developer/Xcode/DerivedData/OpenIntelligence-exvenikajtsxhefyqtimuofgvczj/SourcePackages/checkouts/swift-collections/Sources/OrderedCollections/HashTable/_HashTable+UnsafeHandle.swift (in target 'OrderedCollections' from project 'swift-collections')
    cd /Users/gunnarhostetler/Documents/GitHub/OpenIntelligence/OpenIntelligence.xcodeproj
    

SwiftCompile normal arm64 Compiling\ OrderedSet+Testing.swift,\ OrderedSet+UnorderedView.swift,\ OrderedSet+UnstableInternals.swift,\ OrderedSet.swift,\ _UnsafeBitset.swift /Users/gunnarhostetler/Library/Developer/Xcode/DerivedData/OpenIntelligence-exvenikajtsxhefyqtimuofgvczj/SourcePackages/checkouts/swift-collections/Sources/OrderedCollections/OrderedSet/OrderedSet+Testing.swift /Users/gunnarhostetler/Library/Developer/Xcode/DerivedData/OpenIntelligence-exvenikajtsxhefyqtimuofgvczj/SourcePackages/checkouts/swift-collections/Sources/OrderedCollections/OrderedSet/OrderedSet+UnorderedView.swift /Users/gunnarhostetler/Library/Developer/Xcode/DerivedData/OpenIntelligence-exvenikajtsxhefyqtimuofgvczj/SourcePackages/checkouts/swift-collections/Sources/OrderedCollections/OrderedSet/OrderedSet+UnstableInternals.swift /Users/gunnarhostetler/Library/Developer/Xcode/DerivedData/OpenIntelligence-exvenikajtsxhefyqtimuofgvczj/SourcePackages/checkouts/swift-collections/Sources/OrderedCollections/OrderedSet/OrderedSet.swift /Users/gunnarhostetler/Library/Developer/Xcode/DerivedData/OpenIntelligence-exvenikajtsxhefyqtimuofgvczj/SourcePackages/checkouts/swift-collections/Sources/OrderedCollections/Utilities/_UnsafeBitset.swift (in target 'OrderedCollections' from project 'swift-collections')

SwiftCompile normal arm64 /Users/gunnarhostetler/Library/Developer/Xcode/DerivedData/OpenIntelligence-exvenikajtsxhefyqtimuofgvczj/SourcePackages/checkouts/swift-collections/Sources/OrderedCollections/OrderedSet/OrderedSet+Testing.swift (in target 'OrderedCollections' from project 'swift-collections')
    cd /Users/gunnarhostetler/Documents/GitHub/OpenIntelligence/OpenIntelligence.xcodeproj
    

SwiftCompile normal arm64 /Users/gunnarhostetler/Library/Developer/Xcode/DerivedData/OpenIntelligence-exvenikajtsxhefyqtimuofgvczj/SourcePackages/checkouts/swift-collections/Sources/OrderedCollections/OrderedSet/OrderedSet+UnorderedView.swift (in target 'OrderedCollections' from project 'swift-collections')
    cd /Users/gunnarhostetler/Documents/GitHub/OpenIntelligence/OpenIntelligence.xcodeproj
    

SwiftCompile normal arm64 /Users/gunnarhostetler/Library/Developer/Xcode/DerivedData/OpenIntelligence-exvenikajtsxhefyqtimuofgvczj/SourcePackages/checkouts/swift-collections/Sources/OrderedCollections/OrderedSet/OrderedSet+UnstableInternals.swift (in target 'OrderedCollections' from project 'swift-collections')
    cd /Users/gunnarhostetler/Documents/GitHub/OpenIntelligence/OpenIntelligence.xcodeproj
    

SwiftCompile normal arm64 /Users/gunnarhostetler/Library/Developer/Xcode/DerivedData/OpenIntelligence-exvenikajtsxhefyqtimuofgvczj/SourcePackages/checkouts/swift-collections/Sources/OrderedCollections/OrderedSet/OrderedSet.swift (in target 'OrderedCollections' from project 'swift-collections')
    cd /Users/gunnarhostetler/Documents/GitHub/OpenIntelligence/OpenIntelligence.xcodeproj
    

SwiftCompile normal arm64 /Users/gunnarhostetler/Library/Developer/Xcode/DerivedData/OpenIntelligence-exvenikajtsxhefyqtimuofgvczj/SourcePackages/checkouts/swift-collections/Sources/OrderedCollections/Utilities/_UnsafeBitset.swift (in target 'OrderedCollections' from project 'swift-collections')
    cd /Users/gunnarhostetler/Documents/GitHub/OpenIntelligence/OpenIntelligence.xcodeproj
    

SwiftCompile normal arm64 Compiling\ OrderedDictionary+Elements.SubSequence.swift,\ OrderedDictionary+Elements.swift,\ OrderedDictionary+Equatable.swift,\ OrderedDictionary+ExpressibleByDictionaryLiteral.swift,\ OrderedDictionary+Hashable.swift,\ OrderedDictionary+Initializers.swift /Users/gunnarhostetler/Library/Developer/Xcode/DerivedData/OpenIntelligence-exvenikajtsxhefyqtimuofgvczj/SourcePackages/checkouts/swift-collections/Sources/OrderedCollections/OrderedDictionary/OrderedDictionary+Elements.SubSequence.swift /Users/gunnarhostetler/Library/Developer/Xcode/DerivedData/OpenIntelligence-exvenikajtsxhefyqtimuofgvczj/SourcePackages/checkouts/swift-collections/Sources/OrderedCollections/OrderedDictionary/OrderedDictionary+Elements.swift /Users/gunnarhostetler/Library/Developer/Xcode/DerivedData/OpenIntelligence-exvenikajtsxhefyqtimuofgvczj/SourcePackages/checkouts/swift-collections/Sources/OrderedCollections/OrderedDictionary/OrderedDictionary+Equatable.swift /Users/gunnarhostetler/Library/Developer/Xcode/DerivedData/OpenIntelligence-exvenikajtsxhefyqtimuofgvczj/SourcePackages/checkouts/swift-collections/Sources/OrderedCollections/OrderedDictionary/OrderedDictionary+ExpressibleByDictionaryLiteral.swift /Users/gunnarhostetler/Library/Developer/Xcode/DerivedData/OpenIntelligence-exvenikajtsxhefyqtimuofgvczj/SourcePackages/checkouts/swift-collections/Sources/OrderedCollections/OrderedDictionary/OrderedDictionary+Hashable.swift /Users/gunnarhostetler/Library/Developer/Xcode/DerivedData/OpenIntelligence-exvenikajtsxhefyqtimuofgvczj/SourcePackages/checkouts/swift-collections/Sources/OrderedCollections/OrderedDictionary/OrderedDictionary+Initializers.swift (in target 'OrderedCollections' from project 'swift-collections')

SwiftCompile normal arm64 /Users/gunnarhostetler/Library/Developer/Xcode/DerivedData/OpenIntelligence-exvenikajtsxhefyqtimuofgvczj/SourcePackages/checkouts/swift-collections/Sources/OrderedCollections/OrderedDictionary/OrderedDictionary+Elements.SubSequence.swift (in target 'OrderedCollections' from project 'swift-collections')
    cd /Users/gunnarhostetler/Documents/GitHub/OpenIntelligence/OpenIntelligence.xcodeproj
    

SwiftCompile normal arm64 /Users/gunnarhostetler/Library/Developer/Xcode/DerivedData/OpenIntelligence-exvenikajtsxhefyqtimuofgvczj/SourcePackages/checkouts/swift-collections/Sources/OrderedCollections/OrderedDictionary/OrderedDictionary+Elements.swift (in target 'OrderedCollections' from project 'swift-collections')
    cd /Users/gunnarhostetler/Documents/GitHub/OpenIntelligence/OpenIntelligence.xcodeproj
    

SwiftCompile normal arm64 /Users/gunnarhostetler/Library/Developer/Xcode/DerivedData/OpenIntelligence-exvenikajtsxhefyqtimuofgvczj/SourcePackages/checkouts/swift-collections/Sources/OrderedCollections/OrderedDictionary/OrderedDictionary+Equatable.swift (in target 'OrderedCollections' from project 'swift-collections')
    cd /Users/gunnarhostetler/Documents/GitHub/OpenIntelligence/OpenIntelligence.xcodeproj
    

SwiftCompile normal arm64 /Users/gunnarhostetler/Library/Developer/Xcode/DerivedData/OpenIntelligence-exvenikajtsxhefyqtimuofgvczj/SourcePackages/checkouts/swift-collections/Sources/OrderedCollections/OrderedDictionary/OrderedDictionary+ExpressibleByDictionaryLiteral.swift (in target 'OrderedCollections' from project 'swift-collections')
    cd /Users/gunnarhostetler/Documents/GitHub/OpenIntelligence/OpenIntelligence.xcodeproj
    

SwiftCompile normal arm64 /Users/gunnarhostetler/Library/Developer/Xcode/DerivedData/OpenIntelligence-exvenikajtsxhefyqtimuofgvczj/SourcePackages/checkouts/swift-collections/Sources/OrderedCollections/OrderedDictionary/OrderedDictionary+Hashable.swift (in target 'OrderedCollections' from project 'swift-collections')
    cd /Users/gunnarhostetler/Documents/GitHub/OpenIntelligence/OpenIntelligence.xcodeproj
    

SwiftCompile normal arm64 /Users/gunnarhostetler/Library/Developer/Xcode/DerivedData/OpenIntelligence-exvenikajtsxhefyqtimuofgvczj/SourcePackages/checkouts/swift-collections/Sources/OrderedCollections/OrderedDictionary/OrderedDictionary+Initializers.swift (in target 'OrderedCollections' from project 'swift-collections')
    cd /Users/gunnarhostetler/Documents/GitHub/OpenIntelligence/OpenIntelligence.xcodeproj
    

SwiftDriverJobDiscovery normal arm64 Compiling _UnsafeBitSet.swift, _SortedCollection.swift (in target 'InternalCollectionsUtilities' from project 'swift-collections')

SwiftCompile normal arm64 Compiling\ OrderedDictionary+Invariants.swift,\ OrderedDictionary+Partial\ MutableCollection.swift,\ OrderedDictionary+Partial\ RangeReplaceableCollection.swift,\ OrderedDictionary+Sendable.swift,\ OrderedDictionary+Sequence.swift,\ OrderedDictionary+Values.swift /Users/gunnarhostetler/Library/Developer/Xcode/DerivedData/OpenIntelligence-exvenikajtsxhefyqtimuofgvczj/SourcePackages/checkouts/swift-collections/Sources/OrderedCollections/OrderedDictionary/OrderedDictionary+Invariants.swift /Users/gunnarhostetler/Library/Developer/Xcode/DerivedData/OpenIntelligence-exvenikajtsxhefyqtimuofgvczj/SourcePackages/checkouts/swift-collections/Sources/OrderedCollections/OrderedDictionary/OrderedDictionary+Partial\ MutableCollection.swift /Users/gunnarhostetler/Library/Developer/Xcode/DerivedData/OpenIntelligence-exvenikajtsxhefyqtimuofgvczj/SourcePackages/checkouts/swift-collections/Sources/OrderedCollections/OrderedDictionary/OrderedDictionary+Partial\ RangeReplaceableCollection.swift /Users/gunnarhostetler/Library/Developer/Xcode/DerivedData/OpenIntelligence-exvenikajtsxhefyqtimuofgvczj/SourcePackages/checkouts/swift-collections/Sources/OrderedCollections/OrderedDictionary/OrderedDictionary+Sendable.swift /Users/gunnarhostetler/Library/Developer/Xcode/DerivedData/OpenIntelligence-exvenikajtsxhefyqtimuofgvczj/SourcePackages/checkouts/swift-collections/Sources/OrderedCollections/OrderedDictionary/OrderedDictionary+Sequence.swift /Users/gunnarhostetler/Library/Developer/Xcode/DerivedData/OpenIntelligence-exvenikajtsxhefyqtimuofgvczj/SourcePackages/checkouts/swift-collections/Sources/OrderedCollections/OrderedDictionary/OrderedDictionary+Values.swift (in target 'OrderedCollections' from project 'swift-collections')

SwiftCompile normal arm64 /Users/gunnarhostetler/Library/Developer/Xcode/DerivedData/OpenIntelligence-exvenikajtsxhefyqtimuofgvczj/SourcePackages/checkouts/swift-collections/Sources/OrderedCollections/OrderedDictionary/OrderedDictionary+Invariants.swift (in target 'OrderedCollections' from project 'swift-collections')
    cd /Users/gunnarhostetler/Documents/GitHub/OpenIntelligence/OpenIntelligence.xcodeproj
    

SwiftCompile normal arm64 /Users/gunnarhostetler/Library/Developer/Xcode/DerivedData/OpenIntelligence-exvenikajtsxhefyqtimuofgvczj/SourcePackages/checkouts/swift-collections/Sources/OrderedCollections/OrderedDictionary/OrderedDictionary+Partial\ MutableCollection.swift (in target 'OrderedCollections' from project 'swift-collections')
    cd /Users/gunnarhostetler/Documents/GitHub/OpenIntelligence/OpenIntelligence.xcodeproj
    

SwiftCompile normal arm64 /Users/gunnarhostetler/Library/Developer/Xcode/DerivedData/OpenIntelligence-exvenikajtsxhefyqtimuofgvczj/SourcePackages/checkouts/swift-collections/Sources/OrderedCollections/OrderedDictionary/OrderedDictionary+Partial\ RangeReplaceableCollection.swift (in target 'OrderedCollections' from project 'swift-collections')
    cd /Users/gunnarhostetler/Documents/GitHub/OpenIntelligence/OpenIntelligence.xcodeproj
    

SwiftCompile normal arm64 /Users/gunnarhostetler/Library/Developer/Xcode/DerivedData/OpenIntelligence-exvenikajtsxhefyqtimuofgvczj/SourcePackages/checkouts/swift-collections/Sources/OrderedCollections/OrderedDictionary/OrderedDictionary+Sendable.swift (in target 'OrderedCollections' from project 'swift-collections')
    cd /Users/gunnarhostetler/Documents/GitHub/OpenIntelligence/OpenIntelligence.xcodeproj
    

SwiftCompile normal arm64 /Users/gunnarhostetler/Library/Developer/Xcode/DerivedData/OpenIntelligence-exvenikajtsxhefyqtimuofgvczj/SourcePackages/checkouts/swift-collections/Sources/OrderedCollections/OrderedDictionary/OrderedDictionary+Sequence.swift (in target 'OrderedCollections' from project 'swift-collections')
    cd /Users/gunnarhostetler/Documents/GitHub/OpenIntelligence/OpenIntelligence.xcodeproj
    

SwiftCompile normal arm64 /Users/gunnarhostetler/Library/Developer/Xcode/DerivedData/OpenIntelligence-exvenikajtsxhefyqtimuofgvczj/SourcePackages/checkouts/swift-collections/Sources/OrderedCollections/OrderedDictionary/OrderedDictionary+Values.swift (in target 'OrderedCollections' from project 'swift-collections')
    cd /Users/gunnarhostetler/Documents/GitHub/OpenIntelligence/OpenIntelligence.xcodeproj
    

SwiftDriverJobDiscovery normal arm64 Compiling OrderedSet+Partial SetAlgebra isDisjoint.swift, OrderedSet+Partial SetAlgebra isEqualSet.swift, OrderedSet+Partial SetAlgebra isStrictSubset.swift, OrderedSet+Partial SetAlgebra isStrictSuperset.swift, OrderedSet+Partial SetAlgebra isSubset.swift (in target 'OrderedCollections' from project 'swift-collections')

SwiftCompile normal arm64 Compiling\ OrderedSet+Partial\ SetAlgebra+Basics.swift,\ OrderedSet+RandomAccessCollection.swift,\ OrderedSet+ReserveCapacity.swift,\ OrderedSet+Sendable.swift,\ OrderedSet+SubSequence.swift /Users/gunnarhostetler/Library/Developer/Xcode/DerivedData/OpenIntelligence-exvenikajtsxhefyqtimuofgvczj/SourcePackages/checkouts/swift-collections/Sources/OrderedCollections/OrderedSet/OrderedSet+Partial\ SetAlgebra+Basics.swift /Users/gunnarhostetler/Library/Developer/Xcode/DerivedData/OpenIntelligence-exvenikajtsxhefyqtimuofgvczj/SourcePackages/checkouts/swift-collections/Sources/OrderedCollections/OrderedSet/OrderedSet+RandomAccessCollection.swift /Users/gunnarhostetler/Library/Developer/Xcode/DerivedData/OpenIntelligence-exvenikajtsxhefyqtimuofgvczj/SourcePackages/checkouts/swift-collections/Sources/OrderedCollections/OrderedSet/OrderedSet+ReserveCapacity.swift /Users/gunnarhostetler/Library/Developer/Xcode/DerivedData/OpenIntelligence-exvenikajtsxhefyqtimuofgvczj/SourcePackages/checkouts/swift-collections/Sources/OrderedCollections/OrderedSet/OrderedSet+Sendable.swift /Users/gunnarhostetler/Library/Developer/Xcode/DerivedData/OpenIntelligence-exvenikajtsxhefyqtimuofgvczj/SourcePackages/checkouts/swift-collections/Sources/OrderedCollections/OrderedSet/OrderedSet+SubSequence.swift (in target 'OrderedCollections' from project 'swift-collections')

SwiftCompile normal arm64 /Users/gunnarhostetler/Library/Developer/Xcode/DerivedData/OpenIntelligence-exvenikajtsxhefyqtimuofgvczj/SourcePackages/checkouts/swift-collections/Sources/OrderedCollections/OrderedSet/OrderedSet+Partial\ SetAlgebra+Basics.swift (in target 'OrderedCollections' from project 'swift-collections')
    cd /Users/gunnarhostetler/Documents/GitHub/OpenIntelligence/OpenIntelligence.xcodeproj
    

SwiftCompile normal arm64 /Users/gunnarhostetler/Library/Developer/Xcode/DerivedData/OpenIntelligence-exvenikajtsxhefyqtimuofgvczj/SourcePackages/checkouts/swift-collections/Sources/OrderedCollections/OrderedSet/OrderedSet+RandomAccessCollection.swift (in target 'OrderedCollections' from project 'swift-collections')
    cd /Users/gunnarhostetler/Documents/GitHub/OpenIntelligence/OpenIntelligence.xcodeproj
    

SwiftCompile normal arm64 /Users/gunnarhostetler/Library/Developer/Xcode/DerivedData/OpenIntelligence-exvenikajtsxhefyqtimuofgvczj/SourcePackages/checkouts/swift-collections/Sources/OrderedCollections/OrderedSet/OrderedSet+ReserveCapacity.swift (in target 'OrderedCollections' from project 'swift-collections')
    cd /Users/gunnarhostetler/Documents/GitHub/OpenIntelligence/OpenIntelligence.xcodeproj
    

SwiftCompile normal arm64 /Users/gunnarhostetler/Library/Developer/Xcode/DerivedData/OpenIntelligence-exvenikajtsxhefyqtimuofgvczj/SourcePackages/checkouts/swift-collections/Sources/OrderedCollections/OrderedSet/OrderedSet+Sendable.swift (in target 'OrderedCollections' from project 'swift-collections')
    cd /Users/gunnarhostetler/Documents/GitHub/OpenIntelligence/OpenIntelligence.xcodeproj
    

SwiftCompile normal arm64 /Users/gunnarhostetler/Library/Developer/Xcode/DerivedData/OpenIntelligence-exvenikajtsxhefyqtimuofgvczj/SourcePackages/checkouts/swift-collections/Sources/OrderedCollections/OrderedSet/OrderedSet+SubSequence.swift (in target 'OrderedCollections' from project 'swift-collections')
    cd /Users/gunnarhostetler/Documents/GitHub/OpenIntelligence/OpenIntelligence.xcodeproj
    

SwiftDriverJobDiscovery normal arm64 Compiling OrderedSet+ExpressibleByArrayLiteral.swift, OrderedSet+Hashable.swift, OrderedSet+Initializers.swift, OrderedSet+Insertions.swift, OrderedSet+Invariants.swift, OrderedSet+Partial MutableCollection.swift (in target 'OrderedCollections' from project 'swift-collections')

SwiftCompile normal arm64 Compiling\ OrderedDictionary.swift,\ OrderedSet+Codable.swift,\ OrderedSet+CustomReflectable.swift,\ OrderedSet+Descriptions.swift,\ OrderedSet+Diffing.swift,\ OrderedSet+Equatable.swift /Users/gunnarhostetler/Library/Developer/Xcode/DerivedData/OpenIntelligence-exvenikajtsxhefyqtimuofgvczj/SourcePackages/checkouts/swift-collections/Sources/OrderedCollections/OrderedDictionary/OrderedDictionary.swift /Users/gunnarhostetler/Library/Developer/Xcode/DerivedData/OpenIntelligence-exvenikajtsxhefyqtimuofgvczj/SourcePackages/checkouts/swift-collections/Sources/OrderedCollections/OrderedSet/OrderedSet+Codable.swift /Users/gunnarhostetler/Library/Developer/Xcode/DerivedData/OpenIntelligence-exvenikajtsxhefyqtimuofgvczj/SourcePackages/checkouts/swift-collections/Sources/OrderedCollections/OrderedSet/OrderedSet+CustomReflectable.swift /Users/gunnarhostetler/Library/Developer/Xcode/DerivedData/OpenIntelligence-exvenikajtsxhefyqtimuofgvczj/SourcePackages/checkouts/swift-collections/Sources/OrderedCollections/OrderedSet/OrderedSet+Descriptions.swift /Users/gunnarhostetler/Library/Developer/Xcode/DerivedData/OpenIntelligence-exvenikajtsxhefyqtimuofgvczj/SourcePackages/checkouts/swift-collections/Sources/OrderedCollections/OrderedSet/OrderedSet+Diffing.swift /Users/gunnarhostetler/Library/Developer/Xcode/DerivedData/OpenIntelligence-exvenikajtsxhefyqtimuofgvczj/SourcePackages/checkouts/swift-collections/Sources/OrderedCollections/OrderedSet/OrderedSet+Equatable.swift (in target 'OrderedCollections' from project 'swift-collections')

SwiftCompile normal arm64 /Users/gunnarhostetler/Library/Developer/Xcode/DerivedData/OpenIntelligence-exvenikajtsxhefyqtimuofgvczj/SourcePackages/checkouts/swift-collections/Sources/OrderedCollections/OrderedDictionary/OrderedDictionary.swift (in target 'OrderedCollections' from project 'swift-collections')
    cd /Users/gunnarhostetler/Documents/GitHub/OpenIntelligence/OpenIntelligence.xcodeproj
    

SwiftCompile normal arm64 /Users/gunnarhostetler/Library/Developer/Xcode/DerivedData/OpenIntelligence-exvenikajtsxhefyqtimuofgvczj/SourcePackages/checkouts/swift-collections/Sources/OrderedCollections/OrderedSet/OrderedSet+Codable.swift (in target 'OrderedCollections' from project 'swift-collections')
    cd /Users/gunnarhostetler/Documents/GitHub/OpenIntelligence/OpenIntelligence.xcodeproj
    

SwiftCompile normal arm64 /Users/gunnarhostetler/Library/Developer/Xcode/DerivedData/OpenIntelligence-exvenikajtsxhefyqtimuofgvczj/SourcePackages/checkouts/swift-collections/Sources/OrderedCollections/OrderedSet/OrderedSet+CustomReflectable.swift (in target 'OrderedCollections' from project 'swift-collections')
    cd /Users/gunnarhostetler/Documents/GitHub/OpenIntelligence/OpenIntelligence.xcodeproj
    

SwiftCompile normal arm64 /Users/gunnarhostetler/Library/Developer/Xcode/DerivedData/OpenIntelligence-exvenikajtsxhefyqtimuofgvczj/SourcePackages/checkouts/swift-collections/Sources/OrderedCollections/OrderedSet/OrderedSet+Descriptions.swift (in target 'OrderedCollections' from project 'swift-collections')
    cd /Users/gunnarhostetler/Documents/GitHub/OpenIntelligence/OpenIntelligence.xcodeproj
    

SwiftCompile normal arm64 /Users/gunnarhostetler/Library/Developer/Xcode/DerivedData/OpenIntelligence-exvenikajtsxhefyqtimuofgvczj/SourcePackages/checkouts/swift-collections/Sources/OrderedCollections/OrderedSet/OrderedSet+Diffing.swift (in target 'OrderedCollections' from project 'swift-collections')
    cd /Users/gunnarhostetler/Documents/GitHub/OpenIntelligence/OpenIntelligence.xcodeproj
    

SwiftCompile normal arm64 /Users/gunnarhostetler/Library/Developer/Xcode/DerivedData/OpenIntelligence-exvenikajtsxhefyqtimuofgvczj/SourcePackages/checkouts/swift-collections/Sources/OrderedCollections/OrderedSet/OrderedSet+Equatable.swift (in target 'OrderedCollections' from project 'swift-collections')
    cd /Users/gunnarhostetler/Documents/GitHub/OpenIntelligence/OpenIntelligence.xcodeproj
    

SwiftDriverJobDiscovery normal arm64 Compiling _HashTable.swift, _Hashtable+Header.swift, OrderedDictionary+Codable.swift, OrderedDictionary+CustomReflectable.swift, OrderedDictionary+Deprecations.swift, OrderedDictionary+Descriptions.swift (in target 'OrderedCollections' from project 'swift-collections')

SwiftCompile normal arm64 Compiling\ OrderedSet+Partial\ SetAlgebra\ isSuperset.swift,\ OrderedSet+Partial\ SetAlgebra\ subtract.swift,\ OrderedSet+Partial\ SetAlgebra\ subtracting.swift,\ OrderedSet+Partial\ SetAlgebra\ symmetricDifference.swift,\ OrderedSet+Partial\ SetAlgebra\ union.swift /Users/gunnarhostetler/Library/Developer/Xcode/DerivedData/OpenIntelligence-exvenikajtsxhefyqtimuofgvczj/SourcePackages/checkouts/swift-collections/Sources/OrderedCollections/OrderedSet/OrderedSet+Partial\ SetAlgebra\ isSuperset.swift /Users/gunnarhostetler/Library/Developer/Xcode/DerivedData/OpenIntelligence-exvenikajtsxhefyqtimuofgvczj/SourcePackages/checkouts/swift-collections/Sources/OrderedCollections/OrderedSet/OrderedSet+Partial\ SetAlgebra\ subtract.swift /Users/gunnarhostetler/Library/Developer/Xcode/DerivedData/OpenIntelligence-exvenikajtsxhefyqtimuofgvczj/SourcePackages/checkouts/swift-collections/Sources/OrderedCollections/OrderedSet/OrderedSet+Partial\ SetAlgebra\ subtracting.swift /Users/gunnarhostetler/Library/Developer/Xcode/DerivedData/OpenIntelligence-exvenikajtsxhefyqtimuofgvczj/SourcePackages/checkouts/swift-collections/Sources/OrderedCollections/OrderedSet/OrderedSet+Partial\ SetAlgebra\ symmetricDifference.swift /Users/gunnarhostetler/Library/Developer/Xcode/DerivedData/OpenIntelligence-exvenikajtsxhefyqtimuofgvczj/SourcePackages/checkouts/swift-collections/Sources/OrderedCollections/OrderedSet/OrderedSet+Partial\ SetAlgebra\ union.swift (in target 'OrderedCollections' from project 'swift-collections')

SwiftCompile normal arm64 /Users/gunnarhostetler/Library/Developer/Xcode/DerivedData/OpenIntelligence-exvenikajtsxhefyqtimuofgvczj/SourcePackages/checkouts/swift-collections/Sources/OrderedCollections/OrderedSet/OrderedSet+Partial\ SetAlgebra\ isSuperset.swift (in target 'OrderedCollections' from project 'swift-collections')
    cd /Users/gunnarhostetler/Documents/GitHub/OpenIntelligence/OpenIntelligence.xcodeproj
    

SwiftCompile normal arm64 /Users/gunnarhostetler/Library/Developer/Xcode/DerivedData/OpenIntelligence-exvenikajtsxhefyqtimuofgvczj/SourcePackages/checkouts/swift-collections/Sources/OrderedCollections/OrderedSet/OrderedSet+Partial\ SetAlgebra\ subtract.swift (in target 'OrderedCollections' from project 'swift-collections')
    cd /Users/gunnarhostetler/Documents/GitHub/OpenIntelligence/OpenIntelligence.xcodeproj
    

SwiftCompile normal arm64 /Users/gunnarhostetler/Library/Developer/Xcode/DerivedData/OpenIntelligence-exvenikajtsxhefyqtimuofgvczj/SourcePackages/checkouts/swift-collections/Sources/OrderedCollections/OrderedSet/OrderedSet+Partial\ SetAlgebra\ subtracting.swift (in target 'OrderedCollections' from project 'swift-collections')
    cd /Users/gunnarhostetler/Documents/GitHub/OpenIntelligence/OpenIntelligence.xcodeproj
    

SwiftCompile normal arm64 /Users/gunnarhostetler/Library/Developer/Xcode/DerivedData/OpenIntelligence-exvenikajtsxhefyqtimuofgvczj/SourcePackages/checkouts/swift-collections/Sources/OrderedCollections/OrderedSet/OrderedSet+Partial\ SetAlgebra\ symmetricDifference.swift (in target 'OrderedCollections' from project 'swift-collections')
    cd /Users/gunnarhostetler/Documents/GitHub/OpenIntelligence/OpenIntelligence.xcodeproj
    

SwiftCompile normal arm64 /Users/gunnarhostetler/Library/Developer/Xcode/DerivedData/OpenIntelligence-exvenikajtsxhefyqtimuofgvczj/SourcePackages/checkouts/swift-collections/Sources/OrderedCollections/OrderedSet/OrderedSet+Partial\ SetAlgebra\ union.swift (in target 'OrderedCollections' from project 'swift-collections')
    cd /Users/gunnarhostetler/Documents/GitHub/OpenIntelligence/OpenIntelligence.xcodeproj
    

SwiftDriverJobDiscovery normal arm64 Compiling OrderedDictionary+Invariants.swift, OrderedDictionary+Partial MutableCollection.swift, OrderedDictionary+Partial RangeReplaceableCollection.swift, OrderedDictionary+Sendable.swift, OrderedDictionary+Sequence.swift, OrderedDictionary+Values.swift (in target 'OrderedCollections' from project 'swift-collections')

SwiftCompile normal arm64 Compiling\ OrderedSet+Partial\ RangeReplaceableCollection.swift,\ OrderedSet+Partial\ SetAlgebra\ formIntersection.swift,\ OrderedSet+Partial\ SetAlgebra\ formSymmetricDifference.swift,\ OrderedSet+Partial\ SetAlgebra\ formUnion.swift,\ OrderedSet+Partial\ SetAlgebra\ intersection.swift /Users/gunnarhostetler/Library/Developer/Xcode/DerivedData/OpenIntelligence-exvenikajtsxhefyqtimuofgvczj/SourcePackages/checkouts/swift-collections/Sources/OrderedCollections/OrderedSet/OrderedSet+Partial\ RangeReplaceableCollection.swift /Users/gunnarhostetler/Library/Developer/Xcode/DerivedData/OpenIntelligence-exvenikajtsxhefyqtimuofgvczj/SourcePackages/checkouts/swift-collections/Sources/OrderedCollections/OrderedSet/OrderedSet+Partial\ SetAlgebra\ formIntersection.swift /Users/gunnarhostetler/Library/Developer/Xcode/DerivedData/OpenIntelligence-exvenikajtsxhefyqtimuofgvczj/SourcePackages/checkouts/swift-collections/Sources/OrderedCollections/OrderedSet/OrderedSet+Partial\ SetAlgebra\ formSymmetricDifference.swift /Users/gunnarhostetler/Library/Developer/Xcode/DerivedData/OpenIntelligence-exvenikajtsxhefyqtimuofgvczj/SourcePackages/checkouts/swift-collections/Sources/OrderedCollections/OrderedSet/OrderedSet+Partial\ SetAlgebra\ formUnion.swift /Users/gunnarhostetler/Library/Developer/Xcode/DerivedData/OpenIntelligence-exvenikajtsxhefyqtimuofgvczj/SourcePackages/checkouts/swift-collections/Sources/OrderedCollections/OrderedSet/OrderedSet+Partial\ SetAlgebra\ intersection.swift (in target 'OrderedCollections' from project 'swift-collections')

SwiftCompile normal arm64 /Users/gunnarhostetler/Library/Developer/Xcode/DerivedData/OpenIntelligence-exvenikajtsxhefyqtimuofgvczj/SourcePackages/checkouts/swift-collections/Sources/OrderedCollections/OrderedSet/OrderedSet+Partial\ RangeReplaceableCollection.swift (in target 'OrderedCollections' from project 'swift-collections')
    cd /Users/gunnarhostetler/Documents/GitHub/OpenIntelligence/OpenIntelligence.xcodeproj
    

SwiftCompile normal arm64 /Users/gunnarhostetler/Library/Developer/Xcode/DerivedData/OpenIntelligence-exvenikajtsxhefyqtimuofgvczj/SourcePackages/checkouts/swift-collections/Sources/OrderedCollections/OrderedSet/OrderedSet+Partial\ SetAlgebra\ formIntersection.swift (in target 'OrderedCollections' from project 'swift-collections')
    cd /Users/gunnarhostetler/Documents/GitHub/OpenIntelligence/OpenIntelligence.xcodeproj
    

SwiftCompile normal arm64 /Users/gunnarhostetler/Library/Developer/Xcode/DerivedData/OpenIntelligence-exvenikajtsxhefyqtimuofgvczj/SourcePackages/checkouts/swift-collections/Sources/OrderedCollections/OrderedSet/OrderedSet+Partial\ SetAlgebra\ formSymmetricDifference.swift (in target 'OrderedCollections' from project 'swift-collections')
    cd /Users/gunnarhostetler/Documents/GitHub/OpenIntelligence/OpenIntelligence.xcodeproj
    

SwiftCompile normal arm64 /Users/gunnarhostetler/Library/Developer/Xcode/DerivedData/OpenIntelligence-exvenikajtsxhefyqtimuofgvczj/SourcePackages/checkouts/swift-collections/Sources/OrderedCollections/OrderedSet/OrderedSet+Partial\ SetAlgebra\ formUnion.swift (in target 'OrderedCollections' from project 'swift-collections')
    cd /Users/gunnarhostetler/Documents/GitHub/OpenIntelligence/OpenIntelligence.xcodeproj
    

SwiftCompile normal arm64 /Users/gunnarhostetler/Library/Developer/Xcode/DerivedData/OpenIntelligence-exvenikajtsxhefyqtimuofgvczj/SourcePackages/checkouts/swift-collections/Sources/OrderedCollections/OrderedSet/OrderedSet+Partial\ SetAlgebra\ intersection.swift (in target 'OrderedCollections' from project 'swift-collections')
    cd /Users/gunnarhostetler/Documents/GitHub/OpenIntelligence/OpenIntelligence.xcodeproj
    

SwiftDriverJobDiscovery normal arm64 Compiling OrderedSet+Partial SetAlgebra+Basics.swift, OrderedSet+RandomAccessCollection.swift, OrderedSet+ReserveCapacity.swift, OrderedSet+Sendable.swift, OrderedSet+SubSequence.swift (in target 'OrderedCollections' from project 'swift-collections')

SwiftDriverJobDiscovery normal arm64 Compiling OrderedDictionary.swift, OrderedSet+Codable.swift, OrderedSet+CustomReflectable.swift, OrderedSet+Descriptions.swift, OrderedSet+Diffing.swift, OrderedSet+Equatable.swift (in target 'OrderedCollections' from project 'swift-collections')

SwiftDriver\ Compilation InternalCollectionsUtilities normal arm64 com.apple.xcode.tools.swift.compiler (in target 'InternalCollectionsUtilities' from project 'swift-collections')
    cd /Users/gunnarhostetler/Documents/GitHub/OpenIntelligence/OpenIntelligence.xcodeproj
    builtin-Swift-Compilation -- /Applications/Xcode.app/Contents/Developer/Toolchains/XcodeDefault.xctoolchain/usr/bin/swiftc -module-name InternalCollectionsUtilities -Onone -enforce-exclusivity\=checked @/Users/gunnarhostetler/Library/Developer/Xcode/DerivedData/OpenIntelligence-exvenikajtsxhefyqtimuofgvczj/Build/Intermediates.noindex/swift-collections.build/Debug-iphonesimulator/InternalCollectionsUtilities.build/Objects-normal/arm64/InternalCollectionsUtilities.SwiftFileList -DSWIFT_PACKAGE -DDEBUG -DSWIFT_MODULE_RESOURCE_BUNDLE_UNAVAILABLE -DCOLLECTIONS_RANDOMIZED_TESTING -DXcode -enable-experimental-feature AvailabilityMacro\=SwiftStdlib\ 5.0:\ macOS\ 10.14.4,\ iOS\ 12.2,\ watchOS\ 5.2,\ tvOS\ 12.2 -enable-experimental-feature AvailabilityMacro\=SwiftStdlib\ 5.1:\ macOS\ 10.15,\ iOS\ 13.0,\ watchOS\ 6.0,\ tvOS\ 13.0 -enable-experimental-feature AvailabilityMacro\=SwiftStdlib\ 5.6:\ macOS\ 12.3,\ iOS\ 15.4,\ watchOS\ 8.5,\ tvOS\ 15.4 -enable-experimental-feature AvailabilityMacro\=SwiftStdlib\ 5.8:\ macOS\ 13.3,\ iOS\ 16.4,\ watchOS\ 9.4,\ tvOS\ 16.4 -enable-experimental-feature AvailabilityMacro\=SwiftStdlib\ 5.9:\ macOS\ 14.0,\ iOS\ 17.0,\ watchOS\ 10.0,\ tvOS\ 17.0 -enable-experimental-feature AvailabilityMacro\=SwiftStdlib\ 5.10:\ macOS\ 14.4,\ iOS\ 17.4,\ watchOS\ 10.4,\ tvOS\ 17.4,\ visionOS\ 1.1 -enable-experimental-feature AvailabilityMacro\=SwiftStdlib\ 6.0:\ macOS\ 15.0,\ iOS\ 18.0,\ watchOS\ 11.0,\ tvOS\ 18.0,\ visionOS\ 2.0 -enable-experimental-feature AvailabilityMacro\=SwiftStdlib\ 6.1:\ macOS\ 15.4,\ iOS\ 18.4,\ watchOS\ 11.4,\ tvOS\ 18.4,\ visionOS\ 2.4 -enable-experimental-feature AvailabilityMacro\=SwiftStdlib\ 6.2:\ macOS\ 26.0,\ iOS\ 26.0,\ watchOS\ 26.0,\ tvOS\ 26.0,\ visionOS\ 26.0 -enable-upcoming-feature MemberImportVisibility -enable-experimental-feature BuiltinModule -enable-experimental-feature Lifetimes -enable-experimental-feature InoutLifetimeDependence -enable-experimental-feature SuppressedAssociatedTypes -plugin-path /Applications/Xcode.app/Contents/Developer/Toolchains/XcodeDefault.xctoolchain/usr/lib/swift/host/plugins/testing -enable-experimental-feature DebugDescriptionMacro -sdk /Applications/Xcode.app/Contents/Developer/Platforms/iPhoneSimulator.platform/Developer/SDKs/iPhoneSimulator26.1.sdk -target arm64-apple-ios12.0-simulator -g -module-cache-path /Users/gunnarhostetler/Library/Developer/Xcode/DerivedData/ModuleCache.noindex -Xfrontend -serialize-debugging-options -enable-testing -suppress-warnings -index-store-path /Users/gunnarhostetler/Library/Developer/Xcode/DerivedData/OpenIntelligence-exvenikajtsxhefyqtimuofgvczj/Index.noindex/DataStore -Xcc -D_LIBCPP_HARDENING_MODE\=_LIBCPP_HARDENING_MODE_DEBUG -swift-version 6 -I /Users/gunnarhostetler/Library/Developer/Xcode/DerivedData/OpenIntelligence-exvenikajtsxhefyqtimuofgvczj/Build/Products/Debug-iphonesimulator -Isystem /Applications/Xcode.app/Contents/Developer/Platforms/iPhoneSimulator.platform/Developer/usr/lib -F /Users/gunnarhostetler/Library/Developer/Xcode/DerivedData/OpenIntelligence-exvenikajtsxhefyqtimuofgvczj/Build/Products/Debug-iphonesimulator -F /Applications/Xcode.app/Contents/Developer/Platforms/iPhoneSimulator.platform/Developer/Library/Frameworks -F /Applications/Xcode.app/Contents/Developer/Platforms/iPhoneSimulator.platform/Developer/SDKs/iPhoneSimulator26.1.sdk/Developer/Library/Frameworks -c -j11 -enable-batch-mode -incremental -Xcc -ivfsstatcache -Xcc /Users/gunnarhostetler/Library/Developer/Xcode/DerivedData/SDKStatCaches.noindex/iphonesimulator26.1-23B77-3885c01c3e6b6a337905948deab2002e90cf18a4295e390e64c810bc6bd7acbc.sdkstatcache -output-file-map /Users/gunnarhostetler/Library/Developer/Xcode/DerivedData/OpenIntelligence-exvenikajtsxhefyqtimuofgvczj/Build/Intermediates.noindex/swift-collections.build/Debug-iphonesimulator/InternalCollectionsUtilities.build/Objects-normal/arm64/InternalCollectionsUtilities-OutputFileMap.json -use-frontend-parseable-output -save-temps -no-color-diagnostics -explicit-module-build -module-cache-path /Users/gunnarhostetler/Library/Developer/Xcode/DerivedData/OpenIntelligence-exvenikajtsxhefyqtimuofgvczj/Build/Intermediates.noindex/SwiftExplicitPrecompiledModules -clang-scanner-module-cache-path /Users/gunnarhostetler/Library/Developer/Xcode/DerivedData/ModuleCache.noindex -sdk-module-cache-path /Users/gunnarhostetler/Library/Developer/Xcode/DerivedData/ModuleCache.noindex -serialize-diagnostics -emit-dependencies -emit-module -emit-module-path /Users/gunnarhostetler/Library/Developer/Xcode/DerivedData/OpenIntelligence-exvenikajtsxhefyqtimuofgvczj/Build/Intermediates.noindex/swift-collections.build/Debug-iphonesimulator/InternalCollectionsUtilities.build/Objects-normal/arm64/InternalCollectionsUtilities.swiftmodule -user-module-version 1.3.0 -validate-clang-modules-once -clang-build-session-file /Users/gunnarhostetler/Library/Developer/Xcode/DerivedData/ModuleCache.noindex/Session.modulevalidation -package-name swift_collections -Xcc -I/Users/gunnarhostetler/Library/Developer/Xcode/DerivedData/OpenIntelligence-exvenikajtsxhefyqtimuofgvczj/Build/Intermediates.noindex/swift-collections.build/Debug-iphonesimulator/InternalCollectionsUtilities.build/swift-overrides.hmap -emit-const-values -Xfrontend -const-gather-protocols-file -Xfrontend /Users/gunnarhostetler/Library/Developer/Xcode/DerivedData/OpenIntelligence-exvenikajtsxhefyqtimuofgvczj/Build/Intermediates.noindex/swift-collections.build/Debug-iphonesimulator/InternalCollectionsUtilities.build/Objects-normal/arm64/InternalCollectionsUtilities_const_extract_protocols.json -Xcc -I/Users/gunnarhostetler/Library/Developer/Xcode/DerivedData/OpenIntelligence-exvenikajtsxhefyqtimuofgvczj/Build/Products/Debug-iphonesimulator/include -Xcc -I/Users/gunnarhostetler/Library/Developer/Xcode/DerivedData/OpenIntelligence-exvenikajtsxhefyqtimuofgvczj/Build/Intermediates.noindex/swift-collections.build/Debug-iphonesimulator/InternalCollectionsUtilities.build/DerivedSources-normal/arm64 -Xcc -I/Users/gunnarhostetler/Library/Developer/Xcode/DerivedData/OpenIntelligence-exvenikajtsxhefyqtimuofgvczj/Build/Intermediates.noindex/swift-collections.build/Debug-iphonesimulator/InternalCollectionsUtilities.build/DerivedSources/arm64 -Xcc -I/Users/gunnarhostetler/Library/Developer/Xcode/DerivedData/OpenIntelligence-exvenikajtsxhefyqtimuofgvczj/Build/Intermediates.noindex/swift-collections.build/Debug-iphonesimulator/InternalCollectionsUtilities.build/DerivedSources -Xcc -DSWIFT_PACKAGE -Xcc -DDEBUG\=1 -emit-objc-header -emit-objc-header-path /Users/gunnarhostetler/Library/Developer/Xcode/DerivedData/OpenIntelligence-exvenikajtsxhefyqtimuofgvczj/Build/Intermediates.noindex/swift-collections.build/Debug-iphonesimulator/InternalCollectionsUtilities.build/Objects-normal/arm64/InternalCollectionsUtilities-Swift.h -working-directory /Users/gunnarhostetler/Documents/GitHub/OpenIntelligence/OpenIntelligence.xcodeproj -experimental-emit-module-separately -disable-cmo

Ld /Users/gunnarhostetler/Library/Developer/Xcode/DerivedData/OpenIntelligence-exvenikajtsxhefyqtimuofgvczj/Build/Products/Debug-iphonesimulator/InternalCollectionsUtilities.o normal (in target 'InternalCollectionsUtilities' from project 'swift-collections')
    cd /Users/gunnarhostetler/Library/Developer/Xcode/DerivedData/OpenIntelligence-exvenikajtsxhefyqtimuofgvczj/SourcePackages/checkouts/swift-collections
    /Applications/Xcode.app/Contents/Developer/Toolchains/XcodeDefault.xctoolchain/usr/bin/clang -Xlinker -reproducible -target arm64-apple-ios12.0-simulator -r -isysroot /Applications/Xcode.app/Contents/Developer/Platforms/iPhoneSimulator.platform/Developer/SDKs/iPhoneSimulator26.1.sdk -O0 -w -L/Users/gunnarhostetler/Library/Developer/Xcode/DerivedData/OpenIntelligence-exvenikajtsxhefyqtimuofgvczj/Build/Intermediates.noindex/EagerLinkingTBDs/Debug-iphonesimulator -L/Users/gunnarhostetler/Library/Developer/Xcode/DerivedData/OpenIntelligence-exvenikajtsxhefyqtimuofgvczj/Build/Products/Debug-iphonesimulator -L/Applications/Xcode.app/Contents/Developer/Platforms/iPhoneSimulator.platform/Developer/usr/lib -F/Users/gunnarhostetler/Library/Developer/Xcode/DerivedData/OpenIntelligence-exvenikajtsxhefyqtimuofgvczj/Build/Intermediates.noindex/EagerLinkingTBDs/Debug-iphonesimulator -F/Users/gunnarhostetler/Library/Developer/Xcode/DerivedData/OpenIntelligence-exvenikajtsxhefyqtimuofgvczj/Build/Products/Debug-iphonesimulator -iframework /Applications/Xcode.app/Contents/Developer/Platforms/iPhoneSimulator.platform/Developer/Library/Frameworks -iframework /Applications/Xcode.app/Contents/Developer/Platforms/iPhoneSimulator.platform/Developer/SDKs/iPhoneSimulator26.1.sdk/Developer/Library/Frameworks -filelist /Users/gunnarhostetler/Library/Developer/Xcode/DerivedData/OpenIntelligence-exvenikajtsxhefyqtimuofgvczj/Build/Intermediates.noindex/swift-collections.build/Debug-iphonesimulator/InternalCollectionsUtilities.build/Objects-normal/arm64/InternalCollectionsUtilities.LinkFileList -nostdlib -Xlinker -object_path_lto -Xlinker /Users/gunnarhostetler/Library/Developer/Xcode/DerivedData/OpenIntelligence-exvenikajtsxhefyqtimuofgvczj/Build/Intermediates.noindex/swift-collections.build/Debug-iphonesimulator/InternalCollectionsUtilities.build/Objects-normal/arm64/InternalCollectionsUtilities_lto.o -rdynamic -Xlinker -no_deduplicate -Xlinker -objc_abi_version -Xlinker 2 -Xlinker -dependency_info -Xlinker /Users/gunnarhostetler/Library/Developer/Xcode/DerivedData/OpenIntelligence-exvenikajtsxhefyqtimuofgvczj/Build/Intermediates.noindex/swift-collections.build/Debug-iphonesimulator/InternalCollectionsUtilities.build/Objects-normal/arm64/InternalCollectionsUtilities_dependency_info.dat -fobjc-link-runtime -L/Applications/Xcode.app/Contents/Developer/Toolchains/XcodeDefault.xctoolchain/usr/lib/swift/iphonesimulator -L/usr/lib/swift -Xlinker -add_ast_path -Xlinker /Users/gunnarhostetler/Library/Developer/Xcode/DerivedData/OpenIntelligence-exvenikajtsxhefyqtimuofgvczj/Build/Intermediates.noindex/swift-collections.build/Debug-iphonesimulator/InternalCollectionsUtilities.build/Objects-normal/arm64/InternalCollectionsUtilities.swiftmodule @/Users/gunnarhostetler/Library/Developer/Xcode/DerivedData/OpenIntelligence-exvenikajtsxhefyqtimuofgvczj/Build/Intermediates.noindex/swift-collections.build/Debug-iphonesimulator/InternalCollectionsUtilities.build/Objects-normal/arm64/InternalCollectionsUtilities-linker-args.resp -o /Users/gunnarhostetler/Library/Developer/Xcode/DerivedData/OpenIntelligence-exvenikajtsxhefyqtimuofgvczj/Build/Products/Debug-iphonesimulator/InternalCollectionsUtilities.o

SwiftDriverJobDiscovery normal arm64 Compiling OrderedSet+Testing.swift, OrderedSet+UnorderedView.swift, OrderedSet+UnstableInternals.swift, OrderedSet.swift, _UnsafeBitset.swift (in target 'OrderedCollections' from project 'swift-collections')

ExtractAppIntentsMetadata (in target 'InternalCollectionsUtilities' from project 'swift-collections')
    cd /Users/gunnarhostetler/Library/Developer/Xcode/DerivedData/OpenIntelligence-exvenikajtsxhefyqtimuofgvczj/SourcePackages/checkouts/swift-collections
    /Applications/Xcode.app/Contents/Developer/Toolchains/XcodeDefault.xctoolchain/usr/bin/appintentsmetadataprocessor --toolchain-dir /var/run/com.apple.security.cryptexd/mnt/com.apple.MobileAsset.MetalToolchain-v17.2.54.0.h1Qr4f/Metal.xctoolchain --module-name InternalCollectionsUtilities --sdk-root /Applications/Xcode.app/Contents/Developer/Platforms/iPhoneSimulator.platform/Developer/SDKs/iPhoneSimulator26.1.sdk --xcode-version 17B100 --platform-family iOS --deployment-target 12.0 --bundle-identifier swift-collections.InternalCollectionsUtilities --output /Users/gunnarhostetler/Library/Developer/Xcode/DerivedData/OpenIntelligence-exvenikajtsxhefyqtimuofgvczj/Build/Products/Debug-iphonesimulator/InternalCollectionsUtilities.appintents --target-triple arm64-apple-ios12.0-simulator --binary-file /Users/gunnarhostetler/Library/Developer/Xcode/DerivedData/OpenIntelligence-exvenikajtsxhefyqtimuofgvczj/Build/Products/Debug-iphonesimulator/InternalCollectionsUtilities.o --dependency-file /Users/gunnarhostetler/Library/Developer/Xcode/DerivedData/OpenIntelligence-exvenikajtsxhefyqtimuofgvczj/Build/Intermediates.noindex/swift-collections.build/Debug-iphonesimulator/InternalCollectionsUtilities.build/Objects-normal/arm64/InternalCollectionsUtilities_dependency_info.dat --stringsdata-file /Users/gunnarhostetler/Library/Developer/Xcode/DerivedData/OpenIntelligence-exvenikajtsxhefyqtimuofgvczj/Build/Intermediates.noindex/swift-collections.build/Debug-iphonesimulator/InternalCollectionsUtilities.build/Objects-normal/arm64/ExtractedAppShortcutsMetadata.stringsdata --source-file-list /Users/gunnarhostetler/Library/Developer/Xcode/DerivedData/OpenIntelligence-exvenikajtsxhefyqtimuofgvczj/Build/Intermediates.noindex/swift-collections.build/Debug-iphonesimulator/InternalCollectionsUtilities.build/Objects-normal/arm64/InternalCollectionsUtilities.SwiftFileList --metadata-file-list /Users/gunnarhostetler/Library/Developer/Xcode/DerivedData/OpenIntelligence-exvenikajtsxhefyqtimuofgvczj/Build/Intermediates.noindex/swift-collections.build/Debug-iphonesimulator/InternalCollectionsUtilities.build/InternalCollectionsUtilities.DependencyMetadataFileList --static-metadata-file-list /Users/gunnarhostetler/Library/Developer/Xcode/DerivedData/OpenIntelligence-exvenikajtsxhefyqtimuofgvczj/Build/Intermediates.noindex/swift-collections.build/Debug-iphonesimulator/InternalCollectionsUtilities.build/InternalCollectionsUtilities.DependencyStaticMetadataFileList --swift-const-vals-list /Users/gunnarhostetler/Library/Developer/Xcode/DerivedData/OpenIntelligence-exvenikajtsxhefyqtimuofgvczj/Build/Intermediates.noindex/swift-collections.build/Debug-iphonesimulator/InternalCollectionsUtilities.build/Objects-normal/arm64/InternalCollectionsUtilities.SwiftConstValuesFileList --force --compile-time-extraction --deployment-aware-processing --validate-assistant-intents --no-app-shortcuts-localization
2025-11-21 21:24:40.420 appintentsmetadataprocessor[60886:13350061] Starting appintentsmetadataprocessor export
2025-11-21 21:24:40.812 appintentsmetadataprocessor[60886:13350061] Extracted no relevant App Intents symbols, skipping writing output

RegisterExecutionPolicyException /Users/gunnarhostetler/Library/Developer/Xcode/DerivedData/OpenIntelligence-exvenikajtsxhefyqtimuofgvczj/Build/Products/Debug-iphonesimulator/LocalLLMClientUtility.o (in target 'LocalLLMClientUtility' from project 'LocalLLMClient')
    cd /Users/gunnarhostetler/Documents/GitHub/OpenIntelligence/Vendor/LocalLLMClient
    builtin-RegisterExecutionPolicyException /Users/gunnarhostetler/Library/Developer/Xcode/DerivedData/OpenIntelligence-exvenikajtsxhefyqtimuofgvczj/Build/Products/Debug-iphonesimulator/LocalLLMClientUtility.o

SwiftDriverJobDiscovery normal arm64 Compiling OrderedDictionary+Elements.SubSequence.swift, OrderedDictionary+Elements.swift, OrderedDictionary+Equatable.swift, OrderedDictionary+ExpressibleByDictionaryLiteral.swift, OrderedDictionary+Hashable.swift, OrderedDictionary+Initializers.swift (in target 'OrderedCollections' from project 'swift-collections')

RegisterExecutionPolicyException /Users/gunnarhostetler/Library/Developer/Xcode/DerivedData/OpenIntelligence-exvenikajtsxhefyqtimuofgvczj/Build/Products/Debug/LocalLLMClientMacrosPlugin (in target 'LocalLLMClientMacrosPlugin' from project 'LocalLLMClient')
    cd /Users/gunnarhostetler/Documents/GitHub/OpenIntelligence/Vendor/LocalLLMClient
    builtin-RegisterExecutionPolicyException /Users/gunnarhostetler/Library/Developer/Xcode/DerivedData/OpenIntelligence-exvenikajtsxhefyqtimuofgvczj/Build/Products/Debug/LocalLLMClientMacrosPlugin

SwiftDriverJobDiscovery normal arm64 Compiling OrderedSet+Partial SetAlgebra isSuperset.swift, OrderedSet+Partial SetAlgebra subtract.swift, OrderedSet+Partial SetAlgebra subtracting.swift, OrderedSet+Partial SetAlgebra symmetricDifference.swift, OrderedSet+Partial SetAlgebra union.swift (in target 'OrderedCollections' from project 'swift-collections')

SwiftDriverJobDiscovery normal arm64 Compiling _HashTable+Bucket.swift, _HashTable+BucketIterator.swift, _HashTable+Constants.swift, _HashTable+CustomStringConvertible.swift, _HashTable+Testing.swift, _HashTable+UnsafeHandle.swift (in target 'OrderedCollections' from project 'swift-collections')

RegisterExecutionPolicyException /Users/gunnarhostetler/Library/Developer/Xcode/DerivedData/OpenIntelligence-exvenikajtsxhefyqtimuofgvczj/Build/Products/Debug-iphonesimulator/InternalCollectionsUtilities.o (in target 'InternalCollectionsUtilities' from project 'swift-collections')
    cd /Users/gunnarhostetler/Library/Developer/Xcode/DerivedData/OpenIntelligence-exvenikajtsxhefyqtimuofgvczj/SourcePackages/checkouts/swift-collections
    builtin-RegisterExecutionPolicyException /Users/gunnarhostetler/Library/Developer/Xcode/DerivedData/OpenIntelligence-exvenikajtsxhefyqtimuofgvczj/Build/Products/Debug-iphonesimulator/InternalCollectionsUtilities.o

SwiftDriverJobDiscovery normal arm64 Compiling OrderedSet+Partial RangeReplaceableCollection.swift, OrderedSet+Partial SetAlgebra formIntersection.swift, OrderedSet+Partial SetAlgebra formSymmetricDifference.swift, OrderedSet+Partial SetAlgebra formUnion.swift, OrderedSet+Partial SetAlgebra intersection.swift (in target 'OrderedCollections' from project 'swift-collections')

SwiftDriverJobDiscovery normal arm64 Emitting module for OrderedCollections (in target 'OrderedCollections' from project 'swift-collections')

SwiftDriver\ Compilation\ Requirements OrderedCollections normal arm64 com.apple.xcode.tools.swift.compiler (in target 'OrderedCollections' from project 'swift-collections')
    cd /Users/gunnarhostetler/Documents/GitHub/OpenIntelligence/OpenIntelligence.xcodeproj
    builtin-Swift-Compilation-Requirements -- /Applications/Xcode.app/Contents/Developer/Toolchains/XcodeDefault.xctoolchain/usr/bin/swiftc -module-name OrderedCollections -Onone -enforce-exclusivity\=checked @/Users/gunnarhostetler/Library/Developer/Xcode/DerivedData/OpenIntelligence-exvenikajtsxhefyqtimuofgvczj/Build/Intermediates.noindex/swift-collections.build/Debug-iphonesimulator/OrderedCollections.build/Objects-normal/arm64/OrderedCollections.SwiftFileList -DSWIFT_PACKAGE -DDEBUG -DSWIFT_MODULE_RESOURCE_BUNDLE_UNAVAILABLE -DCOLLECTIONS_RANDOMIZED_TESTING -DXcode -enable-experimental-feature AvailabilityMacro\=SwiftStdlib\ 5.0:\ macOS\ 10.14.4,\ iOS\ 12.2,\ watchOS\ 5.2,\ tvOS\ 12.2 -enable-experimental-feature AvailabilityMacro\=SwiftStdlib\ 5.1:\ macOS\ 10.15,\ iOS\ 13.0,\ watchOS\ 6.0,\ tvOS\ 13.0 -enable-experimental-feature AvailabilityMacro\=SwiftStdlib\ 5.6:\ macOS\ 12.3,\ iOS\ 15.4,\ watchOS\ 8.5,\ tvOS\ 15.4 -enable-experimental-feature AvailabilityMacro\=SwiftStdlib\ 5.8:\ macOS\ 13.3,\ iOS\ 16.4,\ watchOS\ 9.4,\ tvOS\ 16.4 -enable-experimental-feature AvailabilityMacro\=SwiftStdlib\ 5.9:\ macOS\ 14.0,\ iOS\ 17.0,\ watchOS\ 10.0,\ tvOS\ 17.0 -enable-experimental-feature AvailabilityMacro\=SwiftStdlib\ 5.10:\ macOS\ 14.4,\ iOS\ 17.4,\ watchOS\ 10.4,\ tvOS\ 17.4,\ visionOS\ 1.1 -enable-experimental-feature AvailabilityMacro\=SwiftStdlib\ 6.0:\ macOS\ 15.0,\ iOS\ 18.0,\ watchOS\ 11.0,\ tvOS\ 18.0,\ visionOS\ 2.0 -enable-experimental-feature AvailabilityMacro\=SwiftStdlib\ 6.1:\ macOS\ 15.4,\ iOS\ 18.4,\ watchOS\ 11.4,\ tvOS\ 18.4,\ visionOS\ 2.4 -enable-experimental-feature AvailabilityMacro\=SwiftStdlib\ 6.2:\ macOS\ 26.0,\ iOS\ 26.0,\ watchOS\ 26.0,\ tvOS\ 26.0,\ visionOS\ 26.0 -enable-upcoming-feature MemberImportVisibility -enable-experimental-feature BuiltinModule -enable-experimental-feature Lifetimes -enable-experimental-feature InoutLifetimeDependence -enable-experimental-feature SuppressedAssociatedTypes -plugin-path /Applications/Xcode.app/Contents/Developer/Toolchains/XcodeDefault.xctoolchain/usr/lib/swift/host/plugins/testing -enable-experimental-feature DebugDescriptionMacro -sdk /Applications/Xcode.app/Contents/Developer/Platforms/iPhoneSimulator.platform/Developer/SDKs/iPhoneSimulator26.1.sdk -target arm64-apple-ios12.0-simulator -g -module-cache-path /Users/gunnarhostetler/Library/Developer/Xcode/DerivedData/ModuleCache.noindex -Xfrontend -serialize-debugging-options -enable-testing -suppress-warnings -index-store-path /Users/gunnarhostetler/Library/Developer/Xcode/DerivedData/OpenIntelligence-exvenikajtsxhefyqtimuofgvczj/Index.noindex/DataStore -Xcc -D_LIBCPP_HARDENING_MODE\=_LIBCPP_HARDENING_MODE_DEBUG -swift-version 6 -I /Users/gunnarhostetler/Library/Developer/Xcode/DerivedData/OpenIntelligence-exvenikajtsxhefyqtimuofgvczj/Build/Products/Debug-iphonesimulator -Isystem /Applications/Xcode.app/Contents/Developer/Platforms/iPhoneSimulator.platform/Developer/usr/lib -F /Users/gunnarhostetler/Library/Developer/Xcode/DerivedData/OpenIntelligence-exvenikajtsxhefyqtimuofgvczj/Build/Products/Debug-iphonesimulator/PackageFrameworks -F /Users/gunnarhostetler/Library/Developer/Xcode/DerivedData/OpenIntelligence-exvenikajtsxhefyqtimuofgvczj/Build/Products/Debug-iphonesimulator -F /Applications/Xcode.app/Contents/Developer/Platforms/iPhoneSimulator.platform/Developer/Library/Frameworks -F /Applications/Xcode.app/Contents/Developer/Platforms/iPhoneSimulator.platform/Developer/SDKs/iPhoneSimulator26.1.sdk/Developer/Library/Frameworks -c -j11 -enable-batch-mode -incremental -Xcc -ivfsstatcache -Xcc /Users/gunnarhostetler/Library/Developer/Xcode/DerivedData/SDKStatCaches.noindex/iphonesimulator26.1-23B77-3885c01c3e6b6a337905948deab2002e90cf18a4295e390e64c810bc6bd7acbc.sdkstatcache -output-file-map /Users/gunnarhostetler/Library/Developer/Xcode/DerivedData/OpenIntelligence-exvenikajtsxhefyqtimuofgvczj/Build/Intermediates.noindex/swift-collections.build/Debug-iphonesimulator/OrderedCollections.build/Objects-normal/arm64/OrderedCollections-OutputFileMap.json -use-frontend-parseable-output -save-temps -no-color-diagnostics -explicit-module-build -module-cache-path /Users/gunnarhostetler/Library/Developer/Xcode/DerivedData/OpenIntelligence-exvenikajtsxhefyqtimuofgvczj/Build/Intermediates.noindex/SwiftExplicitPrecompiledModules -clang-scanner-module-cache-path /Users/gunnarhostetler/Library/Developer/Xcode/DerivedData/ModuleCache.noindex -sdk-module-cache-path /Users/gunnarhostetler/Library/Developer/Xcode/DerivedData/ModuleCache.noindex -serialize-diagnostics -emit-dependencies -emit-module -emit-module-path /Users/gunnarhostetler/Library/Developer/Xcode/DerivedData/OpenIntelligence-exvenikajtsxhefyqtimuofgvczj/Build/Intermediates.noindex/swift-collections.build/Debug-iphonesimulator/OrderedCollections.build/Objects-normal/arm64/OrderedCollections.swiftmodule -user-module-version 1.3.0 -validate-clang-modules-once -clang-build-session-file /Users/gunnarhostetler/Library/Developer/Xcode/DerivedData/ModuleCache.noindex/Session.modulevalidation -package-name swift_collections -Xcc -I/Users/gunnarhostetler/Library/Developer/Xcode/DerivedData/OpenIntelligence-exvenikajtsxhefyqtimuofgvczj/Build/Intermediates.noindex/swift-collections.build/Debug-iphonesimulator/OrderedCollections.build/swift-overrides.hmap -emit-const-values -Xfrontend -const-gather-protocols-file -Xfrontend /Users/gunnarhostetler/Library/Developer/Xcode/DerivedData/OpenIntelligence-exvenikajtsxhefyqtimuofgvczj/Build/Intermediates.noindex/swift-collections.build/Debug-iphonesimulator/OrderedCollections.build/Objects-normal/arm64/OrderedCollections_const_extract_protocols.json -Xcc -I/Users/gunnarhostetler/Library/Developer/Xcode/DerivedData/OpenIntelligence-exvenikajtsxhefyqtimuofgvczj/Build/Products/Debug-iphonesimulator/include -Xcc -I/Users/gunnarhostetler/Library/Developer/Xcode/DerivedData/OpenIntelligence-exvenikajtsxhefyqtimuofgvczj/Build/Intermediates.noindex/swift-collections.build/Debug-iphonesimulator/OrderedCollections.build/DerivedSources-normal/arm64 -Xcc -I/Users/gunnarhostetler/Library/Developer/Xcode/DerivedData/OpenIntelligence-exvenikajtsxhefyqtimuofgvczj/Build/Intermediates.noindex/swift-collections.build/Debug-iphonesimulator/OrderedCollections.build/DerivedSources/arm64 -Xcc -I/Users/gunnarhostetler/Library/Developer/Xcode/DerivedData/OpenIntelligence-exvenikajtsxhefyqtimuofgvczj/Build/Intermediates.noindex/swift-collections.build/Debug-iphonesimulator/OrderedCollections.build/DerivedSources -Xcc -DSWIFT_PACKAGE -Xcc -DDEBUG\=1 -emit-objc-header -emit-objc-header-path /Users/gunnarhostetler/Library/Developer/Xcode/DerivedData/OpenIntelligence-exvenikajtsxhefyqtimuofgvczj/Build/Intermediates.noindex/swift-collections.build/Debug-iphonesimulator/OrderedCollections.build/Objects-normal/arm64/OrderedCollections-Swift.h -working-directory /Users/gunnarhostetler/Documents/GitHub/OpenIntelligence/OpenIntelligence.xcodeproj -experimental-emit-module-separately -disable-cmo

SwiftDriver\ Compilation OrderedCollections normal arm64 com.apple.xcode.tools.swift.compiler (in target 'OrderedCollections' from project 'swift-collections')
    cd /Users/gunnarhostetler/Documents/GitHub/OpenIntelligence/OpenIntelligence.xcodeproj
    builtin-Swift-Compilation -- /Applications/Xcode.app/Contents/Developer/Toolchains/XcodeDefault.xctoolchain/usr/bin/swiftc -module-name OrderedCollections -Onone -enforce-exclusivity\=checked @/Users/gunnarhostetler/Library/Developer/Xcode/DerivedData/OpenIntelligence-exvenikajtsxhefyqtimuofgvczj/Build/Intermediates.noindex/swift-collections.build/Debug-iphonesimulator/OrderedCollections.build/Objects-normal/arm64/OrderedCollections.SwiftFileList -DSWIFT_PACKAGE -DDEBUG -DSWIFT_MODULE_RESOURCE_BUNDLE_UNAVAILABLE -DCOLLECTIONS_RANDOMIZED_TESTING -DXcode -enable-experimental-feature AvailabilityMacro\=SwiftStdlib\ 5.0:\ macOS\ 10.14.4,\ iOS\ 12.2,\ watchOS\ 5.2,\ tvOS\ 12.2 -enable-experimental-feature AvailabilityMacro\=SwiftStdlib\ 5.1:\ macOS\ 10.15,\ iOS\ 13.0,\ watchOS\ 6.0,\ tvOS\ 13.0 -enable-experimental-feature AvailabilityMacro\=SwiftStdlib\ 5.6:\ macOS\ 12.3,\ iOS\ 15.4,\ watchOS\ 8.5,\ tvOS\ 15.4 -enable-experimental-feature AvailabilityMacro\=SwiftStdlib\ 5.8:\ macOS\ 13.3,\ iOS\ 16.4,\ watchOS\ 9.4,\ tvOS\ 16.4 -enable-experimental-feature AvailabilityMacro\=SwiftStdlib\ 5.9:\ macOS\ 14.0,\ iOS\ 17.0,\ watchOS\ 10.0,\ tvOS\ 17.0 -enable-experimental-feature AvailabilityMacro\=SwiftStdlib\ 5.10:\ macOS\ 14.4,\ iOS\ 17.4,\ watchOS\ 10.4,\ tvOS\ 17.4,\ visionOS\ 1.1 -enable-experimental-feature AvailabilityMacro\=SwiftStdlib\ 6.0:\ macOS\ 15.0,\ iOS\ 18.0,\ watchOS\ 11.0,\ tvOS\ 18.0,\ visionOS\ 2.0 -enable-experimental-feature AvailabilityMacro\=SwiftStdlib\ 6.1:\ macOS\ 15.4,\ iOS\ 18.4,\ watchOS\ 11.4,\ tvOS\ 18.4,\ visionOS\ 2.4 -enable-experimental-feature AvailabilityMacro\=SwiftStdlib\ 6.2:\ macOS\ 26.0,\ iOS\ 26.0,\ watchOS\ 26.0,\ tvOS\ 26.0,\ visionOS\ 26.0 -enable-upcoming-feature MemberImportVisibility -enable-experimental-feature BuiltinModule -enable-experimental-feature Lifetimes -enable-experimental-feature InoutLifetimeDependence -enable-experimental-feature SuppressedAssociatedTypes -plugin-path /Applications/Xcode.app/Contents/Developer/Toolchains/XcodeDefault.xctoolchain/usr/lib/swift/host/plugins/testing -enable-experimental-feature DebugDescriptionMacro -sdk /Applications/Xcode.app/Contents/Developer/Platforms/iPhoneSimulator.platform/Developer/SDKs/iPhoneSimulator26.1.sdk -target arm64-apple-ios12.0-simulator -g -module-cache-path /Users/gunnarhostetler/Library/Developer/Xcode/DerivedData/ModuleCache.noindex -Xfrontend -serialize-debugging-options -enable-testing -suppress-warnings -index-store-path /Users/gunnarhostetler/Library/Developer/Xcode/DerivedData/OpenIntelligence-exvenikajtsxhefyqtimuofgvczj/Index.noindex/DataStore -Xcc -D_LIBCPP_HARDENING_MODE\=_LIBCPP_HARDENING_MODE_DEBUG -swift-version 6 -I /Users/gunnarhostetler/Library/Developer/Xcode/DerivedData/OpenIntelligence-exvenikajtsxhefyqtimuofgvczj/Build/Products/Debug-iphonesimulator -Isystem /Applications/Xcode.app/Contents/Developer/Platforms/iPhoneSimulator.platform/Developer/usr/lib -F /Users/gunnarhostetler/Library/Developer/Xcode/DerivedData/OpenIntelligence-exvenikajtsxhefyqtimuofgvczj/Build/Products/Debug-iphonesimulator/PackageFrameworks -F /Users/gunnarhostetler/Library/Developer/Xcode/DerivedData/OpenIntelligence-exvenikajtsxhefyqtimuofgvczj/Build/Products/Debug-iphonesimulator -F /Applications/Xcode.app/Contents/Developer/Platforms/iPhoneSimulator.platform/Developer/Library/Frameworks -F /Applications/Xcode.app/Contents/Developer/Platforms/iPhoneSimulator.platform/Developer/SDKs/iPhoneSimulator26.1.sdk/Developer/Library/Frameworks -c -j11 -enable-batch-mode -incremental -Xcc -ivfsstatcache -Xcc /Users/gunnarhostetler/Library/Developer/Xcode/DerivedData/SDKStatCaches.noindex/iphonesimulator26.1-23B77-3885c01c3e6b6a337905948deab2002e90cf18a4295e390e64c810bc6bd7acbc.sdkstatcache -output-file-map /Users/gunnarhostetler/Library/Developer/Xcode/DerivedData/OpenIntelligence-exvenikajtsxhefyqtimuofgvczj/Build/Intermediates.noindex/swift-collections.build/Debug-iphonesimulator/OrderedCollections.build/Objects-normal/arm64/OrderedCollections-OutputFileMap.json -use-frontend-parseable-output -save-temps -no-color-diagnostics -explicit-module-build -module-cache-path /Users/gunnarhostetler/Library/Developer/Xcode/DerivedData/OpenIntelligence-exvenikajtsxhefyqtimuofgvczj/Build/Intermediates.noindex/SwiftExplicitPrecompiledModules -clang-scanner-module-cache-path /Users/gunnarhostetler/Library/Developer/Xcode/DerivedData/ModuleCache.noindex -sdk-module-cache-path /Users/gunnarhostetler/Library/Developer/Xcode/DerivedData/ModuleCache.noindex -serialize-diagnostics -emit-dependencies -emit-module -emit-module-path /Users/gunnarhostetler/Library/Developer/Xcode/DerivedData/OpenIntelligence-exvenikajtsxhefyqtimuofgvczj/Build/Intermediates.noindex/swift-collections.build/Debug-iphonesimulator/OrderedCollections.build/Objects-normal/arm64/OrderedCollections.swiftmodule -user-module-version 1.3.0 -validate-clang-modules-once -clang-build-session-file /Users/gunnarhostetler/Library/Developer/Xcode/DerivedData/ModuleCache.noindex/Session.modulevalidation -package-name swift_collections -Xcc -I/Users/gunnarhostetler/Library/Developer/Xcode/DerivedData/OpenIntelligence-exvenikajtsxhefyqtimuofgvczj/Build/Intermediates.noindex/swift-collections.build/Debug-iphonesimulator/OrderedCollections.build/swift-overrides.hmap -emit-const-values -Xfrontend -const-gather-protocols-file -Xfrontend /Users/gunnarhostetler/Library/Developer/Xcode/DerivedData/OpenIntelligence-exvenikajtsxhefyqtimuofgvczj/Build/Intermediates.noindex/swift-collections.build/Debug-iphonesimulator/OrderedCollections.build/Objects-normal/arm64/OrderedCollections_const_extract_protocols.json -Xcc -I/Users/gunnarhostetler/Library/Developer/Xcode/DerivedData/OpenIntelligence-exvenikajtsxhefyqtimuofgvczj/Build/Products/Debug-iphonesimulator/include -Xcc -I/Users/gunnarhostetler/Library/Developer/Xcode/DerivedData/OpenIntelligence-exvenikajtsxhefyqtimuofgvczj/Build/Intermediates.noindex/swift-collections.build/Debug-iphonesimulator/OrderedCollections.build/DerivedSources-normal/arm64 -Xcc -I/Users/gunnarhostetler/Library/Developer/Xcode/DerivedData/OpenIntelligence-exvenikajtsxhefyqtimuofgvczj/Build/Intermediates.noindex/swift-collections.build/Debug-iphonesimulator/OrderedCollections.build/DerivedSources/arm64 -Xcc -I/Users/gunnarhostetler/Library/Developer/Xcode/DerivedData/OpenIntelligence-exvenikajtsxhefyqtimuofgvczj/Build/Intermediates.noindex/swift-collections.build/Debug-iphonesimulator/OrderedCollections.build/DerivedSources -Xcc -DSWIFT_PACKAGE -Xcc -DDEBUG\=1 -emit-objc-header -emit-objc-header-path /Users/gunnarhostetler/Library/Developer/Xcode/DerivedData/OpenIntelligence-exvenikajtsxhefyqtimuofgvczj/Build/Intermediates.noindex/swift-collections.build/Debug-iphonesimulator/OrderedCollections.build/Objects-normal/arm64/OrderedCollections-Swift.h -working-directory /Users/gunnarhostetler/Documents/GitHub/OpenIntelligence/OpenIntelligence.xcodeproj -experimental-emit-module-separately -disable-cmo

SwiftMergeGeneratedHeaders /Users/gunnarhostetler/Library/Developer/Xcode/DerivedData/OpenIntelligence-exvenikajtsxhefyqtimuofgvczj/Build/Intermediates.noindex/GeneratedModuleMaps-iphonesimulator/OrderedCollections-Swift.h /Users/gunnarhostetler/Library/Developer/Xcode/DerivedData/OpenIntelligence-exvenikajtsxhefyqtimuofgvczj/Build/Intermediates.noindex/swift-collections.build/Debug-iphonesimulator/OrderedCollections.build/Objects-normal/arm64/OrderedCollections-Swift.h (in target 'OrderedCollections' from project 'swift-collections')
    cd /Users/gunnarhostetler/Library/Developer/Xcode/DerivedData/OpenIntelligence-exvenikajtsxhefyqtimuofgvczj/SourcePackages/checkouts/swift-collections
    builtin-swiftHeaderTool -arch arm64 /Users/gunnarhostetler/Library/Developer/Xcode/DerivedData/OpenIntelligence-exvenikajtsxhefyqtimuofgvczj/Build/Intermediates.noindex/swift-collections.build/Debug-iphonesimulator/OrderedCollections.build/Objects-normal/arm64/OrderedCollections-Swift.h -o /Users/gunnarhostetler/Library/Developer/Xcode/DerivedData/OpenIntelligence-exvenikajtsxhefyqtimuofgvczj/Build/Intermediates.noindex/GeneratedModuleMaps-iphonesimulator/OrderedCollections-Swift.h

Copy /Users/gunnarhostetler/Library/Developer/Xcode/DerivedData/OpenIntelligence-exvenikajtsxhefyqtimuofgvczj/Build/Products/Debug-iphonesimulator/OrderedCollections.swiftmodule/arm64-apple-ios-simulator.swiftmodule /Users/gunnarhostetler/Library/Developer/Xcode/DerivedData/OpenIntelligence-exvenikajtsxhefyqtimuofgvczj/Build/Intermediates.noindex/swift-collections.build/Debug-iphonesimulator/OrderedCollections.build/Objects-normal/arm64/OrderedCollections.swiftmodule (in target 'OrderedCollections' from project 'swift-collections')
    cd /Users/gunnarhostetler/Library/Developer/Xcode/DerivedData/OpenIntelligence-exvenikajtsxhefyqtimuofgvczj/SourcePackages/checkouts/swift-collections
    builtin-copy -exclude .DS_Store -exclude CVS -exclude .svn -exclude .git -exclude .hg -resolve-src-symlinks -rename /Users/gunnarhostetler/Library/Developer/Xcode/DerivedData/OpenIntelligence-exvenikajtsxhefyqtimuofgvczj/Build/Intermediates.noindex/swift-collections.build/Debug-iphonesimulator/OrderedCollections.build/Objects-normal/arm64/OrderedCollections.swiftmodule /Users/gunnarhostetler/Library/Developer/Xcode/DerivedData/OpenIntelligence-exvenikajtsxhefyqtimuofgvczj/Build/Products/Debug-iphonesimulator/OrderedCollections.swiftmodule/arm64-apple-ios-simulator.swiftmodule

Copy /Users/gunnarhostetler/Library/Developer/Xcode/DerivedData/OpenIntelligence-exvenikajtsxhefyqtimuofgvczj/Build/Products/Debug-iphonesimulator/OrderedCollections.swiftmodule/arm64-apple-ios-simulator.swiftdoc /Users/gunnarhostetler/Library/Developer/Xcode/DerivedData/OpenIntelligence-exvenikajtsxhefyqtimuofgvczj/Build/Intermediates.noindex/swift-collections.build/Debug-iphonesimulator/OrderedCollections.build/Objects-normal/arm64/OrderedCollections.swiftdoc (in target 'OrderedCollections' from project 'swift-collections')
    cd /Users/gunnarhostetler/Library/Developer/Xcode/DerivedData/OpenIntelligence-exvenikajtsxhefyqtimuofgvczj/SourcePackages/checkouts/swift-collections
    builtin-copy -exclude .DS_Store -exclude CVS -exclude .svn -exclude .git -exclude .hg -resolve-src-symlinks -rename /Users/gunnarhostetler/Library/Developer/Xcode/DerivedData/OpenIntelligence-exvenikajtsxhefyqtimuofgvczj/Build/Intermediates.noindex/swift-collections.build/Debug-iphonesimulator/OrderedCollections.build/Objects-normal/arm64/OrderedCollections.swiftdoc /Users/gunnarhostetler/Library/Developer/Xcode/DerivedData/OpenIntelligence-exvenikajtsxhefyqtimuofgvczj/Build/Products/Debug-iphonesimulator/OrderedCollections.swiftmodule/arm64-apple-ios-simulator.swiftdoc

Copy /Users/gunnarhostetler/Library/Developer/Xcode/DerivedData/OpenIntelligence-exvenikajtsxhefyqtimuofgvczj/Build/Products/Debug-iphonesimulator/OrderedCollections.swiftmodule/arm64-apple-ios-simulator.abi.json /Users/gunnarhostetler/Library/Developer/Xcode/DerivedData/OpenIntelligence-exvenikajtsxhefyqtimuofgvczj/Build/Intermediates.noindex/swift-collections.build/Debug-iphonesimulator/OrderedCollections.build/Objects-normal/arm64/OrderedCollections.abi.json (in target 'OrderedCollections' from project 'swift-collections')
    cd /Users/gunnarhostetler/Library/Developer/Xcode/DerivedData/OpenIntelligence-exvenikajtsxhefyqtimuofgvczj/SourcePackages/checkouts/swift-collections
    builtin-copy -exclude .DS_Store -exclude CVS -exclude .svn -exclude .git -exclude .hg -resolve-src-symlinks -rename /Users/gunnarhostetler/Library/Developer/Xcode/DerivedData/OpenIntelligence-exvenikajtsxhefyqtimuofgvczj/Build/Intermediates.noindex/swift-collections.build/Debug-iphonesimulator/OrderedCollections.build/Objects-normal/arm64/OrderedCollections.abi.json /Users/gunnarhostetler/Library/Developer/Xcode/DerivedData/OpenIntelligence-exvenikajtsxhefyqtimuofgvczj/Build/Products/Debug-iphonesimulator/OrderedCollections.swiftmodule/arm64-apple-ios-simulator.abi.json

Copy /Users/gunnarhostetler/Library/Developer/Xcode/DerivedData/OpenIntelligence-exvenikajtsxhefyqtimuofgvczj/Build/Products/Debug-iphonesimulator/OrderedCollections.swiftmodule/Project/arm64-apple-ios-simulator.swiftsourceinfo /Users/gunnarhostetler/Library/Developer/Xcode/DerivedData/OpenIntelligence-exvenikajtsxhefyqtimuofgvczj/Build/Intermediates.noindex/swift-collections.build/Debug-iphonesimulator/OrderedCollections.build/Objects-normal/arm64/OrderedCollections.swiftsourceinfo (in target 'OrderedCollections' from project 'swift-collections')
    cd /Users/gunnarhostetler/Library/Developer/Xcode/DerivedData/OpenIntelligence-exvenikajtsxhefyqtimuofgvczj/SourcePackages/checkouts/swift-collections
    builtin-copy -exclude .DS_Store -exclude CVS -exclude .svn -exclude .git -exclude .hg -resolve-src-symlinks -rename /Users/gunnarhostetler/Library/Developer/Xcode/DerivedData/OpenIntelligence-exvenikajtsxhefyqtimuofgvczj/Build/Intermediates.noindex/swift-collections.build/Debug-iphonesimulator/OrderedCollections.build/Objects-normal/arm64/OrderedCollections.swiftsourceinfo /Users/gunnarhostetler/Library/Developer/Xcode/DerivedData/OpenIntelligence-exvenikajtsxhefyqtimuofgvczj/Build/Products/Debug-iphonesimulator/OrderedCollections.swiftmodule/Project/arm64-apple-ios-simulator.swiftsourceinfo

Ld /Users/gunnarhostetler/Library/Developer/Xcode/DerivedData/OpenIntelligence-exvenikajtsxhefyqtimuofgvczj/Build/Products/Debug-iphonesimulator/OrderedCollections.o normal (in target 'OrderedCollections' from project 'swift-collections')
    cd /Users/gunnarhostetler/Library/Developer/Xcode/DerivedData/OpenIntelligence-exvenikajtsxhefyqtimuofgvczj/SourcePackages/checkouts/swift-collections
    /Applications/Xcode.app/Contents/Developer/Toolchains/XcodeDefault.xctoolchain/usr/bin/clang -Xlinker -reproducible -target arm64-apple-ios12.0-simulator -r -isysroot /Applications/Xcode.app/Contents/Developer/Platforms/iPhoneSimulator.platform/Developer/SDKs/iPhoneSimulator26.1.sdk -O0 -w -L/Users/gunnarhostetler/Library/Developer/Xcode/DerivedData/OpenIntelligence-exvenikajtsxhefyqtimuofgvczj/Build/Intermediates.noindex/EagerLinkingTBDs/Debug-iphonesimulator -L/Users/gunnarhostetler/Library/Developer/Xcode/DerivedData/OpenIntelligence-exvenikajtsxhefyqtimuofgvczj/Build/Products/Debug-iphonesimulator -L/Applications/Xcode.app/Contents/Developer/Platforms/iPhoneSimulator.platform/Developer/usr/lib -F/Users/gunnarhostetler/Library/Developer/Xcode/DerivedData/OpenIntelligence-exvenikajtsxhefyqtimuofgvczj/Build/Intermediates.noindex/EagerLinkingTBDs/Debug-iphonesimulator -F/Users/gunnarhostetler/Library/Developer/Xcode/DerivedData/OpenIntelligence-exvenikajtsxhefyqtimuofgvczj/Build/Products/Debug-iphonesimulator/PackageFrameworks -F/Users/gunnarhostetler/Library/Developer/Xcode/DerivedData/OpenIntelligence-exvenikajtsxhefyqtimuofgvczj/Build/Products/Debug-iphonesimulator -iframework /Applications/Xcode.app/Contents/Developer/Platforms/iPhoneSimulator.platform/Developer/Library/Frameworks -iframework /Applications/Xcode.app/Contents/Developer/Platforms/iPhoneSimulator.platform/Developer/SDKs/iPhoneSimulator26.1.sdk/Developer/Library/Frameworks -filelist /Users/gunnarhostetler/Library/Developer/Xcode/DerivedData/OpenIntelligence-exvenikajtsxhefyqtimuofgvczj/Build/Intermediates.noindex/swift-collections.build/Debug-iphonesimulator/OrderedCollections.build/Objects-normal/arm64/OrderedCollections.LinkFileList -nostdlib -Xlinker -object_path_lto -Xlinker /Users/gunnarhostetler/Library/Developer/Xcode/DerivedData/OpenIntelligence-exvenikajtsxhefyqtimuofgvczj/Build/Intermediates.noindex/swift-collections.build/Debug-iphonesimulator/OrderedCollections.build/Objects-normal/arm64/OrderedCollections_lto.o -rdynamic -Xlinker -no_deduplicate -Xlinker -objc_abi_version -Xlinker 2 -Xlinker -dependency_info -Xlinker /Users/gunnarhostetler/Library/Developer/Xcode/DerivedData/OpenIntelligence-exvenikajtsxhefyqtimuofgvczj/Build/Intermediates.noindex/swift-collections.build/Debug-iphonesimulator/OrderedCollections.build/Objects-normal/arm64/OrderedCollections_dependency_info.dat -fobjc-link-runtime -L/Applications/Xcode.app/Contents/Developer/Toolchains/XcodeDefault.xctoolchain/usr/lib/swift/iphonesimulator -L/usr/lib/swift -Xlinker -add_ast_path -Xlinker /Users/gunnarhostetler/Library/Developer/Xcode/DerivedData/OpenIntelligence-exvenikajtsxhefyqtimuofgvczj/Build/Intermediates.noindex/swift-collections.build/Debug-iphonesimulator/OrderedCollections.build/Objects-normal/arm64/OrderedCollections.swiftmodule @/Users/gunnarhostetler/Library/Developer/Xcode/DerivedData/OpenIntelligence-exvenikajtsxhefyqtimuofgvczj/Build/Intermediates.noindex/swift-collections.build/Debug-iphonesimulator/OrderedCollections.build/Objects-normal/arm64/OrderedCollections-linker-args.resp -o /Users/gunnarhostetler/Library/Developer/Xcode/DerivedData/OpenIntelligence-exvenikajtsxhefyqtimuofgvczj/Build/Products/Debug-iphonesimulator/OrderedCollections.o

SwiftDriver Jinja normal arm64 com.apple.xcode.tools.swift.compiler (in target 'Jinja' from project 'Jinja')
    cd /Users/gunnarhostetler/Documents/GitHub/OpenIntelligence/OpenIntelligence.xcodeproj
    builtin-SwiftDriver -- /Applications/Xcode.app/Contents/Developer/Toolchains/XcodeDefault.xctoolchain/usr/bin/swiftc -module-name Jinja -Onone -enforce-exclusivity\=checked @/Users/gunnarhostetler/Library/Developer/Xcode/DerivedData/OpenIntelligence-exvenikajtsxhefyqtimuofgvczj/Build/Intermediates.noindex/Jinja.build/Debug-iphonesimulator/Jinja.build/Objects-normal/arm64/Jinja.SwiftFileList -DSWIFT_PACKAGE -DDEBUG -DSWIFT_MODULE_RESOURCE_BUNDLE_UNAVAILABLE -DXcode -plugin-path /Applications/Xcode.app/Contents/Developer/Toolchains/XcodeDefault.xctoolchain/usr/lib/swift/host/plugins/testing -enable-experimental-feature DebugDescriptionMacro -sdk /Applications/Xcode.app/Contents/Developer/Platforms/iPhoneSimulator.platform/Developer/SDKs/iPhoneSimulator26.1.sdk -target arm64-apple-ios16.0-simulator -g -module-cache-path /Users/gunnarhostetler/Library/Developer/Xcode/DerivedData/ModuleCache.noindex -Xfrontend -serialize-debugging-options -enable-testing -suppress-warnings -index-store-path /Users/gunnarhostetler/Library/Developer/Xcode/DerivedData/OpenIntelligence-exvenikajtsxhefyqtimuofgvczj/Index.noindex/DataStore -Xcc -D_LIBCPP_HARDENING_MODE\=_LIBCPP_HARDENING_MODE_DEBUG -swift-version 6 -I /Users/gunnarhostetler/Library/Developer/Xcode/DerivedData/OpenIntelligence-exvenikajtsxhefyqtimuofgvczj/Build/Products/Debug-iphonesimulator -Isystem /Applications/Xcode.app/Contents/Developer/Platforms/iPhoneSimulator.platform/Developer/usr/lib -F /Users/gunnarhostetler/Library/Developer/Xcode/DerivedData/OpenIntelligence-exvenikajtsxhefyqtimuofgvczj/Build/Products/Debug-iphonesimulator/PackageFrameworks -F /Users/gunnarhostetler/Library/Developer/Xcode/DerivedData/OpenIntelligence-exvenikajtsxhefyqtimuofgvczj/Build/Products/Debug-iphonesimulator/PackageFrameworks -F /Users/gunnarhostetler/Library/Developer/Xcode/DerivedData/OpenIntelligence-exvenikajtsxhefyqtimuofgvczj/Build/Products/Debug-iphonesimulator -F /Applications/Xcode.app/Contents/Developer/Platforms/iPhoneSimulator.platform/Developer/Library/Frameworks -F /Applications/Xcode.app/Contents/Developer/Platforms/iPhoneSimulator.platform/Developer/SDKs/iPhoneSimulator26.1.sdk/Developer/Library/Frameworks -c -j11 -enable-batch-mode -incremental -Xcc -ivfsstatcache -Xcc /Users/gunnarhostetler/Library/Developer/Xcode/DerivedData/SDKStatCaches.noindex/iphonesimulator26.1-23B77-3885c01c3e6b6a337905948deab2002e90cf18a4295e390e64c810bc6bd7acbc.sdkstatcache -output-file-map /Users/gunnarhostetler/Library/Developer/Xcode/DerivedData/OpenIntelligence-exvenikajtsxhefyqtimuofgvczj/Build/Intermediates.noindex/Jinja.build/Debug-iphonesimulator/Jinja.build/Objects-normal/arm64/Jinja-OutputFileMap.json -use-frontend-parseable-output -save-temps -no-color-diagnostics -explicit-module-build -module-cache-path /Users/gunnarhostetler/Library/Developer/Xcode/DerivedData/OpenIntelligence-exvenikajtsxhefyqtimuofgvczj/Build/Intermediates.noindex/SwiftExplicitPrecompiledModules -clang-scanner-module-cache-path /Users/gunnarhostetler/Library/Developer/Xcode/DerivedData/ModuleCache.noindex -sdk-module-cache-path /Users/gunnarhostetler/Library/Developer/Xcode/DerivedData/ModuleCache.noindex -serialize-diagnostics -emit-dependencies -emit-module -emit-module-path /Users/gunnarhostetler/Library/Developer/Xcode/DerivedData/OpenIntelligence-exvenikajtsxhefyqtimuofgvczj/Build/Intermediates.noindex/Jinja.build/Debug-iphonesimulator/Jinja.build/Objects-normal/arm64/Jinja.swiftmodule -user-module-version 2.0.2 -validate-clang-modules-once -clang-build-session-file /Users/gunnarhostetler/Library/Developer/Xcode/DerivedData/ModuleCache.noindex/Session.modulevalidation -package-name swift_jinja -Xcc -I/Users/gunnarhostetler/Library/Developer/Xcode/DerivedData/OpenIntelligence-exvenikajtsxhefyqtimuofgvczj/Build/Intermediates.noindex/Jinja.build/Debug-iphonesimulator/Jinja.build/swift-overrides.hmap -emit-const-values -Xfrontend -const-gather-protocols-file -Xfrontend /Users/gunnarhostetler/Library/Developer/Xcode/DerivedData/OpenIntelligence-exvenikajtsxhefyqtimuofgvczj/Build/Intermediates.noindex/Jinja.build/Debug-iphonesimulator/Jinja.build/Objects-normal/arm64/Jinja_const_extract_protocols.json -Xcc -I/Users/gunnarhostetler/Library/Developer/Xcode/DerivedData/OpenIntelligence-exvenikajtsxhefyqtimuofgvczj/Build/Products/Debug-iphonesimulator/include -Xcc -I/Users/gunnarhostetler/Library/Developer/Xcode/DerivedData/OpenIntelligence-exvenikajtsxhefyqtimuofgvczj/Build/Intermediates.noindex/Jinja.build/Debug-iphonesimulator/Jinja.build/DerivedSources-normal/arm64 -Xcc -I/Users/gunnarhostetler/Library/Developer/Xcode/DerivedData/OpenIntelligence-exvenikajtsxhefyqtimuofgvczj/Build/Intermediates.noindex/Jinja.build/Debug-iphonesimulator/Jinja.build/DerivedSources/arm64 -Xcc -I/Users/gunnarhostetler/Library/Developer/Xcode/DerivedData/OpenIntelligence-exvenikajtsxhefyqtimuofgvczj/Build/Intermediates.noindex/Jinja.build/Debug-iphonesimulator/Jinja.build/DerivedSources -Xcc -DSWIFT_PACKAGE -Xcc -DDEBUG\=1 -emit-objc-header -emit-objc-header-path /Users/gunnarhostetler/Library/Developer/Xcode/DerivedData/OpenIntelligence-exvenikajtsxhefyqtimuofgvczj/Build/Intermediates.noindex/Jinja.build/Debug-iphonesimulator/Jinja.build/Objects-normal/arm64/Jinja-Swift.h -working-directory /Users/gunnarhostetler/Documents/GitHub/OpenIntelligence/OpenIntelligence.xcodeproj -experimental-emit-module-separately -disable-cmo

ExtractAppIntentsMetadata (in target 'OrderedCollections' from project 'swift-collections')
    cd /Users/gunnarhostetler/Library/Developer/Xcode/DerivedData/OpenIntelligence-exvenikajtsxhefyqtimuofgvczj/SourcePackages/checkouts/swift-collections
    /Applications/Xcode.app/Contents/Developer/Toolchains/XcodeDefault.xctoolchain/usr/bin/appintentsmetadataprocessor --toolchain-dir /var/run/com.apple.security.cryptexd/mnt/com.apple.MobileAsset.MetalToolchain-v17.2.54.0.h1Qr4f/Metal.xctoolchain --module-name OrderedCollections --sdk-root /Applications/Xcode.app/Contents/Developer/Platforms/iPhoneSimulator.platform/Developer/SDKs/iPhoneSimulator26.1.sdk --xcode-version 17B100 --platform-family iOS --deployment-target 12.0 --bundle-identifier swift-collections.OrderedCollections --output /Users/gunnarhostetler/Library/Developer/Xcode/DerivedData/OpenIntelligence-exvenikajtsxhefyqtimuofgvczj/Build/Products/Debug-iphonesimulator/OrderedCollections.appintents --target-triple arm64-apple-ios12.0-simulator --binary-file /Users/gunnarhostetler/Library/Developer/Xcode/DerivedData/OpenIntelligence-exvenikajtsxhefyqtimuofgvczj/Build/Products/Debug-iphonesimulator/OrderedCollections.o --dependency-file /Users/gunnarhostetler/Library/Developer/Xcode/DerivedData/OpenIntelligence-exvenikajtsxhefyqtimuofgvczj/Build/Intermediates.noindex/swift-collections.build/Debug-iphonesimulator/OrderedCollections.build/Objects-normal/arm64/OrderedCollections_dependency_info.dat --stringsdata-file /Users/gunnarhostetler/Library/Developer/Xcode/DerivedData/OpenIntelligence-exvenikajtsxhefyqtimuofgvczj/Build/Intermediates.noindex/swift-collections.build/Debug-iphonesimulator/OrderedCollections.build/Objects-normal/arm64/ExtractedAppShortcutsMetadata.stringsdata --source-file-list /Users/gunnarhostetler/Library/Developer/Xcode/DerivedData/OpenIntelligence-exvenikajtsxhefyqtimuofgvczj/Build/Intermediates.noindex/swift-collections.build/Debug-iphonesimulator/OrderedCollections.build/Objects-normal/arm64/OrderedCollections.SwiftFileList --metadata-file-list /Users/gunnarhostetler/Library/Developer/Xcode/DerivedData/OpenIntelligence-exvenikajtsxhefyqtimuofgvczj/Build/Intermediates.noindex/swift-collections.build/Debug-iphonesimulator/OrderedCollections.build/OrderedCollections.DependencyMetadataFileList --static-metadata-file-list /Users/gunnarhostetler/Library/Developer/Xcode/DerivedData/OpenIntelligence-exvenikajtsxhefyqtimuofgvczj/Build/Intermediates.noindex/swift-collections.build/Debug-iphonesimulator/OrderedCollections.build/OrderedCollections.DependencyStaticMetadataFileList --swift-const-vals-list /Users/gunnarhostetler/Library/Developer/Xcode/DerivedData/OpenIntelligence-exvenikajtsxhefyqtimuofgvczj/Build/Intermediates.noindex/swift-collections.build/Debug-iphonesimulator/OrderedCollections.build/Objects-normal/arm64/OrderedCollections.SwiftConstValuesFileList --force --compile-time-extraction --deployment-aware-processing --validate-assistant-intents --no-app-shortcuts-localization
2025-11-21 21:24:41.310 appintentsmetadataprocessor[60897:13350124] Starting appintentsmetadataprocessor export
2025-11-21 21:24:41.963 appintentsmetadataprocessor[60897:13350124] Extracted no relevant App Intents symbols, skipping writing output

SwiftCompile normal arm64 Compiling\ Interpreter.swift,\ Lexer.swift /Users/gunnarhostetler/Library/Developer/Xcode/DerivedData/OpenIntelligence-exvenikajtsxhefyqtimuofgvczj/SourcePackages/checkouts/swift-jinja/Sources/Jinja/Interpreter.swift /Users/gunnarhostetler/Library/Developer/Xcode/DerivedData/OpenIntelligence-exvenikajtsxhefyqtimuofgvczj/SourcePackages/checkouts/swift-jinja/Sources/Jinja/Lexer.swift (in target 'Jinja' from project 'Jinja')

SwiftCompile normal arm64 /Users/gunnarhostetler/Library/Developer/Xcode/DerivedData/OpenIntelligence-exvenikajtsxhefyqtimuofgvczj/SourcePackages/checkouts/swift-jinja/Sources/Jinja/Interpreter.swift (in target 'Jinja' from project 'Jinja')
    cd /Users/gunnarhostetler/Documents/GitHub/OpenIntelligence/OpenIntelligence.xcodeproj
    

SwiftCompile normal arm64 /Users/gunnarhostetler/Library/Developer/Xcode/DerivedData/OpenIntelligence-exvenikajtsxhefyqtimuofgvczj/SourcePackages/checkouts/swift-jinja/Sources/Jinja/Lexer.swift (in target 'Jinja' from project 'Jinja')
    cd /Users/gunnarhostetler/Documents/GitHub/OpenIntelligence/OpenIntelligence.xcodeproj
    

SwiftCompile normal arm64 Compiling\ AST.swift,\ Error.swift /Users/gunnarhostetler/Library/Developer/Xcode/DerivedData/OpenIntelligence-exvenikajtsxhefyqtimuofgvczj/SourcePackages/checkouts/swift-jinja/Sources/Jinja/AST.swift /Users/gunnarhostetler/Library/Developer/Xcode/DerivedData/OpenIntelligence-exvenikajtsxhefyqtimuofgvczj/SourcePackages/checkouts/swift-jinja/Sources/Jinja/Error.swift (in target 'Jinja' from project 'Jinja')

SwiftCompile normal arm64 /Users/gunnarhostetler/Library/Developer/Xcode/DerivedData/OpenIntelligence-exvenikajtsxhefyqtimuofgvczj/SourcePackages/checkouts/swift-jinja/Sources/Jinja/AST.swift (in target 'Jinja' from project 'Jinja')
    cd /Users/gunnarhostetler/Documents/GitHub/OpenIntelligence/OpenIntelligence.xcodeproj
    

SwiftCompile normal arm64 /Users/gunnarhostetler/Library/Developer/Xcode/DerivedData/OpenIntelligence-exvenikajtsxhefyqtimuofgvczj/SourcePackages/checkouts/swift-jinja/Sources/Jinja/Error.swift (in target 'Jinja' from project 'Jinja')
    cd /Users/gunnarhostetler/Documents/GitHub/OpenIntelligence/OpenIntelligence.xcodeproj
    

SwiftCompile normal arm64 Compiling\ Filters.swift,\ Globals.swift /Users/gunnarhostetler/Library/Developer/Xcode/DerivedData/OpenIntelligence-exvenikajtsxhefyqtimuofgvczj/SourcePackages/checkouts/swift-jinja/Sources/Jinja/Filters.swift /Users/gunnarhostetler/Library/Developer/Xcode/DerivedData/OpenIntelligence-exvenikajtsxhefyqtimuofgvczj/SourcePackages/checkouts/swift-jinja/Sources/Jinja/Globals.swift (in target 'Jinja' from project 'Jinja')

SwiftCompile normal arm64 /Users/gunnarhostetler/Library/Developer/Xcode/DerivedData/OpenIntelligence-exvenikajtsxhefyqtimuofgvczj/SourcePackages/checkouts/swift-jinja/Sources/Jinja/Filters.swift (in target 'Jinja' from project 'Jinja')
    cd /Users/gunnarhostetler/Documents/GitHub/OpenIntelligence/OpenIntelligence.xcodeproj
    

SwiftCompile normal arm64 /Users/gunnarhostetler/Library/Developer/Xcode/DerivedData/OpenIntelligence-exvenikajtsxhefyqtimuofgvczj/SourcePackages/checkouts/swift-jinja/Sources/Jinja/Globals.swift (in target 'Jinja' from project 'Jinja')
    cd /Users/gunnarhostetler/Documents/GitHub/OpenIntelligence/OpenIntelligence.xcodeproj
    

SwiftCompile normal arm64 Compiling\ Parser.swift /Users/gunnarhostetler/Library/Developer/Xcode/DerivedData/OpenIntelligence-exvenikajtsxhefyqtimuofgvczj/SourcePackages/checkouts/swift-jinja/Sources/Jinja/Parser.swift (in target 'Jinja' from project 'Jinja')

SwiftCompile normal arm64 /Users/gunnarhostetler/Library/Developer/Xcode/DerivedData/OpenIntelligence-exvenikajtsxhefyqtimuofgvczj/SourcePackages/checkouts/swift-jinja/Sources/Jinja/Parser.swift (in target 'Jinja' from project 'Jinja')
    cd /Users/gunnarhostetler/Documents/GitHub/OpenIntelligence/OpenIntelligence.xcodeproj
    

SwiftCompile normal arm64 Compiling\ Macro.swift /Users/gunnarhostetler/Library/Developer/Xcode/DerivedData/OpenIntelligence-exvenikajtsxhefyqtimuofgvczj/SourcePackages/checkouts/swift-jinja/Sources/Jinja/Macro.swift (in target 'Jinja' from project 'Jinja')

SwiftCompile normal arm64 /Users/gunnarhostetler/Library/Developer/Xcode/DerivedData/OpenIntelligence-exvenikajtsxhefyqtimuofgvczj/SourcePackages/checkouts/swift-jinja/Sources/Jinja/Macro.swift (in target 'Jinja' from project 'Jinja')
    cd /Users/gunnarhostetler/Documents/GitHub/OpenIntelligence/OpenIntelligence.xcodeproj
    

SwiftCompile normal arm64 Compiling\ Template.swift /Users/gunnarhostetler/Library/Developer/Xcode/DerivedData/OpenIntelligence-exvenikajtsxhefyqtimuofgvczj/SourcePackages/checkouts/swift-jinja/Sources/Jinja/Template.swift (in target 'Jinja' from project 'Jinja')

SwiftCompile normal arm64 /Users/gunnarhostetler/Library/Developer/Xcode/DerivedData/OpenIntelligence-exvenikajtsxhefyqtimuofgvczj/SourcePackages/checkouts/swift-jinja/Sources/Jinja/Template.swift (in target 'Jinja' from project 'Jinja')
    cd /Users/gunnarhostetler/Documents/GitHub/OpenIntelligence/OpenIntelligence.xcodeproj
    

SwiftCompile normal arm64 Compiling\ PropertyMembers.swift /Users/gunnarhostetler/Library/Developer/Xcode/DerivedData/OpenIntelligence-exvenikajtsxhefyqtimuofgvczj/SourcePackages/checkouts/swift-jinja/Sources/Jinja/PropertyMembers.swift (in target 'Jinja' from project 'Jinja')

SwiftCompile normal arm64 /Users/gunnarhostetler/Library/Developer/Xcode/DerivedData/OpenIntelligence-exvenikajtsxhefyqtimuofgvczj/SourcePackages/checkouts/swift-jinja/Sources/Jinja/PropertyMembers.swift (in target 'Jinja' from project 'Jinja')
    cd /Users/gunnarhostetler/Documents/GitHub/OpenIntelligence/OpenIntelligence.xcodeproj
    

SwiftEmitModule normal arm64 Emitting\ module\ for\ Jinja (in target 'Jinja' from project 'Jinja')

EmitSwiftModule normal arm64 (in target 'Jinja' from project 'Jinja')
    cd /Users/gunnarhostetler/Documents/GitHub/OpenIntelligence/OpenIntelligence.xcodeproj
    

SwiftCompile normal arm64 Compiling\ Token.swift /Users/gunnarhostetler/Library/Developer/Xcode/DerivedData/OpenIntelligence-exvenikajtsxhefyqtimuofgvczj/SourcePackages/checkouts/swift-jinja/Sources/Jinja/Token.swift (in target 'Jinja' from project 'Jinja')

SwiftCompile normal arm64 /Users/gunnarhostetler/Library/Developer/Xcode/DerivedData/OpenIntelligence-exvenikajtsxhefyqtimuofgvczj/SourcePackages/checkouts/swift-jinja/Sources/Jinja/Token.swift (in target 'Jinja' from project 'Jinja')
    cd /Users/gunnarhostetler/Documents/GitHub/OpenIntelligence/OpenIntelligence.xcodeproj
    

SwiftCompile normal arm64 Compiling\ Tests.swift /Users/gunnarhostetler/Library/Developer/Xcode/DerivedData/OpenIntelligence-exvenikajtsxhefyqtimuofgvczj/SourcePackages/checkouts/swift-jinja/Sources/Jinja/Tests.swift (in target 'Jinja' from project 'Jinja')

SwiftCompile normal arm64 /Users/gunnarhostetler/Library/Developer/Xcode/DerivedData/OpenIntelligence-exvenikajtsxhefyqtimuofgvczj/SourcePackages/checkouts/swift-jinja/Sources/Jinja/Tests.swift (in target 'Jinja' from project 'Jinja')
    cd /Users/gunnarhostetler/Documents/GitHub/OpenIntelligence/OpenIntelligence.xcodeproj
    

SwiftDriverJobDiscovery normal arm64 Compiling Macro.swift (in target 'Jinja' from project 'Jinja')

SwiftCompile normal arm64 Compiling\ Value.swift /Users/gunnarhostetler/Library/Developer/Xcode/DerivedData/OpenIntelligence-exvenikajtsxhefyqtimuofgvczj/SourcePackages/checkouts/swift-jinja/Sources/Jinja/Value.swift (in target 'Jinja' from project 'Jinja')

SwiftCompile normal arm64 /Users/gunnarhostetler/Library/Developer/Xcode/DerivedData/OpenIntelligence-exvenikajtsxhefyqtimuofgvczj/SourcePackages/checkouts/swift-jinja/Sources/Jinja/Value.swift (in target 'Jinja' from project 'Jinja')
    cd /Users/gunnarhostetler/Documents/GitHub/OpenIntelligence/OpenIntelligence.xcodeproj
    

SwiftDriverJobDiscovery normal arm64 Compiling Template.swift (in target 'Jinja' from project 'Jinja')

SwiftCompile normal arm64 Compiling\ Utilities.swift /Users/gunnarhostetler/Library/Developer/Xcode/DerivedData/OpenIntelligence-exvenikajtsxhefyqtimuofgvczj/SourcePackages/checkouts/swift-jinja/Sources/Jinja/Utilities.swift (in target 'Jinja' from project 'Jinja')

SwiftCompile normal arm64 /Users/gunnarhostetler/Library/Developer/Xcode/DerivedData/OpenIntelligence-exvenikajtsxhefyqtimuofgvczj/SourcePackages/checkouts/swift-jinja/Sources/Jinja/Utilities.swift (in target 'Jinja' from project 'Jinja')
    cd /Users/gunnarhostetler/Documents/GitHub/OpenIntelligence/OpenIntelligence.xcodeproj
    

SwiftDriverJobDiscovery normal arm64 Compiling PropertyMembers.swift (in target 'Jinja' from project 'Jinja')

SwiftDriverJobDiscovery normal arm64 Emitting module for Jinja (in target 'Jinja' from project 'Jinja')

SwiftDriver\ Compilation\ Requirements Jinja normal arm64 com.apple.xcode.tools.swift.compiler (in target 'Jinja' from project 'Jinja')
    cd /Users/gunnarhostetler/Documents/GitHub/OpenIntelligence/OpenIntelligence.xcodeproj
    builtin-Swift-Compilation-Requirements -- /Applications/Xcode.app/Contents/Developer/Toolchains/XcodeDefault.xctoolchain/usr/bin/swiftc -module-name Jinja -Onone -enforce-exclusivity\=checked @/Users/gunnarhostetler/Library/Developer/Xcode/DerivedData/OpenIntelligence-exvenikajtsxhefyqtimuofgvczj/Build/Intermediates.noindex/Jinja.build/Debug-iphonesimulator/Jinja.build/Objects-normal/arm64/Jinja.SwiftFileList -DSWIFT_PACKAGE -DDEBUG -DSWIFT_MODULE_RESOURCE_BUNDLE_UNAVAILABLE -DXcode -plugin-path /Applications/Xcode.app/Contents/Developer/Toolchains/XcodeDefault.xctoolchain/usr/lib/swift/host/plugins/testing -enable-experimental-feature DebugDescriptionMacro -sdk /Applications/Xcode.app/Contents/Developer/Platforms/iPhoneSimulator.platform/Developer/SDKs/iPhoneSimulator26.1.sdk -target arm64-apple-ios16.0-simulator -g -module-cache-path /Users/gunnarhostetler/Library/Developer/Xcode/DerivedData/ModuleCache.noindex -Xfrontend -serialize-debugging-options -enable-testing -suppress-warnings -index-store-path /Users/gunnarhostetler/Library/Developer/Xcode/DerivedData/OpenIntelligence-exvenikajtsxhefyqtimuofgvczj/Index.noindex/DataStore -Xcc -D_LIBCPP_HARDENING_MODE\=_LIBCPP_HARDENING_MODE_DEBUG -swift-version 6 -I /Users/gunnarhostetler/Library/Developer/Xcode/DerivedData/OpenIntelligence-exvenikajtsxhefyqtimuofgvczj/Build/Products/Debug-iphonesimulator -Isystem /Applications/Xcode.app/Contents/Developer/Platforms/iPhoneSimulator.platform/Developer/usr/lib -F /Users/gunnarhostetler/Library/Developer/Xcode/DerivedData/OpenIntelligence-exvenikajtsxhefyqtimuofgvczj/Build/Products/Debug-iphonesimulator/PackageFrameworks -F /Users/gunnarhostetler/Library/Developer/Xcode/DerivedData/OpenIntelligence-exvenikajtsxhefyqtimuofgvczj/Build/Products/Debug-iphonesimulator/PackageFrameworks -F /Users/gunnarhostetler/Library/Developer/Xcode/DerivedData/OpenIntelligence-exvenikajtsxhefyqtimuofgvczj/Build/Products/Debug-iphonesimulator -F /Applications/Xcode.app/Contents/Developer/Platforms/iPhoneSimulator.platform/Developer/Library/Frameworks -F /Applications/Xcode.app/Contents/Developer/Platforms/iPhoneSimulator.platform/Developer/SDKs/iPhoneSimulator26.1.sdk/Developer/Library/Frameworks -c -j11 -enable-batch-mode -incremental -Xcc -ivfsstatcache -Xcc /Users/gunnarhostetler/Library/Developer/Xcode/DerivedData/SDKStatCaches.noindex/iphonesimulator26.1-23B77-3885c01c3e6b6a337905948deab2002e90cf18a4295e390e64c810bc6bd7acbc.sdkstatcache -output-file-map /Users/gunnarhostetler/Library/Developer/Xcode/DerivedData/OpenIntelligence-exvenikajtsxhefyqtimuofgvczj/Build/Intermediates.noindex/Jinja.build/Debug-iphonesimulator/Jinja.build/Objects-normal/arm64/Jinja-OutputFileMap.json -use-frontend-parseable-output -save-temps -no-color-diagnostics -explicit-module-build -module-cache-path /Users/gunnarhostetler/Library/Developer/Xcode/DerivedData/OpenIntelligence-exvenikajtsxhefyqtimuofgvczj/Build/Intermediates.noindex/SwiftExplicitPrecompiledModules -clang-scanner-module-cache-path /Users/gunnarhostetler/Library/Developer/Xcode/DerivedData/ModuleCache.noindex -sdk-module-cache-path /Users/gunnarhostetler/Library/Developer/Xcode/DerivedData/ModuleCache.noindex -serialize-diagnostics -emit-dependencies -emit-module -emit-module-path /Users/gunnarhostetler/Library/Developer/Xcode/DerivedData/OpenIntelligence-exvenikajtsxhefyqtimuofgvczj/Build/Intermediates.noindex/Jinja.build/Debug-iphonesimulator/Jinja.build/Objects-normal/arm64/Jinja.swiftmodule -user-module-version 2.0.2 -validate-clang-modules-once -clang-build-session-file /Users/gunnarhostetler/Library/Developer/Xcode/DerivedData/ModuleCache.noindex/Session.modulevalidation -package-name swift_jinja -Xcc -I/Users/gunnarhostetler/Library/Developer/Xcode/DerivedData/OpenIntelligence-exvenikajtsxhefyqtimuofgvczj/Build/Intermediates.noindex/Jinja.build/Debug-iphonesimulator/Jinja.build/swift-overrides.hmap -emit-const-values -Xfrontend -const-gather-protocols-file -Xfrontend /Users/gunnarhostetler/Library/Developer/Xcode/DerivedData/OpenIntelligence-exvenikajtsxhefyqtimuofgvczj/Build/Intermediates.noindex/Jinja.build/Debug-iphonesimulator/Jinja.build/Objects-normal/arm64/Jinja_const_extract_protocols.json -Xcc -I/Users/gunnarhostetler/Library/Developer/Xcode/DerivedData/OpenIntelligence-exvenikajtsxhefyqtimuofgvczj/Build/Products/Debug-iphonesimulator/include -Xcc -I/Users/gunnarhostetler/Library/Developer/Xcode/DerivedData/OpenIntelligence-exvenikajtsxhefyqtimuofgvczj/Build/Intermediates.noindex/Jinja.build/Debug-iphonesimulator/Jinja.build/DerivedSources-normal/arm64 -Xcc -I/Users/gunnarhostetler/Library/Developer/Xcode/DerivedData/OpenIntelligence-exvenikajtsxhefyqtimuofgvczj/Build/Intermediates.noindex/Jinja.build/Debug-iphonesimulator/Jinja.build/DerivedSources/arm64 -Xcc -I/Users/gunnarhostetler/Library/Developer/Xcode/DerivedData/OpenIntelligence-exvenikajtsxhefyqtimuofgvczj/Build/Intermediates.noindex/Jinja.build/Debug-iphonesimulator/Jinja.build/DerivedSources -Xcc -DSWIFT_PACKAGE -Xcc -DDEBUG\=1 -emit-objc-header -emit-objc-header-path /Users/gunnarhostetler/Library/Developer/Xcode/DerivedData/OpenIntelligence-exvenikajtsxhefyqtimuofgvczj/Build/Intermediates.noindex/Jinja.build/Debug-iphonesimulator/Jinja.build/Objects-normal/arm64/Jinja-Swift.h -working-directory /Users/gunnarhostetler/Documents/GitHub/OpenIntelligence/OpenIntelligence.xcodeproj -experimental-emit-module-separately -disable-cmo

SwiftMergeGeneratedHeaders /Users/gunnarhostetler/Library/Developer/Xcode/DerivedData/OpenIntelligence-exvenikajtsxhefyqtimuofgvczj/Build/Intermediates.noindex/GeneratedModuleMaps-iphonesimulator/Jinja-Swift.h /Users/gunnarhostetler/Library/Developer/Xcode/DerivedData/OpenIntelligence-exvenikajtsxhefyqtimuofgvczj/Build/Intermediates.noindex/Jinja.build/Debug-iphonesimulator/Jinja.build/Objects-normal/arm64/Jinja-Swift.h (in target 'Jinja' from project 'Jinja')
    cd /Users/gunnarhostetler/Library/Developer/Xcode/DerivedData/OpenIntelligence-exvenikajtsxhefyqtimuofgvczj/SourcePackages/checkouts/swift-jinja
    builtin-swiftHeaderTool -arch arm64 /Users/gunnarhostetler/Library/Developer/Xcode/DerivedData/OpenIntelligence-exvenikajtsxhefyqtimuofgvczj/Build/Intermediates.noindex/Jinja.build/Debug-iphonesimulator/Jinja.build/Objects-normal/arm64/Jinja-Swift.h -o /Users/gunnarhostetler/Library/Developer/Xcode/DerivedData/OpenIntelligence-exvenikajtsxhefyqtimuofgvczj/Build/Intermediates.noindex/GeneratedModuleMaps-iphonesimulator/Jinja-Swift.h

Copy /Users/gunnarhostetler/Library/Developer/Xcode/DerivedData/OpenIntelligence-exvenikajtsxhefyqtimuofgvczj/Build/Products/Debug-iphonesimulator/Jinja.swiftmodule/arm64-apple-ios-simulator.swiftmodule /Users/gunnarhostetler/Library/Developer/Xcode/DerivedData/OpenIntelligence-exvenikajtsxhefyqtimuofgvczj/Build/Intermediates.noindex/Jinja.build/Debug-iphonesimulator/Jinja.build/Objects-normal/arm64/Jinja.swiftmodule (in target 'Jinja' from project 'Jinja')
    cd /Users/gunnarhostetler/Library/Developer/Xcode/DerivedData/OpenIntelligence-exvenikajtsxhefyqtimuofgvczj/SourcePackages/checkouts/swift-jinja
    builtin-copy -exclude .DS_Store -exclude CVS -exclude .svn -exclude .git -exclude .hg -resolve-src-symlinks -rename /Users/gunnarhostetler/Library/Developer/Xcode/DerivedData/OpenIntelligence-exvenikajtsxhefyqtimuofgvczj/Build/Intermediates.noindex/Jinja.build/Debug-iphonesimulator/Jinja.build/Objects-normal/arm64/Jinja.swiftmodule /Users/gunnarhostetler/Library/Developer/Xcode/DerivedData/OpenIntelligence-exvenikajtsxhefyqtimuofgvczj/Build/Products/Debug-iphonesimulator/Jinja.swiftmodule/arm64-apple-ios-simulator.swiftmodule

Copy /Users/gunnarhostetler/Library/Developer/Xcode/DerivedData/OpenIntelligence-exvenikajtsxhefyqtimuofgvczj/Build/Products/Debug-iphonesimulator/Jinja.swiftmodule/arm64-apple-ios-simulator.swiftdoc /Users/gunnarhostetler/Library/Developer/Xcode/DerivedData/OpenIntelligence-exvenikajtsxhefyqtimuofgvczj/Build/Intermediates.noindex/Jinja.build/Debug-iphonesimulator/Jinja.build/Objects-normal/arm64/Jinja.swiftdoc (in target 'Jinja' from project 'Jinja')
    cd /Users/gunnarhostetler/Library/Developer/Xcode/DerivedData/OpenIntelligence-exvenikajtsxhefyqtimuofgvczj/SourcePackages/checkouts/swift-jinja
    builtin-copy -exclude .DS_Store -exclude CVS -exclude .svn -exclude .git -exclude .hg -resolve-src-symlinks -rename /Users/gunnarhostetler/Library/Developer/Xcode/DerivedData/OpenIntelligence-exvenikajtsxhefyqtimuofgvczj/Build/Intermediates.noindex/Jinja.build/Debug-iphonesimulator/Jinja.build/Objects-normal/arm64/Jinja.swiftdoc /Users/gunnarhostetler/Library/Developer/Xcode/DerivedData/OpenIntelligence-exvenikajtsxhefyqtimuofgvczj/Build/Products/Debug-iphonesimulator/Jinja.swiftmodule/arm64-apple-ios-simulator.swiftdoc

Copy /Users/gunnarhostetler/Library/Developer/Xcode/DerivedData/OpenIntelligence-exvenikajtsxhefyqtimuofgvczj/Build/Products/Debug-iphonesimulator/Jinja.swiftmodule/arm64-apple-ios-simulator.abi.json /Users/gunnarhostetler/Library/Developer/Xcode/DerivedData/OpenIntelligence-exvenikajtsxhefyqtimuofgvczj/Build/Intermediates.noindex/Jinja.build/Debug-iphonesimulator/Jinja.build/Objects-normal/arm64/Jinja.abi.json (in target 'Jinja' from project 'Jinja')
    cd /Users/gunnarhostetler/Library/Developer/Xcode/DerivedData/OpenIntelligence-exvenikajtsxhefyqtimuofgvczj/SourcePackages/checkouts/swift-jinja
    builtin-copy -exclude .DS_Store -exclude CVS -exclude .svn -exclude .git -exclude .hg -resolve-src-symlinks -rename /Users/gunnarhostetler/Library/Developer/Xcode/DerivedData/OpenIntelligence-exvenikajtsxhefyqtimuofgvczj/Build/Intermediates.noindex/Jinja.build/Debug-iphonesimulator/Jinja.build/Objects-normal/arm64/Jinja.abi.json /Users/gunnarhostetler/Library/Developer/Xcode/DerivedData/OpenIntelligence-exvenikajtsxhefyqtimuofgvczj/Build/Products/Debug-iphonesimulator/Jinja.swiftmodule/arm64-apple-ios-simulator.abi.json

Copy /Users/gunnarhostetler/Library/Developer/Xcode/DerivedData/OpenIntelligence-exvenikajtsxhefyqtimuofgvczj/Build/Products/Debug-iphonesimulator/Jinja.swiftmodule/Project/arm64-apple-ios-simulator.swiftsourceinfo /Users/gunnarhostetler/Library/Developer/Xcode/DerivedData/OpenIntelligence-exvenikajtsxhefyqtimuofgvczj/Build/Intermediates.noindex/Jinja.build/Debug-iphonesimulator/Jinja.build/Objects-normal/arm64/Jinja.swiftsourceinfo (in target 'Jinja' from project 'Jinja')
    cd /Users/gunnarhostetler/Library/Developer/Xcode/DerivedData/OpenIntelligence-exvenikajtsxhefyqtimuofgvczj/SourcePackages/checkouts/swift-jinja
    builtin-copy -exclude .DS_Store -exclude CVS -exclude .svn -exclude .git -exclude .hg -resolve-src-symlinks -rename /Users/gunnarhostetler/Library/Developer/Xcode/DerivedData/OpenIntelligence-exvenikajtsxhefyqtimuofgvczj/Build/Intermediates.noindex/Jinja.build/Debug-iphonesimulator/Jinja.build/Objects-normal/arm64/Jinja.swiftsourceinfo /Users/gunnarhostetler/Library/Developer/Xcode/DerivedData/OpenIntelligence-exvenikajtsxhefyqtimuofgvczj/Build/Products/Debug-iphonesimulator/Jinja.swiftmodule/Project/arm64-apple-ios-simulator.swiftsourceinfo

RegisterExecutionPolicyException /Users/gunnarhostetler/Library/Developer/Xcode/DerivedData/OpenIntelligence-exvenikajtsxhefyqtimuofgvczj/Build/Products/Debug-iphonesimulator/OrderedCollections.o (in target 'OrderedCollections' from project 'swift-collections')
    cd /Users/gunnarhostetler/Library/Developer/Xcode/DerivedData/OpenIntelligence-exvenikajtsxhefyqtimuofgvczj/SourcePackages/checkouts/swift-collections
    builtin-RegisterExecutionPolicyException /Users/gunnarhostetler/Library/Developer/Xcode/DerivedData/OpenIntelligence-exvenikajtsxhefyqtimuofgvczj/Build/Products/Debug-iphonesimulator/OrderedCollections.o

SwiftDriver LocalLLMClientCore normal arm64 com.apple.xcode.tools.swift.compiler (in target 'LocalLLMClientCore' from project 'LocalLLMClient')
    cd /Users/gunnarhostetler/Documents/GitHub/OpenIntelligence/OpenIntelligence.xcodeproj
    builtin-SwiftDriver -- /Applications/Xcode.app/Contents/Developer/Toolchains/XcodeDefault.xctoolchain/usr/bin/swiftc -module-name LocalLLMClientCore -Onone -enforce-exclusivity\=checked @/Users/gunnarhostetler/Library/Developer/Xcode/DerivedData/OpenIntelligence-exvenikajtsxhefyqtimuofgvczj/Build/Intermediates.noindex/LocalLLMClient.build/Debug-iphonesimulator/LocalLLMClientCore.build/Objects-normal/arm64/LocalLLMClientCore.SwiftFileList -DSWIFT_PACKAGE -DDEBUG -DSWIFT_MODULE_RESOURCE_BUNDLE_UNAVAILABLE -DXcode -plugin-path /Applications/Xcode.app/Contents/Developer/Toolchains/XcodeDefault.xctoolchain/usr/lib/swift/host/plugins/testing -enable-experimental-feature DebugDescriptionMacro -sdk /Applications/Xcode.app/Contents/Developer/Platforms/iPhoneSimulator.platform/Developer/SDKs/iPhoneSimulator26.1.sdk -target arm64-apple-ios16.0-simulator -g -module-cache-path /Users/gunnarhostetler/Library/Developer/Xcode/DerivedData/ModuleCache.noindex -Xfrontend -serialize-debugging-options -enable-testing -suppress-warnings -index-store-path /Users/gunnarhostetler/Library/Developer/Xcode/DerivedData/OpenIntelligence-exvenikajtsxhefyqtimuofgvczj/Index.noindex/DataStore -Xcc -D_LIBCPP_HARDENING_MODE\=_LIBCPP_HARDENING_MODE_DEBUG -swift-version 6 -I /Users/gunnarhostetler/Library/Developer/Xcode/DerivedData/OpenIntelligence-exvenikajtsxhefyqtimuofgvczj/Build/Products/Debug-iphonesimulator -Isystem /Applications/Xcode.app/Contents/Developer/Platforms/iPhoneSimulator.platform/Developer/usr/lib -F /Users/gunnarhostetler/Library/Developer/Xcode/DerivedData/OpenIntelligence-exvenikajtsxhefyqtimuofgvczj/Build/Products/Debug-iphonesimulator/PackageFrameworks -F /Users/gunnarhostetler/Library/Developer/Xcode/DerivedData/OpenIntelligence-exvenikajtsxhefyqtimuofgvczj/Build/Products/Debug-iphonesimulator/PackageFrameworks -F /Users/gunnarhostetler/Library/Developer/Xcode/DerivedData/OpenIntelligence-exvenikajtsxhefyqtimuofgvczj/Build/Products/Debug-iphonesimulator/PackageFrameworks -F /Users/gunnarhostetler/Library/Developer/Xcode/DerivedData/OpenIntelligence-exvenikajtsxhefyqtimuofgvczj/Build/Products/Debug-iphonesimulator/PackageFrameworks -F /Users/gunnarhostetler/Library/Developer/Xcode/DerivedData/OpenIntelligence-exvenikajtsxhefyqtimuofgvczj/Build/Products/Debug-iphonesimulator -F /Applications/Xcode.app/Contents/Developer/Platforms/iPhoneSimulator.platform/Developer/Library/Frameworks -F /Applications/Xcode.app/Contents/Developer/Platforms/iPhoneSimulator.platform/Developer/SDKs/iPhoneSimulator26.1.sdk/Developer/Library/Frameworks -c -j11 -enable-batch-mode -incremental -Xcc -ivfsstatcache -Xcc /Users/gunnarhostetler/Library/Developer/Xcode/DerivedData/SDKStatCaches.noindex/iphonesimulator26.1-23B77-3885c01c3e6b6a337905948deab2002e90cf18a4295e390e64c810bc6bd7acbc.sdkstatcache -output-file-map /Users/gunnarhostetler/Library/Developer/Xcode/DerivedData/OpenIntelligence-exvenikajtsxhefyqtimuofgvczj/Build/Intermediates.noindex/LocalLLMClient.build/Debug-iphonesimulator/LocalLLMClientCore.build/Objects-normal/arm64/LocalLLMClientCore-OutputFileMap.json -use-frontend-parseable-output -save-temps -no-color-diagnostics -explicit-module-build -module-cache-path /Users/gunnarhostetler/Library/Developer/Xcode/DerivedData/OpenIntelligence-exvenikajtsxhefyqtimuofgvczj/Build/Intermediates.noindex/SwiftExplicitPrecompiledModules -clang-scanner-module-cache-path /Users/gunnarhostetler/Library/Developer/Xcode/DerivedData/ModuleCache.noindex -sdk-module-cache-path /Users/gunnarhostetler/Library/Developer/Xcode/DerivedData/ModuleCache.noindex -serialize-diagnostics -emit-dependencies -emit-module -emit-module-path /Users/gunnarhostetler/Library/Developer/Xcode/DerivedData/OpenIntelligence-exvenikajtsxhefyqtimuofgvczj/Build/Intermediates.noindex/LocalLLMClient.build/Debug-iphonesimulator/LocalLLMClientCore.build/Objects-normal/arm64/LocalLLMClientCore.swiftmodule -validate-clang-modules-once -clang-build-session-file /Users/gunnarhostetler/Library/Developer/Xcode/DerivedData/ModuleCache.noindex/Session.modulevalidation -package-name localllmclient -Xcc -I/Users/gunnarhostetler/Library/Developer/Xcode/DerivedData/OpenIntelligence-exvenikajtsxhefyqtimuofgvczj/Build/Intermediates.noindex/LocalLLMClient.build/Debug-iphonesimulator/LocalLLMClientCore.build/swift-overrides.hmap -emit-const-values -Xfrontend -const-gather-protocols-file -Xfrontend /Users/gunnarhostetler/Library/Developer/Xcode/DerivedData/OpenIntelligence-exvenikajtsxhefyqtimuofgvczj/Build/Intermediates.noindex/LocalLLMClient.build/Debug-iphonesimulator/LocalLLMClientCore.build/Objects-normal/arm64/LocalLLMClientCore_const_extract_protocols.json -Xcc -I/Users/gunnarhostetler/Library/Developer/Xcode/DerivedData/OpenIntelligence-exvenikajtsxhefyqtimuofgvczj/Build/Products/Debug-iphonesimulator/include -Xcc -I/Users/gunnarhostetler/Library/Developer/Xcode/DerivedData/OpenIntelligence-exvenikajtsxhefyqtimuofgvczj/Build/Intermediates.noindex/LocalLLMClient.build/Debug-iphonesimulator/LocalLLMClientCore.build/DerivedSources-normal/arm64 -Xcc -I/Users/gunnarhostetler/Library/Developer/Xcode/DerivedData/OpenIntelligence-exvenikajtsxhefyqtimuofgvczj/Build/Intermediates.noindex/LocalLLMClient.build/Debug-iphonesimulator/LocalLLMClientCore.build/DerivedSources/arm64 -Xcc -I/Users/gunnarhostetler/Library/Developer/Xcode/DerivedData/OpenIntelligence-exvenikajtsxhefyqtimuofgvczj/Build/Intermediates.noindex/LocalLLMClient.build/Debug-iphonesimulator/LocalLLMClientCore.build/DerivedSources -Xcc -DSWIFT_PACKAGE -Xcc -DDEBUG\=1 -emit-objc-header -emit-objc-header-path /Users/gunnarhostetler/Library/Developer/Xcode/DerivedData/OpenIntelligence-exvenikajtsxhefyqtimuofgvczj/Build/Intermediates.noindex/LocalLLMClient.build/Debug-iphonesimulator/LocalLLMClientCore.build/Objects-normal/arm64/LocalLLMClientCore-Swift.h -working-directory /Users/gunnarhostetler/Documents/GitHub/OpenIntelligence/OpenIntelligence.xcodeproj -experimental-emit-module-separately -disable-cmo

SwiftDriverJobDiscovery normal arm64 Compiling Utilities.swift (in target 'Jinja' from project 'Jinja')

SwiftDriverJobDiscovery normal arm64 Compiling Tests.swift (in target 'Jinja' from project 'Jinja')

SwiftDriverJobDiscovery normal arm64 Compiling Parser.swift (in target 'Jinja' from project 'Jinja')

SwiftDriverJobDiscovery normal arm64 Compiling Interpreter.swift, Lexer.swift (in target 'Jinja' from project 'Jinja')

SwiftDriverJobDiscovery normal arm64 Compiling Value.swift (in target 'Jinja' from project 'Jinja')

SwiftDriverJobDiscovery normal arm64 Compiling Token.swift (in target 'Jinja' from project 'Jinja')

SwiftEmitModule normal arm64 Emitting\ module\ for\ LocalLLMClientCore (in target 'LocalLLMClientCore' from project 'LocalLLMClient')

EmitSwiftModule normal arm64 (in target 'LocalLLMClientCore' from project 'LocalLLMClient')
    cd /Users/gunnarhostetler/Documents/GitHub/OpenIntelligence/OpenIntelligence.xcodeproj
    

SwiftCompile normal arm64 Compiling\ ToolSchemaGeneratable.swift /Users/gunnarhostetler/Documents/GitHub/OpenIntelligence/Vendor/LocalLLMClient/Sources/LocalLLMClientCore/Tools/ToolSchemaGeneratable.swift (in target 'LocalLLMClientCore' from project 'LocalLLMClient')

SwiftCompile normal arm64 /Users/gunnarhostetler/Documents/GitHub/OpenIntelligence/Vendor/LocalLLMClient/Sources/LocalLLMClientCore/Tools/ToolSchemaGeneratable.swift (in target 'LocalLLMClientCore' from project 'LocalLLMClient')
    cd /Users/gunnarhostetler/Documents/GitHub/OpenIntelligence/OpenIntelligence.xcodeproj
    

SwiftCompile normal arm64 Compiling\ AnyLLMClient.swift,\ Async+.swift /Users/gunnarhostetler/Documents/GitHub/OpenIntelligence/Vendor/LocalLLMClient/Sources/LocalLLMClientCore/AnyLLMClient.swift /Users/gunnarhostetler/Documents/GitHub/OpenIntelligence/Vendor/LocalLLMClient/Sources/LocalLLMClientCore/Async+.swift (in target 'LocalLLMClientCore' from project 'LocalLLMClient')

SwiftCompile normal arm64 /Users/gunnarhostetler/Documents/GitHub/OpenIntelligence/Vendor/LocalLLMClient/Sources/LocalLLMClientCore/AnyLLMClient.swift (in target 'LocalLLMClientCore' from project 'LocalLLMClient')
    cd /Users/gunnarhostetler/Documents/GitHub/OpenIntelligence/OpenIntelligence.xcodeproj
    

SwiftCompile normal arm64 /Users/gunnarhostetler/Documents/GitHub/OpenIntelligence/Vendor/LocalLLMClient/Sources/LocalLLMClientCore/Async+.swift (in target 'LocalLLMClientCore' from project 'LocalLLMClient')
    cd /Users/gunnarhostetler/Documents/GitHub/OpenIntelligence/OpenIntelligence.xcodeproj
    

SwiftCompile normal arm64 Compiling\ AnyLLMTool.swift,\ GeneratedContent.swift /Users/gunnarhostetler/Documents/GitHub/OpenIntelligence/Vendor/LocalLLMClient/Sources/LocalLLMClientCore/Tools/AnyLLMTool.swift /Users/gunnarhostetler/Documents/GitHub/OpenIntelligence/Vendor/LocalLLMClient/Sources/LocalLLMClientCore/Tools/GeneratedContent.swift (in target 'LocalLLMClientCore' from project 'LocalLLMClient')

SwiftCompile normal arm64 /Users/gunnarhostetler/Documents/GitHub/OpenIntelligence/Vendor/LocalLLMClient/Sources/LocalLLMClientCore/Tools/AnyLLMTool.swift (in target 'LocalLLMClientCore' from project 'LocalLLMClient')
    cd /Users/gunnarhostetler/Documents/GitHub/OpenIntelligence/OpenIntelligence.xcodeproj
    

SwiftCompile normal arm64 /Users/gunnarhostetler/Documents/GitHub/OpenIntelligence/Vendor/LocalLLMClient/Sources/LocalLLMClientCore/Tools/GeneratedContent.swift (in target 'LocalLLMClientCore' from project 'LocalLLMClient')
    cd /Users/gunnarhostetler/Documents/GitHub/OpenIntelligence/OpenIntelligence.xcodeproj
    

SwiftCompile normal arm64 Compiling\ LLMClient.swift,\ LLMError.swift /Users/gunnarhostetler/Documents/GitHub/OpenIntelligence/Vendor/LocalLLMClient/Sources/LocalLLMClientCore/LLMClient.swift /Users/gunnarhostetler/Documents/GitHub/OpenIntelligence/Vendor/LocalLLMClient/Sources/LocalLLMClientCore/LLMError.swift (in target 'LocalLLMClientCore' from project 'LocalLLMClient')

SwiftCompile normal arm64 /Users/gunnarhostetler/Documents/GitHub/OpenIntelligence/Vendor/LocalLLMClient/Sources/LocalLLMClientCore/LLMClient.swift (in target 'LocalLLMClientCore' from project 'LocalLLMClient')
    cd /Users/gunnarhostetler/Documents/GitHub/OpenIntelligence/OpenIntelligence.xcodeproj
    

SwiftCompile normal arm64 /Users/gunnarhostetler/Documents/GitHub/OpenIntelligence/Vendor/LocalLLMClient/Sources/LocalLLMClientCore/LLMError.swift (in target 'LocalLLMClientCore' from project 'LocalLLMClient')
    cd /Users/gunnarhostetler/Documents/GitHub/OpenIntelligence/OpenIntelligence.xcodeproj
    

SwiftCompile normal arm64 Compiling\ ToolExecutor.swift /Users/gunnarhostetler/Documents/GitHub/OpenIntelligence/Vendor/LocalLLMClient/Sources/LocalLLMClientCore/Tools/ToolExecutor.swift (in target 'LocalLLMClientCore' from project 'LocalLLMClient')

SwiftCompile normal arm64 /Users/gunnarhostetler/Documents/GitHub/OpenIntelligence/Vendor/LocalLLMClient/Sources/LocalLLMClientCore/Tools/ToolExecutor.swift (in target 'LocalLLMClientCore' from project 'LocalLLMClient')
    cd /Users/gunnarhostetler/Documents/GitHub/OpenIntelligence/OpenIntelligence.xcodeproj
    

SwiftCompile normal arm64 Compiling\ LLMTool.swift,\ LLMToolCall.swift /Users/gunnarhostetler/Documents/GitHub/OpenIntelligence/Vendor/LocalLLMClient/Sources/LocalLLMClientCore/Tools/LLMTool.swift /Users/gunnarhostetler/Documents/GitHub/OpenIntelligence/Vendor/LocalLLMClient/Sources/LocalLLMClientCore/Tools/LLMToolCall.swift (in target 'LocalLLMClientCore' from project 'LocalLLMClient')

SwiftCompile normal arm64 /Users/gunnarhostetler/Documents/GitHub/OpenIntelligence/Vendor/LocalLLMClient/Sources/LocalLLMClientCore/Tools/LLMTool.swift (in target 'LocalLLMClientCore' from project 'LocalLLMClient')
    cd /Users/gunnarhostetler/Documents/GitHub/OpenIntelligence/OpenIntelligence.xcodeproj
    

SwiftCompile normal arm64 /Users/gunnarhostetler/Documents/GitHub/OpenIntelligence/Vendor/LocalLLMClient/Sources/LocalLLMClientCore/Tools/LLMToolCall.swift (in target 'LocalLLMClientCore' from project 'LocalLLMClient')
    cd /Users/gunnarhostetler/Documents/GitHub/OpenIntelligence/OpenIntelligence.xcodeproj
    

SwiftCompile normal arm64 Compiling\ LLMInput.swift,\ LLMSession.swift /Users/gunnarhostetler/Documents/GitHub/OpenIntelligence/Vendor/LocalLLMClient/Sources/LocalLLMClientCore/LLMInput.swift /Users/gunnarhostetler/Documents/GitHub/OpenIntelligence/Vendor/LocalLLMClient/Sources/LocalLLMClientCore/LLMSession.swift (in target 'LocalLLMClientCore' from project 'LocalLLMClient')

SwiftCompile normal arm64 /Users/gunnarhostetler/Documents/GitHub/OpenIntelligence/Vendor/LocalLLMClient/Sources/LocalLLMClientCore/LLMInput.swift (in target 'LocalLLMClientCore' from project 'LocalLLMClient')
    cd /Users/gunnarhostetler/Documents/GitHub/OpenIntelligence/OpenIntelligence.xcodeproj
    

SwiftCompile normal arm64 /Users/gunnarhostetler/Documents/GitHub/OpenIntelligence/Vendor/LocalLLMClient/Sources/LocalLLMClientCore/LLMSession.swift (in target 'LocalLLMClientCore' from project 'LocalLLMClient')
    cd /Users/gunnarhostetler/Documents/GitHub/OpenIntelligence/OpenIntelligence.xcodeproj
    

SwiftCompile normal arm64 Compiling\ PauseHandler.swift,\ AnyLLMTool+OpenAI.swift /Users/gunnarhostetler/Documents/GitHub/OpenIntelligence/Vendor/LocalLLMClient/Sources/LocalLLMClientCore/PauseHandler.swift /Users/gunnarhostetler/Documents/GitHub/OpenIntelligence/Vendor/LocalLLMClient/Sources/LocalLLMClientCore/Tools/AnyLLMTool+OpenAI.swift (in target 'LocalLLMClientCore' from project 'LocalLLMClient')

SwiftCompile normal arm64 /Users/gunnarhostetler/Documents/GitHub/OpenIntelligence/Vendor/LocalLLMClient/Sources/LocalLLMClientCore/PauseHandler.swift (in target 'LocalLLMClientCore' from project 'LocalLLMClient')
    cd /Users/gunnarhostetler/Documents/GitHub/OpenIntelligence/OpenIntelligence.xcodeproj
    

SwiftCompile normal arm64 /Users/gunnarhostetler/Documents/GitHub/OpenIntelligence/Vendor/LocalLLMClient/Sources/LocalLLMClientCore/Tools/AnyLLMTool+OpenAI.swift (in target 'LocalLLMClientCore' from project 'LocalLLMClient')
    cd /Users/gunnarhostetler/Documents/GitHub/OpenIntelligence/OpenIntelligence.xcodeproj
    

SwiftDriverJobDiscovery normal arm64 Compiling LLMTool.swift, LLMToolCall.swift (in target 'LocalLLMClientCore' from project 'LocalLLMClient')

SwiftCompile normal arm64 Compiling\ ToolOutput.swift /Users/gunnarhostetler/Documents/GitHub/OpenIntelligence/Vendor/LocalLLMClient/Sources/LocalLLMClientCore/Tools/ToolOutput.swift (in target 'LocalLLMClientCore' from project 'LocalLLMClient')

SwiftCompile normal arm64 /Users/gunnarhostetler/Documents/GitHub/OpenIntelligence/Vendor/LocalLLMClient/Sources/LocalLLMClientCore/Tools/ToolOutput.swift (in target 'LocalLLMClientCore' from project 'LocalLLMClient')
    cd /Users/gunnarhostetler/Documents/GitHub/OpenIntelligence/OpenIntelligence.xcodeproj
    

SwiftDriverJobDiscovery normal arm64 Compiling LLMClient.swift, LLMError.swift (in target 'LocalLLMClientCore' from project 'LocalLLMClient')

SwiftCompile normal arm64 Compiling\ StreamingChunk.swift,\ StreamingToolCallProcessor.swift /Users/gunnarhostetler/Documents/GitHub/OpenIntelligence/Vendor/LocalLLMClient/Sources/LocalLLMClientCore/Tools/StreamingChunk.swift /Users/gunnarhostetler/Documents/GitHub/OpenIntelligence/Vendor/LocalLLMClient/Sources/LocalLLMClientCore/Tools/StreamingToolCallProcessor.swift (in target 'LocalLLMClientCore' from project 'LocalLLMClient')

SwiftCompile normal arm64 /Users/gunnarhostetler/Documents/GitHub/OpenIntelligence/Vendor/LocalLLMClient/Sources/LocalLLMClientCore/Tools/StreamingChunk.swift (in target 'LocalLLMClientCore' from project 'LocalLLMClient')
    cd /Users/gunnarhostetler/Documents/GitHub/OpenIntelligence/OpenIntelligence.xcodeproj
    

SwiftCompile normal arm64 /Users/gunnarhostetler/Documents/GitHub/OpenIntelligence/Vendor/LocalLLMClient/Sources/LocalLLMClientCore/Tools/StreamingToolCallProcessor.swift (in target 'LocalLLMClientCore' from project 'LocalLLMClient')
    cd /Users/gunnarhostetler/Documents/GitHub/OpenIntelligence/OpenIntelligence.xcodeproj
    

SwiftDriverJobDiscovery normal arm64 Compiling ToolSchemaGeneratable.swift (in target 'LocalLLMClientCore' from project 'LocalLLMClient')

SwiftCompile normal arm64 Compiling\ ToolArgument.swift,\ ToolArgumentType.swift /Users/gunnarhostetler/Documents/GitHub/OpenIntelligence/Vendor/LocalLLMClient/Sources/LocalLLMClientCore/Tools/ToolArgument.swift /Users/gunnarhostetler/Documents/GitHub/OpenIntelligence/Vendor/LocalLLMClient/Sources/LocalLLMClientCore/Tools/ToolArgumentType.swift (in target 'LocalLLMClientCore' from project 'LocalLLMClient')

SwiftCompile normal arm64 /Users/gunnarhostetler/Documents/GitHub/OpenIntelligence/Vendor/LocalLLMClient/Sources/LocalLLMClientCore/Tools/ToolArgument.swift (in target 'LocalLLMClientCore' from project 'LocalLLMClient')
    cd /Users/gunnarhostetler/Documents/GitHub/OpenIntelligence/OpenIntelligence.xcodeproj
    

SwiftCompile normal arm64 /Users/gunnarhostetler/Documents/GitHub/OpenIntelligence/Vendor/LocalLLMClient/Sources/LocalLLMClientCore/Tools/ToolArgumentType.swift (in target 'LocalLLMClientCore' from project 'LocalLLMClient')
    cd /Users/gunnarhostetler/Documents/GitHub/OpenIntelligence/OpenIntelligence.xcodeproj
    

SwiftDriverJobDiscovery normal arm64 Compiling AST.swift, Error.swift (in target 'Jinja' from project 'Jinja')

SwiftDriverJobDiscovery normal arm64 Compiling AnyLLMTool.swift, GeneratedContent.swift (in target 'LocalLLMClientCore' from project 'LocalLLMClient')

SwiftDriverJobDiscovery normal arm64 Compiling AnyLLMClient.swift, Async+.swift (in target 'LocalLLMClientCore' from project 'LocalLLMClient')

SwiftDriverJobDiscovery normal arm64 Compiling ToolExecutor.swift (in target 'LocalLLMClientCore' from project 'LocalLLMClient')

SwiftDriverJobDiscovery normal arm64 Compiling ToolOutput.swift (in target 'LocalLLMClientCore' from project 'LocalLLMClient')

SwiftDriverJobDiscovery normal arm64 Emitting module for LocalLLMClientCore (in target 'LocalLLMClientCore' from project 'LocalLLMClient')

SwiftDriver\ Compilation\ Requirements LocalLLMClientCore normal arm64 com.apple.xcode.tools.swift.compiler (in target 'LocalLLMClientCore' from project 'LocalLLMClient')
    cd /Users/gunnarhostetler/Documents/GitHub/OpenIntelligence/OpenIntelligence.xcodeproj
    builtin-Swift-Compilation-Requirements -- /Applications/Xcode.app/Contents/Developer/Toolchains/XcodeDefault.xctoolchain/usr/bin/swiftc -module-name LocalLLMClientCore -Onone -enforce-exclusivity\=checked @/Users/gunnarhostetler/Library/Developer/Xcode/DerivedData/OpenIntelligence-exvenikajtsxhefyqtimuofgvczj/Build/Intermediates.noindex/LocalLLMClient.build/Debug-iphonesimulator/LocalLLMClientCore.build/Objects-normal/arm64/LocalLLMClientCore.SwiftFileList -DSWIFT_PACKAGE -DDEBUG -DSWIFT_MODULE_RESOURCE_BUNDLE_UNAVAILABLE -DXcode -plugin-path /Applications/Xcode.app/Contents/Developer/Toolchains/XcodeDefault.xctoolchain/usr/lib/swift/host/plugins/testing -enable-experimental-feature DebugDescriptionMacro -sdk /Applications/Xcode.app/Contents/Developer/Platforms/iPhoneSimulator.platform/Developer/SDKs/iPhoneSimulator26.1.sdk -target arm64-apple-ios16.0-simulator -g -module-cache-path /Users/gunnarhostetler/Library/Developer/Xcode/DerivedData/ModuleCache.noindex -Xfrontend -serialize-debugging-options -enable-testing -suppress-warnings -index-store-path /Users/gunnarhostetler/Library/Developer/Xcode/DerivedData/OpenIntelligence-exvenikajtsxhefyqtimuofgvczj/Index.noindex/DataStore -Xcc -D_LIBCPP_HARDENING_MODE\=_LIBCPP_HARDENING_MODE_DEBUG -swift-version 6 -I /Users/gunnarhostetler/Library/Developer/Xcode/DerivedData/OpenIntelligence-exvenikajtsxhefyqtimuofgvczj/Build/Products/Debug-iphonesimulator -Isystem /Applications/Xcode.app/Contents/Developer/Platforms/iPhoneSimulator.platform/Developer/usr/lib -F /Users/gunnarhostetler/Library/Developer/Xcode/DerivedData/OpenIntelligence-exvenikajtsxhefyqtimuofgvczj/Build/Products/Debug-iphonesimulator/PackageFrameworks -F /Users/gunnarhostetler/Library/Developer/Xcode/DerivedData/OpenIntelligence-exvenikajtsxhefyqtimuofgvczj/Build/Products/Debug-iphonesimulator/PackageFrameworks -F /Users/gunnarhostetler/Library/Developer/Xcode/DerivedData/OpenIntelligence-exvenikajtsxhefyqtimuofgvczj/Build/Products/Debug-iphonesimulator/PackageFrameworks -F /Users/gunnarhostetler/Library/Developer/Xcode/DerivedData/OpenIntelligence-exvenikajtsxhefyqtimuofgvczj/Build/Products/Debug-iphonesimulator/PackageFrameworks -F /Users/gunnarhostetler/Library/Developer/Xcode/DerivedData/OpenIntelligence-exvenikajtsxhefyqtimuofgvczj/Build/Products/Debug-iphonesimulator -F /Applications/Xcode.app/Contents/Developer/Platforms/iPhoneSimulator.platform/Developer/Library/Frameworks -F /Applications/Xcode.app/Contents/Developer/Platforms/iPhoneSimulator.platform/Developer/SDKs/iPhoneSimulator26.1.sdk/Developer/Library/Frameworks -c -j11 -enable-batch-mode -incremental -Xcc -ivfsstatcache -Xcc /Users/gunnarhostetler/Library/Developer/Xcode/DerivedData/SDKStatCaches.noindex/iphonesimulator26.1-23B77-3885c01c3e6b6a337905948deab2002e90cf18a4295e390e64c810bc6bd7acbc.sdkstatcache -output-file-map /Users/gunnarhostetler/Library/Developer/Xcode/DerivedData/OpenIntelligence-exvenikajtsxhefyqtimuofgvczj/Build/Intermediates.noindex/LocalLLMClient.build/Debug-iphonesimulator/LocalLLMClientCore.build/Objects-normal/arm64/LocalLLMClientCore-OutputFileMap.json -use-frontend-parseable-output -save-temps -no-color-diagnostics -explicit-module-build -module-cache-path /Users/gunnarhostetler/Library/Developer/Xcode/DerivedData/OpenIntelligence-exvenikajtsxhefyqtimuofgvczj/Build/Intermediates.noindex/SwiftExplicitPrecompiledModules -clang-scanner-module-cache-path /Users/gunnarhostetler/Library/Developer/Xcode/DerivedData/ModuleCache.noindex -sdk-module-cache-path /Users/gunnarhostetler/Library/Developer/Xcode/DerivedData/ModuleCache.noindex -serialize-diagnostics -emit-dependencies -emit-module -emit-module-path /Users/gunnarhostetler/Library/Developer/Xcode/DerivedData/OpenIntelligence-exvenikajtsxhefyqtimuofgvczj/Build/Intermediates.noindex/LocalLLMClient.build/Debug-iphonesimulator/LocalLLMClientCore.build/Objects-normal/arm64/LocalLLMClientCore.swiftmodule -validate-clang-modules-once -clang-build-session-file /Users/gunnarhostetler/Library/Developer/Xcode/DerivedData/ModuleCache.noindex/Session.modulevalidation -package-name localllmclient -Xcc -I/Users/gunnarhostetler/Library/Developer/Xcode/DerivedData/OpenIntelligence-exvenikajtsxhefyqtimuofgvczj/Build/Intermediates.noindex/LocalLLMClient.build/Debug-iphonesimulator/LocalLLMClientCore.build/swift-overrides.hmap -emit-const-values -Xfrontend -const-gather-protocols-file -Xfrontend /Users/gunnarhostetler/Library/Developer/Xcode/DerivedData/OpenIntelligence-exvenikajtsxhefyqtimuofgvczj/Build/Intermediates.noindex/LocalLLMClient.build/Debug-iphonesimulator/LocalLLMClientCore.build/Objects-normal/arm64/LocalLLMClientCore_const_extract_protocols.json -Xcc -I/Users/gunnarhostetler/Library/Developer/Xcode/DerivedData/OpenIntelligence-exvenikajtsxhefyqtimuofgvczj/Build/Products/Debug-iphonesimulator/include -Xcc -I/Users/gunnarhostetler/Library/Developer/Xcode/DerivedData/OpenIntelligence-exvenikajtsxhefyqtimuofgvczj/Build/Intermediates.noindex/LocalLLMClient.build/Debug-iphonesimulator/LocalLLMClientCore.build/DerivedSources-normal/arm64 -Xcc -I/Users/gunnarhostetler/Library/Developer/Xcode/DerivedData/OpenIntelligence-exvenikajtsxhefyqtimuofgvczj/Build/Intermediates.noindex/LocalLLMClient.build/Debug-iphonesimulator/LocalLLMClientCore.build/DerivedSources/arm64 -Xcc -I/Users/gunnarhostetler/Library/Developer/Xcode/DerivedData/OpenIntelligence-exvenikajtsxhefyqtimuofgvczj/Build/Intermediates.noindex/LocalLLMClient.build/Debug-iphonesimulator/LocalLLMClientCore.build/DerivedSources -Xcc -DSWIFT_PACKAGE -Xcc -DDEBUG\=1 -emit-objc-header -emit-objc-header-path /Users/gunnarhostetler/Library/Developer/Xcode/DerivedData/OpenIntelligence-exvenikajtsxhefyqtimuofgvczj/Build/Intermediates.noindex/LocalLLMClient.build/Debug-iphonesimulator/LocalLLMClientCore.build/Objects-normal/arm64/LocalLLMClientCore-Swift.h -working-directory /Users/gunnarhostetler/Documents/GitHub/OpenIntelligence/OpenIntelligence.xcodeproj -experimental-emit-module-separately -disable-cmo

SwiftMergeGeneratedHeaders /Users/gunnarhostetler/Library/Developer/Xcode/DerivedData/OpenIntelligence-exvenikajtsxhefyqtimuofgvczj/Build/Intermediates.noindex/GeneratedModuleMaps-iphonesimulator/LocalLLMClientCore-Swift.h /Users/gunnarhostetler/Library/Developer/Xcode/DerivedData/OpenIntelligence-exvenikajtsxhefyqtimuofgvczj/Build/Intermediates.noindex/LocalLLMClient.build/Debug-iphonesimulator/LocalLLMClientCore.build/Objects-normal/arm64/LocalLLMClientCore-Swift.h (in target 'LocalLLMClientCore' from project 'LocalLLMClient')
    cd /Users/gunnarhostetler/Documents/GitHub/OpenIntelligence/Vendor/LocalLLMClient
    builtin-swiftHeaderTool -arch arm64 /Users/gunnarhostetler/Library/Developer/Xcode/DerivedData/OpenIntelligence-exvenikajtsxhefyqtimuofgvczj/Build/Intermediates.noindex/LocalLLMClient.build/Debug-iphonesimulator/LocalLLMClientCore.build/Objects-normal/arm64/LocalLLMClientCore-Swift.h -o /Users/gunnarhostetler/Library/Developer/Xcode/DerivedData/OpenIntelligence-exvenikajtsxhefyqtimuofgvczj/Build/Intermediates.noindex/GeneratedModuleMaps-iphonesimulator/LocalLLMClientCore-Swift.h

Copy /Users/gunnarhostetler/Library/Developer/Xcode/DerivedData/OpenIntelligence-exvenikajtsxhefyqtimuofgvczj/Build/Products/Debug-iphonesimulator/LocalLLMClientCore.swiftmodule/arm64-apple-ios-simulator.swiftmodule /Users/gunnarhostetler/Library/Developer/Xcode/DerivedData/OpenIntelligence-exvenikajtsxhefyqtimuofgvczj/Build/Intermediates.noindex/LocalLLMClient.build/Debug-iphonesimulator/LocalLLMClientCore.build/Objects-normal/arm64/LocalLLMClientCore.swiftmodule (in target 'LocalLLMClientCore' from project 'LocalLLMClient')
    cd /Users/gunnarhostetler/Documents/GitHub/OpenIntelligence/Vendor/LocalLLMClient
    builtin-copy -exclude .DS_Store -exclude CVS -exclude .svn -exclude .git -exclude .hg -resolve-src-symlinks -rename /Users/gunnarhostetler/Library/Developer/Xcode/DerivedData/OpenIntelligence-exvenikajtsxhefyqtimuofgvczj/Build/Intermediates.noindex/LocalLLMClient.build/Debug-iphonesimulator/LocalLLMClientCore.build/Objects-normal/arm64/LocalLLMClientCore.swiftmodule /Users/gunnarhostetler/Library/Developer/Xcode/DerivedData/OpenIntelligence-exvenikajtsxhefyqtimuofgvczj/Build/Products/Debug-iphonesimulator/LocalLLMClientCore.swiftmodule/arm64-apple-ios-simulator.swiftmodule

Copy /Users/gunnarhostetler/Library/Developer/Xcode/DerivedData/OpenIntelligence-exvenikajtsxhefyqtimuofgvczj/Build/Products/Debug-iphonesimulator/LocalLLMClientCore.swiftmodule/arm64-apple-ios-simulator.swiftdoc /Users/gunnarhostetler/Library/Developer/Xcode/DerivedData/OpenIntelligence-exvenikajtsxhefyqtimuofgvczj/Build/Intermediates.noindex/LocalLLMClient.build/Debug-iphonesimulator/LocalLLMClientCore.build/Objects-normal/arm64/LocalLLMClientCore.swiftdoc (in target 'LocalLLMClientCore' from project 'LocalLLMClient')
    cd /Users/gunnarhostetler/Documents/GitHub/OpenIntelligence/Vendor/LocalLLMClient
    builtin-copy -exclude .DS_Store -exclude CVS -exclude .svn -exclude .git -exclude .hg -resolve-src-symlinks -rename /Users/gunnarhostetler/Library/Developer/Xcode/DerivedData/OpenIntelligence-exvenikajtsxhefyqtimuofgvczj/Build/Intermediates.noindex/LocalLLMClient.build/Debug-iphonesimulator/LocalLLMClientCore.build/Objects-normal/arm64/LocalLLMClientCore.swiftdoc /Users/gunnarhostetler/Library/Developer/Xcode/DerivedData/OpenIntelligence-exvenikajtsxhefyqtimuofgvczj/Build/Products/Debug-iphonesimulator/LocalLLMClientCore.swiftmodule/arm64-apple-ios-simulator.swiftdoc

Copy /Users/gunnarhostetler/Library/Developer/Xcode/DerivedData/OpenIntelligence-exvenikajtsxhefyqtimuofgvczj/Build/Products/Debug-iphonesimulator/LocalLLMClientCore.swiftmodule/arm64-apple-ios-simulator.abi.json /Users/gunnarhostetler/Library/Developer/Xcode/DerivedData/OpenIntelligence-exvenikajtsxhefyqtimuofgvczj/Build/Intermediates.noindex/LocalLLMClient.build/Debug-iphonesimulator/LocalLLMClientCore.build/Objects-normal/arm64/LocalLLMClientCore.abi.json (in target 'LocalLLMClientCore' from project 'LocalLLMClient')
    cd /Users/gunnarhostetler/Documents/GitHub/OpenIntelligence/Vendor/LocalLLMClient
    builtin-copy -exclude .DS_Store -exclude CVS -exclude .svn -exclude .git -exclude .hg -resolve-src-symlinks -rename /Users/gunnarhostetler/Library/Developer/Xcode/DerivedData/OpenIntelligence-exvenikajtsxhefyqtimuofgvczj/Build/Intermediates.noindex/LocalLLMClient.build/Debug-iphonesimulator/LocalLLMClientCore.build/Objects-normal/arm64/LocalLLMClientCore.abi.json /Users/gunnarhostetler/Library/Developer/Xcode/DerivedData/OpenIntelligence-exvenikajtsxhefyqtimuofgvczj/Build/Products/Debug-iphonesimulator/LocalLLMClientCore.swiftmodule/arm64-apple-ios-simulator.abi.json

Copy /Users/gunnarhostetler/Library/Developer/Xcode/DerivedData/OpenIntelligence-exvenikajtsxhefyqtimuofgvczj/Build/Products/Debug-iphonesimulator/LocalLLMClientCore.swiftmodule/Project/arm64-apple-ios-simulator.swiftsourceinfo /Users/gunnarhostetler/Library/Developer/Xcode/DerivedData/OpenIntelligence-exvenikajtsxhefyqtimuofgvczj/Build/Intermediates.noindex/LocalLLMClient.build/Debug-iphonesimulator/LocalLLMClientCore.build/Objects-normal/arm64/LocalLLMClientCore.swiftsourceinfo (in target 'LocalLLMClientCore' from project 'LocalLLMClient')
    cd /Users/gunnarhostetler/Documents/GitHub/OpenIntelligence/Vendor/LocalLLMClient
    builtin-copy -exclude .DS_Store -exclude CVS -exclude .svn -exclude .git -exclude .hg -resolve-src-symlinks -rename /Users/gunnarhostetler/Library/Developer/Xcode/DerivedData/OpenIntelligence-exvenikajtsxhefyqtimuofgvczj/Build/Intermediates.noindex/LocalLLMClient.build/Debug-iphonesimulator/LocalLLMClientCore.build/Objects-normal/arm64/LocalLLMClientCore.swiftsourceinfo /Users/gunnarhostetler/Library/Developer/Xcode/DerivedData/OpenIntelligence-exvenikajtsxhefyqtimuofgvczj/Build/Products/Debug-iphonesimulator/LocalLLMClientCore.swiftmodule/Project/arm64-apple-ios-simulator.swiftsourceinfo

SwiftDriver LocalLLMClientMacros normal arm64 com.apple.xcode.tools.swift.compiler (in target 'LocalLLMClientMacros' from project 'LocalLLMClient')
    cd /Users/gunnarhostetler/Documents/GitHub/OpenIntelligence/OpenIntelligence.xcodeproj
    builtin-SwiftDriver -- /Applications/Xcode.app/Contents/Developer/Toolchains/XcodeDefault.xctoolchain/usr/bin/swiftc -module-name LocalLLMClientMacros -Onone -enforce-exclusivity\=checked @/Users/gunnarhostetler/Library/Developer/Xcode/DerivedData/OpenIntelligence-exvenikajtsxhefyqtimuofgvczj/Build/Intermediates.noindex/LocalLLMClient.build/Debug-iphonesimulator/LocalLLMClientMacros.build/Objects-normal/arm64/LocalLLMClientMacros.SwiftFileList -DSWIFT_PACKAGE -DDEBUG -DSWIFT_MODULE_RESOURCE_BUNDLE_UNAVAILABLE -DXcode -plugin-path /Applications/Xcode.app/Contents/Developer/Toolchains/XcodeDefault.xctoolchain/usr/lib/swift/host/plugins/testing -enable-experimental-feature DebugDescriptionMacro -sdk /Applications/Xcode.app/Contents/Developer/Platforms/iPhoneSimulator.platform/Developer/SDKs/iPhoneSimulator26.1.sdk -target arm64-apple-ios16.0-simulator -g -module-cache-path /Users/gunnarhostetler/Library/Developer/Xcode/DerivedData/ModuleCache.noindex -Xfrontend -serialize-debugging-options -enable-testing -suppress-warnings -index-store-path /Users/gunnarhostetler/Library/Developer/Xcode/DerivedData/OpenIntelligence-exvenikajtsxhefyqtimuofgvczj/Index.noindex/DataStore -Xcc -D_LIBCPP_HARDENING_MODE\=_LIBCPP_HARDENING_MODE_DEBUG -swift-version 6 -I /Users/gunnarhostetler/Library/Developer/Xcode/DerivedData/OpenIntelligence-exvenikajtsxhefyqtimuofgvczj/Build/Products/Debug-iphonesimulator -Isystem /Applications/Xcode.app/Contents/Developer/Platforms/iPhoneSimulator.platform/Developer/usr/lib -F /Users/gunnarhostetler/Library/Developer/Xcode/DerivedData/OpenIntelligence-exvenikajtsxhefyqtimuofgvczj/Build/Products/Debug-iphonesimulator/PackageFrameworks -F /Users/gunnarhostetler/Library/Developer/Xcode/DerivedData/OpenIntelligence-exvenikajtsxhefyqtimuofgvczj/Build/Products/Debug-iphonesimulator/PackageFrameworks -F /Users/gunnarhostetler/Library/Developer/Xcode/DerivedData/OpenIntelligence-exvenikajtsxhefyqtimuofgvczj/Build/Products/Debug-iphonesimulator/PackageFrameworks -F /Users/gunnarhostetler/Library/Developer/Xcode/DerivedData/OpenIntelligence-exvenikajtsxhefyqtimuofgvczj/Build/Products/Debug-iphonesimulator/PackageFrameworks -F /Users/gunnarhostetler/Library/Developer/Xcode/DerivedData/OpenIntelligence-exvenikajtsxhefyqtimuofgvczj/Build/Products/Debug-iphonesimulator/PackageFrameworks -F /Users/gunnarhostetler/Library/Developer/Xcode/DerivedData/OpenIntelligence-exvenikajtsxhefyqtimuofgvczj/Build/Products/Debug-iphonesimulator -F /Applications/Xcode.app/Contents/Developer/Platforms/iPhoneSimulator.platform/Developer/Library/Frameworks -F /Applications/Xcode.app/Contents/Developer/Platforms/iPhoneSimulator.platform/Developer/SDKs/iPhoneSimulator26.1.sdk/Developer/Library/Frameworks -Xfrontend -load-plugin-executable -Xfrontend /Users/gunnarhostetler/Library/Developer/Xcode/DerivedData/OpenIntelligence-exvenikajtsxhefyqtimuofgvczj/Build/Products/Debug/LocalLLMClientMacrosPlugin\#LocalLLMClientMacrosPlugin -parse-as-library -c -j11 -enable-batch-mode -incremental -Xcc -ivfsstatcache -Xcc /Users/gunnarhostetler/Library/Developer/Xcode/DerivedData/SDKStatCaches.noindex/iphonesimulator26.1-23B77-3885c01c3e6b6a337905948deab2002e90cf18a4295e390e64c810bc6bd7acbc.sdkstatcache -output-file-map /Users/gunnarhostetler/Library/Developer/Xcode/DerivedData/OpenIntelligence-exvenikajtsxhefyqtimuofgvczj/Build/Intermediates.noindex/LocalLLMClient.build/Debug-iphonesimulator/LocalLLMClientMacros.build/Objects-normal/arm64/LocalLLMClientMacros-OutputFileMap.json -use-frontend-parseable-output -save-temps -no-color-diagnostics -explicit-module-build -module-cache-path /Users/gunnarhostetler/Library/Developer/Xcode/DerivedData/OpenIntelligence-exvenikajtsxhefyqtimuofgvczj/Build/Intermediates.noindex/SwiftExplicitPrecompiledModules -clang-scanner-module-cache-path /Users/gunnarhostetler/Library/Developer/Xcode/DerivedData/ModuleCache.noindex -sdk-module-cache-path /Users/gunnarhostetler/Library/Developer/Xcode/DerivedData/ModuleCache.noindex -serialize-diagnostics -emit-dependencies -emit-module -emit-module-path /Users/gunnarhostetler/Library/Developer/Xcode/DerivedData/OpenIntelligence-exvenikajtsxhefyqtimuofgvczj/Build/Intermediates.noindex/LocalLLMClient.build/Debug-iphonesimulator/LocalLLMClientMacros.build/Objects-normal/arm64/LocalLLMClientMacros.swiftmodule -validate-clang-modules-once -clang-build-session-file /Users/gunnarhostetler/Library/Developer/Xcode/DerivedData/ModuleCache.noindex/Session.modulevalidation -package-name localllmclient -Xcc -I/Users/gunnarhostetler/Library/Developer/Xcode/DerivedData/OpenIntelligence-exvenikajtsxhefyqtimuofgvczj/Build/Intermediates.noindex/LocalLLMClient.build/Debug-iphonesimulator/LocalLLMClientMacros.build/swift-overrides.hmap -emit-const-values -Xfrontend -const-gather-protocols-file -Xfrontend /Users/gunnarhostetler/Library/Developer/Xcode/DerivedData/OpenIntelligence-exvenikajtsxhefyqtimuofgvczj/Build/Intermediates.noindex/LocalLLMClient.build/Debug-iphonesimulator/LocalLLMClientMacros.build/Objects-normal/arm64/LocalLLMClientMacros_const_extract_protocols.json -Xcc -I/Users/gunnarhostetler/Library/Developer/Xcode/DerivedData/OpenIntelligence-exvenikajtsxhefyqtimuofgvczj/Build/Products/Debug-iphonesimulator/include -Xcc -I/Users/gunnarhostetler/Library/Developer/Xcode/DerivedData/OpenIntelligence-exvenikajtsxhefyqtimuofgvczj/Build/Intermediates.noindex/LocalLLMClient.build/Debug-iphonesimulator/LocalLLMClientMacros.build/DerivedSources-normal/arm64 -Xcc -I/Users/gunnarhostetler/Library/Developer/Xcode/DerivedData/OpenIntelligence-exvenikajtsxhefyqtimuofgvczj/Build/Intermediates.noindex/LocalLLMClient.build/Debug-iphonesimulator/LocalLLMClientMacros.build/DerivedSources/arm64 -Xcc -I/Users/gunnarhostetler/Library/Developer/Xcode/DerivedData/OpenIntelligence-exvenikajtsxhefyqtimuofgvczj/Build/Intermediates.noindex/LocalLLMClient.build/Debug-iphonesimulator/LocalLLMClientMacros.build/DerivedSources -Xcc -DSWIFT_PACKAGE -Xcc -DDEBUG\=1 -emit-objc-header -emit-objc-header-path /Users/gunnarhostetler/Library/Developer/Xcode/DerivedData/OpenIntelligence-exvenikajtsxhefyqtimuofgvczj/Build/Intermediates.noindex/LocalLLMClient.build/Debug-iphonesimulator/LocalLLMClientMacros.build/Objects-normal/arm64/LocalLLMClientMacros-Swift.h -working-directory /Users/gunnarhostetler/Documents/GitHub/OpenIntelligence/OpenIntelligence.xcodeproj -experimental-emit-module-separately -disable-cmo

SwiftDriver LocalLLMClientLlama normal arm64 com.apple.xcode.tools.swift.compiler (in target 'LocalLLMClientLlama' from project 'LocalLLMClient')
    cd /Users/gunnarhostetler/Documents/GitHub/OpenIntelligence/OpenIntelligence.xcodeproj
    builtin-SwiftDriver -- /Applications/Xcode.app/Contents/Developer/Toolchains/XcodeDefault.xctoolchain/usr/bin/swiftc -module-name LocalLLMClientLlama -Onone -enforce-exclusivity\=checked @/Users/gunnarhostetler/Library/Developer/Xcode/DerivedData/OpenIntelligence-exvenikajtsxhefyqtimuofgvczj/Build/Intermediates.noindex/LocalLLMClient.build/Debug-iphonesimulator/LocalLLMClientLlama.build/Objects-normal/arm64/LocalLLMClientLlama.SwiftFileList -DSWIFT_PACKAGE -DDEBUG -DSWIFT_MODULE_RESOURCE_BUNDLE_AVAILABLE -Xcc -fmodule-map-file\=/Users/gunnarhostetler/Library/Developer/Xcode/DerivedData/OpenIntelligence-exvenikajtsxhefyqtimuofgvczj/Build/Intermediates.noindex/GeneratedModuleMaps-iphonesimulator/LocalLLMClientLlamaC.modulemap -DXcode -cxx-interoperability-mode\=default -Xcc -std\=c++17 -plugin-path /Applications/Xcode.app/Contents/Developer/Toolchains/XcodeDefault.xctoolchain/usr/lib/swift/host/plugins/testing -enable-experimental-feature DebugDescriptionMacro -sdk /Applications/Xcode.app/Contents/Developer/Platforms/iPhoneSimulator.platform/Developer/SDKs/iPhoneSimulator26.1.sdk -target arm64-apple-ios16.0-simulator -g -module-cache-path /Users/gunnarhostetler/Library/Developer/Xcode/DerivedData/ModuleCache.noindex -Xfrontend -serialize-debugging-options -enable-testing -suppress-warnings -index-store-path /Users/gunnarhostetler/Library/Developer/Xcode/DerivedData/OpenIntelligence-exvenikajtsxhefyqtimuofgvczj/Index.noindex/DataStore -Xcc -D_LIBCPP_HARDENING_MODE\=_LIBCPP_HARDENING_MODE_DEBUG -swift-version 6 -I /Users/gunnarhostetler/Library/Developer/Xcode/DerivedData/OpenIntelligence-exvenikajtsxhefyqtimuofgvczj/Build/Products/Debug-iphonesimulator -Isystem /Applications/Xcode.app/Contents/Developer/Platforms/iPhoneSimulator.platform/Developer/usr/lib -F /Users/gunnarhostetler/Library/Developer/Xcode/DerivedData/OpenIntelligence-exvenikajtsxhefyqtimuofgvczj/Build/Products/Debug-iphonesimulator/PackageFrameworks -F /Users/gunnarhostetler/Library/Developer/Xcode/DerivedData/OpenIntelligence-exvenikajtsxhefyqtimuofgvczj/Build/Products/Debug-iphonesimulator/PackageFrameworks -F /Users/gunnarhostetler/Library/Developer/Xcode/DerivedData/OpenIntelligence-exvenikajtsxhefyqtimuofgvczj/Build/Products/Debug-iphonesimulator/PackageFrameworks -F /Users/gunnarhostetler/Library/Developer/Xcode/DerivedData/OpenIntelligence-exvenikajtsxhefyqtimuofgvczj/Build/Products/Debug-iphonesimulator/PackageFrameworks -F /Users/gunnarhostetler/Library/Developer/Xcode/DerivedData/OpenIntelligence-exvenikajtsxhefyqtimuofgvczj/Build/Products/Debug-iphonesimulator/PackageFrameworks -F /Users/gunnarhostetler/Library/Developer/Xcode/DerivedData/OpenIntelligence-exvenikajtsxhefyqtimuofgvczj/Build/Products/Debug-iphonesimulator/PackageFrameworks -F /Users/gunnarhostetler/Library/Developer/Xcode/DerivedData/OpenIntelligence-exvenikajtsxhefyqtimuofgvczj/Build/Products/Debug-iphonesimulator -F /Applications/Xcode.app/Contents/Developer/Platforms/iPhoneSimulator.platform/Developer/Library/Frameworks -F /Applications/Xcode.app/Contents/Developer/Platforms/iPhoneSimulator.platform/Developer/SDKs/iPhoneSimulator26.1.sdk/Developer/Library/Frameworks -c -j11 -enable-batch-mode -incremental -Xcc -ivfsstatcache -Xcc /Users/gunnarhostetler/Library/Developer/Xcode/DerivedData/SDKStatCaches.noindex/iphonesimulator26.1-23B77-3885c01c3e6b6a337905948deab2002e90cf18a4295e390e64c810bc6bd7acbc.sdkstatcache -output-file-map /Users/gunnarhostetler/Library/Developer/Xcode/DerivedData/OpenIntelligence-exvenikajtsxhefyqtimuofgvczj/Build/Intermediates.noindex/LocalLLMClient.build/Debug-iphonesimulator/LocalLLMClientLlama.build/Objects-normal/arm64/LocalLLMClientLlama-OutputFileMap.json -use-frontend-parseable-output -save-temps -no-color-diagnostics -serialize-diagnostics -emit-dependencies -emit-module -emit-module-path /Users/gunnarhostetler/Library/Developer/Xcode/DerivedData/OpenIntelligence-exvenikajtsxhefyqtimuofgvczj/Build/Intermediates.noindex/LocalLLMClient.build/Debug-iphonesimulator/LocalLLMClientLlama.build/Objects-normal/arm64/LocalLLMClientLlama.swiftmodule -validate-clang-modules-once -clang-build-session-file /Users/gunnarhostetler/Library/Developer/Xcode/DerivedData/ModuleCache.noindex/Session.modulevalidation -package-name localllmclient -Xcc -I/Users/gunnarhostetler/Library/Developer/Xcode/DerivedData/OpenIntelligence-exvenikajtsxhefyqtimuofgvczj/Build/Intermediates.noindex/LocalLLMClient.build/Debug-iphonesimulator/LocalLLMClientLlama.build/swift-overrides.hmap -emit-const-values -Xfrontend -const-gather-protocols-file -Xfrontend /Users/gunnarhostetler/Library/Developer/Xcode/DerivedData/OpenIntelligence-exvenikajtsxhefyqtimuofgvczj/Build/Intermediates.noindex/LocalLLMClient.build/Debug-iphonesimulator/LocalLLMClientLlama.build/Objects-normal/arm64/LocalLLMClientLlama_const_extract_protocols.json -Xcc -I/Users/gunnarhostetler/Documents/GitHub/OpenIntelligence/Vendor/LocalLLMClient/Sources/LocalLLMClientLlamaC/include -Xcc -I/Users/gunnarhostetler/Library/Developer/Xcode/DerivedData/OpenIntelligence-exvenikajtsxhefyqtimuofgvczj/Build/Products/Debug-iphonesimulator/include -Xcc -I/Users/gunnarhostetler/Library/Developer/Xcode/DerivedData/OpenIntelligence-exvenikajtsxhefyqtimuofgvczj/Build/Intermediates.noindex/LocalLLMClient.build/Debug-iphonesimulator/LocalLLMClientLlama.build/DerivedSources-normal/arm64 -Xcc -I/Users/gunnarhostetler/Library/Developer/Xcode/DerivedData/OpenIntelligence-exvenikajtsxhefyqtimuofgvczj/Build/Intermediates.noindex/LocalLLMClient.build/Debug-iphonesimulator/LocalLLMClientLlama.build/DerivedSources/arm64 -Xcc -I/Users/gunnarhostetler/Library/Developer/Xcode/DerivedData/OpenIntelligence-exvenikajtsxhefyqtimuofgvczj/Build/Intermediates.noindex/LocalLLMClient.build/Debug-iphonesimulator/LocalLLMClientLlama.build/DerivedSources -Xcc -DSWIFT_PACKAGE -Xcc -DDEBUG\=1 -emit-objc-header -emit-objc-header-path /Users/gunnarhostetler/Library/Developer/Xcode/DerivedData/OpenIntelligence-exvenikajtsxhefyqtimuofgvczj/Build/Intermediates.noindex/LocalLLMClient.build/Debug-iphonesimulator/LocalLLMClientLlama.build/Objects-normal/arm64/LocalLLMClientLlama-Swift.h -working-directory /Users/gunnarhostetler/Documents/GitHub/OpenIntelligence/OpenIntelligence.xcodeproj -experimental-emit-module-separately -disable-cmo

SwiftDriverJobDiscovery normal arm64 Compiling PauseHandler.swift, AnyLLMTool+OpenAI.swift (in target 'LocalLLMClientCore' from project 'LocalLLMClient')

SwiftEmitModule normal arm64 Emitting\ module\ for\ LocalLLMClientLlama (in target 'LocalLLMClientLlama' from project 'LocalLLMClient')

EmitSwiftModule normal arm64 (in target 'LocalLLMClientLlama' from project 'LocalLLMClient')
    cd /Users/gunnarhostetler/Documents/GitHub/OpenIntelligence/OpenIntelligence.xcodeproj
    

SwiftCompile normal arm64 Compiling\ Parameter.swift,\ Sampler.swift /Users/gunnarhostetler/Documents/GitHub/OpenIntelligence/Vendor/LocalLLMClient/Sources/LocalLLMClientLlama/Parameter.swift /Users/gunnarhostetler/Documents/GitHub/OpenIntelligence/Vendor/LocalLLMClient/Sources/LocalLLMClientLlama/Sampler.swift (in target 'LocalLLMClientLlama' from project 'LocalLLMClient')

SwiftCompile normal arm64 /Users/gunnarhostetler/Documents/GitHub/OpenIntelligence/Vendor/LocalLLMClient/Sources/LocalLLMClientLlama/Parameter.swift (in target 'LocalLLMClientLlama' from project 'LocalLLMClient')
    cd /Users/gunnarhostetler/Documents/GitHub/OpenIntelligence/OpenIntelligence.xcodeproj
    

SwiftCompile normal arm64 /Users/gunnarhostetler/Documents/GitHub/OpenIntelligence/Vendor/LocalLLMClient/Sources/LocalLLMClientLlama/Sampler.swift (in target 'LocalLLMClientLlama' from project 'LocalLLMClient')
    cd /Users/gunnarhostetler/Documents/GitHub/OpenIntelligence/OpenIntelligence.xcodeproj
    

SwiftCompile normal arm64 Compiling\ Token.swift,\ ToolExecution.swift /Users/gunnarhostetler/Documents/GitHub/OpenIntelligence/Vendor/LocalLLMClient/Sources/LocalLLMClientLlama/Token.swift /Users/gunnarhostetler/Documents/GitHub/OpenIntelligence/Vendor/LocalLLMClient/Sources/LocalLLMClientLlama/ToolExecution.swift (in target 'LocalLLMClientLlama' from project 'LocalLLMClient')

SwiftCompile normal arm64 /Users/gunnarhostetler/Documents/GitHub/OpenIntelligence/Vendor/LocalLLMClient/Sources/LocalLLMClientLlama/Token.swift (in target 'LocalLLMClientLlama' from project 'LocalLLMClient')
    cd /Users/gunnarhostetler/Documents/GitHub/OpenIntelligence/OpenIntelligence.xcodeproj
    

SwiftCompile normal arm64 /Users/gunnarhostetler/Documents/GitHub/OpenIntelligence/Vendor/LocalLLMClient/Sources/LocalLLMClientLlama/ToolExecution.swift (in target 'LocalLLMClientLlama' from project 'LocalLLMClient')
    cd /Users/gunnarhostetler/Documents/GitHub/OpenIntelligence/OpenIntelligence.xcodeproj
    

SwiftCompile normal arm64 Compiling\ LlamaSpecificDecoder.swift,\ MessageChunk.swift /Users/gunnarhostetler/Documents/GitHub/OpenIntelligence/Vendor/LocalLLMClient/Sources/LocalLLMClientLlama/MessageProcessing/LlamaSpecificDecoder.swift /Users/gunnarhostetler/Documents/GitHub/OpenIntelligence/Vendor/LocalLLMClient/Sources/LocalLLMClientLlama/MessageProcessing/MessageChunk.swift (in target 'LocalLLMClientLlama' from project 'LocalLLMClient')

SwiftCompile normal arm64 /Users/gunnarhostetler/Documents/GitHub/OpenIntelligence/Vendor/LocalLLMClient/Sources/LocalLLMClientLlama/MessageProcessing/LlamaSpecificDecoder.swift (in target 'LocalLLMClientLlama' from project 'LocalLLMClient')
    cd /Users/gunnarhostetler/Documents/GitHub/OpenIntelligence/OpenIntelligence.xcodeproj
    

SwiftCompile normal arm64 /Users/gunnarhostetler/Documents/GitHub/OpenIntelligence/Vendor/LocalLLMClient/Sources/LocalLLMClientLlama/MessageProcessing/MessageChunk.swift (in target 'LocalLLMClientLlama' from project 'LocalLLMClient')
    cd /Users/gunnarhostetler/Documents/GitHub/OpenIntelligence/OpenIntelligence.xcodeproj
    

SwiftCompile normal arm64 Compiling\ MessageProcessor.swift,\ MessageTransformer.swift /Users/gunnarhostetler/Documents/GitHub/OpenIntelligence/Vendor/LocalLLMClient/Sources/LocalLLMClientLlama/MessageProcessing/MessageProcessor.swift /Users/gunnarhostetler/Documents/GitHub/OpenIntelligence/Vendor/LocalLLMClient/Sources/LocalLLMClientLlama/MessageProcessing/MessageTransformer.swift (in target 'LocalLLMClientLlama' from project 'LocalLLMClient')

SwiftCompile normal arm64 /Users/gunnarhostetler/Documents/GitHub/OpenIntelligence/Vendor/LocalLLMClient/Sources/LocalLLMClientLlama/MessageProcessing/MessageProcessor.swift (in target 'LocalLLMClientLlama' from project 'LocalLLMClient')
    cd /Users/gunnarhostetler/Documents/GitHub/OpenIntelligence/OpenIntelligence.xcodeproj
    

SwiftCompile normal arm64 /Users/gunnarhostetler/Documents/GitHub/OpenIntelligence/Vendor/LocalLLMClient/Sources/LocalLLMClientLlama/MessageProcessing/MessageTransformer.swift (in target 'LocalLLMClientLlama' from project 'LocalLLMClient')
    cd /Users/gunnarhostetler/Documents/GitHub/OpenIntelligence/OpenIntelligence.xcodeproj
    

SwiftCompile normal arm64 Compiling\ MultimodalChunkExtractor.swift,\ ToolInstructionProcessor.swift /Users/gunnarhostetler/Documents/GitHub/OpenIntelligence/Vendor/LocalLLMClient/Sources/LocalLLMClientLlama/MessageProcessing/MultimodalChunkExtractor.swift /Users/gunnarhostetler/Documents/GitHub/OpenIntelligence/Vendor/LocalLLMClient/Sources/LocalLLMClientLlama/MessageProcessing/ToolInstructionProcessor.swift (in target 'LocalLLMClientLlama' from project 'LocalLLMClient')

SwiftCompile normal arm64 /Users/gunnarhostetler/Documents/GitHub/OpenIntelligence/Vendor/LocalLLMClient/Sources/LocalLLMClientLlama/MessageProcessing/MultimodalChunkExtractor.swift (in target 'LocalLLMClientLlama' from project 'LocalLLMClient')
    cd /Users/gunnarhostetler/Documents/GitHub/OpenIntelligence/OpenIntelligence.xcodeproj
    

SwiftCompile normal arm64 /Users/gunnarhostetler/Documents/GitHub/OpenIntelligence/Vendor/LocalLLMClient/Sources/LocalLLMClientLlama/MessageProcessing/ToolInstructionProcessor.swift (in target 'LocalLLMClientLlama' from project 'LocalLLMClient')
    cd /Users/gunnarhostetler/Documents/GitHub/OpenIntelligence/OpenIntelligence.xcodeproj
    

SwiftDriverJobDiscovery normal arm64 Compiling ToolArgument.swift, ToolArgumentType.swift (in target 'LocalLLMClientCore' from project 'LocalLLMClient')

SwiftCompile normal arm64 Compiling\ Utility.swift,\ stb_image.swift /Users/gunnarhostetler/Documents/GitHub/OpenIntelligence/Vendor/LocalLLMClient/Sources/LocalLLMClientLlama/Utility.swift /Users/gunnarhostetler/Documents/GitHub/OpenIntelligence/Vendor/LocalLLMClient/Sources/LocalLLMClientLlama/stb_image.swift (in target 'LocalLLMClientLlama' from project 'LocalLLMClient')

SwiftCompile normal arm64 /Users/gunnarhostetler/Documents/GitHub/OpenIntelligence/Vendor/LocalLLMClient/Sources/LocalLLMClientLlama/Utility.swift (in target 'LocalLLMClientLlama' from project 'LocalLLMClient')
    cd /Users/gunnarhostetler/Documents/GitHub/OpenIntelligence/OpenIntelligence.xcodeproj
    

SwiftCompile normal arm64 /Users/gunnarhostetler/Documents/GitHub/OpenIntelligence/Vendor/LocalLLMClient/Sources/LocalLLMClientLlama/stb_image.swift (in target 'LocalLLMClientLlama' from project 'LocalLLMClient')
    cd /Users/gunnarhostetler/Documents/GitHub/OpenIntelligence/OpenIntelligence.xcodeproj
    

SwiftEmitModule normal arm64 Emitting\ module\ for\ LocalLLMClientMacros (in target 'LocalLLMClientMacros' from project 'LocalLLMClient')

SwiftCompile normal arm64 /Users/gunnarhostetler/Documents/GitHub/OpenIntelligence/Vendor/LocalLLMClient/Sources/LocalLLMClientMacros/LocalLLMClientMacros.swift (in target 'LocalLLMClientMacros' from project 'LocalLLMClient')
    cd /Users/gunnarhostetler/Documents/GitHub/OpenIntelligence/OpenIntelligence.xcodeproj
    

SwiftDriverJobDiscovery normal arm64 Compiling Filters.swift, Globals.swift (in target 'Jinja' from project 'Jinja')

SwiftCompile normal arm64 Compiling\ LocalLLMClientMacros.swift /Users/gunnarhostetler/Documents/GitHub/OpenIntelligence/Vendor/LocalLLMClient/Sources/LocalLLMClientMacros/LocalLLMClientMacros.swift (in target 'LocalLLMClientMacros' from project 'LocalLLMClient')

SwiftCompile normal arm64 /Users/gunnarhostetler/Documents/GitHub/OpenIntelligence/Vendor/LocalLLMClient/Sources/LocalLLMClientMacros/LocalLLMClientMacros.swift (in target 'LocalLLMClientMacros' from project 'LocalLLMClient')
    cd /Users/gunnarhostetler/Documents/GitHub/OpenIntelligence/OpenIntelligence.xcodeproj
    

SwiftDriverJobDiscovery normal arm64 Compiling StreamingChunk.swift, StreamingToolCallProcessor.swift (in target 'LocalLLMClientCore' from project 'LocalLLMClient')

SwiftCompile normal arm64 Compiling\ Decoder.swift,\ Generator.swift,\ LLMSession+Llama.swift /Users/gunnarhostetler/Documents/GitHub/OpenIntelligence/Vendor/LocalLLMClient/Sources/LocalLLMClientLlama/Decoder.swift /Users/gunnarhostetler/Documents/GitHub/OpenIntelligence/Vendor/LocalLLMClient/Sources/LocalLLMClientLlama/Generator.swift /Users/gunnarhostetler/Documents/GitHub/OpenIntelligence/Vendor/LocalLLMClient/Sources/LocalLLMClientLlama/LLMSession+Llama.swift (in target 'LocalLLMClientLlama' from project 'LocalLLMClient')

SwiftCompile normal arm64 /Users/gunnarhostetler/Documents/GitHub/OpenIntelligence/Vendor/LocalLLMClient/Sources/LocalLLMClientLlama/Decoder.swift (in target 'LocalLLMClientLlama' from project 'LocalLLMClient')
    cd /Users/gunnarhostetler/Documents/GitHub/OpenIntelligence/OpenIntelligence.xcodeproj
    

SwiftCompile normal arm64 /Users/gunnarhostetler/Documents/GitHub/OpenIntelligence/Vendor/LocalLLMClient/Sources/LocalLLMClientLlama/Generator.swift (in target 'LocalLLMClientLlama' from project 'LocalLLMClient')
    cd /Users/gunnarhostetler/Documents/GitHub/OpenIntelligence/OpenIntelligence.xcodeproj
    

SwiftCompile normal arm64 /Users/gunnarhostetler/Documents/GitHub/OpenIntelligence/Vendor/LocalLLMClient/Sources/LocalLLMClientLlama/LLMSession+Llama.swift (in target 'LocalLLMClientLlama' from project 'LocalLLMClient')
    cd /Users/gunnarhostetler/Documents/GitHub/OpenIntelligence/OpenIntelligence.xcodeproj
    

SwiftDriverJobDiscovery normal arm64 Compiling LLMInput.swift, LLMSession.swift (in target 'LocalLLMClientCore' from project 'LocalLLMClient')

SwiftCompile normal arm64 Compiling\ Logger.swift,\ ChatTemplateRenderer.swift /Users/gunnarhostetler/Documents/GitHub/OpenIntelligence/Vendor/LocalLLMClient/Sources/LocalLLMClientLlama/Logger.swift /Users/gunnarhostetler/Documents/GitHub/OpenIntelligence/Vendor/LocalLLMClient/Sources/LocalLLMClientLlama/MessageProcessing/ChatTemplateRenderer.swift (in target 'LocalLLMClientLlama' from project 'LocalLLMClient')

SwiftCompile normal arm64 /Users/gunnarhostetler/Documents/GitHub/OpenIntelligence/Vendor/LocalLLMClient/Sources/LocalLLMClientLlama/Logger.swift (in target 'LocalLLMClientLlama' from project 'LocalLLMClient')
    cd /Users/gunnarhostetler/Documents/GitHub/OpenIntelligence/OpenIntelligence.xcodeproj
    

SwiftCompile normal arm64 /Users/gunnarhostetler/Documents/GitHub/OpenIntelligence/Vendor/LocalLLMClient/Sources/LocalLLMClientLlama/MessageProcessing/ChatTemplateRenderer.swift (in target 'LocalLLMClientLlama' from project 'LocalLLMClient')
    cd /Users/gunnarhostetler/Documents/GitHub/OpenIntelligence/OpenIntelligence.xcodeproj
    

SwiftDriverJobDiscovery normal arm64 Emitting module for LocalLLMClientMacros (in target 'LocalLLMClientMacros' from project 'LocalLLMClient')

SwiftDriver\ Compilation\ Requirements LocalLLMClientMacros normal arm64 com.apple.xcode.tools.swift.compiler (in target 'LocalLLMClientMacros' from project 'LocalLLMClient')
    cd /Users/gunnarhostetler/Documents/GitHub/OpenIntelligence/OpenIntelligence.xcodeproj
    builtin-Swift-Compilation-Requirements -- /Applications/Xcode.app/Contents/Developer/Toolchains/XcodeDefault.xctoolchain/usr/bin/swiftc -module-name LocalLLMClientMacros -Onone -enforce-exclusivity\=checked @/Users/gunnarhostetler/Library/Developer/Xcode/DerivedData/OpenIntelligence-exvenikajtsxhefyqtimuofgvczj/Build/Intermediates.noindex/LocalLLMClient.build/Debug-iphonesimulator/LocalLLMClientMacros.build/Objects-normal/arm64/LocalLLMClientMacros.SwiftFileList -DSWIFT_PACKAGE -DDEBUG -DSWIFT_MODULE_RESOURCE_BUNDLE_UNAVAILABLE -DXcode -plugin-path /Applications/Xcode.app/Contents/Developer/Toolchains/XcodeDefault.xctoolchain/usr/lib/swift/host/plugins/testing -enable-experimental-feature DebugDescriptionMacro -sdk /Applications/Xcode.app/Contents/Developer/Platforms/iPhoneSimulator.platform/Developer/SDKs/iPhoneSimulator26.1.sdk -target arm64-apple-ios16.0-simulator -g -module-cache-path /Users/gunnarhostetler/Library/Developer/Xcode/DerivedData/ModuleCache.noindex -Xfrontend -serialize-debugging-options -enable-testing -suppress-warnings -index-store-path /Users/gunnarhostetler/Library/Developer/Xcode/DerivedData/OpenIntelligence-exvenikajtsxhefyqtimuofgvczj/Index.noindex/DataStore -Xcc -D_LIBCPP_HARDENING_MODE\=_LIBCPP_HARDENING_MODE_DEBUG -swift-version 6 -I /Users/gunnarhostetler/Library/Developer/Xcode/DerivedData/OpenIntelligence-exvenikajtsxhefyqtimuofgvczj/Build/Products/Debug-iphonesimulator -Isystem /Applications/Xcode.app/Contents/Developer/Platforms/iPhoneSimulator.platform/Developer/usr/lib -F /Users/gunnarhostetler/Library/Developer/Xcode/DerivedData/OpenIntelligence-exvenikajtsxhefyqtimuofgvczj/Build/Products/Debug-iphonesimulator/PackageFrameworks -F /Users/gunnarhostetler/Library/Developer/Xcode/DerivedData/OpenIntelligence-exvenikajtsxhefyqtimuofgvczj/Build/Products/Debug-iphonesimulator/PackageFrameworks -F /Users/gunnarhostetler/Library/Developer/Xcode/DerivedData/OpenIntelligence-exvenikajtsxhefyqtimuofgvczj/Build/Products/Debug-iphonesimulator/PackageFrameworks -F /Users/gunnarhostetler/Library/Developer/Xcode/DerivedData/OpenIntelligence-exvenikajtsxhefyqtimuofgvczj/Build/Products/Debug-iphonesimulator/PackageFrameworks -F /Users/gunnarhostetler/Library/Developer/Xcode/DerivedData/OpenIntelligence-exvenikajtsxhefyqtimuofgvczj/Build/Products/Debug-iphonesimulator/PackageFrameworks -F /Users/gunnarhostetler/Library/Developer/Xcode/DerivedData/OpenIntelligence-exvenikajtsxhefyqtimuofgvczj/Build/Products/Debug-iphonesimulator -F /Applications/Xcode.app/Contents/Developer/Platforms/iPhoneSimulator.platform/Developer/Library/Frameworks -F /Applications/Xcode.app/Contents/Developer/Platforms/iPhoneSimulator.platform/Developer/SDKs/iPhoneSimulator26.1.sdk/Developer/Library/Frameworks -Xfrontend -load-plugin-executable -Xfrontend /Users/gunnarhostetler/Library/Developer/Xcode/DerivedData/OpenIntelligence-exvenikajtsxhefyqtimuofgvczj/Build/Products/Debug/LocalLLMClientMacrosPlugin\#LocalLLMClientMacrosPlugin -parse-as-library -c -j11 -enable-batch-mode -incremental -Xcc -ivfsstatcache -Xcc /Users/gunnarhostetler/Library/Developer/Xcode/DerivedData/SDKStatCaches.noindex/iphonesimulator26.1-23B77-3885c01c3e6b6a337905948deab2002e90cf18a4295e390e64c810bc6bd7acbc.sdkstatcache -output-file-map /Users/gunnarhostetler/Library/Developer/Xcode/DerivedData/OpenIntelligence-exvenikajtsxhefyqtimuofgvczj/Build/Intermediates.noindex/LocalLLMClient.build/Debug-iphonesimulator/LocalLLMClientMacros.build/Objects-normal/arm64/LocalLLMClientMacros-OutputFileMap.json -use-frontend-parseable-output -save-temps -no-color-diagnostics -explicit-module-build -module-cache-path /Users/gunnarhostetler/Library/Developer/Xcode/DerivedData/OpenIntelligence-exvenikajtsxhefyqtimuofgvczj/Build/Intermediates.noindex/SwiftExplicitPrecompiledModules -clang-scanner-module-cache-path /Users/gunnarhostetler/Library/Developer/Xcode/DerivedData/ModuleCache.noindex -sdk-module-cache-path /Users/gunnarhostetler/Library/Developer/Xcode/DerivedData/ModuleCache.noindex -serialize-diagnostics -emit-dependencies -emit-module -emit-module-path /Users/gunnarhostetler/Library/Developer/Xcode/DerivedData/OpenIntelligence-exvenikajtsxhefyqtimuofgvczj/Build/Intermediates.noindex/LocalLLMClient.build/Debug-iphonesimulator/LocalLLMClientMacros.build/Objects-normal/arm64/LocalLLMClientMacros.swiftmodule -validate-clang-modules-once -clang-build-session-file /Users/gunnarhostetler/Library/Developer/Xcode/DerivedData/ModuleCache.noindex/Session.modulevalidation -package-name localllmclient -Xcc -I/Users/gunnarhostetler/Library/Developer/Xcode/DerivedData/OpenIntelligence-exvenikajtsxhefyqtimuofgvczj/Build/Intermediates.noindex/LocalLLMClient.build/Debug-iphonesimulator/LocalLLMClientMacros.build/swift-overrides.hmap -emit-const-values -Xfrontend -const-gather-protocols-file -Xfrontend /Users/gunnarhostetler/Library/Developer/Xcode/DerivedData/OpenIntelligence-exvenikajtsxhefyqtimuofgvczj/Build/Intermediates.noindex/LocalLLMClient.build/Debug-iphonesimulator/LocalLLMClientMacros.build/Objects-normal/arm64/LocalLLMClientMacros_const_extract_protocols.json -Xcc -I/Users/gunnarhostetler/Library/Developer/Xcode/DerivedData/OpenIntelligence-exvenikajtsxhefyqtimuofgvczj/Build/Products/Debug-iphonesimulator/include -Xcc -I/Users/gunnarhostetler/Library/Developer/Xcode/DerivedData/OpenIntelligence-exvenikajtsxhefyqtimuofgvczj/Build/Intermediates.noindex/LocalLLMClient.build/Debug-iphonesimulator/LocalLLMClientMacros.build/DerivedSources-normal/arm64 -Xcc -I/Users/gunnarhostetler/Library/Developer/Xcode/DerivedData/OpenIntelligence-exvenikajtsxhefyqtimuofgvczj/Build/Intermediates.noindex/LocalLLMClient.build/Debug-iphonesimulator/LocalLLMClientMacros.build/DerivedSources/arm64 -Xcc -I/Users/gunnarhostetler/Library/Developer/Xcode/DerivedData/OpenIntelligence-exvenikajtsxhefyqtimuofgvczj/Build/Intermediates.noindex/LocalLLMClient.build/Debug-iphonesimulator/LocalLLMClientMacros.build/DerivedSources -Xcc -DSWIFT_PACKAGE -Xcc -DDEBUG\=1 -emit-objc-header -emit-objc-header-path /Users/gunnarhostetler/Library/Developer/Xcode/DerivedData/OpenIntelligence-exvenikajtsxhefyqtimuofgvczj/Build/Intermediates.noindex/LocalLLMClient.build/Debug-iphonesimulator/LocalLLMClientMacros.build/Objects-normal/arm64/LocalLLMClientMacros-Swift.h -working-directory /Users/gunnarhostetler/Documents/GitHub/OpenIntelligence/OpenIntelligence.xcodeproj -experimental-emit-module-separately -disable-cmo

SwiftDriverJobDiscovery normal arm64 Compiling LocalLLMClientMacros.swift (in target 'LocalLLMClientMacros' from project 'LocalLLMClient')

SwiftCompile normal arm64 Compiling\ resource_bundle_accessor.swift,\ Batch.swift,\ Context.swift /Users/gunnarhostetler/Library/Developer/Xcode/DerivedData/OpenIntelligence-exvenikajtsxhefyqtimuofgvczj/Build/Intermediates.noindex/LocalLLMClient.build/Debug-iphonesimulator/LocalLLMClientLlama.build/DerivedSources/resource_bundle_accessor.swift /Users/gunnarhostetler/Documents/GitHub/OpenIntelligence/Vendor/LocalLLMClient/Sources/LocalLLMClientLlama/Batch.swift /Users/gunnarhostetler/Documents/GitHub/OpenIntelligence/Vendor/LocalLLMClient/Sources/LocalLLMClientLlama/Context.swift (in target 'LocalLLMClientLlama' from project 'LocalLLMClient')

SwiftCompile normal arm64 /Users/gunnarhostetler/Library/Developer/Xcode/DerivedData/OpenIntelligence-exvenikajtsxhefyqtimuofgvczj/Build/Intermediates.noindex/LocalLLMClient.build/Debug-iphonesimulator/LocalLLMClientLlama.build/DerivedSources/resource_bundle_accessor.swift (in target 'LocalLLMClientLlama' from project 'LocalLLMClient')
    cd /Users/gunnarhostetler/Documents/GitHub/OpenIntelligence/OpenIntelligence.xcodeproj
    

SwiftCompile normal arm64 /Users/gunnarhostetler/Documents/GitHub/OpenIntelligence/Vendor/LocalLLMClient/Sources/LocalLLMClientLlama/Batch.swift (in target 'LocalLLMClientLlama' from project 'LocalLLMClient')
    cd /Users/gunnarhostetler/Documents/GitHub/OpenIntelligence/OpenIntelligence.xcodeproj
    

SwiftCompile normal arm64 /Users/gunnarhostetler/Documents/GitHub/OpenIntelligence/Vendor/LocalLLMClient/Sources/LocalLLMClientLlama/Context.swift (in target 'LocalLLMClientLlama' from project 'LocalLLMClient')
    cd /Users/gunnarhostetler/Documents/GitHub/OpenIntelligence/OpenIntelligence.xcodeproj
    

SwiftMergeGeneratedHeaders /Users/gunnarhostetler/Library/Developer/Xcode/DerivedData/OpenIntelligence-exvenikajtsxhefyqtimuofgvczj/Build/Intermediates.noindex/GeneratedModuleMaps-iphonesimulator/LocalLLMClientMacros-Swift.h /Users/gunnarhostetler/Library/Developer/Xcode/DerivedData/OpenIntelligence-exvenikajtsxhefyqtimuofgvczj/Build/Intermediates.noindex/LocalLLMClient.build/Debug-iphonesimulator/LocalLLMClientMacros.build/Objects-normal/arm64/LocalLLMClientMacros-Swift.h (in target 'LocalLLMClientMacros' from project 'LocalLLMClient')
    cd /Users/gunnarhostetler/Documents/GitHub/OpenIntelligence/Vendor/LocalLLMClient
    builtin-swiftHeaderTool -arch arm64 /Users/gunnarhostetler/Library/Developer/Xcode/DerivedData/OpenIntelligence-exvenikajtsxhefyqtimuofgvczj/Build/Intermediates.noindex/LocalLLMClient.build/Debug-iphonesimulator/LocalLLMClientMacros.build/Objects-normal/arm64/LocalLLMClientMacros-Swift.h -o /Users/gunnarhostetler/Library/Developer/Xcode/DerivedData/OpenIntelligence-exvenikajtsxhefyqtimuofgvczj/Build/Intermediates.noindex/GeneratedModuleMaps-iphonesimulator/LocalLLMClientMacros-Swift.h

SwiftDriverJobDiscovery normal arm64 Compiling Logger.swift, ChatTemplateRenderer.swift (in target 'LocalLLMClientLlama' from project 'LocalLLMClient')

Copy /Users/gunnarhostetler/Library/Developer/Xcode/DerivedData/OpenIntelligence-exvenikajtsxhefyqtimuofgvczj/Build/Products/Debug-iphonesimulator/LocalLLMClientMacros.swiftmodule/arm64-apple-ios-simulator.swiftmodule /Users/gunnarhostetler/Library/Developer/Xcode/DerivedData/OpenIntelligence-exvenikajtsxhefyqtimuofgvczj/Build/Intermediates.noindex/LocalLLMClient.build/Debug-iphonesimulator/LocalLLMClientMacros.build/Objects-normal/arm64/LocalLLMClientMacros.swiftmodule (in target 'LocalLLMClientMacros' from project 'LocalLLMClient')
    cd /Users/gunnarhostetler/Documents/GitHub/OpenIntelligence/Vendor/LocalLLMClient
    builtin-copy -exclude .DS_Store -exclude CVS -exclude .svn -exclude .git -exclude .hg -resolve-src-symlinks -rename /Users/gunnarhostetler/Library/Developer/Xcode/DerivedData/OpenIntelligence-exvenikajtsxhefyqtimuofgvczj/Build/Intermediates.noindex/LocalLLMClient.build/Debug-iphonesimulator/LocalLLMClientMacros.build/Objects-normal/arm64/LocalLLMClientMacros.swiftmodule /Users/gunnarhostetler/Library/Developer/Xcode/DerivedData/OpenIntelligence-exvenikajtsxhefyqtimuofgvczj/Build/Products/Debug-iphonesimulator/LocalLLMClientMacros.swiftmodule/arm64-apple-ios-simulator.swiftmodule

Copy /Users/gunnarhostetler/Library/Developer/Xcode/DerivedData/OpenIntelligence-exvenikajtsxhefyqtimuofgvczj/Build/Products/Debug-iphonesimulator/LocalLLMClientMacros.swiftmodule/arm64-apple-ios-simulator.swiftdoc /Users/gunnarhostetler/Library/Developer/Xcode/DerivedData/OpenIntelligence-exvenikajtsxhefyqtimuofgvczj/Build/Intermediates.noindex/LocalLLMClient.build/Debug-iphonesimulator/LocalLLMClientMacros.build/Objects-normal/arm64/LocalLLMClientMacros.swiftdoc (in target 'LocalLLMClientMacros' from project 'LocalLLMClient')
    cd /Users/gunnarhostetler/Documents/GitHub/OpenIntelligence/Vendor/LocalLLMClient
    builtin-copy -exclude .DS_Store -exclude CVS -exclude .svn -exclude .git -exclude .hg -resolve-src-symlinks -rename /Users/gunnarhostetler/Library/Developer/Xcode/DerivedData/OpenIntelligence-exvenikajtsxhefyqtimuofgvczj/Build/Intermediates.noindex/LocalLLMClient.build/Debug-iphonesimulator/LocalLLMClientMacros.build/Objects-normal/arm64/LocalLLMClientMacros.swiftdoc /Users/gunnarhostetler/Library/Developer/Xcode/DerivedData/OpenIntelligence-exvenikajtsxhefyqtimuofgvczj/Build/Products/Debug-iphonesimulator/LocalLLMClientMacros.swiftmodule/arm64-apple-ios-simulator.swiftdoc

Copy /Users/gunnarhostetler/Library/Developer/Xcode/DerivedData/OpenIntelligence-exvenikajtsxhefyqtimuofgvczj/Build/Products/Debug-iphonesimulator/LocalLLMClientMacros.swiftmodule/arm64-apple-ios-simulator.abi.json /Users/gunnarhostetler/Library/Developer/Xcode/DerivedData/OpenIntelligence-exvenikajtsxhefyqtimuofgvczj/Build/Intermediates.noindex/LocalLLMClient.build/Debug-iphonesimulator/LocalLLMClientMacros.build/Objects-normal/arm64/LocalLLMClientMacros.abi.json (in target 'LocalLLMClientMacros' from project 'LocalLLMClient')
    cd /Users/gunnarhostetler/Documents/GitHub/OpenIntelligence/Vendor/LocalLLMClient
    builtin-copy -exclude .DS_Store -exclude CVS -exclude .svn -exclude .git -exclude .hg -resolve-src-symlinks -rename /Users/gunnarhostetler/Library/Developer/Xcode/DerivedData/OpenIntelligence-exvenikajtsxhefyqtimuofgvczj/Build/Intermediates.noindex/LocalLLMClient.build/Debug-iphonesimulator/LocalLLMClientMacros.build/Objects-normal/arm64/LocalLLMClientMacros.abi.json /Users/gunnarhostetler/Library/Developer/Xcode/DerivedData/OpenIntelligence-exvenikajtsxhefyqtimuofgvczj/Build/Products/Debug-iphonesimulator/LocalLLMClientMacros.swiftmodule/arm64-apple-ios-simulator.abi.json

Copy /Users/gunnarhostetler/Library/Developer/Xcode/DerivedData/OpenIntelligence-exvenikajtsxhefyqtimuofgvczj/Build/Products/Debug-iphonesimulator/LocalLLMClientMacros.swiftmodule/Project/arm64-apple-ios-simulator.swiftsourceinfo /Users/gunnarhostetler/Library/Developer/Xcode/DerivedData/OpenIntelligence-exvenikajtsxhefyqtimuofgvczj/Build/Intermediates.noindex/LocalLLMClient.build/Debug-iphonesimulator/LocalLLMClientMacros.build/Objects-normal/arm64/LocalLLMClientMacros.swiftsourceinfo (in target 'LocalLLMClientMacros' from project 'LocalLLMClient')
    cd /Users/gunnarhostetler/Documents/GitHub/OpenIntelligence/Vendor/LocalLLMClient
    builtin-copy -exclude .DS_Store -exclude CVS -exclude .svn -exclude .git -exclude .hg -resolve-src-symlinks -rename /Users/gunnarhostetler/Library/Developer/Xcode/DerivedData/OpenIntelligence-exvenikajtsxhefyqtimuofgvczj/Build/Intermediates.noindex/LocalLLMClient.build/Debug-iphonesimulator/LocalLLMClientMacros.build/Objects-normal/arm64/LocalLLMClientMacros.swiftsourceinfo /Users/gunnarhostetler/Library/Developer/Xcode/DerivedData/OpenIntelligence-exvenikajtsxhefyqtimuofgvczj/Build/Products/Debug-iphonesimulator/LocalLLMClientMacros.swiftmodule/Project/arm64-apple-ios-simulator.swiftsourceinfo

SwiftDriver\ Compilation LocalLLMClientMacros normal arm64 com.apple.xcode.tools.swift.compiler (in target 'LocalLLMClientMacros' from project 'LocalLLMClient')
    cd /Users/gunnarhostetler/Documents/GitHub/OpenIntelligence/OpenIntelligence.xcodeproj
    builtin-Swift-Compilation -- /Applications/Xcode.app/Contents/Developer/Toolchains/XcodeDefault.xctoolchain/usr/bin/swiftc -module-name LocalLLMClientMacros -Onone -enforce-exclusivity\=checked @/Users/gunnarhostetler/Library/Developer/Xcode/DerivedData/OpenIntelligence-exvenikajtsxhefyqtimuofgvczj/Build/Intermediates.noindex/LocalLLMClient.build/Debug-iphonesimulator/LocalLLMClientMacros.build/Objects-normal/arm64/LocalLLMClientMacros.SwiftFileList -DSWIFT_PACKAGE -DDEBUG -DSWIFT_MODULE_RESOURCE_BUNDLE_UNAVAILABLE -DXcode -plugin-path /Applications/Xcode.app/Contents/Developer/Toolchains/XcodeDefault.xctoolchain/usr/lib/swift/host/plugins/testing -enable-experimental-feature DebugDescriptionMacro -sdk /Applications/Xcode.app/Contents/Developer/Platforms/iPhoneSimulator.platform/Developer/SDKs/iPhoneSimulator26.1.sdk -target arm64-apple-ios16.0-simulator -g -module-cache-path /Users/gunnarhostetler/Library/Developer/Xcode/DerivedData/ModuleCache.noindex -Xfrontend -serialize-debugging-options -enable-testing -suppress-warnings -index-store-path /Users/gunnarhostetler/Library/Developer/Xcode/DerivedData/OpenIntelligence-exvenikajtsxhefyqtimuofgvczj/Index.noindex/DataStore -Xcc -D_LIBCPP_HARDENING_MODE\=_LIBCPP_HARDENING_MODE_DEBUG -swift-version 6 -I /Users/gunnarhostetler/Library/Developer/Xcode/DerivedData/OpenIntelligence-exvenikajtsxhefyqtimuofgvczj/Build/Products/Debug-iphonesimulator -Isystem /Applications/Xcode.app/Contents/Developer/Platforms/iPhoneSimulator.platform/Developer/usr/lib -F /Users/gunnarhostetler/Library/Developer/Xcode/DerivedData/OpenIntelligence-exvenikajtsxhefyqtimuofgvczj/Build/Products/Debug-iphonesimulator/PackageFrameworks -F /Users/gunnarhostetler/Library/Developer/Xcode/DerivedData/OpenIntelligence-exvenikajtsxhefyqtimuofgvczj/Build/Products/Debug-iphonesimulator/PackageFrameworks -F /Users/gunnarhostetler/Library/Developer/Xcode/DerivedData/OpenIntelligence-exvenikajtsxhefyqtimuofgvczj/Build/Products/Debug-iphonesimulator/PackageFrameworks -F /Users/gunnarhostetler/Library/Developer/Xcode/DerivedData/OpenIntelligence-exvenikajtsxhefyqtimuofgvczj/Build/Products/Debug-iphonesimulator/PackageFrameworks -F /Users/gunnarhostetler/Library/Developer/Xcode/DerivedData/OpenIntelligence-exvenikajtsxhefyqtimuofgvczj/Build/Products/Debug-iphonesimulator/PackageFrameworks -F /Users/gunnarhostetler/Library/Developer/Xcode/DerivedData/OpenIntelligence-exvenikajtsxhefyqtimuofgvczj/Build/Products/Debug-iphonesimulator -F /Applications/Xcode.app/Contents/Developer/Platforms/iPhoneSimulator.platform/Developer/Library/Frameworks -F /Applications/Xcode.app/Contents/Developer/Platforms/iPhoneSimulator.platform/Developer/SDKs/iPhoneSimulator26.1.sdk/Developer/Library/Frameworks -Xfrontend -load-plugin-executable -Xfrontend /Users/gunnarhostetler/Library/Developer/Xcode/DerivedData/OpenIntelligence-exvenikajtsxhefyqtimuofgvczj/Build/Products/Debug/LocalLLMClientMacrosPlugin\#LocalLLMClientMacrosPlugin -parse-as-library -c -j11 -enable-batch-mode -incremental -Xcc -ivfsstatcache -Xcc /Users/gunnarhostetler/Library/Developer/Xcode/DerivedData/SDKStatCaches.noindex/iphonesimulator26.1-23B77-3885c01c3e6b6a337905948deab2002e90cf18a4295e390e64c810bc6bd7acbc.sdkstatcache -output-file-map /Users/gunnarhostetler/Library/Developer/Xcode/DerivedData/OpenIntelligence-exvenikajtsxhefyqtimuofgvczj/Build/Intermediates.noindex/LocalLLMClient.build/Debug-iphonesimulator/LocalLLMClientMacros.build/Objects-normal/arm64/LocalLLMClientMacros-OutputFileMap.json -use-frontend-parseable-output -save-temps -no-color-diagnostics -explicit-module-build -module-cache-path /Users/gunnarhostetler/Library/Developer/Xcode/DerivedData/OpenIntelligence-exvenikajtsxhefyqtimuofgvczj/Build/Intermediates.noindex/SwiftExplicitPrecompiledModules -clang-scanner-module-cache-path /Users/gunnarhostetler/Library/Developer/Xcode/DerivedData/ModuleCache.noindex -sdk-module-cache-path /Users/gunnarhostetler/Library/Developer/Xcode/DerivedData/ModuleCache.noindex -serialize-diagnostics -emit-dependencies -emit-module -emit-module-path /Users/gunnarhostetler/Library/Developer/Xcode/DerivedData/OpenIntelligence-exvenikajtsxhefyqtimuofgvczj/Build/Intermediates.noindex/LocalLLMClient.build/Debug-iphonesimulator/LocalLLMClientMacros.build/Objects-normal/arm64/LocalLLMClientMacros.swiftmodule -validate-clang-modules-once -clang-build-session-file /Users/gunnarhostetler/Library/Developer/Xcode/DerivedData/ModuleCache.noindex/Session.modulevalidation -package-name localllmclient -Xcc -I/Users/gunnarhostetler/Library/Developer/Xcode/DerivedData/OpenIntelligence-exvenikajtsxhefyqtimuofgvczj/Build/Intermediates.noindex/LocalLLMClient.build/Debug-iphonesimulator/LocalLLMClientMacros.build/swift-overrides.hmap -emit-const-values -Xfrontend -const-gather-protocols-file -Xfrontend /Users/gunnarhostetler/Library/Developer/Xcode/DerivedData/OpenIntelligence-exvenikajtsxhefyqtimuofgvczj/Build/Intermediates.noindex/LocalLLMClient.build/Debug-iphonesimulator/LocalLLMClientMacros.build/Objects-normal/arm64/LocalLLMClientMacros_const_extract_protocols.json -Xcc -I/Users/gunnarhostetler/Library/Developer/Xcode/DerivedData/OpenIntelligence-exvenikajtsxhefyqtimuofgvczj/Build/Products/Debug-iphonesimulator/include -Xcc -I/Users/gunnarhostetler/Library/Developer/Xcode/DerivedData/OpenIntelligence-exvenikajtsxhefyqtimuofgvczj/Build/Intermediates.noindex/LocalLLMClient.build/Debug-iphonesimulator/LocalLLMClientMacros.build/DerivedSources-normal/arm64 -Xcc -I/Users/gunnarhostetler/Library/Developer/Xcode/DerivedData/OpenIntelligence-exvenikajtsxhefyqtimuofgvczj/Build/Intermediates.noindex/LocalLLMClient.build/Debug-iphonesimulator/LocalLLMClientMacros.build/DerivedSources/arm64 -Xcc -I/Users/gunnarhostetler/Library/Developer/Xcode/DerivedData/OpenIntelligence-exvenikajtsxhefyqtimuofgvczj/Build/Intermediates.noindex/LocalLLMClient.build/Debug-iphonesimulator/LocalLLMClientMacros.build/DerivedSources -Xcc -DSWIFT_PACKAGE -Xcc -DDEBUG\=1 -emit-objc-header -emit-objc-header-path /Users/gunnarhostetler/Library/Developer/Xcode/DerivedData/OpenIntelligence-exvenikajtsxhefyqtimuofgvczj/Build/Intermediates.noindex/LocalLLMClient.build/Debug-iphonesimulator/LocalLLMClientMacros.build/Objects-normal/arm64/LocalLLMClientMacros-Swift.h -working-directory /Users/gunnarhostetler/Documents/GitHub/OpenIntelligence/OpenIntelligence.xcodeproj -experimental-emit-module-separately -disable-cmo

SwiftCompile normal arm64 Compiling\ Model.swift,\ Multimodal.swift /Users/gunnarhostetler/Documents/GitHub/OpenIntelligence/Vendor/LocalLLMClient/Sources/LocalLLMClientLlama/Model.swift /Users/gunnarhostetler/Documents/GitHub/OpenIntelligence/Vendor/LocalLLMClient/Sources/LocalLLMClientLlama/Multimodal.swift (in target 'LocalLLMClientLlama' from project 'LocalLLMClient')

SwiftCompile normal arm64 /Users/gunnarhostetler/Documents/GitHub/OpenIntelligence/Vendor/LocalLLMClient/Sources/LocalLLMClientLlama/Model.swift (in target 'LocalLLMClientLlama' from project 'LocalLLMClient')
    cd /Users/gunnarhostetler/Documents/GitHub/OpenIntelligence/OpenIntelligence.xcodeproj
    

SwiftCompile normal arm64 /Users/gunnarhostetler/Documents/GitHub/OpenIntelligence/Vendor/LocalLLMClient/Sources/LocalLLMClientLlama/Multimodal.swift (in target 'LocalLLMClientLlama' from project 'LocalLLMClient')
    cd /Users/gunnarhostetler/Documents/GitHub/OpenIntelligence/OpenIntelligence.xcodeproj
    

SwiftCompile normal arm64 Compiling\ LlamaClient.swift,\ LlamaToolCallParser.swift /Users/gunnarhostetler/Documents/GitHub/OpenIntelligence/Vendor/LocalLLMClient/Sources/LocalLLMClientLlama/LlamaClient.swift /Users/gunnarhostetler/Documents/GitHub/OpenIntelligence/Vendor/LocalLLMClient/Sources/LocalLLMClientLlama/LlamaToolCallParser.swift (in target 'LocalLLMClientLlama' from project 'LocalLLMClient')

SwiftCompile normal arm64 /Users/gunnarhostetler/Documents/GitHub/OpenIntelligence/Vendor/LocalLLMClient/Sources/LocalLLMClientLlama/LlamaClient.swift (in target 'LocalLLMClientLlama' from project 'LocalLLMClient')
    cd /Users/gunnarhostetler/Documents/GitHub/OpenIntelligence/OpenIntelligence.xcodeproj
    

SwiftCompile normal arm64 /Users/gunnarhostetler/Documents/GitHub/OpenIntelligence/Vendor/LocalLLMClient/Sources/LocalLLMClientLlama/LlamaToolCallParser.swift (in target 'LocalLLMClientLlama' from project 'LocalLLMClient')
    cd /Users/gunnarhostetler/Documents/GitHub/OpenIntelligence/OpenIntelligence.xcodeproj
    

SwiftDriverJobDiscovery normal arm64 Emitting module for LocalLLMClientLlama (in target 'LocalLLMClientLlama' from project 'LocalLLMClient')

SwiftDriver\ Compilation\ Requirements LocalLLMClientLlama normal arm64 com.apple.xcode.tools.swift.compiler (in target 'LocalLLMClientLlama' from project 'LocalLLMClient')
    cd /Users/gunnarhostetler/Documents/GitHub/OpenIntelligence/OpenIntelligence.xcodeproj
    builtin-Swift-Compilation-Requirements -- /Applications/Xcode.app/Contents/Developer/Toolchains/XcodeDefault.xctoolchain/usr/bin/swiftc -module-name LocalLLMClientLlama -Onone -enforce-exclusivity\=checked @/Users/gunnarhostetler/Library/Developer/Xcode/DerivedData/OpenIntelligence-exvenikajtsxhefyqtimuofgvczj/Build/Intermediates.noindex/LocalLLMClient.build/Debug-iphonesimulator/LocalLLMClientLlama.build/Objects-normal/arm64/LocalLLMClientLlama.SwiftFileList -DSWIFT_PACKAGE -DDEBUG -DSWIFT_MODULE_RESOURCE_BUNDLE_AVAILABLE -Xcc -fmodule-map-file\=/Users/gunnarhostetler/Library/Developer/Xcode/DerivedData/OpenIntelligence-exvenikajtsxhefyqtimuofgvczj/Build/Intermediates.noindex/GeneratedModuleMaps-iphonesimulator/LocalLLMClientLlamaC.modulemap -DXcode -cxx-interoperability-mode\=default -Xcc -std\=c++17 -plugin-path /Applications/Xcode.app/Contents/Developer/Toolchains/XcodeDefault.xctoolchain/usr/lib/swift/host/plugins/testing -enable-experimental-feature DebugDescriptionMacro -sdk /Applications/Xcode.app/Contents/Developer/Platforms/iPhoneSimulator.platform/Developer/SDKs/iPhoneSimulator26.1.sdk -target arm64-apple-ios16.0-simulator -g -module-cache-path /Users/gunnarhostetler/Library/Developer/Xcode/DerivedData/ModuleCache.noindex -Xfrontend -serialize-debugging-options -enable-testing -suppress-warnings -index-store-path /Users/gunnarhostetler/Library/Developer/Xcode/DerivedData/OpenIntelligence-exvenikajtsxhefyqtimuofgvczj/Index.noindex/DataStore -Xcc -D_LIBCPP_HARDENING_MODE\=_LIBCPP_HARDENING_MODE_DEBUG -swift-version 6 -I /Users/gunnarhostetler/Library/Developer/Xcode/DerivedData/OpenIntelligence-exvenikajtsxhefyqtimuofgvczj/Build/Products/Debug-iphonesimulator -Isystem /Applications/Xcode.app/Contents/Developer/Platforms/iPhoneSimulator.platform/Developer/usr/lib -F /Users/gunnarhostetler/Library/Developer/Xcode/DerivedData/OpenIntelligence-exvenikajtsxhefyqtimuofgvczj/Build/Products/Debug-iphonesimulator/PackageFrameworks -F /Users/gunnarhostetler/Library/Developer/Xcode/DerivedData/OpenIntelligence-exvenikajtsxhefyqtimuofgvczj/Build/Products/Debug-iphonesimulator/PackageFrameworks -F /Users/gunnarhostetler/Library/Developer/Xcode/DerivedData/OpenIntelligence-exvenikajtsxhefyqtimuofgvczj/Build/Products/Debug-iphonesimulator/PackageFrameworks -F /Users/gunnarhostetler/Library/Developer/Xcode/DerivedData/OpenIntelligence-exvenikajtsxhefyqtimuofgvczj/Build/Products/Debug-iphonesimulator/PackageFrameworks -F /Users/gunnarhostetler/Library/Developer/Xcode/DerivedData/OpenIntelligence-exvenikajtsxhefyqtimuofgvczj/Build/Products/Debug-iphonesimulator/PackageFrameworks -F /Users/gunnarhostetler/Library/Developer/Xcode/DerivedData/OpenIntelligence-exvenikajtsxhefyqtimuofgvczj/Build/Products/Debug-iphonesimulator/PackageFrameworks -F /Users/gunnarhostetler/Library/Developer/Xcode/DerivedData/OpenIntelligence-exvenikajtsxhefyqtimuofgvczj/Build/Products/Debug-iphonesimulator -F /Applications/Xcode.app/Contents/Developer/Platforms/iPhoneSimulator.platform/Developer/Library/Frameworks -F /Applications/Xcode.app/Contents/Developer/Platforms/iPhoneSimulator.platform/Developer/SDKs/iPhoneSimulator26.1.sdk/Developer/Library/Frameworks -c -j11 -enable-batch-mode -incremental -Xcc -ivfsstatcache -Xcc /Users/gunnarhostetler/Library/Developer/Xcode/DerivedData/SDKStatCaches.noindex/iphonesimulator26.1-23B77-3885c01c3e6b6a337905948deab2002e90cf18a4295e390e64c810bc6bd7acbc.sdkstatcache -output-file-map /Users/gunnarhostetler/Library/Developer/Xcode/DerivedData/OpenIntelligence-exvenikajtsxhefyqtimuofgvczj/Build/Intermediates.noindex/LocalLLMClient.build/Debug-iphonesimulator/LocalLLMClientLlama.build/Objects-normal/arm64/LocalLLMClientLlama-OutputFileMap.json -use-frontend-parseable-output -save-temps -no-color-diagnostics -serialize-diagnostics -emit-dependencies -emit-module -emit-module-path /Users/gunnarhostetler/Library/Developer/Xcode/DerivedData/OpenIntelligence-exvenikajtsxhefyqtimuofgvczj/Build/Intermediates.noindex/LocalLLMClient.build/Debug-iphonesimulator/LocalLLMClientLlama.build/Objects-normal/arm64/LocalLLMClientLlama.swiftmodule -validate-clang-modules-once -clang-build-session-file /Users/gunnarhostetler/Library/Developer/Xcode/DerivedData/ModuleCache.noindex/Session.modulevalidation -package-name localllmclient -Xcc -I/Users/gunnarhostetler/Library/Developer/Xcode/DerivedData/OpenIntelligence-exvenikajtsxhefyqtimuofgvczj/Build/Intermediates.noindex/LocalLLMClient.build/Debug-iphonesimulator/LocalLLMClientLlama.build/swift-overrides.hmap -emit-const-values -Xfrontend -const-gather-protocols-file -Xfrontend /Users/gunnarhostetler/Library/Developer/Xcode/DerivedData/OpenIntelligence-exvenikajtsxhefyqtimuofgvczj/Build/Intermediates.noindex/LocalLLMClient.build/Debug-iphonesimulator/LocalLLMClientLlama.build/Objects-normal/arm64/LocalLLMClientLlama_const_extract_protocols.json -Xcc -I/Users/gunnarhostetler/Documents/GitHub/OpenIntelligence/Vendor/LocalLLMClient/Sources/LocalLLMClientLlamaC/include -Xcc -I/Users/gunnarhostetler/Library/Developer/Xcode/DerivedData/OpenIntelligence-exvenikajtsxhefyqtimuofgvczj/Build/Products/Debug-iphonesimulator/include -Xcc -I/Users/gunnarhostetler/Library/Developer/Xcode/DerivedData/OpenIntelligence-exvenikajtsxhefyqtimuofgvczj/Build/Intermediates.noindex/LocalLLMClient.build/Debug-iphonesimulator/LocalLLMClientLlama.build/DerivedSources-normal/arm64 -Xcc -I/Users/gunnarhostetler/Library/Developer/Xcode/DerivedData/OpenIntelligence-exvenikajtsxhefyqtimuofgvczj/Build/Intermediates.noindex/LocalLLMClient.build/Debug-iphonesimulator/LocalLLMClientLlama.build/DerivedSources/arm64 -Xcc -I/Users/gunnarhostetler/Library/Developer/Xcode/DerivedData/OpenIntelligence-exvenikajtsxhefyqtimuofgvczj/Build/Intermediates.noindex/LocalLLMClient.build/Debug-iphonesimulator/LocalLLMClientLlama.build/DerivedSources -Xcc -DSWIFT_PACKAGE -Xcc -DDEBUG\=1 -emit-objc-header -emit-objc-header-path /Users/gunnarhostetler/Library/Developer/Xcode/DerivedData/OpenIntelligence-exvenikajtsxhefyqtimuofgvczj/Build/Intermediates.noindex/LocalLLMClient.build/Debug-iphonesimulator/LocalLLMClientLlama.build/Objects-normal/arm64/LocalLLMClientLlama-Swift.h -working-directory /Users/gunnarhostetler/Documents/GitHub/OpenIntelligence/OpenIntelligence.xcodeproj -experimental-emit-module-separately -disable-cmo

SwiftDriverJobDiscovery normal arm64 Compiling Decoder.swift, Generator.swift, LLMSession+Llama.swift (in target 'LocalLLMClientLlama' from project 'LocalLLMClient')

SwiftDriver\ Compilation LocalLLMClientCore normal arm64 com.apple.xcode.tools.swift.compiler (in target 'LocalLLMClientCore' from project 'LocalLLMClient')
    cd /Users/gunnarhostetler/Documents/GitHub/OpenIntelligence/OpenIntelligence.xcodeproj
    builtin-Swift-Compilation -- /Applications/Xcode.app/Contents/Developer/Toolchains/XcodeDefault.xctoolchain/usr/bin/swiftc -module-name LocalLLMClientCore -Onone -enforce-exclusivity\=checked @/Users/gunnarhostetler/Library/Developer/Xcode/DerivedData/OpenIntelligence-exvenikajtsxhefyqtimuofgvczj/Build/Intermediates.noindex/LocalLLMClient.build/Debug-iphonesimulator/LocalLLMClientCore.build/Objects-normal/arm64/LocalLLMClientCore.SwiftFileList -DSWIFT_PACKAGE -DDEBUG -DSWIFT_MODULE_RESOURCE_BUNDLE_UNAVAILABLE -DXcode -plugin-path /Applications/Xcode.app/Contents/Developer/Toolchains/XcodeDefault.xctoolchain/usr/lib/swift/host/plugins/testing -enable-experimental-feature DebugDescriptionMacro -sdk /Applications/Xcode.app/Contents/Developer/Platforms/iPhoneSimulator.platform/Developer/SDKs/iPhoneSimulator26.1.sdk -target arm64-apple-ios16.0-simulator -g -module-cache-path /Users/gunnarhostetler/Library/Developer/Xcode/DerivedData/ModuleCache.noindex -Xfrontend -serialize-debugging-options -enable-testing -suppress-warnings -index-store-path /Users/gunnarhostetler/Library/Developer/Xcode/DerivedData/OpenIntelligence-exvenikajtsxhefyqtimuofgvczj/Index.noindex/DataStore -Xcc -D_LIBCPP_HARDENING_MODE\=_LIBCPP_HARDENING_MODE_DEBUG -swift-version 6 -I /Users/gunnarhostetler/Library/Developer/Xcode/DerivedData/OpenIntelligence-exvenikajtsxhefyqtimuofgvczj/Build/Products/Debug-iphonesimulator -Isystem /Applications/Xcode.app/Contents/Developer/Platforms/iPhoneSimulator.platform/Developer/usr/lib -F /Users/gunnarhostetler/Library/Developer/Xcode/DerivedData/OpenIntelligence-exvenikajtsxhefyqtimuofgvczj/Build/Products/Debug-iphonesimulator/PackageFrameworks -F /Users/gunnarhostetler/Library/Developer/Xcode/DerivedData/OpenIntelligence-exvenikajtsxhefyqtimuofgvczj/Build/Products/Debug-iphonesimulator/PackageFrameworks -F /Users/gunnarhostetler/Library/Developer/Xcode/DerivedData/OpenIntelligence-exvenikajtsxhefyqtimuofgvczj/Build/Products/Debug-iphonesimulator/PackageFrameworks -F /Users/gunnarhostetler/Library/Developer/Xcode/DerivedData/OpenIntelligence-exvenikajtsxhefyqtimuofgvczj/Build/Products/Debug-iphonesimulator/PackageFrameworks -F /Users/gunnarhostetler/Library/Developer/Xcode/DerivedData/OpenIntelligence-exvenikajtsxhefyqtimuofgvczj/Build/Products/Debug-iphonesimulator -F /Applications/Xcode.app/Contents/Developer/Platforms/iPhoneSimulator.platform/Developer/Library/Frameworks -F /Applications/Xcode.app/Contents/Developer/Platforms/iPhoneSimulator.platform/Developer/SDKs/iPhoneSimulator26.1.sdk/Developer/Library/Frameworks -c -j11 -enable-batch-mode -incremental -Xcc -ivfsstatcache -Xcc /Users/gunnarhostetler/Library/Developer/Xcode/DerivedData/SDKStatCaches.noindex/iphonesimulator26.1-23B77-3885c01c3e6b6a337905948deab2002e90cf18a4295e390e64c810bc6bd7acbc.sdkstatcache -output-file-map /Users/gunnarhostetler/Library/Developer/Xcode/DerivedData/OpenIntelligence-exvenikajtsxhefyqtimuofgvczj/Build/Intermediates.noindex/LocalLLMClient.build/Debug-iphonesimulator/LocalLLMClientCore.build/Objects-normal/arm64/LocalLLMClientCore-OutputFileMap.json -use-frontend-parseable-output -save-temps -no-color-diagnostics -explicit-module-build -module-cache-path /Users/gunnarhostetler/Library/Developer/Xcode/DerivedData/OpenIntelligence-exvenikajtsxhefyqtimuofgvczj/Build/Intermediates.noindex/SwiftExplicitPrecompiledModules -clang-scanner-module-cache-path /Users/gunnarhostetler/Library/Developer/Xcode/DerivedData/ModuleCache.noindex -sdk-module-cache-path /Users/gunnarhostetler/Library/Developer/Xcode/DerivedData/ModuleCache.noindex -serialize-diagnostics -emit-dependencies -emit-module -emit-module-path /Users/gunnarhostetler/Library/Developer/Xcode/DerivedData/OpenIntelligence-exvenikajtsxhefyqtimuofgvczj/Build/Intermediates.noindex/LocalLLMClient.build/Debug-iphonesimulator/LocalLLMClientCore.build/Objects-normal/arm64/LocalLLMClientCore.swiftmodule -validate-clang-modules-once -clang-build-session-file /Users/gunnarhostetler/Library/Developer/Xcode/DerivedData/ModuleCache.noindex/Session.modulevalidation -package-name localllmclient -Xcc -I/Users/gunnarhostetler/Library/Developer/Xcode/DerivedData/OpenIntelligence-exvenikajtsxhefyqtimuofgvczj/Build/Intermediates.noindex/LocalLLMClient.build/Debug-iphonesimulator/LocalLLMClientCore.build/swift-overrides.hmap -emit-const-values -Xfrontend -const-gather-protocols-file -Xfrontend /Users/gunnarhostetler/Library/Developer/Xcode/DerivedData/OpenIntelligence-exvenikajtsxhefyqtimuofgvczj/Build/Intermediates.noindex/LocalLLMClient.build/Debug-iphonesimulator/LocalLLMClientCore.build/Objects-normal/arm64/LocalLLMClientCore_const_extract_protocols.json -Xcc -I/Users/gunnarhostetler/Library/Developer/Xcode/DerivedData/OpenIntelligence-exvenikajtsxhefyqtimuofgvczj/Build/Products/Debug-iphonesimulator/include -Xcc -I/Users/gunnarhostetler/Library/Developer/Xcode/DerivedData/OpenIntelligence-exvenikajtsxhefyqtimuofgvczj/Build/Intermediates.noindex/LocalLLMClient.build/Debug-iphonesimulator/LocalLLMClientCore.build/DerivedSources-normal/arm64 -Xcc -I/Users/gunnarhostetler/Library/Developer/Xcode/DerivedData/OpenIntelligence-exvenikajtsxhefyqtimuofgvczj/Build/Intermediates.noindex/LocalLLMClient.build/Debug-iphonesimulator/LocalLLMClientCore.build/DerivedSources/arm64 -Xcc -I/Users/gunnarhostetler/Library/Developer/Xcode/DerivedData/OpenIntelligence-exvenikajtsxhefyqtimuofgvczj/Build/Intermediates.noindex/LocalLLMClient.build/Debug-iphonesimulator/LocalLLMClientCore.build/DerivedSources -Xcc -DSWIFT_PACKAGE -Xcc -DDEBUG\=1 -emit-objc-header -emit-objc-header-path /Users/gunnarhostetler/Library/Developer/Xcode/DerivedData/OpenIntelligence-exvenikajtsxhefyqtimuofgvczj/Build/Intermediates.noindex/LocalLLMClient.build/Debug-iphonesimulator/LocalLLMClientCore.build/Objects-normal/arm64/LocalLLMClientCore-Swift.h -working-directory /Users/gunnarhostetler/Documents/GitHub/OpenIntelligence/OpenIntelligence.xcodeproj -experimental-emit-module-separately -disable-cmo

SwiftDriver\ Compilation Jinja normal arm64 com.apple.xcode.tools.swift.compiler (in target 'Jinja' from project 'Jinja')
    cd /Users/gunnarhostetler/Documents/GitHub/OpenIntelligence/OpenIntelligence.xcodeproj
    builtin-Swift-Compilation -- /Applications/Xcode.app/Contents/Developer/Toolchains/XcodeDefault.xctoolchain/usr/bin/swiftc -module-name Jinja -Onone -enforce-exclusivity\=checked @/Users/gunnarhostetler/Library/Developer/Xcode/DerivedData/OpenIntelligence-exvenikajtsxhefyqtimuofgvczj/Build/Intermediates.noindex/Jinja.build/Debug-iphonesimulator/Jinja.build/Objects-normal/arm64/Jinja.SwiftFileList -DSWIFT_PACKAGE -DDEBUG -DSWIFT_MODULE_RESOURCE_BUNDLE_UNAVAILABLE -DXcode -plugin-path /Applications/Xcode.app/Contents/Developer/Toolchains/XcodeDefault.xctoolchain/usr/lib/swift/host/plugins/testing -enable-experimental-feature DebugDescriptionMacro -sdk /Applications/Xcode.app/Contents/Developer/Platforms/iPhoneSimulator.platform/Developer/SDKs/iPhoneSimulator26.1.sdk -target arm64-apple-ios16.0-simulator -g -module-cache-path /Users/gunnarhostetler/Library/Developer/Xcode/DerivedData/ModuleCache.noindex -Xfrontend -serialize-debugging-options -enable-testing -suppress-warnings -index-store-path /Users/gunnarhostetler/Library/Developer/Xcode/DerivedData/OpenIntelligence-exvenikajtsxhefyqtimuofgvczj/Index.noindex/DataStore -Xcc -D_LIBCPP_HARDENING_MODE\=_LIBCPP_HARDENING_MODE_DEBUG -swift-version 6 -I /Users/gunnarhostetler/Library/Developer/Xcode/DerivedData/OpenIntelligence-exvenikajtsxhefyqtimuofgvczj/Build/Products/Debug-iphonesimulator -Isystem /Applications/Xcode.app/Contents/Developer/Platforms/iPhoneSimulator.platform/Developer/usr/lib -F /Users/gunnarhostetler/Library/Developer/Xcode/DerivedData/OpenIntelligence-exvenikajtsxhefyqtimuofgvczj/Build/Products/Debug-iphonesimulator/PackageFrameworks -F /Users/gunnarhostetler/Library/Developer/Xcode/DerivedData/OpenIntelligence-exvenikajtsxhefyqtimuofgvczj/Build/Products/Debug-iphonesimulator/PackageFrameworks -F /Users/gunnarhostetler/Library/Developer/Xcode/DerivedData/OpenIntelligence-exvenikajtsxhefyqtimuofgvczj/Build/Products/Debug-iphonesimulator -F /Applications/Xcode.app/Contents/Developer/Platforms/iPhoneSimulator.platform/Developer/Library/Frameworks -F /Applications/Xcode.app/Contents/Developer/Platforms/iPhoneSimulator.platform/Developer/SDKs/iPhoneSimulator26.1.sdk/Developer/Library/Frameworks -c -j11 -enable-batch-mode -incremental -Xcc -ivfsstatcache -Xcc /Users/gunnarhostetler/Library/Developer/Xcode/DerivedData/SDKStatCaches.noindex/iphonesimulator26.1-23B77-3885c01c3e6b6a337905948deab2002e90cf18a4295e390e64c810bc6bd7acbc.sdkstatcache -output-file-map /Users/gunnarhostetler/Library/Developer/Xcode/DerivedData/OpenIntelligence-exvenikajtsxhefyqtimuofgvczj/Build/Intermediates.noindex/Jinja.build/Debug-iphonesimulator/Jinja.build/Objects-normal/arm64/Jinja-OutputFileMap.json -use-frontend-parseable-output -save-temps -no-color-diagnostics -explicit-module-build -module-cache-path /Users/gunnarhostetler/Library/Developer/Xcode/DerivedData/OpenIntelligence-exvenikajtsxhefyqtimuofgvczj/Build/Intermediates.noindex/SwiftExplicitPrecompiledModules -clang-scanner-module-cache-path /Users/gunnarhostetler/Library/Developer/Xcode/DerivedData/ModuleCache.noindex -sdk-module-cache-path /Users/gunnarhostetler/Library/Developer/Xcode/DerivedData/ModuleCache.noindex -serialize-diagnostics -emit-dependencies -emit-module -emit-module-path /Users/gunnarhostetler/Library/Developer/Xcode/DerivedData/OpenIntelligence-exvenikajtsxhefyqtimuofgvczj/Build/Intermediates.noindex/Jinja.build/Debug-iphonesimulator/Jinja.build/Objects-normal/arm64/Jinja.swiftmodule -user-module-version 2.0.2 -validate-clang-modules-once -clang-build-session-file /Users/gunnarhostetler/Library/Developer/Xcode/DerivedData/ModuleCache.noindex/Session.modulevalidation -package-name swift_jinja -Xcc -I/Users/gunnarhostetler/Library/Developer/Xcode/DerivedData/OpenIntelligence-exvenikajtsxhefyqtimuofgvczj/Build/Intermediates.noindex/Jinja.build/Debug-iphonesimulator/Jinja.build/swift-overrides.hmap -emit-const-values -Xfrontend -const-gather-protocols-file -Xfrontend /Users/gunnarhostetler/Library/Developer/Xcode/DerivedData/OpenIntelligence-exvenikajtsxhefyqtimuofgvczj/Build/Intermediates.noindex/Jinja.build/Debug-iphonesimulator/Jinja.build/Objects-normal/arm64/Jinja_const_extract_protocols.json -Xcc -I/Users/gunnarhostetler/Library/Developer/Xcode/DerivedData/OpenIntelligence-exvenikajtsxhefyqtimuofgvczj/Build/Products/Debug-iphonesimulator/include -Xcc -I/Users/gunnarhostetler/Library/Developer/Xcode/DerivedData/OpenIntelligence-exvenikajtsxhefyqtimuofgvczj/Build/Intermediates.noindex/Jinja.build/Debug-iphonesimulator/Jinja.build/DerivedSources-normal/arm64 -Xcc -I/Users/gunnarhostetler/Library/Developer/Xcode/DerivedData/OpenIntelligence-exvenikajtsxhefyqtimuofgvczj/Build/Intermediates.noindex/Jinja.build/Debug-iphonesimulator/Jinja.build/DerivedSources/arm64 -Xcc -I/Users/gunnarhostetler/Library/Developer/Xcode/DerivedData/OpenIntelligence-exvenikajtsxhefyqtimuofgvczj/Build/Intermediates.noindex/Jinja.build/Debug-iphonesimulator/Jinja.build/DerivedSources -Xcc -DSWIFT_PACKAGE -Xcc -DDEBUG\=1 -emit-objc-header -emit-objc-header-path /Users/gunnarhostetler/Library/Developer/Xcode/DerivedData/OpenIntelligence-exvenikajtsxhefyqtimuofgvczj/Build/Intermediates.noindex/Jinja.build/Debug-iphonesimulator/Jinja.build/Objects-normal/arm64/Jinja-Swift.h -working-directory /Users/gunnarhostetler/Documents/GitHub/OpenIntelligence/OpenIntelligence.xcodeproj -experimental-emit-module-separately -disable-cmo

SwiftMergeGeneratedHeaders /Users/gunnarhostetler/Library/Developer/Xcode/DerivedData/OpenIntelligence-exvenikajtsxhefyqtimuofgvczj/Build/Intermediates.noindex/GeneratedModuleMaps-iphonesimulator/LocalLLMClientLlama-Swift.h /Users/gunnarhostetler/Library/Developer/Xcode/DerivedData/OpenIntelligence-exvenikajtsxhefyqtimuofgvczj/Build/Intermediates.noindex/LocalLLMClient.build/Debug-iphonesimulator/LocalLLMClientLlama.build/Objects-normal/arm64/LocalLLMClientLlama-Swift.h (in target 'LocalLLMClientLlama' from project 'LocalLLMClient')
    cd /Users/gunnarhostetler/Documents/GitHub/OpenIntelligence/Vendor/LocalLLMClient
    builtin-swiftHeaderTool -arch arm64 /Users/gunnarhostetler/Library/Developer/Xcode/DerivedData/OpenIntelligence-exvenikajtsxhefyqtimuofgvczj/Build/Intermediates.noindex/LocalLLMClient.build/Debug-iphonesimulator/LocalLLMClientLlama.build/Objects-normal/arm64/LocalLLMClientLlama-Swift.h -o /Users/gunnarhostetler/Library/Developer/Xcode/DerivedData/OpenIntelligence-exvenikajtsxhefyqtimuofgvczj/Build/Intermediates.noindex/GeneratedModuleMaps-iphonesimulator/LocalLLMClientLlama-Swift.h

Copy /Users/gunnarhostetler/Library/Developer/Xcode/DerivedData/OpenIntelligence-exvenikajtsxhefyqtimuofgvczj/Build/Products/Debug-iphonesimulator/LocalLLMClientLlama.swiftmodule/arm64-apple-ios-simulator.swiftmodule /Users/gunnarhostetler/Library/Developer/Xcode/DerivedData/OpenIntelligence-exvenikajtsxhefyqtimuofgvczj/Build/Intermediates.noindex/LocalLLMClient.build/Debug-iphonesimulator/LocalLLMClientLlama.build/Objects-normal/arm64/LocalLLMClientLlama.swiftmodule (in target 'LocalLLMClientLlama' from project 'LocalLLMClient')
    cd /Users/gunnarhostetler/Documents/GitHub/OpenIntelligence/Vendor/LocalLLMClient
    builtin-copy -exclude .DS_Store -exclude CVS -exclude .svn -exclude .git -exclude .hg -resolve-src-symlinks -rename /Users/gunnarhostetler/Library/Developer/Xcode/DerivedData/OpenIntelligence-exvenikajtsxhefyqtimuofgvczj/Build/Intermediates.noindex/LocalLLMClient.build/Debug-iphonesimulator/LocalLLMClientLlama.build/Objects-normal/arm64/LocalLLMClientLlama.swiftmodule /Users/gunnarhostetler/Library/Developer/Xcode/DerivedData/OpenIntelligence-exvenikajtsxhefyqtimuofgvczj/Build/Products/Debug-iphonesimulator/LocalLLMClientLlama.swiftmodule/arm64-apple-ios-simulator.swiftmodule

Copy /Users/gunnarhostetler/Library/Developer/Xcode/DerivedData/OpenIntelligence-exvenikajtsxhefyqtimuofgvczj/Build/Products/Debug-iphonesimulator/LocalLLMClientLlama.swiftmodule/arm64-apple-ios-simulator.swiftdoc /Users/gunnarhostetler/Library/Developer/Xcode/DerivedData/OpenIntelligence-exvenikajtsxhefyqtimuofgvczj/Build/Intermediates.noindex/LocalLLMClient.build/Debug-iphonesimulator/LocalLLMClientLlama.build/Objects-normal/arm64/LocalLLMClientLlama.swiftdoc (in target 'LocalLLMClientLlama' from project 'LocalLLMClient')
    cd /Users/gunnarhostetler/Documents/GitHub/OpenIntelligence/Vendor/LocalLLMClient
    builtin-copy -exclude .DS_Store -exclude CVS -exclude .svn -exclude .git -exclude .hg -resolve-src-symlinks -rename /Users/gunnarhostetler/Library/Developer/Xcode/DerivedData/OpenIntelligence-exvenikajtsxhefyqtimuofgvczj/Build/Intermediates.noindex/LocalLLMClient.build/Debug-iphonesimulator/LocalLLMClientLlama.build/Objects-normal/arm64/LocalLLMClientLlama.swiftdoc /Users/gunnarhostetler/Library/Developer/Xcode/DerivedData/OpenIntelligence-exvenikajtsxhefyqtimuofgvczj/Build/Products/Debug-iphonesimulator/LocalLLMClientLlama.swiftmodule/arm64-apple-ios-simulator.swiftdoc

Copy /Users/gunnarhostetler/Library/Developer/Xcode/DerivedData/OpenIntelligence-exvenikajtsxhefyqtimuofgvczj/Build/Products/Debug-iphonesimulator/LocalLLMClientLlama.swiftmodule/arm64-apple-ios-simulator.abi.json /Users/gunnarhostetler/Library/Developer/Xcode/DerivedData/OpenIntelligence-exvenikajtsxhefyqtimuofgvczj/Build/Intermediates.noindex/LocalLLMClient.build/Debug-iphonesimulator/LocalLLMClientLlama.build/Objects-normal/arm64/LocalLLMClientLlama.abi.json (in target 'LocalLLMClientLlama' from project 'LocalLLMClient')
    cd /Users/gunnarhostetler/Documents/GitHub/OpenIntelligence/Vendor/LocalLLMClient
    builtin-copy -exclude .DS_Store -exclude CVS -exclude .svn -exclude .git -exclude .hg -resolve-src-symlinks -rename /Users/gunnarhostetler/Library/Developer/Xcode/DerivedData/OpenIntelligence-exvenikajtsxhefyqtimuofgvczj/Build/Intermediates.noindex/LocalLLMClient.build/Debug-iphonesimulator/LocalLLMClientLlama.build/Objects-normal/arm64/LocalLLMClientLlama.abi.json /Users/gunnarhostetler/Library/Developer/Xcode/DerivedData/OpenIntelligence-exvenikajtsxhefyqtimuofgvczj/Build/Products/Debug-iphonesimulator/LocalLLMClientLlama.swiftmodule/arm64-apple-ios-simulator.abi.json

Copy /Users/gunnarhostetler/Library/Developer/Xcode/DerivedData/OpenIntelligence-exvenikajtsxhefyqtimuofgvczj/Build/Products/Debug-iphonesimulator/LocalLLMClientLlama.swiftmodule/Project/arm64-apple-ios-simulator.swiftsourceinfo /Users/gunnarhostetler/Library/Developer/Xcode/DerivedData/OpenIntelligence-exvenikajtsxhefyqtimuofgvczj/Build/Intermediates.noindex/LocalLLMClient.build/Debug-iphonesimulator/LocalLLMClientLlama.build/Objects-normal/arm64/LocalLLMClientLlama.swiftsourceinfo (in target 'LocalLLMClientLlama' from project 'LocalLLMClient')
    cd /Users/gunnarhostetler/Documents/GitHub/OpenIntelligence/Vendor/LocalLLMClient
    builtin-copy -exclude .DS_Store -exclude CVS -exclude .svn -exclude .git -exclude .hg -resolve-src-symlinks -rename /Users/gunnarhostetler/Library/Developer/Xcode/DerivedData/OpenIntelligence-exvenikajtsxhefyqtimuofgvczj/Build/Intermediates.noindex/LocalLLMClient.build/Debug-iphonesimulator/LocalLLMClientLlama.build/Objects-normal/arm64/LocalLLMClientLlama.swiftsourceinfo /Users/gunnarhostetler/Library/Developer/Xcode/DerivedData/OpenIntelligence-exvenikajtsxhefyqtimuofgvczj/Build/Products/Debug-iphonesimulator/LocalLLMClientLlama.swiftmodule/Project/arm64-apple-ios-simulator.swiftsourceinfo

Ld /Users/gunnarhostetler/Library/Developer/Xcode/DerivedData/OpenIntelligence-exvenikajtsxhefyqtimuofgvczj/Build/Products/Debug-iphonesimulator/Jinja.o normal (in target 'Jinja' from project 'Jinja')
    cd /Users/gunnarhostetler/Library/Developer/Xcode/DerivedData/OpenIntelligence-exvenikajtsxhefyqtimuofgvczj/SourcePackages/checkouts/swift-jinja
    /Applications/Xcode.app/Contents/Developer/Toolchains/XcodeDefault.xctoolchain/usr/bin/clang -Xlinker -reproducible -target arm64-apple-ios16.0-simulator -r -isysroot /Applications/Xcode.app/Contents/Developer/Platforms/iPhoneSimulator.platform/Developer/SDKs/iPhoneSimulator26.1.sdk -O0 -w -L/Users/gunnarhostetler/Library/Developer/Xcode/DerivedData/OpenIntelligence-exvenikajtsxhefyqtimuofgvczj/Build/Intermediates.noindex/EagerLinkingTBDs/Debug-iphonesimulator -L/Users/gunnarhostetler/Library/Developer/Xcode/DerivedData/OpenIntelligence-exvenikajtsxhefyqtimuofgvczj/Build/Products/Debug-iphonesimulator -L/Applications/Xcode.app/Contents/Developer/Platforms/iPhoneSimulator.platform/Developer/usr/lib -F/Users/gunnarhostetler/Library/Developer/Xcode/DerivedData/OpenIntelligence-exvenikajtsxhefyqtimuofgvczj/Build/Intermediates.noindex/EagerLinkingTBDs/Debug-iphonesimulator -F/Users/gunnarhostetler/Library/Developer/Xcode/DerivedData/OpenIntelligence-exvenikajtsxhefyqtimuofgvczj/Build/Products/Debug-iphonesimulator/PackageFrameworks -F/Users/gunnarhostetler/Library/Developer/Xcode/DerivedData/OpenIntelligence-exvenikajtsxhefyqtimuofgvczj/Build/Products/Debug-iphonesimulator/PackageFrameworks -F/Users/gunnarhostetler/Library/Developer/Xcode/DerivedData/OpenIntelligence-exvenikajtsxhefyqtimuofgvczj/Build/Products/Debug-iphonesimulator -iframework /Applications/Xcode.app/Contents/Developer/Platforms/iPhoneSimulator.platform/Developer/Library/Frameworks -iframework /Applications/Xcode.app/Contents/Developer/Platforms/iPhoneSimulator.platform/Developer/SDKs/iPhoneSimulator26.1.sdk/Developer/Library/Frameworks -filelist /Users/gunnarhostetler/Library/Developer/Xcode/DerivedData/OpenIntelligence-exvenikajtsxhefyqtimuofgvczj/Build/Intermediates.noindex/Jinja.build/Debug-iphonesimulator/Jinja.build/Objects-normal/arm64/Jinja.LinkFileList -nostdlib -Xlinker -object_path_lto -Xlinker /Users/gunnarhostetler/Library/Developer/Xcode/DerivedData/OpenIntelligence-exvenikajtsxhefyqtimuofgvczj/Build/Intermediates.noindex/Jinja.build/Debug-iphonesimulator/Jinja.build/Objects-normal/arm64/Jinja_lto.o -rdynamic -Xlinker -no_deduplicate -Xlinker -objc_abi_version -Xlinker 2 -Xlinker -dependency_info -Xlinker /Users/gunnarhostetler/Library/Developer/Xcode/DerivedData/OpenIntelligence-exvenikajtsxhefyqtimuofgvczj/Build/Intermediates.noindex/Jinja.build/Debug-iphonesimulator/Jinja.build/Objects-normal/arm64/Jinja_dependency_info.dat -fobjc-link-runtime -L/Applications/Xcode.app/Contents/Developer/Toolchains/XcodeDefault.xctoolchain/usr/lib/swift/iphonesimulator -L/usr/lib/swift -Xlinker -add_ast_path -Xlinker /Users/gunnarhostetler/Library/Developer/Xcode/DerivedData/OpenIntelligence-exvenikajtsxhefyqtimuofgvczj/Build/Intermediates.noindex/Jinja.build/Debug-iphonesimulator/Jinja.build/Objects-normal/arm64/Jinja.swiftmodule @/Users/gunnarhostetler/Library/Developer/Xcode/DerivedData/OpenIntelligence-exvenikajtsxhefyqtimuofgvczj/Build/Intermediates.noindex/Jinja.build/Debug-iphonesimulator/Jinja.build/Objects-normal/arm64/Jinja-linker-args.resp -o /Users/gunnarhostetler/Library/Developer/Xcode/DerivedData/OpenIntelligence-exvenikajtsxhefyqtimuofgvczj/Build/Products/Debug-iphonesimulator/Jinja.o

ExtractAppIntentsMetadata (in target 'Jinja' from project 'Jinja')
    cd /Users/gunnarhostetler/Library/Developer/Xcode/DerivedData/OpenIntelligence-exvenikajtsxhefyqtimuofgvczj/SourcePackages/checkouts/swift-jinja
    /Applications/Xcode.app/Contents/Developer/Toolchains/XcodeDefault.xctoolchain/usr/bin/appintentsmetadataprocessor --toolchain-dir /var/run/com.apple.security.cryptexd/mnt/com.apple.MobileAsset.MetalToolchain-v17.2.54.0.h1Qr4f/Metal.xctoolchain --module-name Jinja --sdk-root /Applications/Xcode.app/Contents/Developer/Platforms/iPhoneSimulator.platform/Developer/SDKs/iPhoneSimulator26.1.sdk --xcode-version 17B100 --platform-family iOS --deployment-target 16.0 --bundle-identifier swift-jinja.Jinja --output /Users/gunnarhostetler/Library/Developer/Xcode/DerivedData/OpenIntelligence-exvenikajtsxhefyqtimuofgvczj/Build/Products/Debug-iphonesimulator/Jinja.appintents --target-triple arm64-apple-ios16.0-simulator --binary-file /Users/gunnarhostetler/Library/Developer/Xcode/DerivedData/OpenIntelligence-exvenikajtsxhefyqtimuofgvczj/Build/Products/Debug-iphonesimulator/Jinja.o --dependency-file /Users/gunnarhostetler/Library/Developer/Xcode/DerivedData/OpenIntelligence-exvenikajtsxhefyqtimuofgvczj/Build/Intermediates.noindex/Jinja.build/Debug-iphonesimulator/Jinja.build/Objects-normal/arm64/Jinja_dependency_info.dat --stringsdata-file /Users/gunnarhostetler/Library/Developer/Xcode/DerivedData/OpenIntelligence-exvenikajtsxhefyqtimuofgvczj/Build/Intermediates.noindex/Jinja.build/Debug-iphonesimulator/Jinja.build/Objects-normal/arm64/ExtractedAppShortcutsMetadata.stringsdata --source-file-list /Users/gunnarhostetler/Library/Developer/Xcode/DerivedData/OpenIntelligence-exvenikajtsxhefyqtimuofgvczj/Build/Intermediates.noindex/Jinja.build/Debug-iphonesimulator/Jinja.build/Objects-normal/arm64/Jinja.SwiftFileList --metadata-file-list /Users/gunnarhostetler/Library/Developer/Xcode/DerivedData/OpenIntelligence-exvenikajtsxhefyqtimuofgvczj/Build/Intermediates.noindex/Jinja.build/Debug-iphonesimulator/Jinja.build/Jinja.DependencyMetadataFileList --static-metadata-file-list /Users/gunnarhostetler/Library/Developer/Xcode/DerivedData/OpenIntelligence-exvenikajtsxhefyqtimuofgvczj/Build/Intermediates.noindex/Jinja.build/Debug-iphonesimulator/Jinja.build/Jinja.DependencyStaticMetadataFileList --swift-const-vals-list /Users/gunnarhostetler/Library/Developer/Xcode/DerivedData/OpenIntelligence-exvenikajtsxhefyqtimuofgvczj/Build/Intermediates.noindex/Jinja.build/Debug-iphonesimulator/Jinja.build/Objects-normal/arm64/Jinja.SwiftConstValuesFileList --force --compile-time-extraction --deployment-aware-processing --validate-assistant-intents --no-app-shortcuts-localization
2025-11-21 21:24:50.245 appintentsmetadataprocessor[61405:13351370] Starting appintentsmetadataprocessor export
2025-11-21 21:24:50.693 appintentsmetadataprocessor[61405:13351370] Extracted no relevant App Intents symbols, skipping writing output

SwiftDriverJobDiscovery normal arm64 Compiling MessageProcessor.swift, MessageTransformer.swift (in target 'LocalLLMClientLlama' from project 'LocalLLMClient')

SwiftDriver LocalLLMClient normal arm64 com.apple.xcode.tools.swift.compiler (in target 'LocalLLMClient' from project 'LocalLLMClient')
    cd /Users/gunnarhostetler/Documents/GitHub/OpenIntelligence/OpenIntelligence.xcodeproj
    builtin-SwiftDriver -- /Applications/Xcode.app/Contents/Developer/Toolchains/XcodeDefault.xctoolchain/usr/bin/swiftc -module-name LocalLLMClient -Onone -enforce-exclusivity\=checked @/Users/gunnarhostetler/Library/Developer/Xcode/DerivedData/OpenIntelligence-exvenikajtsxhefyqtimuofgvczj/Build/Intermediates.noindex/LocalLLMClient.build/Debug-iphonesimulator/LocalLLMClient.build/Objects-normal/arm64/LocalLLMClient.SwiftFileList -DSWIFT_PACKAGE -DDEBUG -DSWIFT_MODULE_RESOURCE_BUNDLE_UNAVAILABLE -DXcode -plugin-path /Applications/Xcode.app/Contents/Developer/Toolchains/XcodeDefault.xctoolchain/usr/lib/swift/host/plugins/testing -enable-experimental-feature DebugDescriptionMacro -sdk /Applications/Xcode.app/Contents/Developer/Platforms/iPhoneSimulator.platform/Developer/SDKs/iPhoneSimulator26.1.sdk -target arm64-apple-ios16.0-simulator -g -module-cache-path /Users/gunnarhostetler/Library/Developer/Xcode/DerivedData/ModuleCache.noindex -Xfrontend -serialize-debugging-options -enable-testing -suppress-warnings -index-store-path /Users/gunnarhostetler/Library/Developer/Xcode/DerivedData/OpenIntelligence-exvenikajtsxhefyqtimuofgvczj/Index.noindex/DataStore -Xcc -D_LIBCPP_HARDENING_MODE\=_LIBCPP_HARDENING_MODE_DEBUG -swift-version 6 -I /Users/gunnarhostetler/Library/Developer/Xcode/DerivedData/OpenIntelligence-exvenikajtsxhefyqtimuofgvczj/Build/Products/Debug-iphonesimulator -Isystem /Applications/Xcode.app/Contents/Developer/Platforms/iPhoneSimulator.platform/Developer/usr/lib -F /Users/gunnarhostetler/Library/Developer/Xcode/DerivedData/OpenIntelligence-exvenikajtsxhefyqtimuofgvczj/Build/Products/Debug-iphonesimulator/PackageFrameworks -F /Users/gunnarhostetler/Library/Developer/Xcode/DerivedData/OpenIntelligence-exvenikajtsxhefyqtimuofgvczj/Build/Products/Debug-iphonesimulator/PackageFrameworks -F /Users/gunnarhostetler/Library/Developer/Xcode/DerivedData/OpenIntelligence-exvenikajtsxhefyqtimuofgvczj/Build/Products/Debug-iphonesimulator/PackageFrameworks -F /Users/gunnarhostetler/Library/Developer/Xcode/DerivedData/OpenIntelligence-exvenikajtsxhefyqtimuofgvczj/Build/Products/Debug-iphonesimulator/PackageFrameworks -F /Users/gunnarhostetler/Library/Developer/Xcode/DerivedData/OpenIntelligence-exvenikajtsxhefyqtimuofgvczj/Build/Products/Debug-iphonesimulator/PackageFrameworks -F /Users/gunnarhostetler/Library/Developer/Xcode/DerivedData/OpenIntelligence-exvenikajtsxhefyqtimuofgvczj/Build/Products/Debug-iphonesimulator/PackageFrameworks -F /Users/gunnarhostetler/Library/Developer/Xcode/DerivedData/OpenIntelligence-exvenikajtsxhefyqtimuofgvczj/Build/Products/Debug-iphonesimulator -F /Applications/Xcode.app/Contents/Developer/Platforms/iPhoneSimulator.platform/Developer/Library/Frameworks -F /Applications/Xcode.app/Contents/Developer/Platforms/iPhoneSimulator.platform/Developer/SDKs/iPhoneSimulator26.1.sdk/Developer/Library/Frameworks -Xfrontend -load-plugin-executable -Xfrontend /Users/gunnarhostetler/Library/Developer/Xcode/DerivedData/OpenIntelligence-exvenikajtsxhefyqtimuofgvczj/Build/Products/Debug/LocalLLMClientMacrosPlugin\#LocalLLMClientMacrosPlugin -parse-as-library -c -j11 -enable-batch-mode -incremental -Xcc -ivfsstatcache -Xcc /Users/gunnarhostetler/Library/Developer/Xcode/DerivedData/SDKStatCaches.noindex/iphonesimulator26.1-23B77-3885c01c3e6b6a337905948deab2002e90cf18a4295e390e64c810bc6bd7acbc.sdkstatcache -output-file-map /Users/gunnarhostetler/Library/Developer/Xcode/DerivedData/OpenIntelligence-exvenikajtsxhefyqtimuofgvczj/Build/Intermediates.noindex/LocalLLMClient.build/Debug-iphonesimulator/LocalLLMClient.build/Objects-normal/arm64/LocalLLMClient-OutputFileMap.json -use-frontend-parseable-output -save-temps -no-color-diagnostics -explicit-module-build -module-cache-path /Users/gunnarhostetler/Library/Developer/Xcode/DerivedData/OpenIntelligence-exvenikajtsxhefyqtimuofgvczj/Build/Intermediates.noindex/SwiftExplicitPrecompiledModules -clang-scanner-module-cache-path /Users/gunnarhostetler/Library/Developer/Xcode/DerivedData/ModuleCache.noindex -sdk-module-cache-path /Users/gunnarhostetler/Library/Developer/Xcode/DerivedData/ModuleCache.noindex -serialize-diagnostics -emit-dependencies -emit-module -emit-module-path /Users/gunnarhostetler/Library/Developer/Xcode/DerivedData/OpenIntelligence-exvenikajtsxhefyqtimuofgvczj/Build/Intermediates.noindex/LocalLLMClient.build/Debug-iphonesimulator/LocalLLMClient.build/Objects-normal/arm64/LocalLLMClient.swiftmodule -validate-clang-modules-once -clang-build-session-file /Users/gunnarhostetler/Library/Developer/Xcode/DerivedData/ModuleCache.noindex/Session.modulevalidation -package-name localllmclient -Xcc -I/Users/gunnarhostetler/Library/Developer/Xcode/DerivedData/OpenIntelligence-exvenikajtsxhefyqtimuofgvczj/Build/Intermediates.noindex/LocalLLMClient.build/Debug-iphonesimulator/LocalLLMClient.build/swift-overrides.hmap -emit-const-values -Xfrontend -const-gather-protocols-file -Xfrontend /Users/gunnarhostetler/Library/Developer/Xcode/DerivedData/OpenIntelligence-exvenikajtsxhefyqtimuofgvczj/Build/Intermediates.noindex/LocalLLMClient.build/Debug-iphonesimulator/LocalLLMClient.build/Objects-normal/arm64/LocalLLMClient_const_extract_protocols.json -Xcc -I/Users/gunnarhostetler/Library/Developer/Xcode/DerivedData/OpenIntelligence-exvenikajtsxhefyqtimuofgvczj/Build/Products/Debug-iphonesimulator/include -Xcc -I/Users/gunnarhostetler/Library/Developer/Xcode/DerivedData/OpenIntelligence-exvenikajtsxhefyqtimuofgvczj/Build/Intermediates.noindex/LocalLLMClient.build/Debug-iphonesimulator/LocalLLMClient.build/DerivedSources-normal/arm64 -Xcc -I/Users/gunnarhostetler/Library/Developer/Xcode/DerivedData/OpenIntelligence-exvenikajtsxhefyqtimuofgvczj/Build/Intermediates.noindex/LocalLLMClient.build/Debug-iphonesimulator/LocalLLMClient.build/DerivedSources/arm64 -Xcc -I/Users/gunnarhostetler/Library/Developer/Xcode/DerivedData/OpenIntelligence-exvenikajtsxhefyqtimuofgvczj/Build/Intermediates.noindex/LocalLLMClient.build/Debug-iphonesimulator/LocalLLMClient.build/DerivedSources -Xcc -DSWIFT_PACKAGE -Xcc -DDEBUG\=1 -emit-objc-header -emit-objc-header-path /Users/gunnarhostetler/Library/Developer/Xcode/DerivedData/OpenIntelligence-exvenikajtsxhefyqtimuofgvczj/Build/Intermediates.noindex/LocalLLMClient.build/Debug-iphonesimulator/LocalLLMClient.build/Objects-normal/arm64/LocalLLMClient-Swift.h -working-directory /Users/gunnarhostetler/Documents/GitHub/OpenIntelligence/OpenIntelligence.xcodeproj -experimental-emit-module-separately -disable-cmo

SwiftDriverJobDiscovery normal arm64 Compiling resource_bundle_accessor.swift, Batch.swift, Context.swift (in target 'LocalLLMClientLlama' from project 'LocalLLMClient')

RegisterExecutionPolicyException /Users/gunnarhostetler/Library/Developer/Xcode/DerivedData/OpenIntelligence-exvenikajtsxhefyqtimuofgvczj/Build/Products/Debug-iphonesimulator/Jinja.o (in target 'Jinja' from project 'Jinja')
    cd /Users/gunnarhostetler/Library/Developer/Xcode/DerivedData/OpenIntelligence-exvenikajtsxhefyqtimuofgvczj/SourcePackages/checkouts/swift-jinja
    builtin-RegisterExecutionPolicyException /Users/gunnarhostetler/Library/Developer/Xcode/DerivedData/OpenIntelligence-exvenikajtsxhefyqtimuofgvczj/Build/Products/Debug-iphonesimulator/Jinja.o

Ld /Users/gunnarhostetler/Library/Developer/Xcode/DerivedData/OpenIntelligence-exvenikajtsxhefyqtimuofgvczj/Build/Products/Debug-iphonesimulator/LocalLLMClientCore.o normal (in target 'LocalLLMClientCore' from project 'LocalLLMClient')
    cd /Users/gunnarhostetler/Documents/GitHub/OpenIntelligence/Vendor/LocalLLMClient
    /Applications/Xcode.app/Contents/Developer/Toolchains/XcodeDefault.xctoolchain/usr/bin/clang -Xlinker -reproducible -target arm64-apple-ios16.0-simulator -r -isysroot /Applications/Xcode.app/Contents/Developer/Platforms/iPhoneSimulator.platform/Developer/SDKs/iPhoneSimulator26.1.sdk -O0 -w -L/Users/gunnarhostetler/Library/Developer/Xcode/DerivedData/OpenIntelligence-exvenikajtsxhefyqtimuofgvczj/Build/Intermediates.noindex/EagerLinkingTBDs/Debug-iphonesimulator -L/Users/gunnarhostetler/Library/Developer/Xcode/DerivedData/OpenIntelligence-exvenikajtsxhefyqtimuofgvczj/Build/Products/Debug-iphonesimulator -L/Applications/Xcode.app/Contents/Developer/Platforms/iPhoneSimulator.platform/Developer/usr/lib -F/Users/gunnarhostetler/Library/Developer/Xcode/DerivedData/OpenIntelligence-exvenikajtsxhefyqtimuofgvczj/Build/Intermediates.noindex/EagerLinkingTBDs/Debug-iphonesimulator -F/Users/gunnarhostetler/Library/Developer/Xcode/DerivedData/OpenIntelligence-exvenikajtsxhefyqtimuofgvczj/Build/Products/Debug-iphonesimulator/PackageFrameworks -F/Users/gunnarhostetler/Library/Developer/Xcode/DerivedData/OpenIntelligence-exvenikajtsxhefyqtimuofgvczj/Build/Products/Debug-iphonesimulator/PackageFrameworks -F/Users/gunnarhostetler/Library/Developer/Xcode/DerivedData/OpenIntelligence-exvenikajtsxhefyqtimuofgvczj/Build/Products/Debug-iphonesimulator/PackageFrameworks -F/Users/gunnarhostetler/Library/Developer/Xcode/DerivedData/OpenIntelligence-exvenikajtsxhefyqtimuofgvczj/Build/Products/Debug-iphonesimulator/PackageFrameworks -F/Users/gunnarhostetler/Library/Developer/Xcode/DerivedData/OpenIntelligence-exvenikajtsxhefyqtimuofgvczj/Build/Products/Debug-iphonesimulator -iframework /Applications/Xcode.app/Contents/Developer/Platforms/iPhoneSimulator.platform/Developer/Library/Frameworks -iframework /Applications/Xcode.app/Contents/Developer/Platforms/iPhoneSimulator.platform/Developer/SDKs/iPhoneSimulator26.1.sdk/Developer/Library/Frameworks -filelist /Users/gunnarhostetler/Library/Developer/Xcode/DerivedData/OpenIntelligence-exvenikajtsxhefyqtimuofgvczj/Build/Intermediates.noindex/LocalLLMClient.build/Debug-iphonesimulator/LocalLLMClientCore.build/Objects-normal/arm64/LocalLLMClientCore.LinkFileList -nostdlib -Xlinker -object_path_lto -Xlinker /Users/gunnarhostetler/Library/Developer/Xcode/DerivedData/OpenIntelligence-exvenikajtsxhefyqtimuofgvczj/Build/Intermediates.noindex/LocalLLMClient.build/Debug-iphonesimulator/LocalLLMClientCore.build/Objects-normal/arm64/LocalLLMClientCore_lto.o -rdynamic -Xlinker -no_deduplicate -Xlinker -objc_abi_version -Xlinker 2 -Xlinker -dependency_info -Xlinker /Users/gunnarhostetler/Library/Developer/Xcode/DerivedData/OpenIntelligence-exvenikajtsxhefyqtimuofgvczj/Build/Intermediates.noindex/LocalLLMClient.build/Debug-iphonesimulator/LocalLLMClientCore.build/Objects-normal/arm64/LocalLLMClientCore_dependency_info.dat -fobjc-link-runtime -L/Applications/Xcode.app/Contents/Developer/Toolchains/XcodeDefault.xctoolchain/usr/lib/swift/iphonesimulator -L/usr/lib/swift -Xlinker -add_ast_path -Xlinker /Users/gunnarhostetler/Library/Developer/Xcode/DerivedData/OpenIntelligence-exvenikajtsxhefyqtimuofgvczj/Build/Intermediates.noindex/LocalLLMClient.build/Debug-iphonesimulator/LocalLLMClientCore.build/Objects-normal/arm64/LocalLLMClientCore.swiftmodule @/Users/gunnarhostetler/Library/Developer/Xcode/DerivedData/OpenIntelligence-exvenikajtsxhefyqtimuofgvczj/Build/Intermediates.noindex/LocalLLMClient.build/Debug-iphonesimulator/LocalLLMClientCore.build/Objects-normal/arm64/LocalLLMClientCore-linker-args.resp -o /Users/gunnarhostetler/Library/Developer/Xcode/DerivedData/OpenIntelligence-exvenikajtsxhefyqtimuofgvczj/Build/Products/Debug-iphonesimulator/LocalLLMClientCore.o

ExtractAppIntentsMetadata (in target 'LocalLLMClientCore' from project 'LocalLLMClient')
    cd /Users/gunnarhostetler/Documents/GitHub/OpenIntelligence/Vendor/LocalLLMClient
    /Applications/Xcode.app/Contents/Developer/Toolchains/XcodeDefault.xctoolchain/usr/bin/appintentsmetadataprocessor --toolchain-dir /var/run/com.apple.security.cryptexd/mnt/com.apple.MobileAsset.MetalToolchain-v17.2.54.0.h1Qr4f/Metal.xctoolchain --module-name LocalLLMClientCore --sdk-root /Applications/Xcode.app/Contents/Developer/Platforms/iPhoneSimulator.platform/Developer/SDKs/iPhoneSimulator26.1.sdk --xcode-version 17B100 --platform-family iOS --deployment-target 16.0 --bundle-identifier localllmclient.LocalLLMClientCore --output /Users/gunnarhostetler/Library/Developer/Xcode/DerivedData/OpenIntelligence-exvenikajtsxhefyqtimuofgvczj/Build/Products/Debug-iphonesimulator/LocalLLMClientCore.appintents --target-triple arm64-apple-ios16.0-simulator --binary-file /Users/gunnarhostetler/Library/Developer/Xcode/DerivedData/OpenIntelligence-exvenikajtsxhefyqtimuofgvczj/Build/Products/Debug-iphonesimulator/LocalLLMClientCore.o --dependency-file /Users/gunnarhostetler/Library/Developer/Xcode/DerivedData/OpenIntelligence-exvenikajtsxhefyqtimuofgvczj/Build/Intermediates.noindex/LocalLLMClient.build/Debug-iphonesimulator/LocalLLMClientCore.build/Objects-normal/arm64/LocalLLMClientCore_dependency_info.dat --stringsdata-file /Users/gunnarhostetler/Library/Developer/Xcode/DerivedData/OpenIntelligence-exvenikajtsxhefyqtimuofgvczj/Build/Intermediates.noindex/LocalLLMClient.build/Debug-iphonesimulator/LocalLLMClientCore.build/Objects-normal/arm64/ExtractedAppShortcutsMetadata.stringsdata --source-file-list /Users/gunnarhostetler/Library/Developer/Xcode/DerivedData/OpenIntelligence-exvenikajtsxhefyqtimuofgvczj/Build/Intermediates.noindex/LocalLLMClient.build/Debug-iphonesimulator/LocalLLMClientCore.build/Objects-normal/arm64/LocalLLMClientCore.SwiftFileList --metadata-file-list /Users/gunnarhostetler/Library/Developer/Xcode/DerivedData/OpenIntelligence-exvenikajtsxhefyqtimuofgvczj/Build/Intermediates.noindex/LocalLLMClient.build/Debug-iphonesimulator/LocalLLMClientCore.build/LocalLLMClientCore.DependencyMetadataFileList --static-metadata-file-list /Users/gunnarhostetler/Library/Developer/Xcode/DerivedData/OpenIntelligence-exvenikajtsxhefyqtimuofgvczj/Build/Intermediates.noindex/LocalLLMClient.build/Debug-iphonesimulator/LocalLLMClientCore.build/LocalLLMClientCore.DependencyStaticMetadataFileList --swift-const-vals-list /Users/gunnarhostetler/Library/Developer/Xcode/DerivedData/OpenIntelligence-exvenikajtsxhefyqtimuofgvczj/Build/Intermediates.noindex/LocalLLMClient.build/Debug-iphonesimulator/LocalLLMClientCore.build/Objects-normal/arm64/LocalLLMClientCore.SwiftConstValuesFileList --force --compile-time-extraction --deployment-aware-processing --validate-assistant-intents --no-app-shortcuts-localization
2025-11-21 21:24:50.917 appintentsmetadataprocessor[61408:13351411] Starting appintentsmetadataprocessor export
2025-11-21 21:24:51.237 appintentsmetadataprocessor[61408:13351411] Extracted no relevant App Intents symbols, skipping writing output

SwiftCompile normal arm64 Compiling\ LocalLLMClient.swift /Users/gunnarhostetler/Documents/GitHub/OpenIntelligence/Vendor/LocalLLMClient/Sources/LocalLLMClient/LocalLLMClient.swift (in target 'LocalLLMClient' from project 'LocalLLMClient')

SwiftCompile normal arm64 /Users/gunnarhostetler/Documents/GitHub/OpenIntelligence/Vendor/LocalLLMClient/Sources/LocalLLMClient/LocalLLMClient.swift (in target 'LocalLLMClient' from project 'LocalLLMClient')
    cd /Users/gunnarhostetler/Documents/GitHub/OpenIntelligence/OpenIntelligence.xcodeproj
    

SwiftEmitModule normal arm64 Emitting\ module\ for\ LocalLLMClient (in target 'LocalLLMClient' from project 'LocalLLMClient')

SwiftCompile normal arm64 /Users/gunnarhostetler/Documents/GitHub/OpenIntelligence/Vendor/LocalLLMClient/Sources/LocalLLMClient/LocalLLMClient.swift (in target 'LocalLLMClient' from project 'LocalLLMClient')
    cd /Users/gunnarhostetler/Documents/GitHub/OpenIntelligence/OpenIntelligence.xcodeproj
    

SwiftDriverJobDiscovery normal arm64 Compiling MultimodalChunkExtractor.swift, ToolInstructionProcessor.swift (in target 'LocalLLMClientLlama' from project 'LocalLLMClient')

SwiftDriverJobDiscovery normal arm64 Emitting module for LocalLLMClient (in target 'LocalLLMClient' from project 'LocalLLMClient')

SwiftDriver\ Compilation\ Requirements LocalLLMClient normal arm64 com.apple.xcode.tools.swift.compiler (in target 'LocalLLMClient' from project 'LocalLLMClient')
    cd /Users/gunnarhostetler/Documents/GitHub/OpenIntelligence/OpenIntelligence.xcodeproj
    builtin-Swift-Compilation-Requirements -- /Applications/Xcode.app/Contents/Developer/Toolchains/XcodeDefault.xctoolchain/usr/bin/swiftc -module-name LocalLLMClient -Onone -enforce-exclusivity\=checked @/Users/gunnarhostetler/Library/Developer/Xcode/DerivedData/OpenIntelligence-exvenikajtsxhefyqtimuofgvczj/Build/Intermediates.noindex/LocalLLMClient.build/Debug-iphonesimulator/LocalLLMClient.build/Objects-normal/arm64/LocalLLMClient.SwiftFileList -DSWIFT_PACKAGE -DDEBUG -DSWIFT_MODULE_RESOURCE_BUNDLE_UNAVAILABLE -DXcode -plugin-path /Applications/Xcode.app/Contents/Developer/Toolchains/XcodeDefault.xctoolchain/usr/lib/swift/host/plugins/testing -enable-experimental-feature DebugDescriptionMacro -sdk /Applications/Xcode.app/Contents/Developer/Platforms/iPhoneSimulator.platform/Developer/SDKs/iPhoneSimulator26.1.sdk -target arm64-apple-ios16.0-simulator -g -module-cache-path /Users/gunnarhostetler/Library/Developer/Xcode/DerivedData/ModuleCache.noindex -Xfrontend -serialize-debugging-options -enable-testing -suppress-warnings -index-store-path /Users/gunnarhostetler/Library/Developer/Xcode/DerivedData/OpenIntelligence-exvenikajtsxhefyqtimuofgvczj/Index.noindex/DataStore -Xcc -D_LIBCPP_HARDENING_MODE\=_LIBCPP_HARDENING_MODE_DEBUG -swift-version 6 -I /Users/gunnarhostetler/Library/Developer/Xcode/DerivedData/OpenIntelligence-exvenikajtsxhefyqtimuofgvczj/Build/Products/Debug-iphonesimulator -Isystem /Applications/Xcode.app/Contents/Developer/Platforms/iPhoneSimulator.platform/Developer/usr/lib -F /Users/gunnarhostetler/Library/Developer/Xcode/DerivedData/OpenIntelligence-exvenikajtsxhefyqtimuofgvczj/Build/Products/Debug-iphonesimulator/PackageFrameworks -F /Users/gunnarhostetler/Library/Developer/Xcode/DerivedData/OpenIntelligence-exvenikajtsxhefyqtimuofgvczj/Build/Products/Debug-iphonesimulator/PackageFrameworks -F /Users/gunnarhostetler/Library/Developer/Xcode/DerivedData/OpenIntelligence-exvenikajtsxhefyqtimuofgvczj/Build/Products/Debug-iphonesimulator/PackageFrameworks -F /Users/gunnarhostetler/Library/Developer/Xcode/DerivedData/OpenIntelligence-exvenikajtsxhefyqtimuofgvczj/Build/Products/Debug-iphonesimulator/PackageFrameworks -F /Users/gunnarhostetler/Library/Developer/Xcode/DerivedData/OpenIntelligence-exvenikajtsxhefyqtimuofgvczj/Build/Products/Debug-iphonesimulator/PackageFrameworks -F /Users/gunnarhostetler/Library/Developer/Xcode/DerivedData/OpenIntelligence-exvenikajtsxhefyqtimuofgvczj/Build/Products/Debug-iphonesimulator/PackageFrameworks -F /Users/gunnarhostetler/Library/Developer/Xcode/DerivedData/OpenIntelligence-exvenikajtsxhefyqtimuofgvczj/Build/Products/Debug-iphonesimulator -F /Applications/Xcode.app/Contents/Developer/Platforms/iPhoneSimulator.platform/Developer/Library/Frameworks -F /Applications/Xcode.app/Contents/Developer/Platforms/iPhoneSimulator.platform/Developer/SDKs/iPhoneSimulator26.1.sdk/Developer/Library/Frameworks -Xfrontend -load-plugin-executable -Xfrontend /Users/gunnarhostetler/Library/Developer/Xcode/DerivedData/OpenIntelligence-exvenikajtsxhefyqtimuofgvczj/Build/Products/Debug/LocalLLMClientMacrosPlugin\#LocalLLMClientMacrosPlugin -parse-as-library -c -j11 -enable-batch-mode -incremental -Xcc -ivfsstatcache -Xcc /Users/gunnarhostetler/Library/Developer/Xcode/DerivedData/SDKStatCaches.noindex/iphonesimulator26.1-23B77-3885c01c3e6b6a337905948deab2002e90cf18a4295e390e64c810bc6bd7acbc.sdkstatcache -output-file-map /Users/gunnarhostetler/Library/Developer/Xcode/DerivedData/OpenIntelligence-exvenikajtsxhefyqtimuofgvczj/Build/Intermediates.noindex/LocalLLMClient.build/Debug-iphonesimulator/LocalLLMClient.build/Objects-normal/arm64/LocalLLMClient-OutputFileMap.json -use-frontend-parseable-output -save-temps -no-color-diagnostics -explicit-module-build -module-cache-path /Users/gunnarhostetler/Library/Developer/Xcode/DerivedData/OpenIntelligence-exvenikajtsxhefyqtimuofgvczj/Build/Intermediates.noindex/SwiftExplicitPrecompiledModules -clang-scanner-module-cache-path /Users/gunnarhostetler/Library/Developer/Xcode/DerivedData/ModuleCache.noindex -sdk-module-cache-path /Users/gunnarhostetler/Library/Developer/Xcode/DerivedData/ModuleCache.noindex -serialize-diagnostics -emit-dependencies -emit-module -emit-module-path /Users/gunnarhostetler/Library/Developer/Xcode/DerivedData/OpenIntelligence-exvenikajtsxhefyqtimuofgvczj/Build/Intermediates.noindex/LocalLLMClient.build/Debug-iphonesimulator/LocalLLMClient.build/Objects-normal/arm64/LocalLLMClient.swiftmodule -validate-clang-modules-once -clang-build-session-file /Users/gunnarhostetler/Library/Developer/Xcode/DerivedData/ModuleCache.noindex/Session.modulevalidation -package-name localllmclient -Xcc -I/Users/gunnarhostetler/Library/Developer/Xcode/DerivedData/OpenIntelligence-exvenikajtsxhefyqtimuofgvczj/Build/Intermediates.noindex/LocalLLMClient.build/Debug-iphonesimulator/LocalLLMClient.build/swift-overrides.hmap -emit-const-values -Xfrontend -const-gather-protocols-file -Xfrontend /Users/gunnarhostetler/Library/Developer/Xcode/DerivedData/OpenIntelligence-exvenikajtsxhefyqtimuofgvczj/Build/Intermediates.noindex/LocalLLMClient.build/Debug-iphonesimulator/LocalLLMClient.build/Objects-normal/arm64/LocalLLMClient_const_extract_protocols.json -Xcc -I/Users/gunnarhostetler/Library/Developer/Xcode/DerivedData/OpenIntelligence-exvenikajtsxhefyqtimuofgvczj/Build/Products/Debug-iphonesimulator/include -Xcc -I/Users/gunnarhostetler/Library/Developer/Xcode/DerivedData/OpenIntelligence-exvenikajtsxhefyqtimuofgvczj/Build/Intermediates.noindex/LocalLLMClient.build/Debug-iphonesimulator/LocalLLMClient.build/DerivedSources-normal/arm64 -Xcc -I/Users/gunnarhostetler/Library/Developer/Xcode/DerivedData/OpenIntelligence-exvenikajtsxhefyqtimuofgvczj/Build/Intermediates.noindex/LocalLLMClient.build/Debug-iphonesimulator/LocalLLMClient.build/DerivedSources/arm64 -Xcc -I/Users/gunnarhostetler/Library/Developer/Xcode/DerivedData/OpenIntelligence-exvenikajtsxhefyqtimuofgvczj/Build/Intermediates.noindex/LocalLLMClient.build/Debug-iphonesimulator/LocalLLMClient.build/DerivedSources -Xcc -DSWIFT_PACKAGE -Xcc -DDEBUG\=1 -emit-objc-header -emit-objc-header-path /Users/gunnarhostetler/Library/Developer/Xcode/DerivedData/OpenIntelligence-exvenikajtsxhefyqtimuofgvczj/Build/Intermediates.noindex/LocalLLMClient.build/Debug-iphonesimulator/LocalLLMClient.build/Objects-normal/arm64/LocalLLMClient-Swift.h -working-directory /Users/gunnarhostetler/Documents/GitHub/OpenIntelligence/OpenIntelligence.xcodeproj -experimental-emit-module-separately -disable-cmo

SwiftMergeGeneratedHeaders /Users/gunnarhostetler/Library/Developer/Xcode/DerivedData/OpenIntelligence-exvenikajtsxhefyqtimuofgvczj/Build/Intermediates.noindex/GeneratedModuleMaps-iphonesimulator/LocalLLMClient-Swift.h /Users/gunnarhostetler/Library/Developer/Xcode/DerivedData/OpenIntelligence-exvenikajtsxhefyqtimuofgvczj/Build/Intermediates.noindex/LocalLLMClient.build/Debug-iphonesimulator/LocalLLMClient.build/Objects-normal/arm64/LocalLLMClient-Swift.h (in target 'LocalLLMClient' from project 'LocalLLMClient')
    cd /Users/gunnarhostetler/Documents/GitHub/OpenIntelligence/Vendor/LocalLLMClient
    builtin-swiftHeaderTool -arch arm64 /Users/gunnarhostetler/Library/Developer/Xcode/DerivedData/OpenIntelligence-exvenikajtsxhefyqtimuofgvczj/Build/Intermediates.noindex/LocalLLMClient.build/Debug-iphonesimulator/LocalLLMClient.build/Objects-normal/arm64/LocalLLMClient-Swift.h -o /Users/gunnarhostetler/Library/Developer/Xcode/DerivedData/OpenIntelligence-exvenikajtsxhefyqtimuofgvczj/Build/Intermediates.noindex/GeneratedModuleMaps-iphonesimulator/LocalLLMClient-Swift.h

Copy /Users/gunnarhostetler/Library/Developer/Xcode/DerivedData/OpenIntelligence-exvenikajtsxhefyqtimuofgvczj/Build/Products/Debug-iphonesimulator/LocalLLMClient.swiftmodule/arm64-apple-ios-simulator.swiftmodule /Users/gunnarhostetler/Library/Developer/Xcode/DerivedData/OpenIntelligence-exvenikajtsxhefyqtimuofgvczj/Build/Intermediates.noindex/LocalLLMClient.build/Debug-iphonesimulator/LocalLLMClient.build/Objects-normal/arm64/LocalLLMClient.swiftmodule (in target 'LocalLLMClient' from project 'LocalLLMClient')
    cd /Users/gunnarhostetler/Documents/GitHub/OpenIntelligence/Vendor/LocalLLMClient
    builtin-copy -exclude .DS_Store -exclude CVS -exclude .svn -exclude .git -exclude .hg -resolve-src-symlinks -rename /Users/gunnarhostetler/Library/Developer/Xcode/DerivedData/OpenIntelligence-exvenikajtsxhefyqtimuofgvczj/Build/Intermediates.noindex/LocalLLMClient.build/Debug-iphonesimulator/LocalLLMClient.build/Objects-normal/arm64/LocalLLMClient.swiftmodule /Users/gunnarhostetler/Library/Developer/Xcode/DerivedData/OpenIntelligence-exvenikajtsxhefyqtimuofgvczj/Build/Products/Debug-iphonesimulator/LocalLLMClient.swiftmodule/arm64-apple-ios-simulator.swiftmodule

Copy /Users/gunnarhostetler/Library/Developer/Xcode/DerivedData/OpenIntelligence-exvenikajtsxhefyqtimuofgvczj/Build/Products/Debug-iphonesimulator/LocalLLMClient.swiftmodule/arm64-apple-ios-simulator.swiftdoc /Users/gunnarhostetler/Library/Developer/Xcode/DerivedData/OpenIntelligence-exvenikajtsxhefyqtimuofgvczj/Build/Intermediates.noindex/LocalLLMClient.build/Debug-iphonesimulator/LocalLLMClient.build/Objects-normal/arm64/LocalLLMClient.swiftdoc (in target 'LocalLLMClient' from project 'LocalLLMClient')
    cd /Users/gunnarhostetler/Documents/GitHub/OpenIntelligence/Vendor/LocalLLMClient
    builtin-copy -exclude .DS_Store -exclude CVS -exclude .svn -exclude .git -exclude .hg -resolve-src-symlinks -rename /Users/gunnarhostetler/Library/Developer/Xcode/DerivedData/OpenIntelligence-exvenikajtsxhefyqtimuofgvczj/Build/Intermediates.noindex/LocalLLMClient.build/Debug-iphonesimulator/LocalLLMClient.build/Objects-normal/arm64/LocalLLMClient.swiftdoc /Users/gunnarhostetler/Library/Developer/Xcode/DerivedData/OpenIntelligence-exvenikajtsxhefyqtimuofgvczj/Build/Products/Debug-iphonesimulator/LocalLLMClient.swiftmodule/arm64-apple-ios-simulator.swiftdoc

Copy /Users/gunnarhostetler/Library/Developer/Xcode/DerivedData/OpenIntelligence-exvenikajtsxhefyqtimuofgvczj/Build/Products/Debug-iphonesimulator/LocalLLMClient.swiftmodule/arm64-apple-ios-simulator.abi.json /Users/gunnarhostetler/Library/Developer/Xcode/DerivedData/OpenIntelligence-exvenikajtsxhefyqtimuofgvczj/Build/Intermediates.noindex/LocalLLMClient.build/Debug-iphonesimulator/LocalLLMClient.build/Objects-normal/arm64/LocalLLMClient.abi.json (in target 'LocalLLMClient' from project 'LocalLLMClient')
    cd /Users/gunnarhostetler/Documents/GitHub/OpenIntelligence/Vendor/LocalLLMClient
    builtin-copy -exclude .DS_Store -exclude CVS -exclude .svn -exclude .git -exclude .hg -resolve-src-symlinks -rename /Users/gunnarhostetler/Library/Developer/Xcode/DerivedData/OpenIntelligence-exvenikajtsxhefyqtimuofgvczj/Build/Intermediates.noindex/LocalLLMClient.build/Debug-iphonesimulator/LocalLLMClient.build/Objects-normal/arm64/LocalLLMClient.abi.json /Users/gunnarhostetler/Library/Developer/Xcode/DerivedData/OpenIntelligence-exvenikajtsxhefyqtimuofgvczj/Build/Products/Debug-iphonesimulator/LocalLLMClient.swiftmodule/arm64-apple-ios-simulator.abi.json

Copy /Users/gunnarhostetler/Library/Developer/Xcode/DerivedData/OpenIntelligence-exvenikajtsxhefyqtimuofgvczj/Build/Products/Debug-iphonesimulator/LocalLLMClient.swiftmodule/Project/arm64-apple-ios-simulator.swiftsourceinfo /Users/gunnarhostetler/Library/Developer/Xcode/DerivedData/OpenIntelligence-exvenikajtsxhefyqtimuofgvczj/Build/Intermediates.noindex/LocalLLMClient.build/Debug-iphonesimulator/LocalLLMClient.build/Objects-normal/arm64/LocalLLMClient.swiftsourceinfo (in target 'LocalLLMClient' from project 'LocalLLMClient')
    cd /Users/gunnarhostetler/Documents/GitHub/OpenIntelligence/Vendor/LocalLLMClient
    builtin-copy -exclude .DS_Store -exclude CVS -exclude .svn -exclude .git -exclude .hg -resolve-src-symlinks -rename /Users/gunnarhostetler/Library/Developer/Xcode/DerivedData/OpenIntelligence-exvenikajtsxhefyqtimuofgvczj/Build/Intermediates.noindex/LocalLLMClient.build/Debug-iphonesimulator/LocalLLMClient.build/Objects-normal/arm64/LocalLLMClient.swiftsourceinfo /Users/gunnarhostetler/Library/Developer/Xcode/DerivedData/OpenIntelligence-exvenikajtsxhefyqtimuofgvczj/Build/Products/Debug-iphonesimulator/LocalLLMClient.swiftmodule/Project/arm64-apple-ios-simulator.swiftsourceinfo

SwiftDriverJobDiscovery normal arm64 Compiling LocalLLMClient.swift (in target 'LocalLLMClient' from project 'LocalLLMClient')

SwiftDriver\ Compilation LocalLLMClient normal arm64 com.apple.xcode.tools.swift.compiler (in target 'LocalLLMClient' from project 'LocalLLMClient')
    cd /Users/gunnarhostetler/Documents/GitHub/OpenIntelligence/OpenIntelligence.xcodeproj
    builtin-Swift-Compilation -- /Applications/Xcode.app/Contents/Developer/Toolchains/XcodeDefault.xctoolchain/usr/bin/swiftc -module-name LocalLLMClient -Onone -enforce-exclusivity\=checked @/Users/gunnarhostetler/Library/Developer/Xcode/DerivedData/OpenIntelligence-exvenikajtsxhefyqtimuofgvczj/Build/Intermediates.noindex/LocalLLMClient.build/Debug-iphonesimulator/LocalLLMClient.build/Objects-normal/arm64/LocalLLMClient.SwiftFileList -DSWIFT_PACKAGE -DDEBUG -DSWIFT_MODULE_RESOURCE_BUNDLE_UNAVAILABLE -DXcode -plugin-path /Applications/Xcode.app/Contents/Developer/Toolchains/XcodeDefault.xctoolchain/usr/lib/swift/host/plugins/testing -enable-experimental-feature DebugDescriptionMacro -sdk /Applications/Xcode.app/Contents/Developer/Platforms/iPhoneSimulator.platform/Developer/SDKs/iPhoneSimulator26.1.sdk -target arm64-apple-ios16.0-simulator -g -module-cache-path /Users/gunnarhostetler/Library/Developer/Xcode/DerivedData/ModuleCache.noindex -Xfrontend -serialize-debugging-options -enable-testing -suppress-warnings -index-store-path /Users/gunnarhostetler/Library/Developer/Xcode/DerivedData/OpenIntelligence-exvenikajtsxhefyqtimuofgvczj/Index.noindex/DataStore -Xcc -D_LIBCPP_HARDENING_MODE\=_LIBCPP_HARDENING_MODE_DEBUG -swift-version 6 -I /Users/gunnarhostetler/Library/Developer/Xcode/DerivedData/OpenIntelligence-exvenikajtsxhefyqtimuofgvczj/Build/Products/Debug-iphonesimulator -Isystem /Applications/Xcode.app/Contents/Developer/Platforms/iPhoneSimulator.platform/Developer/usr/lib -F /Users/gunnarhostetler/Library/Developer/Xcode/DerivedData/OpenIntelligence-exvenikajtsxhefyqtimuofgvczj/Build/Products/Debug-iphonesimulator/PackageFrameworks -F /Users/gunnarhostetler/Library/Developer/Xcode/DerivedData/OpenIntelligence-exvenikajtsxhefyqtimuofgvczj/Build/Products/Debug-iphonesimulator/PackageFrameworks -F /Users/gunnarhostetler/Library/Developer/Xcode/DerivedData/OpenIntelligence-exvenikajtsxhefyqtimuofgvczj/Build/Products/Debug-iphonesimulator/PackageFrameworks -F /Users/gunnarhostetler/Library/Developer/Xcode/DerivedData/OpenIntelligence-exvenikajtsxhefyqtimuofgvczj/Build/Products/Debug-iphonesimulator/PackageFrameworks -F /Users/gunnarhostetler/Library/Developer/Xcode/DerivedData/OpenIntelligence-exvenikajtsxhefyqtimuofgvczj/Build/Products/Debug-iphonesimulator/PackageFrameworks -F /Users/gunnarhostetler/Library/Developer/Xcode/DerivedData/OpenIntelligence-exvenikajtsxhefyqtimuofgvczj/Build/Products/Debug-iphonesimulator/PackageFrameworks -F /Users/gunnarhostetler/Library/Developer/Xcode/DerivedData/OpenIntelligence-exvenikajtsxhefyqtimuofgvczj/Build/Products/Debug-iphonesimulator -F /Applications/Xcode.app/Contents/Developer/Platforms/iPhoneSimulator.platform/Developer/Library/Frameworks -F /Applications/Xcode.app/Contents/Developer/Platforms/iPhoneSimulator.platform/Developer/SDKs/iPhoneSimulator26.1.sdk/Developer/Library/Frameworks -Xfrontend -load-plugin-executable -Xfrontend /Users/gunnarhostetler/Library/Developer/Xcode/DerivedData/OpenIntelligence-exvenikajtsxhefyqtimuofgvczj/Build/Products/Debug/LocalLLMClientMacrosPlugin\#LocalLLMClientMacrosPlugin -parse-as-library -c -j11 -enable-batch-mode -incremental -Xcc -ivfsstatcache -Xcc /Users/gunnarhostetler/Library/Developer/Xcode/DerivedData/SDKStatCaches.noindex/iphonesimulator26.1-23B77-3885c01c3e6b6a337905948deab2002e90cf18a4295e390e64c810bc6bd7acbc.sdkstatcache -output-file-map /Users/gunnarhostetler/Library/Developer/Xcode/DerivedData/OpenIntelligence-exvenikajtsxhefyqtimuofgvczj/Build/Intermediates.noindex/LocalLLMClient.build/Debug-iphonesimulator/LocalLLMClient.build/Objects-normal/arm64/LocalLLMClient-OutputFileMap.json -use-frontend-parseable-output -save-temps -no-color-diagnostics -explicit-module-build -module-cache-path /Users/gunnarhostetler/Library/Developer/Xcode/DerivedData/OpenIntelligence-exvenikajtsxhefyqtimuofgvczj/Build/Intermediates.noindex/SwiftExplicitPrecompiledModules -clang-scanner-module-cache-path /Users/gunnarhostetler/Library/Developer/Xcode/DerivedData/ModuleCache.noindex -sdk-module-cache-path /Users/gunnarhostetler/Library/Developer/Xcode/DerivedData/ModuleCache.noindex -serialize-diagnostics -emit-dependencies -emit-module -emit-module-path /Users/gunnarhostetler/Library/Developer/Xcode/DerivedData/OpenIntelligence-exvenikajtsxhefyqtimuofgvczj/Build/Intermediates.noindex/LocalLLMClient.build/Debug-iphonesimulator/LocalLLMClient.build/Objects-normal/arm64/LocalLLMClient.swiftmodule -validate-clang-modules-once -clang-build-session-file /Users/gunnarhostetler/Library/Developer/Xcode/DerivedData/ModuleCache.noindex/Session.modulevalidation -package-name localllmclient -Xcc -I/Users/gunnarhostetler/Library/Developer/Xcode/DerivedData/OpenIntelligence-exvenikajtsxhefyqtimuofgvczj/Build/Intermediates.noindex/LocalLLMClient.build/Debug-iphonesimulator/LocalLLMClient.build/swift-overrides.hmap -emit-const-values -Xfrontend -const-gather-protocols-file -Xfrontend /Users/gunnarhostetler/Library/Developer/Xcode/DerivedData/OpenIntelligence-exvenikajtsxhefyqtimuofgvczj/Build/Intermediates.noindex/LocalLLMClient.build/Debug-iphonesimulator/LocalLLMClient.build/Objects-normal/arm64/LocalLLMClient_const_extract_protocols.json -Xcc -I/Users/gunnarhostetler/Library/Developer/Xcode/DerivedData/OpenIntelligence-exvenikajtsxhefyqtimuofgvczj/Build/Products/Debug-iphonesimulator/include -Xcc -I/Users/gunnarhostetler/Library/Developer/Xcode/DerivedData/OpenIntelligence-exvenikajtsxhefyqtimuofgvczj/Build/Intermediates.noindex/LocalLLMClient.build/Debug-iphonesimulator/LocalLLMClient.build/DerivedSources-normal/arm64 -Xcc -I/Users/gunnarhostetler/Library/Developer/Xcode/DerivedData/OpenIntelligence-exvenikajtsxhefyqtimuofgvczj/Build/Intermediates.noindex/LocalLLMClient.build/Debug-iphonesimulator/LocalLLMClient.build/DerivedSources/arm64 -Xcc -I/Users/gunnarhostetler/Library/Developer/Xcode/DerivedData/OpenIntelligence-exvenikajtsxhefyqtimuofgvczj/Build/Intermediates.noindex/LocalLLMClient.build/Debug-iphonesimulator/LocalLLMClient.build/DerivedSources -Xcc -DSWIFT_PACKAGE -Xcc -DDEBUG\=1 -emit-objc-header -emit-objc-header-path /Users/gunnarhostetler/Library/Developer/Xcode/DerivedData/OpenIntelligence-exvenikajtsxhefyqtimuofgvczj/Build/Intermediates.noindex/LocalLLMClient.build/Debug-iphonesimulator/LocalLLMClient.build/Objects-normal/arm64/LocalLLMClient-Swift.h -working-directory /Users/gunnarhostetler/Documents/GitHub/OpenIntelligence/OpenIntelligence.xcodeproj -experimental-emit-module-separately -disable-cmo

ProcessProductPackaging "" /Users/gunnarhostetler/Library/Developer/Xcode/DerivedData/OpenIntelligence-exvenikajtsxhefyqtimuofgvczj/Build/Intermediates.noindex/OpenIntelligence.build/Debug-iphonesimulator/OpenIntelligence.build/OpenIntelligence.app-Simulated.xcent (in target 'OpenIntelligence' from project 'OpenIntelligence')
    cd /Users/gunnarhostetler/Documents/GitHub/OpenIntelligence
    
    Entitlements:
    
    {
    "application-identifier" = "Z3E334EXZD.Gunndamental.OpenIntelligence";
}
    
    builtin-productPackagingUtility -entitlements -format xml -o /Users/gunnarhostetler/Library/Developer/Xcode/DerivedData/OpenIntelligence-exvenikajtsxhefyqtimuofgvczj/Build/Intermediates.noindex/OpenIntelligence.build/Debug-iphonesimulator/OpenIntelligence.build/OpenIntelligence.app-Simulated.xcent

ProcessProductPackagingDER /Users/gunnarhostetler/Library/Developer/Xcode/DerivedData/OpenIntelligence-exvenikajtsxhefyqtimuofgvczj/Build/Intermediates.noindex/OpenIntelligence.build/Debug-iphonesimulator/OpenIntelligence.build/OpenIntelligence.app-Simulated.xcent /Users/gunnarhostetler/Library/Developer/Xcode/DerivedData/OpenIntelligence-exvenikajtsxhefyqtimuofgvczj/Build/Intermediates.noindex/OpenIntelligence.build/Debug-iphonesimulator/OpenIntelligence.build/OpenIntelligence.app-Simulated.xcent.der (in target 'OpenIntelligence' from project 'OpenIntelligence')
    cd /Users/gunnarhostetler/Documents/GitHub/OpenIntelligence
    /usr/bin/derq query -f xml -i /Users/gunnarhostetler/Library/Developer/Xcode/DerivedData/OpenIntelligence-exvenikajtsxhefyqtimuofgvczj/Build/Intermediates.noindex/OpenIntelligence.build/Debug-iphonesimulator/OpenIntelligence.build/OpenIntelligence.app-Simulated.xcent -o /Users/gunnarhostetler/Library/Developer/Xcode/DerivedData/OpenIntelligence-exvenikajtsxhefyqtimuofgvczj/Build/Intermediates.noindex/OpenIntelligence.build/Debug-iphonesimulator/OpenIntelligence.build/OpenIntelligence.app-Simulated.xcent.der --raw

MkDir /Users/gunnarhostetler/Library/Developer/Xcode/DerivedData/OpenIntelligence-exvenikajtsxhefyqtimuofgvczj/Build/Intermediates.noindex/OpenIntelligence.build/Debug-iphonesimulator/OpenIntelligence.build/assetcatalog_output/thinned (in target 'OpenIntelligence' from project 'OpenIntelligence')
    cd /Users/gunnarhostetler/Documents/GitHub/OpenIntelligence
    /bin/mkdir -p /Users/gunnarhostetler/Library/Developer/Xcode/DerivedData/OpenIntelligence-exvenikajtsxhefyqtimuofgvczj/Build/Intermediates.noindex/OpenIntelligence.build/Debug-iphonesimulator/OpenIntelligence.build/assetcatalog_output/thinned

MkDir /Users/gunnarhostetler/Library/Developer/Xcode/DerivedData/OpenIntelligence-exvenikajtsxhefyqtimuofgvczj/Build/Intermediates.noindex/OpenIntelligence.build/Debug-iphonesimulator/OpenIntelligence.build/assetcatalog_output/unthinned (in target 'OpenIntelligence' from project 'OpenIntelligence')
    cd /Users/gunnarhostetler/Documents/GitHub/OpenIntelligence
    /bin/mkdir -p /Users/gunnarhostetler/Library/Developer/Xcode/DerivedData/OpenIntelligence-exvenikajtsxhefyqtimuofgvczj/Build/Intermediates.noindex/OpenIntelligence.build/Debug-iphonesimulator/OpenIntelligence.build/assetcatalog_output/unthinned

GenerateAssetSymbols /Users/gunnarhostetler/Documents/GitHub/OpenIntelligence/OpenIntelligence/Assets.xcassets (in target 'OpenIntelligence' from project 'OpenIntelligence')
    cd /Users/gunnarhostetler/Documents/GitHub/OpenIntelligence
    /Applications/Xcode.app/Contents/Developer/usr/bin/actool /Users/gunnarhostetler/Documents/GitHub/OpenIntelligence/OpenIntelligence/Assets.xcassets --compile /Users/gunnarhostetler/Library/Developer/Xcode/DerivedData/OpenIntelligence-exvenikajtsxhefyqtimuofgvczj/Build/Products/Debug-iphonesimulator/OpenIntelligence.app --output-format human-readable-text --notices --warnings --export-dependency-info /Users/gunnarhostetler/Library/Developer/Xcode/DerivedData/OpenIntelligence-exvenikajtsxhefyqtimuofgvczj/Build/Intermediates.noindex/OpenIntelligence.build/Debug-iphonesimulator/OpenIntelligence.build/assetcatalog_dependencies --output-partial-info-plist /Users/gunnarhostetler/Library/Developer/Xcode/DerivedData/OpenIntelligence-exvenikajtsxhefyqtimuofgvczj/Build/Intermediates.noindex/OpenIntelligence.build/Debug-iphonesimulator/OpenIntelligence.build/assetcatalog_generated_info.plist --app-icon AppIcon --accent-color AccentColor --compress-pngs --enable-on-demand-resources YES --development-region en --target-device iphone --target-device ipad --minimum-deployment-target 26.0 --platform iphonesimulator --bundle-identifier Gunndamental.OpenIntelligence --generate-swift-asset-symbols /Users/gunnarhostetler/Library/Developer/Xcode/DerivedData/OpenIntelligence-exvenikajtsxhefyqtimuofgvczj/Build/Intermediates.noindex/OpenIntelligence.build/Debug-iphonesimulator/OpenIntelligence.build/DerivedSources/GeneratedAssetSymbols.swift --generate-objc-asset-symbols /Users/gunnarhostetler/Library/Developer/Xcode/DerivedData/OpenIntelligence-exvenikajtsxhefyqtimuofgvczj/Build/Intermediates.noindex/OpenIntelligence.build/Debug-iphonesimulator/OpenIntelligence.build/DerivedSources/GeneratedAssetSymbols.h --generate-asset-symbol-index /Users/gunnarhostetler/Library/Developer/Xcode/DerivedData/OpenIntelligence-exvenikajtsxhefyqtimuofgvczj/Build/Intermediates.noindex/OpenIntelligence.build/Debug-iphonesimulator/OpenIntelligence.build/DerivedSources/GeneratedAssetSymbols-Index.plist
/* com.apple.actool.compilation-results */
/Users/gunnarhostetler/Library/Developer/Xcode/DerivedData/OpenIntelligence-exvenikajtsxhefyqtimuofgvczj/Build/Intermediates.noindex/OpenIntelligence.build/Debug-iphonesimulator/OpenIntelligence.build/DerivedSources/GeneratedAssetSymbols-Index.plist
/Users/gunnarhostetler/Library/Developer/Xcode/DerivedData/OpenIntelligence-exvenikajtsxhefyqtimuofgvczj/Build/Intermediates.noindex/OpenIntelligence.build/Debug-iphonesimulator/OpenIntelligence.build/DerivedSources/GeneratedAssetSymbols.h
/Users/gunnarhostetler/Library/Developer/Xcode/DerivedData/OpenIntelligence-exvenikajtsxhefyqtimuofgvczj/Build/Intermediates.noindex/OpenIntelligence.build/Debug-iphonesimulator/OpenIntelligence.build/DerivedSources/GeneratedAssetSymbols.swift


CompileAssetCatalogVariant thinned /Users/gunnarhostetler/Library/Developer/Xcode/DerivedData/OpenIntelligence-exvenikajtsxhefyqtimuofgvczj/Build/Products/Debug-iphonesimulator/OpenIntelligence.app /Users/gunnarhostetler/Documents/GitHub/OpenIntelligence/OpenIntelligence/Assets.xcassets (in target 'OpenIntelligence' from project 'OpenIntelligence')
    cd /Users/gunnarhostetler/Documents/GitHub/OpenIntelligence
    /Applications/Xcode.app/Contents/Developer/usr/bin/actool /Users/gunnarhostetler/Documents/GitHub/OpenIntelligence/OpenIntelligence/Assets.xcassets --compile /Users/gunnarhostetler/Library/Developer/Xcode/DerivedData/OpenIntelligence-exvenikajtsxhefyqtimuofgvczj/Build/Intermediates.noindex/OpenIntelligence.build/Debug-iphonesimulator/OpenIntelligence.build/assetcatalog_output/thinned --output-format human-readable-text --notices --warnings --export-dependency-info /Users/gunnarhostetler/Library/Developer/Xcode/DerivedData/OpenIntelligence-exvenikajtsxhefyqtimuofgvczj/Build/Intermediates.noindex/OpenIntelligence.build/Debug-iphonesimulator/OpenIntelligence.build/assetcatalog_dependencies_thinned --output-partial-info-plist /Users/gunnarhostetler/Library/Developer/Xcode/DerivedData/OpenIntelligence-exvenikajtsxhefyqtimuofgvczj/Build/Intermediates.noindex/OpenIntelligence.build/Debug-iphonesimulator/OpenIntelligence.build/assetcatalog_generated_info.plist_thinned --app-icon AppIcon --accent-color AccentColor --compress-pngs --enable-on-demand-resources YES --filter-for-thinning-device-configuration iPhone18,2 --filter-for-device-os-version 26.1 --development-region en --target-device iphone --target-device ipad --minimum-deployment-target 26.0 --platform iphonesimulator
/* com.apple.actool.document.notices */
/Users/gunnarhostetler/Documents/GitHub/OpenIntelligence/OpenIntelligence/Assets.xcassets:./AppIcon.appiconset/[][ipad][76x76][][][1x][][][][]: notice: 76x76@1x app icons only apply to iPad apps targeting releases of iOS prior to 10.0.
/* com.apple.actool.compilation-results */
/Users/gunnarhostetler/Library/Developer/Xcode/DerivedData/OpenIntelligence-exvenikajtsxhefyqtimuofgvczj/Build/Intermediates.noindex/OpenIntelligence.build/Debug-iphonesimulator/OpenIntelligence.build/assetcatalog_generated_info.plist_thinned
/Users/gunnarhostetler/Library/Developer/Xcode/DerivedData/OpenIntelligence-exvenikajtsxhefyqtimuofgvczj/Build/Intermediates.noindex/OpenIntelligence.build/Debug-iphonesimulator/OpenIntelligence.build/assetcatalog_output/thinned/AppIcon60x60@2x.png
/Users/gunnarhostetler/Library/Developer/Xcode/DerivedData/OpenIntelligence-exvenikajtsxhefyqtimuofgvczj/Build/Intermediates.noindex/OpenIntelligence.build/Debug-iphonesimulator/OpenIntelligence.build/assetcatalog_output/thinned/AppIcon76x76@2x~ipad.png
/Users/gunnarhostetler/Library/Developer/Xcode/DerivedData/OpenIntelligence-exvenikajtsxhefyqtimuofgvczj/Build/Intermediates.noindex/OpenIntelligence.build/Debug-iphonesimulator/OpenIntelligence.build/assetcatalog_output/thinned/Assets.car


RegisterExecutionPolicyException /Users/gunnarhostetler/Library/Developer/Xcode/DerivedData/OpenIntelligence-exvenikajtsxhefyqtimuofgvczj/Build/Products/Debug-iphonesimulator/LocalLLMClientCore.o (in target 'LocalLLMClientCore' from project 'LocalLLMClient')
    cd /Users/gunnarhostetler/Documents/GitHub/OpenIntelligence/Vendor/LocalLLMClient
    builtin-RegisterExecutionPolicyException /Users/gunnarhostetler/Library/Developer/Xcode/DerivedData/OpenIntelligence-exvenikajtsxhefyqtimuofgvczj/Build/Products/Debug-iphonesimulator/LocalLLMClientCore.o

Ld /Users/gunnarhostetler/Library/Developer/Xcode/DerivedData/OpenIntelligence-exvenikajtsxhefyqtimuofgvczj/Build/Products/Debug-iphonesimulator/LocalLLMClientMacros.o normal (in target 'LocalLLMClientMacros' from project 'LocalLLMClient')
    cd /Users/gunnarhostetler/Documents/GitHub/OpenIntelligence/Vendor/LocalLLMClient
    /Applications/Xcode.app/Contents/Developer/Toolchains/XcodeDefault.xctoolchain/usr/bin/clang -Xlinker -reproducible -target arm64-apple-ios16.0-simulator -r -isysroot /Applications/Xcode.app/Contents/Developer/Platforms/iPhoneSimulator.platform/Developer/SDKs/iPhoneSimulator26.1.sdk -O0 -w -L/Users/gunnarhostetler/Library/Developer/Xcode/DerivedData/OpenIntelligence-exvenikajtsxhefyqtimuofgvczj/Build/Intermediates.noindex/EagerLinkingTBDs/Debug-iphonesimulator -L/Users/gunnarhostetler/Library/Developer/Xcode/DerivedData/OpenIntelligence-exvenikajtsxhefyqtimuofgvczj/Build/Products/Debug-iphonesimulator -L/Applications/Xcode.app/Contents/Developer/Platforms/iPhoneSimulator.platform/Developer/usr/lib -F/Users/gunnarhostetler/Library/Developer/Xcode/DerivedData/OpenIntelligence-exvenikajtsxhefyqtimuofgvczj/Build/Intermediates.noindex/EagerLinkingTBDs/Debug-iphonesimulator -F/Users/gunnarhostetler/Library/Developer/Xcode/DerivedData/OpenIntelligence-exvenikajtsxhefyqtimuofgvczj/Build/Products/Debug-iphonesimulator/PackageFrameworks -F/Users/gunnarhostetler/Library/Developer/Xcode/DerivedData/OpenIntelligence-exvenikajtsxhefyqtimuofgvczj/Build/Products/Debug-iphonesimulator/PackageFrameworks -F/Users/gunnarhostetler/Library/Developer/Xcode/DerivedData/OpenIntelligence-exvenikajtsxhefyqtimuofgvczj/Build/Products/Debug-iphonesimulator/PackageFrameworks -F/Users/gunnarhostetler/Library/Developer/Xcode/DerivedData/OpenIntelligence-exvenikajtsxhefyqtimuofgvczj/Build/Products/Debug-iphonesimulator/PackageFrameworks -F/Users/gunnarhostetler/Library/Developer/Xcode/DerivedData/OpenIntelligence-exvenikajtsxhefyqtimuofgvczj/Build/Products/Debug-iphonesimulator/PackageFrameworks -F/Users/gunnarhostetler/Library/Developer/Xcode/DerivedData/OpenIntelligence-exvenikajtsxhefyqtimuofgvczj/Build/Products/Debug-iphonesimulator -iframework /Applications/Xcode.app/Contents/Developer/Platforms/iPhoneSimulator.platform/Developer/Library/Frameworks -iframework /Applications/Xcode.app/Contents/Developer/Platforms/iPhoneSimulator.platform/Developer/SDKs/iPhoneSimulator26.1.sdk/Developer/Library/Frameworks -filelist /Users/gunnarhostetler/Library/Developer/Xcode/DerivedData/OpenIntelligence-exvenikajtsxhefyqtimuofgvczj/Build/Intermediates.noindex/LocalLLMClient.build/Debug-iphonesimulator/LocalLLMClientMacros.build/Objects-normal/arm64/LocalLLMClientMacros.LinkFileList -nostdlib -Xlinker -object_path_lto -Xlinker /Users/gunnarhostetler/Library/Developer/Xcode/DerivedData/OpenIntelligence-exvenikajtsxhefyqtimuofgvczj/Build/Intermediates.noindex/LocalLLMClient.build/Debug-iphonesimulator/LocalLLMClientMacros.build/Objects-normal/arm64/LocalLLMClientMacros_lto.o -rdynamic -Xlinker -no_deduplicate -Xlinker -objc_abi_version -Xlinker 2 -Xlinker -dependency_info -Xlinker /Users/gunnarhostetler/Library/Developer/Xcode/DerivedData/OpenIntelligence-exvenikajtsxhefyqtimuofgvczj/Build/Intermediates.noindex/LocalLLMClient.build/Debug-iphonesimulator/LocalLLMClientMacros.build/Objects-normal/arm64/LocalLLMClientMacros_dependency_info.dat -fobjc-link-runtime -L/Applications/Xcode.app/Contents/Developer/Toolchains/XcodeDefault.xctoolchain/usr/lib/swift/iphonesimulator -L/usr/lib/swift -Xlinker -add_ast_path -Xlinker /Users/gunnarhostetler/Library/Developer/Xcode/DerivedData/OpenIntelligence-exvenikajtsxhefyqtimuofgvczj/Build/Intermediates.noindex/LocalLLMClient.build/Debug-iphonesimulator/LocalLLMClientMacros.build/Objects-normal/arm64/LocalLLMClientMacros.swiftmodule @/Users/gunnarhostetler/Library/Developer/Xcode/DerivedData/OpenIntelligence-exvenikajtsxhefyqtimuofgvczj/Build/Intermediates.noindex/LocalLLMClient.build/Debug-iphonesimulator/LocalLLMClientMacros.build/Objects-normal/arm64/LocalLLMClientMacros-linker-args.resp -o /Users/gunnarhostetler/Library/Developer/Xcode/DerivedData/OpenIntelligence-exvenikajtsxhefyqtimuofgvczj/Build/Products/Debug-iphonesimulator/LocalLLMClientMacros.o

ExtractAppIntentsMetadata (in target 'LocalLLMClientMacros' from project 'LocalLLMClient')
    cd /Users/gunnarhostetler/Documents/GitHub/OpenIntelligence/Vendor/LocalLLMClient
    /Applications/Xcode.app/Contents/Developer/Toolchains/XcodeDefault.xctoolchain/usr/bin/appintentsmetadataprocessor --toolchain-dir /var/run/com.apple.security.cryptexd/mnt/com.apple.MobileAsset.MetalToolchain-v17.2.54.0.h1Qr4f/Metal.xctoolchain --module-name LocalLLMClientMacros --sdk-root /Applications/Xcode.app/Contents/Developer/Platforms/iPhoneSimulator.platform/Developer/SDKs/iPhoneSimulator26.1.sdk --xcode-version 17B100 --platform-family iOS --deployment-target 16.0 --bundle-identifier localllmclient.LocalLLMClientMacros --output /Users/gunnarhostetler/Library/Developer/Xcode/DerivedData/OpenIntelligence-exvenikajtsxhefyqtimuofgvczj/Build/Products/Debug-iphonesimulator/LocalLLMClientMacros.appintents --target-triple arm64-apple-ios16.0-simulator --binary-file /Users/gunnarhostetler/Library/Developer/Xcode/DerivedData/OpenIntelligence-exvenikajtsxhefyqtimuofgvczj/Build/Products/Debug-iphonesimulator/LocalLLMClientMacros.o --dependency-file /Users/gunnarhostetler/Library/Developer/Xcode/DerivedData/OpenIntelligence-exvenikajtsxhefyqtimuofgvczj/Build/Intermediates.noindex/LocalLLMClient.build/Debug-iphonesimulator/LocalLLMClientMacros.build/Objects-normal/arm64/LocalLLMClientMacros_dependency_info.dat --stringsdata-file /Users/gunnarhostetler/Library/Developer/Xcode/DerivedData/OpenIntelligence-exvenikajtsxhefyqtimuofgvczj/Build/Intermediates.noindex/LocalLLMClient.build/Debug-iphonesimulator/LocalLLMClientMacros.build/Objects-normal/arm64/ExtractedAppShortcutsMetadata.stringsdata --source-file-list /Users/gunnarhostetler/Library/Developer/Xcode/DerivedData/OpenIntelligence-exvenikajtsxhefyqtimuofgvczj/Build/Intermediates.noindex/LocalLLMClient.build/Debug-iphonesimulator/LocalLLMClientMacros.build/Objects-normal/arm64/LocalLLMClientMacros.SwiftFileList --metadata-file-list /Users/gunnarhostetler/Library/Developer/Xcode/DerivedData/OpenIntelligence-exvenikajtsxhefyqtimuofgvczj/Build/Intermediates.noindex/LocalLLMClient.build/Debug-iphonesimulator/LocalLLMClientMacros.build/LocalLLMClientMacros.DependencyMetadataFileList --static-metadata-file-list /Users/gunnarhostetler/Library/Developer/Xcode/DerivedData/OpenIntelligence-exvenikajtsxhefyqtimuofgvczj/Build/Intermediates.noindex/LocalLLMClient.build/Debug-iphonesimulator/LocalLLMClientMacros.build/LocalLLMClientMacros.DependencyStaticMetadataFileList --swift-const-vals-list /Users/gunnarhostetler/Library/Developer/Xcode/DerivedData/OpenIntelligence-exvenikajtsxhefyqtimuofgvczj/Build/Intermediates.noindex/LocalLLMClient.build/Debug-iphonesimulator/LocalLLMClientMacros.build/Objects-normal/arm64/LocalLLMClientMacros.SwiftConstValuesFileList --force --compile-time-extraction --deployment-aware-processing --validate-assistant-intents --no-app-shortcuts-localization
2025-11-21 21:24:51.389 appintentsmetadataprocessor[61428:13351467] Starting appintentsmetadataprocessor export
2025-11-21 21:24:51.893 appintentsmetadataprocessor[61428:13351467] Extracted no relevant App Intents symbols, skipping writing output

SwiftDriver OpenIntelligence normal arm64 com.apple.xcode.tools.swift.compiler (in target 'OpenIntelligence' from project 'OpenIntelligence')
    cd /Users/gunnarhostetler/Documents/GitHub/OpenIntelligence
    builtin-SwiftDriver -- /Applications/Xcode.app/Contents/Developer/Toolchains/XcodeDefault.xctoolchain/usr/bin/swiftc -module-name OpenIntelligence -Onone -enforce-exclusivity\=checked @/Users/gunnarhostetler/Library/Developer/Xcode/DerivedData/OpenIntelligence-exvenikajtsxhefyqtimuofgvczj/Build/Intermediates.noindex/OpenIntelligence.build/Debug-iphonesimulator/OpenIntelligence.build/Objects-normal/arm64/OpenIntelligence.SwiftFileList -DDEBUG -Xcc -fmodule-map-file\=/Users/gunnarhostetler/Library/Developer/Xcode/DerivedData/OpenIntelligence-exvenikajtsxhefyqtimuofgvczj/Build/Intermediates.noindex/GeneratedModuleMaps-iphonesimulator/LocalLLMClientLlamaC.modulemap -default-isolation\=MainActor -enable-bare-slash-regex -enable-upcoming-feature DisableOutwardActorInference -enable-upcoming-feature InferSendableFromCaptures -enable-upcoming-feature GlobalActorIsolatedTypesUsability -enable-upcoming-feature MemberImportVisibility -enable-upcoming-feature InferIsolatedConformances -enable-upcoming-feature NonisolatedNonsendingByDefault -enable-experimental-feature DebugDescriptionMacro -sdk /Applications/Xcode.app/Contents/Developer/Platforms/iPhoneSimulator.platform/Developer/SDKs/iPhoneSimulator26.1.sdk -target arm64-apple-ios26.0-simulator -cxx-interoperability-mode\=default -g -module-cache-path /Users/gunnarhostetler/Library/Developer/Xcode/DerivedData/ModuleCache.noindex -Xfrontend -serialize-debugging-options -enable-testing -index-store-path /Users/gunnarhostetler/Library/Developer/Xcode/DerivedData/OpenIntelligence-exvenikajtsxhefyqtimuofgvczj/Index.noindex/DataStore -Xcc -std\=gnu++20 -Xcc -D_LIBCPP_HARDENING_MODE\=_LIBCPP_HARDENING_MODE_DEBUG -swift-version 5 -I /Users/gunnarhostetler/Library/Developer/Xcode/DerivedData/OpenIntelligence-exvenikajtsxhefyqtimuofgvczj/Build/Products/Debug-iphonesimulator -F /Users/gunnarhostetler/Library/Developer/Xcode/DerivedData/OpenIntelligence-exvenikajtsxhefyqtimuofgvczj/Build/Products/Debug-iphonesimulator/PackageFrameworks -F /Users/gunnarhostetler/Library/Developer/Xcode/DerivedData/OpenIntelligence-exvenikajtsxhefyqtimuofgvczj/Build/Products/Debug-iphonesimulator/PackageFrameworks -F /Users/gunnarhostetler/Library/Developer/Xcode/DerivedData/OpenIntelligence-exvenikajtsxhefyqtimuofgvczj/Build/Products/Debug-iphonesimulator/PackageFrameworks -F /Users/gunnarhostetler/Library/Developer/Xcode/DerivedData/OpenIntelligence-exvenikajtsxhefyqtimuofgvczj/Build/Products/Debug-iphonesimulator/PackageFrameworks -F /Users/gunnarhostetler/Library/Developer/Xcode/DerivedData/OpenIntelligence-exvenikajtsxhefyqtimuofgvczj/Build/Products/Debug-iphonesimulator/PackageFrameworks -F /Users/gunnarhostetler/Library/Developer/Xcode/DerivedData/OpenIntelligence-exvenikajtsxhefyqtimuofgvczj/Build/Products/Debug-iphonesimulator/PackageFrameworks -F /Users/gunnarhostetler/Library/Developer/Xcode/DerivedData/OpenIntelligence-exvenikajtsxhefyqtimuofgvczj/Build/Products/Debug-iphonesimulator/PackageFrameworks -F /Users/gunnarhostetler/Library/Developer/Xcode/DerivedData/OpenIntelligence-exvenikajtsxhefyqtimuofgvczj/Build/Products/Debug-iphonesimulator/PackageFrameworks -F /Users/gunnarhostetler/Library/Developer/Xcode/DerivedData/OpenIntelligence-exvenikajtsxhefyqtimuofgvczj/Build/Products/Debug-iphonesimulator/PackageFrameworks -F /Users/gunnarhostetler/Library/Developer/Xcode/DerivedData/OpenIntelligence-exvenikajtsxhefyqtimuofgvczj/Build/Products/Debug-iphonesimulator -Xfrontend -load-plugin-executable -Xfrontend /Users/gunnarhostetler/Library/Developer/Xcode/DerivedData/OpenIntelligence-exvenikajtsxhefyqtimuofgvczj/Build/Products/Debug/LocalLLMClientMacrosPlugin\#LocalLLMClientMacrosPlugin -emit-localized-strings -emit-localized-strings-path /Users/gunnarhostetler/Library/Developer/Xcode/DerivedData/OpenIntelligence-exvenikajtsxhefyqtimuofgvczj/Build/Intermediates.noindex/OpenIntelligence.build/Debug-iphonesimulator/OpenIntelligence.build/Objects-normal/arm64 -c -j11 -enable-batch-mode -incremental -Xcc -ivfsstatcache -Xcc /Users/gunnarhostetler/Library/Developer/Xcode/DerivedData/SDKStatCaches.noindex/iphonesimulator26.1-23B77-3885c01c3e6b6a337905948deab2002e90cf18a4295e390e64c810bc6bd7acbc.sdkstatcache -output-file-map /Users/gunnarhostetler/Library/Developer/Xcode/DerivedData/OpenIntelligence-exvenikajtsxhefyqtimuofgvczj/Build/Intermediates.noindex/OpenIntelligence.build/Debug-iphonesimulator/OpenIntelligence.build/Objects-normal/arm64/OpenIntelligence-OutputFileMap.json -use-frontend-parseable-output -save-temps -no-color-diagnostics -serialize-diagnostics -emit-dependencies -emit-module -emit-module-path /Users/gunnarhostetler/Library/Developer/Xcode/DerivedData/OpenIntelligence-exvenikajtsxhefyqtimuofgvczj/Build/Intermediates.noindex/OpenIntelligence.build/Debug-iphonesimulator/OpenIntelligence.build/Objects-normal/arm64/OpenIntelligence.swiftmodule -validate-clang-modules-once -clang-build-session-file /Users/gunnarhostetler/Library/Developer/Xcode/DerivedData/ModuleCache.noindex/Session.modulevalidation -Xcc -I/Users/gunnarhostetler/Library/Developer/Xcode/DerivedData/OpenIntelligence-exvenikajtsxhefyqtimuofgvczj/Build/Intermediates.noindex/OpenIntelligence.build/Debug-iphonesimulator/OpenIntelligence.build/swift-overrides.hmap -emit-const-values -Xfrontend -const-gather-protocols-file -Xfrontend /Users/gunnarhostetler/Library/Developer/Xcode/DerivedData/OpenIntelligence-exvenikajtsxhefyqtimuofgvczj/Build/Intermediates.noindex/OpenIntelligence.build/Debug-iphonesimulator/OpenIntelligence.build/Objects-normal/arm64/OpenIntelligence_const_extract_protocols.json -Xcc -iquote -Xcc /Users/gunnarhostetler/Library/Developer/Xcode/DerivedData/OpenIntelligence-exvenikajtsxhefyqtimuofgvczj/Build/Intermediates.noindex/OpenIntelligence.build/Debug-iphonesimulator/OpenIntelligence.build/OpenIntelligence-generated-files.hmap -Xcc -I/Users/gunnarhostetler/Library/Developer/Xcode/DerivedData/OpenIntelligence-exvenikajtsxhefyqtimuofgvczj/Build/Intermediates.noindex/OpenIntelligence.build/Debug-iphonesimulator/OpenIntelligence.build/OpenIntelligence-own-target-headers.hmap -Xcc -I/Users/gunnarhostetler/Library/Developer/Xcode/DerivedData/OpenIntelligence-exvenikajtsxhefyqtimuofgvczj/Build/Intermediates.noindex/OpenIntelligence.build/Debug-iphonesimulator/OpenIntelligence.build/OpenIntelligence-all-non-framework-target-headers.hmap -Xcc -ivfsoverlay -Xcc /Users/gunnarhostetler/Library/Developer/Xcode/DerivedData/OpenIntelligence-exvenikajtsxhefyqtimuofgvczj/Build/Intermediates.noindex/OpenIntelligence.build/Debug-iphonesimulator/OpenIntelligence-8eaf30697dd2edc034bb09d37da97ca5-VFS-iphonesimulator/all-product-headers.yaml -Xcc -iquote -Xcc /Users/gunnarhostetler/Library/Developer/Xcode/DerivedData/OpenIntelligence-exvenikajtsxhefyqtimuofgvczj/Build/Intermediates.noindex/OpenIntelligence.build/Debug-iphonesimulator/OpenIntelligence.build/OpenIntelligence-project-headers.hmap -Xcc -I/Users/gunnarhostetler/Documents/GitHub/OpenIntelligence/Vendor/LocalLLMClient/Sources/LocalLLMClientLlamaC/include -Xcc -I/Users/gunnarhostetler/Library/Developer/Xcode/DerivedData/OpenIntelligence-exvenikajtsxhefyqtimuofgvczj/Build/Products/Debug-iphonesimulator/include -Xcc -I/Users/gunnarhostetler/Library/Developer/Xcode/DerivedData/OpenIntelligence-exvenikajtsxhefyqtimuofgvczj/Build/Intermediates.noindex/OpenIntelligence.build/Debug-iphonesimulator/OpenIntelligence.build/DerivedSources-normal/arm64 -Xcc -I/Users/gunnarhostetler/Library/Developer/Xcode/DerivedData/OpenIntelligence-exvenikajtsxhefyqtimuofgvczj/Build/Intermediates.noindex/OpenIntelligence.build/Debug-iphonesimulator/OpenIntelligence.build/DerivedSources/arm64 -Xcc -I/Users/gunnarhostetler/Library/Developer/Xcode/DerivedData/OpenIntelligence-exvenikajtsxhefyqtimuofgvczj/Build/Intermediates.noindex/OpenIntelligence.build/Debug-iphonesimulator/OpenIntelligence.build/DerivedSources -Xcc -DDEBUG\=1 -emit-objc-header -emit-objc-header-path /Users/gunnarhostetler/Library/Developer/Xcode/DerivedData/OpenIntelligence-exvenikajtsxhefyqtimuofgvczj/Build/Intermediates.noindex/OpenIntelligence.build/Debug-iphonesimulator/OpenIntelligence.build/Objects-normal/arm64/OpenIntelligence-Swift.h -working-directory /Users/gunnarhostetler/Documents/GitHub/OpenIntelligence -experimental-emit-module-separately -disable-cmo

SwiftEmitModule normal arm64 Emitting\ module\ for\ OpenIntelligence (in target 'OpenIntelligence' from project 'OpenIntelligence')
EmitSwiftModule normal arm64 (in target 'OpenIntelligence' from project 'OpenIntelligence')
    cd /Users/gunnarhostetler/Documents/GitHub/OpenIntelligence
    

SwiftCompile normal arm64 Compiling\ ProjectionService.swift,\ AutoTuneService.swift,\ ContainerService.swift,\ DocumentProcessor.swift,\ EmbeddingService.swift,\ HybridSearchService.swift,\ LlamaCPPiOSLLMService.swift,\ LLMService.swift,\ LLMStreamingContext.swift,\ LocalOpenAIServerLLMService.swift /Users/gunnarhostetler/Documents/GitHub/OpenIntelligence/OpenIntelligence/Services/Visualization/ProjectionService.swift /Users/gunnarhostetler/Documents/GitHub/OpenIntelligence/OpenIntelligence/Services/AutoTuneService.swift /Users/gunnarhostetler/Documents/GitHub/OpenIntelligence/OpenIntelligence/Services/ContainerService.swift /Users/gunnarhostetler/Documents/GitHub/OpenIntelligence/OpenIntelligence/Services/DocumentProcessor.swift /Users/gunnarhostetler/Documents/GitHub/OpenIntelligence/OpenIntelligence/Services/EmbeddingService.swift /Users/gunnarhostetler/Documents/GitHub/OpenIntelligence/OpenIntelligence/Services/HybridSearchService.swift /Users/gunnarhostetler/Documents/GitHub/OpenIntelligence/OpenIntelligence/Services/LlamaCPPiOSLLMService.swift /Users/gunnarhostetler/Documents/GitHub/OpenIntelligence/OpenIntelligence/Services/LLMService.swift /Users/gunnarhostetler/Documents/GitHub/OpenIntelligence/OpenIntelligence/Services/LLMStreamingContext.swift /Users/gunnarhostetler/Documents/GitHub/OpenIntelligence/OpenIntelligence/Services/LocalOpenAIServerLLMService.swift (in target 'OpenIntelligence' from project 'OpenIntelligence')
SwiftCompile normal arm64 /Users/gunnarhostetler/Documents/GitHub/OpenIntelligence/OpenIntelligence/Services/Visualization/ProjectionService.swift (in target 'OpenIntelligence' from project 'OpenIntelligence')
    cd /Users/gunnarhostetler/Documents/GitHub/OpenIntelligence
    

SwiftCompile normal arm64 /Users/gunnarhostetler/Documents/GitHub/OpenIntelligence/OpenIntelligence/Services/AutoTuneService.swift (in target 'OpenIntelligence' from project 'OpenIntelligence')
    cd /Users/gunnarhostetler/Documents/GitHub/OpenIntelligence
    

SwiftCompile normal arm64 /Users/gunnarhostetler/Documents/GitHub/OpenIntelligence/OpenIntelligence/Services/ContainerService.swift (in target 'OpenIntelligence' from project 'OpenIntelligence')
    cd /Users/gunnarhostetler/Documents/GitHub/OpenIntelligence
    

SwiftCompile normal arm64 /Users/gunnarhostetler/Documents/GitHub/OpenIntelligence/OpenIntelligence/Services/DocumentProcessor.swift (in target 'OpenIntelligence' from project 'OpenIntelligence')
    cd /Users/gunnarhostetler/Documents/GitHub/OpenIntelligence
    

SwiftCompile normal arm64 /Users/gunnarhostetler/Documents/GitHub/OpenIntelligence/OpenIntelligence/Services/EmbeddingService.swift (in target 'OpenIntelligence' from project 'OpenIntelligence')
    cd /Users/gunnarhostetler/Documents/GitHub/OpenIntelligence
    

SwiftCompile normal arm64 /Users/gunnarhostetler/Documents/GitHub/OpenIntelligence/OpenIntelligence/Services/HybridSearchService.swift (in target 'OpenIntelligence' from project 'OpenIntelligence')
    cd /Users/gunnarhostetler/Documents/GitHub/OpenIntelligence
    

SwiftCompile normal arm64 /Users/gunnarhostetler/Documents/GitHub/OpenIntelligence/OpenIntelligence/Services/LlamaCPPiOSLLMService.swift (in target 'OpenIntelligence' from project 'OpenIntelligence')
    cd /Users/gunnarhostetler/Documents/GitHub/OpenIntelligence
    

SwiftCompile normal arm64 /Users/gunnarhostetler/Documents/GitHub/OpenIntelligence/OpenIntelligence/Services/LLMService.swift (in target 'OpenIntelligence' from project 'OpenIntelligence')
    cd /Users/gunnarhostetler/Documents/GitHub/OpenIntelligence
    

SwiftCompile normal arm64 /Users/gunnarhostetler/Documents/GitHub/OpenIntelligence/OpenIntelligence/Services/LLMStreamingContext.swift (in target 'OpenIntelligence' from project 'OpenIntelligence')
    cd /Users/gunnarhostetler/Documents/GitHub/OpenIntelligence
    

SwiftCompile normal arm64 /Users/gunnarhostetler/Documents/GitHub/OpenIntelligence/OpenIntelligence/Services/LocalOpenAIServerLLMService.swift (in target 'OpenIntelligence' from project 'OpenIntelligence')
    cd /Users/gunnarhostetler/Documents/GitHub/OpenIntelligence
    

SwiftCompile normal arm64 Compiling\ InfoButtonView.swift,\ Embedding3DView.swift,\ LiveTelemetryStatsView.swift,\ NLChunkingDiagnosticsView.swift,\ TelemetryDashboardView.swift,\ VisualizationsView.swift,\ ContentView.swift,\ OpenIntelligenceApp.swift,\ GeneratedAssetSymbols.swift /Users/gunnarhostetler/Documents/GitHub/OpenIntelligence/OpenIntelligence/Views/Shared/InfoButtonView.swift /Users/gunnarhostetler/Documents/GitHub/OpenIntelligence/OpenIntelligence/Views/Telemetry/Embedding3DView.swift /Users/gunnarhostetler/Documents/GitHub/OpenIntelligence/OpenIntelligence/Views/Telemetry/LiveTelemetryStatsView.swift /Users/gunnarhostetler/Documents/GitHub/OpenIntelligence/OpenIntelligence/Views/Telemetry/NLChunkingDiagnosticsView.swift /Users/gunnarhostetler/Documents/GitHub/OpenIntelligence/OpenIntelligence/Views/Telemetry/TelemetryDashboardView.swift /Users/gunnarhostetler/Documents/GitHub/OpenIntelligence/OpenIntelligence/Views/Telemetry/VisualizationsView.swift /Users/gunnarhostetler/Documents/GitHub/OpenIntelligence/OpenIntelligence/ContentView.swift /Users/gunnarhostetler/Documents/GitHub/OpenIntelligence/OpenIntelligence/OpenIntelligenceApp.swift /Users/gunnarhostetler/Library/Developer/Xcode/DerivedData/OpenIntelligence-exvenikajtsxhefyqtimuofgvczj/Build/Intermediates.noindex/OpenIntelligence.build/Debug-iphonesimulator/OpenIntelligence.build/DerivedSources/GeneratedAssetSymbols.swift (in target 'OpenIntelligence' from project 'OpenIntelligence')
SwiftCompile normal arm64 /Users/gunnarhostetler/Documents/GitHub/OpenIntelligence/OpenIntelligence/Views/Shared/InfoButtonView.swift (in target 'OpenIntelligence' from project 'OpenIntelligence')
    cd /Users/gunnarhostetler/Documents/GitHub/OpenIntelligence
    

SwiftCompile normal arm64 /Users/gunnarhostetler/Documents/GitHub/OpenIntelligence/OpenIntelligence/Views/Telemetry/Embedding3DView.swift (in target 'OpenIntelligence' from project 'OpenIntelligence')
    cd /Users/gunnarhostetler/Documents/GitHub/OpenIntelligence
    

SwiftCompile normal arm64 /Users/gunnarhostetler/Documents/GitHub/OpenIntelligence/OpenIntelligence/Views/Telemetry/LiveTelemetryStatsView.swift (in target 'OpenIntelligence' from project 'OpenIntelligence')
    cd /Users/gunnarhostetler/Documents/GitHub/OpenIntelligence
    

SwiftCompile normal arm64 /Users/gunnarhostetler/Documents/GitHub/OpenIntelligence/OpenIntelligence/Views/Telemetry/NLChunkingDiagnosticsView.swift (in target 'OpenIntelligence' from project 'OpenIntelligence')
    cd /Users/gunnarhostetler/Documents/GitHub/OpenIntelligence
    

SwiftCompile normal arm64 /Users/gunnarhostetler/Documents/GitHub/OpenIntelligence/OpenIntelligence/Views/Telemetry/TelemetryDashboardView.swift (in target 'OpenIntelligence' from project 'OpenIntelligence')
    cd /Users/gunnarhostetler/Documents/GitHub/OpenIntelligence
    

SwiftCompile normal arm64 /Users/gunnarhostetler/Documents/GitHub/OpenIntelligence/OpenIntelligence/Views/Telemetry/VisualizationsView.swift (in target 'OpenIntelligence' from project 'OpenIntelligence')
    cd /Users/gunnarhostetler/Documents/GitHub/OpenIntelligence
    

SwiftCompile normal arm64 /Users/gunnarhostetler/Documents/GitHub/OpenIntelligence/OpenIntelligence/ContentView.swift (in target 'OpenIntelligence' from project 'OpenIntelligence')
    cd /Users/gunnarhostetler/Documents/GitHub/OpenIntelligence
    

SwiftCompile normal arm64 /Users/gunnarhostetler/Documents/GitHub/OpenIntelligence/OpenIntelligence/OpenIntelligenceApp.swift (in target 'OpenIntelligence' from project 'OpenIntelligence')
    cd /Users/gunnarhostetler/Documents/GitHub/OpenIntelligence
    

SwiftCompile normal arm64 /Users/gunnarhostetler/Library/Developer/Xcode/DerivedData/OpenIntelligence-exvenikajtsxhefyqtimuofgvczj/Build/Intermediates.noindex/OpenIntelligence.build/Debug-iphonesimulator/OpenIntelligence.build/DerivedSources/GeneratedAssetSymbols.swift (in target 'OpenIntelligence' from project 'OpenIntelligence')
    cd /Users/gunnarhostetler/Documents/GitHub/OpenIntelligence
    

SwiftCompile normal arm64 Compiling\ SemanticChunker.swift,\ SettingsStore.swift,\ TelemetryCenter.swift,\ ToolCallCounter.swift,\ VectorDatabase.swift,\ VectorStoreRouter.swift,\ VecturaVectorDatabase.swift,\ WritingToolsService.swift,\ SurfaceCard.swift,\ Theme.swift /Users/gunnarhostetler/Documents/GitHub/OpenIntelligence/OpenIntelligence/Services/SemanticChunker.swift /Users/gunnarhostetler/Documents/GitHub/OpenIntelligence/OpenIntelligence/Services/SettingsStore.swift /Users/gunnarhostetler/Documents/GitHub/OpenIntelligence/OpenIntelligence/Services/TelemetryCenter.swift /Users/gunnarhostetler/Documents/GitHub/OpenIntelligence/OpenIntelligence/Services/ToolCallCounter.swift /Users/gunnarhostetler/Documents/GitHub/OpenIntelligence/OpenIntelligence/Services/VectorDatabase.swift /Users/gunnarhostetler/Documents/GitHub/OpenIntelligence/OpenIntelligence/Services/VectorStoreRouter.swift /Users/gunnarhostetler/Documents/GitHub/OpenIntelligence/OpenIntelligence/Services/VecturaVectorDatabase.swift /Users/gunnarhostetler/Documents/GitHub/OpenIntelligence/OpenIntelligence/Services/WritingToolsService.swift /Users/gunnarhostetler/Documents/GitHub/OpenIntelligence/OpenIntelligence/Shared/DesignSystem/SurfaceCard.swift /Users/gunnarhostetler/Documents/GitHub/OpenIntelligence/OpenIntelligence/Shared/DesignSystem/Theme.swift (in target 'OpenIntelligence' from project 'OpenIntelligence')

SwiftCompile normal arm64 /Users/gunnarhostetler/Documents/GitHub/OpenIntelligence/OpenIntelligence/Services/SemanticChunker.swift (in target 'OpenIntelligence' from project 'OpenIntelligence')
    cd /Users/gunnarhostetler/Documents/GitHub/OpenIntelligence
    

SwiftCompile normal arm64 /Users/gunnarhostetler/Documents/GitHub/OpenIntelligence/OpenIntelligence/Services/SettingsStore.swift (in target 'OpenIntelligence' from project 'OpenIntelligence')
    cd /Users/gunnarhostetler/Documents/GitHub/OpenIntelligence
    

SwiftCompile normal arm64 /Users/gunnarhostetler/Documents/GitHub/OpenIntelligence/OpenIntelligence/Services/TelemetryCenter.swift (in target 'OpenIntelligence' from project 'OpenIntelligence')
    cd /Users/gunnarhostetler/Documents/GitHub/OpenIntelligence
    

SwiftCompile normal arm64 /Users/gunnarhostetler/Documents/GitHub/OpenIntelligence/OpenIntelligence/Services/ToolCallCounter.swift (in target 'OpenIntelligence' from project 'OpenIntelligence')
    cd /Users/gunnarhostetler/Documents/GitHub/OpenIntelligence
    

SwiftCompile normal arm64 /Users/gunnarhostetler/Documents/GitHub/OpenIntelligence/OpenIntelligence/Services/VectorDatabase.swift (in target 'OpenIntelligence' from project 'OpenIntelligence')
    cd /Users/gunnarhostetler/Documents/GitHub/OpenIntelligence
    

SwiftCompile normal arm64 /Users/gunnarhostetler/Documents/GitHub/OpenIntelligence/OpenIntelligence/Services/VectorStoreRouter.swift (in target 'OpenIntelligence' from project 'OpenIntelligence')
    cd /Users/gunnarhostetler/Documents/GitHub/OpenIntelligence
    

SwiftCompile normal arm64 /Users/gunnarhostetler/Documents/GitHub/OpenIntelligence/OpenIntelligence/Services/VecturaVectorDatabase.swift (in target 'OpenIntelligence' from project 'OpenIntelligence')
    cd /Users/gunnarhostetler/Documents/GitHub/OpenIntelligence
    

SwiftCompile normal arm64 /Users/gunnarhostetler/Documents/GitHub/OpenIntelligence/OpenIntelligence/Services/WritingToolsService.swift (in target 'OpenIntelligence' from project 'OpenIntelligence')
    cd /Users/gunnarhostetler/Documents/GitHub/OpenIntelligence
    

SwiftCompile normal arm64 /Users/gunnarhostetler/Documents/GitHub/OpenIntelligence/OpenIntelligence/Shared/DesignSystem/SurfaceCard.swift (in target 'OpenIntelligence' from project 'OpenIntelligence')
    cd /Users/gunnarhostetler/Documents/GitHub/OpenIntelligence
    

SwiftCompile normal arm64 /Users/gunnarhostetler/Documents/GitHub/OpenIntelligence/OpenIntelligence/Shared/DesignSystem/Theme.swift (in target 'OpenIntelligence' from project 'OpenIntelligence')
    cd /Users/gunnarhostetler/Documents/GitHub/OpenIntelligence
    

SwiftDriverJobDiscovery normal arm64 Compiling Model.swift, Multimodal.swift (in target 'LocalLLMClientLlama' from project 'LocalLLMClient')

SwiftCompile normal arm64 Compiling\ BillingEvent.swift,\ BillingProduct.swift,\ BillingService.swift,\ EntitlementStore.swift,\ StoreKitBillingService.swift,\ AppleFMEmbeddingProvider.swift,\ CoreMLSentenceEmbeddingProvider.swift,\ EmbeddingProvider.swift,\ NLEmbeddingProvider.swift,\ ProjectionCache.swift /Users/gunnarhostetler/Documents/GitHub/OpenIntelligence/OpenIntelligence/Services/Billing/BillingEvent.swift /Users/gunnarhostetler/Documents/GitHub/OpenIntelligence/OpenIntelligence/Services/Billing/BillingProduct.swift /Users/gunnarhostetler/Documents/GitHub/OpenIntelligence/OpenIntelligence/Services/Billing/BillingService.swift /Users/gunnarhostetler/Documents/GitHub/OpenIntelligence/OpenIntelligence/Services/Billing/EntitlementStore.swift /Users/gunnarhostetler/Documents/GitHub/OpenIntelligence/OpenIntelligence/Services/Billing/StoreKitBillingService.swift /Users/gunnarhostetler/Documents/GitHub/OpenIntelligence/OpenIntelligence/Services/Embeddings/AppleFMEmbeddingProvider.swift /Users/gunnarhostetler/Documents/GitHub/OpenIntelligence/OpenIntelligence/Services/Embeddings/CoreMLSentenceEmbeddingProvider.swift /Users/gunnarhostetler/Documents/GitHub/OpenIntelligence/OpenIntelligence/Services/Embeddings/EmbeddingProvider.swift /Users/gunnarhostetler/Documents/GitHub/OpenIntelligence/OpenIntelligence/Services/Embeddings/NLEmbeddingProvider.swift /Users/gunnarhostetler/Documents/GitHub/OpenIntelligence/OpenIntelligence/Services/Visualization/ProjectionCache.swift (in target 'OpenIntelligence' from project 'OpenIntelligence')

SwiftCompile normal arm64 /Users/gunnarhostetler/Documents/GitHub/OpenIntelligence/OpenIntelligence/Services/Billing/BillingEvent.swift (in target 'OpenIntelligence' from project 'OpenIntelligence')
    cd /Users/gunnarhostetler/Documents/GitHub/OpenIntelligence
    

SwiftCompile normal arm64 /Users/gunnarhostetler/Documents/GitHub/OpenIntelligence/OpenIntelligence/Services/Billing/BillingProduct.swift (in target 'OpenIntelligence' from project 'OpenIntelligence')
    cd /Users/gunnarhostetler/Documents/GitHub/OpenIntelligence
    

SwiftCompile normal arm64 /Users/gunnarhostetler/Documents/GitHub/OpenIntelligence/OpenIntelligence/Services/Billing/BillingService.swift (in target 'OpenIntelligence' from project 'OpenIntelligence')
    cd /Users/gunnarhostetler/Documents/GitHub/OpenIntelligence
    

SwiftCompile normal arm64 /Users/gunnarhostetler/Documents/GitHub/OpenIntelligence/OpenIntelligence/Services/Billing/EntitlementStore.swift (in target 'OpenIntelligence' from project 'OpenIntelligence')
    cd /Users/gunnarhostetler/Documents/GitHub/OpenIntelligence
    

SwiftCompile normal arm64 /Users/gunnarhostetler/Documents/GitHub/OpenIntelligence/OpenIntelligence/Services/Billing/StoreKitBillingService.swift (in target 'OpenIntelligence' from project 'OpenIntelligence')
    cd /Users/gunnarhostetler/Documents/GitHub/OpenIntelligence
    

SwiftCompile normal arm64 /Users/gunnarhostetler/Documents/GitHub/OpenIntelligence/OpenIntelligence/Services/Embeddings/AppleFMEmbeddingProvider.swift (in target 'OpenIntelligence' from project 'OpenIntelligence')
    cd /Users/gunnarhostetler/Documents/GitHub/OpenIntelligence
    

SwiftCompile normal arm64 /Users/gunnarhostetler/Documents/GitHub/OpenIntelligence/OpenIntelligence/Services/Embeddings/CoreMLSentenceEmbeddingProvider.swift (in target 'OpenIntelligence' from project 'OpenIntelligence')
    cd /Users/gunnarhostetler/Documents/GitHub/OpenIntelligence
    

SwiftCompile normal arm64 /Users/gunnarhostetler/Documents/GitHub/OpenIntelligence/OpenIntelligence/Services/Embeddings/EmbeddingProvider.swift (in target 'OpenIntelligence' from project 'OpenIntelligence')
    cd /Users/gunnarhostetler/Documents/GitHub/OpenIntelligence
    

SwiftCompile normal arm64 /Users/gunnarhostetler/Documents/GitHub/OpenIntelligence/OpenIntelligence/Services/Embeddings/NLEmbeddingProvider.swift (in target 'OpenIntelligence' from project 'OpenIntelligence')
    cd /Users/gunnarhostetler/Documents/GitHub/OpenIntelligence
    

SwiftCompile normal arm64 /Users/gunnarhostetler/Documents/GitHub/OpenIntelligence/OpenIntelligence/Services/Visualization/ProjectionCache.swift (in target 'OpenIntelligence' from project 'OpenIntelligence')
    cd /Users/gunnarhostetler/Documents/GitHub/OpenIntelligence
    

SwiftDriverJobDiscovery normal arm64 Compiling LlamaClient.swift, LlamaToolCallParser.swift (in target 'LocalLLMClientLlama' from project 'LocalLLMClient')

SwiftCompile normal arm64 Compiling\ RetrievalSourcesTray.swift,\ SourceChipsView.swift,\ StageProgressBar.swift,\ TokenCadenceView.swift,\ ToolCallBadge.swift,\ CoreValidationView.swift,\ DocumentLibraryView.swift,\ SemanticSearchView.swift,\ ModelGalleryScreen.swift /Users/gunnarhostetler/Documents/GitHub/OpenIntelligence/OpenIntelligence/Views/ChatV2/RetrievalSourcesTray.swift /Users/gunnarhostetler/Documents/GitHub/OpenIntelligence/OpenIntelligence/Views/ChatV2/SourceChipsView.swift /Users/gunnarhostetler/Documents/GitHub/OpenIntelligence/OpenIntelligence/Views/ChatV2/StageProgressBar.swift /Users/gunnarhostetler/Documents/GitHub/OpenIntelligence/OpenIntelligence/Views/ChatV2/TokenCadenceView.swift /Users/gunnarhostetler/Documents/GitHub/OpenIntelligence/OpenIntelligence/Views/ChatV2/ToolCallBadge.swift /Users/gunnarhostetler/Documents/GitHub/OpenIntelligence/OpenIntelligence/Views/Diagnostics/CoreValidationView.swift /Users/gunnarhostetler/Documents/GitHub/OpenIntelligence/OpenIntelligence/Views/Documents/DocumentLibraryView.swift /Users/gunnarhostetler/Documents/GitHub/OpenIntelligence/OpenIntelligence/Views/Documents/SemanticSearchView.swift /Users/gunnarhostetler/Documents/GitHub/OpenIntelligence/OpenIntelligence/Views/ModelManagement/ModelGalleryScreen.swift (in target 'OpenIntelligence' from project 'OpenIntelligence')
SwiftCompile normal arm64 /Users/gunnarhostetler/Documents/GitHub/OpenIntelligence/OpenIntelligence/Views/ChatV2/RetrievalSourcesTray.swift (in target 'OpenIntelligence' from project 'OpenIntelligence')
    cd /Users/gunnarhostetler/Documents/GitHub/OpenIntelligence
    

SwiftCompile normal arm64 /Users/gunnarhostetler/Documents/GitHub/OpenIntelligence/OpenIntelligence/Views/ChatV2/SourceChipsView.swift (in target 'OpenIntelligence' from project 'OpenIntelligence')
    cd /Users/gunnarhostetler/Documents/GitHub/OpenIntelligence
    

SwiftCompile normal arm64 /Users/gunnarhostetler/Documents/GitHub/OpenIntelligence/OpenIntelligence/Views/ChatV2/StageProgressBar.swift (in target 'OpenIntelligence' from project 'OpenIntelligence')
    cd /Users/gunnarhostetler/Documents/GitHub/OpenIntelligence
    

SwiftCompile normal arm64 /Users/gunnarhostetler/Documents/GitHub/OpenIntelligence/OpenIntelligence/Views/ChatV2/TokenCadenceView.swift (in target 'OpenIntelligence' from project 'OpenIntelligence')
    cd /Users/gunnarhostetler/Documents/GitHub/OpenIntelligence
    

SwiftCompile normal arm64 /Users/gunnarhostetler/Documents/GitHub/OpenIntelligence/OpenIntelligence/Views/ChatV2/ToolCallBadge.swift (in target 'OpenIntelligence' from project 'OpenIntelligence')
    cd /Users/gunnarhostetler/Documents/GitHub/OpenIntelligence
    

SwiftCompile normal arm64 /Users/gunnarhostetler/Documents/GitHub/OpenIntelligence/OpenIntelligence/Views/Diagnostics/CoreValidationView.swift (in target 'OpenIntelligence' from project 'OpenIntelligence')
    cd /Users/gunnarhostetler/Documents/GitHub/OpenIntelligence
    

SwiftCompile normal arm64 /Users/gunnarhostetler/Documents/GitHub/OpenIntelligence/OpenIntelligence/Views/Documents/DocumentLibraryView.swift (in target 'OpenIntelligence' from project 'OpenIntelligence')
    cd /Users/gunnarhostetler/Documents/GitHub/OpenIntelligence
    

SwiftCompile normal arm64 /Users/gunnarhostetler/Documents/GitHub/OpenIntelligence/OpenIntelligence/Views/Documents/SemanticSearchView.swift (in target 'OpenIntelligence' from project 'OpenIntelligence')
    cd /Users/gunnarhostetler/Documents/GitHub/OpenIntelligence
    

SwiftCompile normal arm64 /Users/gunnarhostetler/Documents/GitHub/OpenIntelligence/OpenIntelligence/Views/ModelManagement/ModelGalleryScreen.swift (in target 'OpenIntelligence' from project 'OpenIntelligence')
    cd /Users/gunnarhostetler/Documents/GitHub/OpenIntelligence
    

SwiftDriverJobDiscovery normal arm64 Compiling Utility.swift, stb_image.swift (in target 'LocalLLMClientLlama' from project 'LocalLLMClient')

SwiftCompile normal arm64 Compiling\ ModelManagerView.swift,\ OnboardingChecklistLauncher.swift,\ OnboardingChecklistView.swift,\ FeatureRow.swift,\ InfoRow.swift,\ ModelInfoCard.swift,\ ModelPipelineRow.swift,\ ModelSelectorSheet.swift,\ SettingsRootView.swift /Users/gunnarhostetler/Documents/GitHub/OpenIntelligence/OpenIntelligence/Views/ModelManagement/ModelManagerView.swift /Users/gunnarhostetler/Documents/GitHub/OpenIntelligence/OpenIntelligence/Views/Onboarding/OnboardingChecklistLauncher.swift /Users/gunnarhostetler/Documents/GitHub/OpenIntelligence/OpenIntelligence/Views/Onboarding/OnboardingChecklistView.swift /Users/gunnarhostetler/Documents/GitHub/OpenIntelligence/OpenIntelligence/Views/Settings/Components/FeatureRow.swift /Users/gunnarhostetler/Documents/GitHub/OpenIntelligence/OpenIntelligence/Views/Settings/Components/InfoRow.swift /Users/gunnarhostetler/Documents/GitHub/OpenIntelligence/OpenIntelligence/Views/Settings/Components/ModelInfoCard.swift /Users/gunnarhostetler/Documents/GitHub/OpenIntelligence/OpenIntelligence/Views/Settings/Components/ModelPipelineRow.swift /Users/gunnarhostetler/Documents/GitHub/OpenIntelligence/OpenIntelligence/Views/Settings/Components/ModelSelectorSheet.swift /Users/gunnarhostetler/Documents/GitHub/OpenIntelligence/OpenIntelligence/Views/Settings/Root/SettingsRootView.swift (in target 'OpenIntelligence' from project 'OpenIntelligence')

SwiftCompile normal arm64 /Users/gunnarhostetler/Documents/GitHub/OpenIntelligence/OpenIntelligence/Views/ModelManagement/ModelManagerView.swift (in target 'OpenIntelligence' from project 'OpenIntelligence')
    cd /Users/gunnarhostetler/Documents/GitHub/OpenIntelligence
    

SwiftCompile normal arm64 /Users/gunnarhostetler/Documents/GitHub/OpenIntelligence/OpenIntelligence/Views/Onboarding/OnboardingChecklistLauncher.swift (in target 'OpenIntelligence' from project 'OpenIntelligence')
    cd /Users/gunnarhostetler/Documents/GitHub/OpenIntelligence
    

SwiftCompile normal arm64 /Users/gunnarhostetler/Documents/GitHub/OpenIntelligence/OpenIntelligence/Views/Onboarding/OnboardingChecklistView.swift (in target 'OpenIntelligence' from project 'OpenIntelligence')
    cd /Users/gunnarhostetler/Documents/GitHub/OpenIntelligence
    

SwiftCompile normal arm64 /Users/gunnarhostetler/Documents/GitHub/OpenIntelligence/OpenIntelligence/Views/Settings/Components/FeatureRow.swift (in target 'OpenIntelligence' from project 'OpenIntelligence')
    cd /Users/gunnarhostetler/Documents/GitHub/OpenIntelligence
    

SwiftCompile normal arm64 /Users/gunnarhostetler/Documents/GitHub/OpenIntelligence/OpenIntelligence/Views/Settings/Components/InfoRow.swift (in target 'OpenIntelligence' from project 'OpenIntelligence')
    cd /Users/gunnarhostetler/Documents/GitHub/OpenIntelligence
    

SwiftCompile normal arm64 /Users/gunnarhostetler/Documents/GitHub/OpenIntelligence/OpenIntelligence/Views/Settings/Components/ModelInfoCard.swift (in target 'OpenIntelligence' from project 'OpenIntelligence')
    cd /Users/gunnarhostetler/Documents/GitHub/OpenIntelligence
    

SwiftCompile normal arm64 /Users/gunnarhostetler/Documents/GitHub/OpenIntelligence/OpenIntelligence/Views/Settings/Components/ModelPipelineRow.swift (in target 'OpenIntelligence' from project 'OpenIntelligence')
    cd /Users/gunnarhostetler/Documents/GitHub/OpenIntelligence
    

SwiftCompile normal arm64 /Users/gunnarhostetler/Documents/GitHub/OpenIntelligence/OpenIntelligence/Views/Settings/Components/ModelSelectorSheet.swift (in target 'OpenIntelligence' from project 'OpenIntelligence')
    cd /Users/gunnarhostetler/Documents/GitHub/OpenIntelligence
    

SwiftCompile normal arm64 /Users/gunnarhostetler/Documents/GitHub/OpenIntelligence/OpenIntelligence/Views/Settings/Root/SettingsRootView.swift (in target 'OpenIntelligence' from project 'OpenIntelligence')
    cd /Users/gunnarhostetler/Documents/GitHub/OpenIntelligence
    

SwiftDriverJobDiscovery normal arm64 Compiling LlamaSpecificDecoder.swift, MessageChunk.swift (in target 'LocalLLMClientLlama' from project 'LocalLLMClient')

SwiftCompile normal arm64 Compiling\ LoggingConfiguration.swift,\ MLXLLMService.swift,\ MLXLocalLLMService.swift,\ ModelDownloadService.swift,\ ModelRegistry.swift,\ OpenAIResponsesAPIService.swift,\ QueryEnhancementService.swift,\ RAGAppIntents.swift,\ RAGEngine.swift,\ RAGService.swift /Users/gunnarhostetler/Documents/GitHub/OpenIntelligence/OpenIntelligence/Services/LoggingConfiguration.swift /Users/gunnarhostetler/Documents/GitHub/OpenIntelligence/OpenIntelligence/Services/MLXLLMService.swift /Users/gunnarhostetler/Documents/GitHub/OpenIntelligence/OpenIntelligence/Services/MLXLocalLLMService.swift /Users/gunnarhostetler/Documents/GitHub/OpenIntelligence/OpenIntelligence/Services/ModelDownloadService.swift /Users/gunnarhostetler/Documents/GitHub/OpenIntelligence/OpenIntelligence/Services/ModelRegistry.swift /Users/gunnarhostetler/Documents/GitHub/OpenIntelligence/OpenIntelligence/Services/OpenAIResponsesAPIService.swift /Users/gunnarhostetler/Documents/GitHub/OpenIntelligence/OpenIntelligence/Services/QueryEnhancementService.swift /Users/gunnarhostetler/Documents/GitHub/OpenIntelligence/OpenIntelligence/Services/RAGAppIntents.swift /Users/gunnarhostetler/Documents/GitHub/OpenIntelligence/OpenIntelligence/Services/RAGEngine.swift /Users/gunnarhostetler/Documents/GitHub/OpenIntelligence/OpenIntelligence/Services/RAGService.swift (in target 'OpenIntelligence' from project 'OpenIntelligence')

SwiftCompile normal arm64 /Users/gunnarhostetler/Documents/GitHub/OpenIntelligence/OpenIntelligence/Services/LoggingConfiguration.swift (in target 'OpenIntelligence' from project 'OpenIntelligence')
    cd /Users/gunnarhostetler/Documents/GitHub/OpenIntelligence
    

SwiftCompile normal arm64 /Users/gunnarhostetler/Documents/GitHub/OpenIntelligence/OpenIntelligence/Services/MLXLLMService.swift (in target 'OpenIntelligence' from project 'OpenIntelligence')
    cd /Users/gunnarhostetler/Documents/GitHub/OpenIntelligence
    

SwiftCompile normal arm64 /Users/gunnarhostetler/Documents/GitHub/OpenIntelligence/OpenIntelligence/Services/MLXLocalLLMService.swift (in target 'OpenIntelligence' from project 'OpenIntelligence')
    cd /Users/gunnarhostetler/Documents/GitHub/OpenIntelligence
    

SwiftCompile normal arm64 /Users/gunnarhostetler/Documents/GitHub/OpenIntelligence/OpenIntelligence/Services/ModelDownloadService.swift (in target 'OpenIntelligence' from project 'OpenIntelligence')
    cd /Users/gunnarhostetler/Documents/GitHub/OpenIntelligence
    

SwiftCompile normal arm64 /Users/gunnarhostetler/Documents/GitHub/OpenIntelligence/OpenIntelligence/Services/ModelRegistry.swift (in target 'OpenIntelligence' from project 'OpenIntelligence')
    cd /Users/gunnarhostetler/Documents/GitHub/OpenIntelligence
    

SwiftCompile normal arm64 /Users/gunnarhostetler/Documents/GitHub/OpenIntelligence/OpenIntelligence/Services/OpenAIResponsesAPIService.swift (in target 'OpenIntelligence' from project 'OpenIntelligence')
    cd /Users/gunnarhostetler/Documents/GitHub/OpenIntelligence
    

SwiftCompile normal arm64 /Users/gunnarhostetler/Documents/GitHub/OpenIntelligence/OpenIntelligence/Services/QueryEnhancementService.swift (in target 'OpenIntelligence' from project 'OpenIntelligence')
    cd /Users/gunnarhostetler/Documents/GitHub/OpenIntelligence
    

SwiftCompile normal arm64 /Users/gunnarhostetler/Documents/GitHub/OpenIntelligence/OpenIntelligence/Services/RAGAppIntents.swift (in target 'OpenIntelligence' from project 'OpenIntelligence')
    cd /Users/gunnarhostetler/Documents/GitHub/OpenIntelligence
    

SwiftCompile normal arm64 /Users/gunnarhostetler/Documents/GitHub/OpenIntelligence/OpenIntelligence/Services/RAGEngine.swift (in target 'OpenIntelligence' from project 'OpenIntelligence')
    cd /Users/gunnarhostetler/Documents/GitHub/OpenIntelligence
    

SwiftCompile normal arm64 /Users/gunnarhostetler/Documents/GitHub/OpenIntelligence/OpenIntelligence/Services/RAGService.swift (in target 'OpenIntelligence' from project 'OpenIntelligence')
    cd /Users/gunnarhostetler/Documents/GitHub/OpenIntelligence
    

SwiftDriverJobDiscovery normal arm64 Compiling Parameter.swift, Sampler.swift (in target 'LocalLLMClientLlama' from project 'LocalLLMClient')

SwiftCompile normal arm64 Compiling\ OnboardingStateStore.swift,\ PlanUpgradeEntryPoint.swift,\ QuotaPolicy.swift,\ SampleDocumentManager.swift,\ WorkspaceTier.swift,\ StoreKitTestHarness.swift,\ KeychainStorage.swift,\ MarkdownRenderer.swift,\ PlanUpgradeSheet.swift,\ PrivacyPolicyView.swift /Users/gunnarhostetler/Documents/GitHub/OpenIntelligence/OpenIntelligence/Shared/OnboardingStateStore.swift /Users/gunnarhostetler/Documents/GitHub/OpenIntelligence/OpenIntelligence/Shared/PlanUpgradeEntryPoint.swift /Users/gunnarhostetler/Documents/GitHub/OpenIntelligence/OpenIntelligence/Shared/QuotaPolicy.swift /Users/gunnarhostetler/Documents/GitHub/OpenIntelligence/OpenIntelligence/Shared/SampleDocumentManager.swift /Users/gunnarhostetler/Documents/GitHub/OpenIntelligence/OpenIntelligence/Shared/WorkspaceTier.swift /Users/gunnarhostetler/Documents/GitHub/OpenIntelligence/OpenIntelligence/StoreKit/StoreKitTestHarness.swift /Users/gunnarhostetler/Documents/GitHub/OpenIntelligence/OpenIntelligence/Utilities/KeychainStorage.swift /Users/gunnarhostetler/Documents/GitHub/OpenIntelligence/OpenIntelligence/Utilities/MarkdownRenderer.swift /Users/gunnarhostetler/Documents/GitHub/OpenIntelligence/OpenIntelligence/Views/Billing/PlanUpgradeSheet.swift /Users/gunnarhostetler/Documents/GitHub/OpenIntelligence/OpenIntelligence/Views/Billing/PrivacyPolicyView.swift (in target 'OpenIntelligence' from project 'OpenIntelligence')

SwiftCompile normal arm64 /Users/gunnarhostetler/Documents/GitHub/OpenIntelligence/OpenIntelligence/Shared/OnboardingStateStore.swift (in target 'OpenIntelligence' from project 'OpenIntelligence')
    cd /Users/gunnarhostetler/Documents/GitHub/OpenIntelligence
    

SwiftCompile normal arm64 /Users/gunnarhostetler/Documents/GitHub/OpenIntelligence/OpenIntelligence/Shared/PlanUpgradeEntryPoint.swift (in target 'OpenIntelligence' from project 'OpenIntelligence')
    cd /Users/gunnarhostetler/Documents/GitHub/OpenIntelligence
    

SwiftCompile normal arm64 /Users/gunnarhostetler/Documents/GitHub/OpenIntelligence/OpenIntelligence/Shared/QuotaPolicy.swift (in target 'OpenIntelligence' from project 'OpenIntelligence')
    cd /Users/gunnarhostetler/Documents/GitHub/OpenIntelligence
    

SwiftCompile normal arm64 /Users/gunnarhostetler/Documents/GitHub/OpenIntelligence/OpenIntelligence/Shared/SampleDocumentManager.swift (in target 'OpenIntelligence' from project 'OpenIntelligence')
    cd /Users/gunnarhostetler/Documents/GitHub/OpenIntelligence
    

SwiftCompile normal arm64 /Users/gunnarhostetler/Documents/GitHub/OpenIntelligence/OpenIntelligence/Shared/WorkspaceTier.swift (in target 'OpenIntelligence' from project 'OpenIntelligence')
    cd /Users/gunnarhostetler/Documents/GitHub/OpenIntelligence
    

SwiftCompile normal arm64 /Users/gunnarhostetler/Documents/GitHub/OpenIntelligence/OpenIntelligence/StoreKit/StoreKitTestHarness.swift (in target 'OpenIntelligence' from project 'OpenIntelligence')
    cd /Users/gunnarhostetler/Documents/GitHub/OpenIntelligence
    

SwiftCompile normal arm64 /Users/gunnarhostetler/Documents/GitHub/OpenIntelligence/OpenIntelligence/Utilities/KeychainStorage.swift (in target 'OpenIntelligence' from project 'OpenIntelligence')
    cd /Users/gunnarhostetler/Documents/GitHub/OpenIntelligence
    

SwiftCompile normal arm64 /Users/gunnarhostetler/Documents/GitHub/OpenIntelligence/OpenIntelligence/Utilities/MarkdownRenderer.swift (in target 'OpenIntelligence' from project 'OpenIntelligence')
    cd /Users/gunnarhostetler/Documents/GitHub/OpenIntelligence
    

SwiftCompile normal arm64 /Users/gunnarhostetler/Documents/GitHub/OpenIntelligence/OpenIntelligence/Views/Billing/PlanUpgradeSheet.swift (in target 'OpenIntelligence' from project 'OpenIntelligence')
    cd /Users/gunnarhostetler/Documents/GitHub/OpenIntelligence
    

SwiftCompile normal arm64 /Users/gunnarhostetler/Documents/GitHub/OpenIntelligence/OpenIntelligence/Views/Billing/PrivacyPolicyView.swift (in target 'OpenIntelligence' from project 'OpenIntelligence')
    cd /Users/gunnarhostetler/Documents/GitHub/OpenIntelligence
    

SwiftDriverJobDiscovery normal arm64 Compiling Token.swift, ToolExecution.swift (in target 'LocalLLMClientLlama' from project 'LocalLLMClient')

SwiftCompile normal arm64 Compiling\ AboutView.swift,\ BackendHealthDiagnosticsView.swift,\ ContainerScopingSelfTestsView.swift,\ DeveloperDiagnosticsHubView.swift,\ DeveloperSettingsView.swift,\ ModelPipelineStage.swift,\ SettingsView.swift,\ SettingsViewClean.swift,\ CloudConsentPromptView.swift /Users/gunnarhostetler/Documents/GitHub/OpenIntelligence/OpenIntelligence/Views/Settings/AboutView.swift /Users/gunnarhostetler/Documents/GitHub/OpenIntelligence/OpenIntelligence/Views/Settings/BackendHealthDiagnosticsView.swift /Users/gunnarhostetler/Documents/GitHub/OpenIntelligence/OpenIntelligence/Views/Settings/ContainerScopingSelfTestsView.swift /Users/gunnarhostetler/Documents/GitHub/OpenIntelligence/OpenIntelligence/Views/Settings/DeveloperDiagnosticsHubView.swift /Users/gunnarhostetler/Documents/GitHub/OpenIntelligence/OpenIntelligence/Views/Settings/DeveloperSettingsView.swift /Users/gunnarhostetler/Documents/GitHub/OpenIntelligence/OpenIntelligence/Views/Settings/ModelPipelineStage.swift /Users/gunnarhostetler/Documents/GitHub/OpenIntelligence/OpenIntelligence/Views/Settings/SettingsView.swift /Users/gunnarhostetler/Documents/GitHub/OpenIntelligence/OpenIntelligence/Views/Settings/SettingsViewClean.swift /Users/gunnarhostetler/Documents/GitHub/OpenIntelligence/OpenIntelligence/Views/Shared/CloudConsentPromptView.swift (in target 'OpenIntelligence' from project 'OpenIntelligence')

SwiftCompile normal arm64 /Users/gunnarhostetler/Documents/GitHub/OpenIntelligence/OpenIntelligence/Views/Settings/AboutView.swift (in target 'OpenIntelligence' from project 'OpenIntelligence')
    cd /Users/gunnarhostetler/Documents/GitHub/OpenIntelligence
    

SwiftCompile normal arm64 /Users/gunnarhostetler/Documents/GitHub/OpenIntelligence/OpenIntelligence/Views/Settings/BackendHealthDiagnosticsView.swift (in target 'OpenIntelligence' from project 'OpenIntelligence')
    cd /Users/gunnarhostetler/Documents/GitHub/OpenIntelligence
    

SwiftCompile normal arm64 /Users/gunnarhostetler/Documents/GitHub/OpenIntelligence/OpenIntelligence/Views/Settings/ContainerScopingSelfTestsView.swift (in target 'OpenIntelligence' from project 'OpenIntelligence')
    cd /Users/gunnarhostetler/Documents/GitHub/OpenIntelligence
    

SwiftCompile normal arm64 /Users/gunnarhostetler/Documents/GitHub/OpenIntelligence/OpenIntelligence/Views/Settings/DeveloperDiagnosticsHubView.swift (in target 'OpenIntelligence' from project 'OpenIntelligence')
    cd /Users/gunnarhostetler/Documents/GitHub/OpenIntelligence
    

SwiftCompile normal arm64 /Users/gunnarhostetler/Documents/GitHub/OpenIntelligence/OpenIntelligence/Views/Settings/DeveloperSettingsView.swift (in target 'OpenIntelligence' from project 'OpenIntelligence')
    cd /Users/gunnarhostetler/Documents/GitHub/OpenIntelligence
    

SwiftCompile normal arm64 /Users/gunnarhostetler/Documents/GitHub/OpenIntelligence/OpenIntelligence/Views/Settings/ModelPipelineStage.swift (in target 'OpenIntelligence' from project 'OpenIntelligence')
    cd /Users/gunnarhostetler/Documents/GitHub/OpenIntelligence
    

SwiftCompile normal arm64 /Users/gunnarhostetler/Documents/GitHub/OpenIntelligence/OpenIntelligence/Views/Settings/SettingsView.swift (in target 'OpenIntelligence' from project 'OpenIntelligence')
    cd /Users/gunnarhostetler/Documents/GitHub/OpenIntelligence
    

SwiftCompile normal arm64 /Users/gunnarhostetler/Documents/GitHub/OpenIntelligence/OpenIntelligence/Views/Settings/SettingsViewClean.swift (in target 'OpenIntelligence' from project 'OpenIntelligence')
    cd /Users/gunnarhostetler/Documents/GitHub/OpenIntelligence
    

SwiftCompile normal arm64 /Users/gunnarhostetler/Documents/GitHub/OpenIntelligence/OpenIntelligence/Views/Shared/CloudConsentPromptView.swift (in target 'OpenIntelligence' from project 'OpenIntelligence')
    cd /Users/gunnarhostetler/Documents/GitHub/OpenIntelligence
    

Ld /Users/gunnarhostetler/Library/Developer/Xcode/DerivedData/OpenIntelligence-exvenikajtsxhefyqtimuofgvczj/Build/Products/Debug-iphonesimulator/LocalLLMClientLlamaC.o normal (in target 'LocalLLMClientLlamaC' from project 'LocalLLMClient')
    cd /Users/gunnarhostetler/Documents/GitHub/OpenIntelligence/Vendor/LocalLLMClient
    /Applications/Xcode.app/Contents/Developer/Toolchains/XcodeDefault.xctoolchain/usr/bin/clang++ -Xlinker -reproducible -target arm64-apple-ios16.0-simulator -r -isysroot /Applications/Xcode.app/Contents/Developer/Platforms/iPhoneSimulator.platform/Developer/SDKs/iPhoneSimulator26.1.sdk -O0 -w -L/Users/gunnarhostetler/Library/Developer/Xcode/DerivedData/OpenIntelligence-exvenikajtsxhefyqtimuofgvczj/Build/Intermediates.noindex/EagerLinkingTBDs/Debug-iphonesimulator -L/Users/gunnarhostetler/Library/Developer/Xcode/DerivedData/OpenIntelligence-exvenikajtsxhefyqtimuofgvczj/Build/Products/Debug-iphonesimulator -L/Applications/Xcode.app/Contents/Developer/Platforms/iPhoneSimulator.platform/Developer/usr/lib -F/Users/gunnarhostetler/Library/Developer/Xcode/DerivedData/OpenIntelligence-exvenikajtsxhefyqtimuofgvczj/Build/Intermediates.noindex/EagerLinkingTBDs/Debug-iphonesimulator -F/Users/gunnarhostetler/Library/Developer/Xcode/DerivedData/OpenIntelligence-exvenikajtsxhefyqtimuofgvczj/Build/Products/Debug-iphonesimulator -iframework /Applications/Xcode.app/Contents/Developer/Platforms/iPhoneSimulator.platform/Developer/Library/Frameworks -iframework /Applications/Xcode.app/Contents/Developer/Platforms/iPhoneSimulator.platform/Developer/SDKs/iPhoneSimulator26.1.sdk/Developer/Library/Frameworks -filelist /Users/gunnarhostetler/Library/Developer/Xcode/DerivedData/OpenIntelligence-exvenikajtsxhefyqtimuofgvczj/Build/Intermediates.noindex/LocalLLMClient.build/Debug-iphonesimulator/LocalLLMClientLlamaC.build/Objects-normal/arm64/LocalLLMClientLlamaC.LinkFileList -nostdlib -Xlinker -object_path_lto -Xlinker /Users/gunnarhostetler/Library/Developer/Xcode/DerivedData/OpenIntelligence-exvenikajtsxhefyqtimuofgvczj/Build/Intermediates.noindex/LocalLLMClient.build/Debug-iphonesimulator/LocalLLMClientLlamaC.build/Objects-normal/arm64/LocalLLMClientLlamaC_lto.o -rdynamic -Xlinker -no_deduplicate -Xlinker -objc_abi_version -Xlinker 2 -Xlinker -dependency_info -Xlinker /Users/gunnarhostetler/Library/Developer/Xcode/DerivedData/OpenIntelligence-exvenikajtsxhefyqtimuofgvczj/Build/Intermediates.noindex/LocalLLMClient.build/Debug-iphonesimulator/LocalLLMClientLlamaC.build/Objects-normal/arm64/LocalLLMClientLlamaC_dependency_info.dat -o /Users/gunnarhostetler/Library/Developer/Xcode/DerivedData/OpenIntelligence-exvenikajtsxhefyqtimuofgvczj/Build/Products/Debug-iphonesimulator/LocalLLMClientLlamaC.o

SwiftDriverJobDiscovery normal arm64 Compiling BillingEvent.swift, BillingProduct.swift, BillingService.swift, EntitlementStore.swift, StoreKitBillingService.swift, AppleFMEmbeddingProvider.swift, CoreMLSentenceEmbeddingProvider.swift, EmbeddingProvider.swift, NLEmbeddingProvider.swift, ProjectionCache.swift (in target 'OpenIntelligence' from project 'OpenIntelligence')

SwiftCompile normal arm64 Compiling\ TermsOfServiceView.swift,\ ChatComposer.swift,\ ChatScreen.swift,\ EventToasts.swift,\ ExecutionBadge.swift,\ LiveCountersStrip.swift,\ MessageList.swift,\ PipelineOverlayView.swift,\ ProcessingModels.swift,\ ResponseDetailsView.swift /Users/gunnarhostetler/Documents/GitHub/OpenIntelligence/OpenIntelligence/Views/Billing/TermsOfServiceView.swift /Users/gunnarhostetler/Documents/GitHub/OpenIntelligence/OpenIntelligence/Views/ChatV2/ChatComposer.swift /Users/gunnarhostetler/Documents/GitHub/OpenIntelligence/OpenIntelligence/Views/ChatV2/ChatScreen.swift /Users/gunnarhostetler/Documents/GitHub/OpenIntelligence/OpenIntelligence/Views/ChatV2/EventToasts.swift /Users/gunnarhostetler/Documents/GitHub/OpenIntelligence/OpenIntelligence/Views/ChatV2/ExecutionBadge.swift /Users/gunnarhostetler/Documents/GitHub/OpenIntelligence/OpenIntelligence/Views/ChatV2/LiveCountersStrip.swift /Users/gunnarhostetler/Documents/GitHub/OpenIntelligence/OpenIntelligence/Views/ChatV2/MessageList.swift /Users/gunnarhostetler/Documents/GitHub/OpenIntelligence/OpenIntelligence/Views/ChatV2/PipelineOverlayView.swift /Users/gunnarhostetler/Documents/GitHub/OpenIntelligence/OpenIntelligence/Views/ChatV2/ProcessingModels.swift /Users/gunnarhostetler/Documents/GitHub/OpenIntelligence/OpenIntelligence/Views/ChatV2/ResponseDetailsView.swift (in target 'OpenIntelligence' from project 'OpenIntelligence')

SwiftCompile normal arm64 /Users/gunnarhostetler/Documents/GitHub/OpenIntelligence/OpenIntelligence/Views/Billing/TermsOfServiceView.swift (in target 'OpenIntelligence' from project 'OpenIntelligence')
    cd /Users/gunnarhostetler/Documents/GitHub/OpenIntelligence
    

SwiftCompile normal arm64 /Users/gunnarhostetler/Documents/GitHub/OpenIntelligence/OpenIntelligence/Views/ChatV2/ChatComposer.swift (in target 'OpenIntelligence' from project 'OpenIntelligence')
    cd /Users/gunnarhostetler/Documents/GitHub/OpenIntelligence
    

SwiftCompile normal arm64 /Users/gunnarhostetler/Documents/GitHub/OpenIntelligence/OpenIntelligence/Views/ChatV2/ChatScreen.swift (in target 'OpenIntelligence' from project 'OpenIntelligence')
    cd /Users/gunnarhostetler/Documents/GitHub/OpenIntelligence
    

SwiftCompile normal arm64 /Users/gunnarhostetler/Documents/GitHub/OpenIntelligence/OpenIntelligence/Views/ChatV2/EventToasts.swift (in target 'OpenIntelligence' from project 'OpenIntelligence')
    cd /Users/gunnarhostetler/Documents/GitHub/OpenIntelligence
    

SwiftCompile normal arm64 /Users/gunnarhostetler/Documents/GitHub/OpenIntelligence/OpenIntelligence/Views/ChatV2/ExecutionBadge.swift (in target 'OpenIntelligence' from project 'OpenIntelligence')
    cd /Users/gunnarhostetler/Documents/GitHub/OpenIntelligence
    

SwiftCompile normal arm64 /Users/gunnarhostetler/Documents/GitHub/OpenIntelligence/OpenIntelligence/Views/ChatV2/LiveCountersStrip.swift (in target 'OpenIntelligence' from project 'OpenIntelligence')
    cd /Users/gunnarhostetler/Documents/GitHub/OpenIntelligence
    

SwiftCompile normal arm64 /Users/gunnarhostetler/Documents/GitHub/OpenIntelligence/OpenIntelligence/Views/ChatV2/MessageList.swift (in target 'OpenIntelligence' from project 'OpenIntelligence')
    cd /Users/gunnarhostetler/Documents/GitHub/OpenIntelligence
    

SwiftCompile normal arm64 /Users/gunnarhostetler/Documents/GitHub/OpenIntelligence/OpenIntelligence/Views/ChatV2/PipelineOverlayView.swift (in target 'OpenIntelligence' from project 'OpenIntelligence')
    cd /Users/gunnarhostetler/Documents/GitHub/OpenIntelligence
    

SwiftCompile normal arm64 /Users/gunnarhostetler/Documents/GitHub/OpenIntelligence/OpenIntelligence/Views/ChatV2/ProcessingModels.swift (in target 'OpenIntelligence' from project 'OpenIntelligence')
    cd /Users/gunnarhostetler/Documents/GitHub/OpenIntelligence
    

SwiftCompile normal arm64 /Users/gunnarhostetler/Documents/GitHub/OpenIntelligence/OpenIntelligence/Views/ChatV2/ResponseDetailsView.swift (in target 'OpenIntelligence' from project 'OpenIntelligence')
    cd /Users/gunnarhostetler/Documents/GitHub/OpenIntelligence
    

SwiftCompile normal arm64 Compiling\ ChatMessage.swift,\ CloudTransmission.swift,\ DocumentChunk.swift,\ InstalledModel.swift,\ KnowledgeContainer.swift,\ LLMModel.swift,\ LLMModelType.swift,\ LocalComputePreference.swift,\ RAGQuery.swift,\ BillingError.swift /Users/gunnarhostetler/Documents/GitHub/OpenIntelligence/OpenIntelligence/Models/ChatMessage.swift /Users/gunnarhostetler/Documents/GitHub/OpenIntelligence/OpenIntelligence/Models/CloudTransmission.swift /Users/gunnarhostetler/Documents/GitHub/OpenIntelligence/OpenIntelligence/Models/DocumentChunk.swift /Users/gunnarhostetler/Documents/GitHub/OpenIntelligence/OpenIntelligence/Models/InstalledModel.swift /Users/gunnarhostetler/Documents/GitHub/OpenIntelligence/OpenIntelligence/Models/KnowledgeContainer.swift /Users/gunnarhostetler/Documents/GitHub/OpenIntelligence/OpenIntelligence/Models/LLMModel.swift /Users/gunnarhostetler/Documents/GitHub/OpenIntelligence/OpenIntelligence/Models/LLMModelType.swift /Users/gunnarhostetler/Documents/GitHub/OpenIntelligence/OpenIntelligence/Models/LocalComputePreference.swift /Users/gunnarhostetler/Documents/GitHub/OpenIntelligence/OpenIntelligence/Models/RAGQuery.swift /Users/gunnarhostetler/Documents/GitHub/OpenIntelligence/OpenIntelligence/Services/Billing/BillingError.swift (in target 'OpenIntelligence' from project 'OpenIntelligence')

SwiftCompile normal arm64 /Users/gunnarhostetler/Documents/GitHub/OpenIntelligence/OpenIntelligence/Models/ChatMessage.swift (in target 'OpenIntelligence' from project 'OpenIntelligence')
    cd /Users/gunnarhostetler/Documents/GitHub/OpenIntelligence
    

SwiftCompile normal arm64 /Users/gunnarhostetler/Documents/GitHub/OpenIntelligence/OpenIntelligence/Models/CloudTransmission.swift (in target 'OpenIntelligence' from project 'OpenIntelligence')
    cd /Users/gunnarhostetler/Documents/GitHub/OpenIntelligence
    

SwiftCompile normal arm64 /Users/gunnarhostetler/Documents/GitHub/OpenIntelligence/OpenIntelligence/Models/DocumentChunk.swift (in target 'OpenIntelligence' from project 'OpenIntelligence')
    cd /Users/gunnarhostetler/Documents/GitHub/OpenIntelligence
    

SwiftCompile normal arm64 /Users/gunnarhostetler/Documents/GitHub/OpenIntelligence/OpenIntelligence/Models/InstalledModel.swift (in target 'OpenIntelligence' from project 'OpenIntelligence')
    cd /Users/gunnarhostetler/Documents/GitHub/OpenIntelligence
    

SwiftCompile normal arm64 /Users/gunnarhostetler/Documents/GitHub/OpenIntelligence/OpenIntelligence/Models/KnowledgeContainer.swift (in target 'OpenIntelligence' from project 'OpenIntelligence')
    cd /Users/gunnarhostetler/Documents/GitHub/OpenIntelligence
    

SwiftCompile normal arm64 /Users/gunnarhostetler/Documents/GitHub/OpenIntelligence/OpenIntelligence/Models/LLMModel.swift (in target 'OpenIntelligence' from project 'OpenIntelligence')
    cd /Users/gunnarhostetler/Documents/GitHub/OpenIntelligence
    

SwiftCompile normal arm64 /Users/gunnarhostetler/Documents/GitHub/OpenIntelligence/OpenIntelligence/Models/LLMModelType.swift (in target 'OpenIntelligence' from project 'OpenIntelligence')
    cd /Users/gunnarhostetler/Documents/GitHub/OpenIntelligence
    

SwiftCompile normal arm64 /Users/gunnarhostetler/Documents/GitHub/OpenIntelligence/OpenIntelligence/Models/LocalComputePreference.swift (in target 'OpenIntelligence' from project 'OpenIntelligence')
    cd /Users/gunnarhostetler/Documents/GitHub/OpenIntelligence
    

SwiftCompile normal arm64 /Users/gunnarhostetler/Documents/GitHub/OpenIntelligence/OpenIntelligence/Models/RAGQuery.swift (in target 'OpenIntelligence' from project 'OpenIntelligence')
    cd /Users/gunnarhostetler/Documents/GitHub/OpenIntelligence
    

SwiftCompile normal arm64 /Users/gunnarhostetler/Documents/GitHub/OpenIntelligence/OpenIntelligence/Services/Billing/BillingError.swift (in target 'OpenIntelligence' from project 'OpenIntelligence')
    cd /Users/gunnarhostetler/Documents/GitHub/OpenIntelligence
    

SwiftDriverJobDiscovery normal arm64 Compiling SemanticChunker.swift, SettingsStore.swift, TelemetryCenter.swift, ToolCallCounter.swift, VectorDatabase.swift, VectorStoreRouter.swift, VecturaVectorDatabase.swift, WritingToolsService.swift, SurfaceCard.swift, Theme.swift (in target 'OpenIntelligence' from project 'OpenIntelligence')

LinkAssetCatalog /Users/gunnarhostetler/Documents/GitHub/OpenIntelligence/OpenIntelligence/Assets.xcassets (in target 'OpenIntelligence' from project 'OpenIntelligence')
    cd /Users/gunnarhostetler/Documents/GitHub/OpenIntelligence
    builtin-linkAssetCatalog --thinned /Users/gunnarhostetler/Library/Developer/Xcode/DerivedData/OpenIntelligence-exvenikajtsxhefyqtimuofgvczj/Build/Intermediates.noindex/OpenIntelligence.build/Debug-iphonesimulator/OpenIntelligence.build/assetcatalog_output/thinned --thinned-dependencies /Users/gunnarhostetler/Library/Developer/Xcode/DerivedData/OpenIntelligence-exvenikajtsxhefyqtimuofgvczj/Build/Intermediates.noindex/OpenIntelligence.build/Debug-iphonesimulator/OpenIntelligence.build/assetcatalog_dependencies_thinned --thinned-info-plist-content /Users/gunnarhostetler/Library/Developer/Xcode/DerivedData/OpenIntelligence-exvenikajtsxhefyqtimuofgvczj/Build/Intermediates.noindex/OpenIntelligence.build/Debug-iphonesimulator/OpenIntelligence.build/assetcatalog_generated_info.plist_thinned --unthinned /Users/gunnarhostetler/Library/Developer/Xcode/DerivedData/OpenIntelligence-exvenikajtsxhefyqtimuofgvczj/Build/Intermediates.noindex/OpenIntelligence.build/Debug-iphonesimulator/OpenIntelligence.build/assetcatalog_output/unthinned --unthinned-dependencies /Users/gunnarhostetler/Library/Developer/Xcode/DerivedData/OpenIntelligence-exvenikajtsxhefyqtimuofgvczj/Build/Intermediates.noindex/OpenIntelligence.build/Debug-iphonesimulator/OpenIntelligence.build/assetcatalog_dependencies_unthinned --unthinned-info-plist-content /Users/gunnarhostetler/Library/Developer/Xcode/DerivedData/OpenIntelligence-exvenikajtsxhefyqtimuofgvczj/Build/Intermediates.noindex/OpenIntelligence.build/Debug-iphonesimulator/OpenIntelligence.build/assetcatalog_generated_info.plist_unthinned --output /Users/gunnarhostetler/Library/Developer/Xcode/DerivedData/OpenIntelligence-exvenikajtsxhefyqtimuofgvczj/Build/Products/Debug-iphonesimulator/OpenIntelligence.app --plist-output /Users/gunnarhostetler/Library/Developer/Xcode/DerivedData/OpenIntelligence-exvenikajtsxhefyqtimuofgvczj/Build/Intermediates.noindex/OpenIntelligence.build/Debug-iphonesimulator/OpenIntelligence.build/assetcatalog_generated_info.plist
note: Emplaced /Users/gunnarhostetler/Library/Developer/Xcode/DerivedData/OpenIntelligence-exvenikajtsxhefyqtimuofgvczj/Build/Products/Debug-iphonesimulator/OpenIntelligence.app/AppIcon60x60@2x.png (in target 'OpenIntelligence' from project 'OpenIntelligence')
note: Emplaced /Users/gunnarhostetler/Library/Developer/Xcode/DerivedData/OpenIntelligence-exvenikajtsxhefyqtimuofgvczj/Build/Products/Debug-iphonesimulator/OpenIntelligence.app/AppIcon76x76@2x~ipad.png (in target 'OpenIntelligence' from project 'OpenIntelligence')
note: Emplaced /Users/gunnarhostetler/Library/Developer/Xcode/DerivedData/OpenIntelligence-exvenikajtsxhefyqtimuofgvczj/Build/Products/Debug-iphonesimulator/OpenIntelligence.app/Assets.car (in target 'OpenIntelligence' from project 'OpenIntelligence')

SwiftDriver\ Compilation LocalLLMClientLlama normal arm64 com.apple.xcode.tools.swift.compiler (in target 'LocalLLMClientLlama' from project 'LocalLLMClient')
    cd /Users/gunnarhostetler/Documents/GitHub/OpenIntelligence/OpenIntelligence.xcodeproj
    builtin-Swift-Compilation -- /Applications/Xcode.app/Contents/Developer/Toolchains/XcodeDefault.xctoolchain/usr/bin/swiftc -module-name LocalLLMClientLlama -Onone -enforce-exclusivity\=checked @/Users/gunnarhostetler/Library/Developer/Xcode/DerivedData/OpenIntelligence-exvenikajtsxhefyqtimuofgvczj/Build/Intermediates.noindex/LocalLLMClient.build/Debug-iphonesimulator/LocalLLMClientLlama.build/Objects-normal/arm64/LocalLLMClientLlama.SwiftFileList -DSWIFT_PACKAGE -DDEBUG -DSWIFT_MODULE_RESOURCE_BUNDLE_AVAILABLE -Xcc -fmodule-map-file\=/Users/gunnarhostetler/Library/Developer/Xcode/DerivedData/OpenIntelligence-exvenikajtsxhefyqtimuofgvczj/Build/Intermediates.noindex/GeneratedModuleMaps-iphonesimulator/LocalLLMClientLlamaC.modulemap -DXcode -cxx-interoperability-mode\=default -Xcc -std\=c++17 -plugin-path /Applications/Xcode.app/Contents/Developer/Toolchains/XcodeDefault.xctoolchain/usr/lib/swift/host/plugins/testing -enable-experimental-feature DebugDescriptionMacro -sdk /Applications/Xcode.app/Contents/Developer/Platforms/iPhoneSimulator.platform/Developer/SDKs/iPhoneSimulator26.1.sdk -target arm64-apple-ios16.0-simulator -g -module-cache-path /Users/gunnarhostetler/Library/Developer/Xcode/DerivedData/ModuleCache.noindex -Xfrontend -serialize-debugging-options -enable-testing -suppress-warnings -index-store-path /Users/gunnarhostetler/Library/Developer/Xcode/DerivedData/OpenIntelligence-exvenikajtsxhefyqtimuofgvczj/Index.noindex/DataStore -Xcc -D_LIBCPP_HARDENING_MODE\=_LIBCPP_HARDENING_MODE_DEBUG -swift-version 6 -I /Users/gunnarhostetler/Library/Developer/Xcode/DerivedData/OpenIntelligence-exvenikajtsxhefyqtimuofgvczj/Build/Products/Debug-iphonesimulator -Isystem /Applications/Xcode.app/Contents/Developer/Platforms/iPhoneSimulator.platform/Developer/usr/lib -F /Users/gunnarhostetler/Library/Developer/Xcode/DerivedData/OpenIntelligence-exvenikajtsxhefyqtimuofgvczj/Build/Products/Debug-iphonesimulator/PackageFrameworks -F /Users/gunnarhostetler/Library/Developer/Xcode/DerivedData/OpenIntelligence-exvenikajtsxhefyqtimuofgvczj/Build/Products/Debug-iphonesimulator/PackageFrameworks -F /Users/gunnarhostetler/Library/Developer/Xcode/DerivedData/OpenIntelligence-exvenikajtsxhefyqtimuofgvczj/Build/Products/Debug-iphonesimulator/PackageFrameworks -F /Users/gunnarhostetler/Library/Developer/Xcode/DerivedData/OpenIntelligence-exvenikajtsxhefyqtimuofgvczj/Build/Products/Debug-iphonesimulator/PackageFrameworks -F /Users/gunnarhostetler/Library/Developer/Xcode/DerivedData/OpenIntelligence-exvenikajtsxhefyqtimuofgvczj/Build/Products/Debug-iphonesimulator/PackageFrameworks -F /Users/gunnarhostetler/Library/Developer/Xcode/DerivedData/OpenIntelligence-exvenikajtsxhefyqtimuofgvczj/Build/Products/Debug-iphonesimulator/PackageFrameworks -F /Users/gunnarhostetler/Library/Developer/Xcode/DerivedData/OpenIntelligence-exvenikajtsxhefyqtimuofgvczj/Build/Products/Debug-iphonesimulator -F /Applications/Xcode.app/Contents/Developer/Platforms/iPhoneSimulator.platform/Developer/Library/Frameworks -F /Applications/Xcode.app/Contents/Developer/Platforms/iPhoneSimulator.platform/Developer/SDKs/iPhoneSimulator26.1.sdk/Developer/Library/Frameworks -c -j11 -enable-batch-mode -incremental -Xcc -ivfsstatcache -Xcc /Users/gunnarhostetler/Library/Developer/Xcode/DerivedData/SDKStatCaches.noindex/iphonesimulator26.1-23B77-3885c01c3e6b6a337905948deab2002e90cf18a4295e390e64c810bc6bd7acbc.sdkstatcache -output-file-map /Users/gunnarhostetler/Library/Developer/Xcode/DerivedData/OpenIntelligence-exvenikajtsxhefyqtimuofgvczj/Build/Intermediates.noindex/LocalLLMClient.build/Debug-iphonesimulator/LocalLLMClientLlama.build/Objects-normal/arm64/LocalLLMClientLlama-OutputFileMap.json -use-frontend-parseable-output -save-temps -no-color-diagnostics -serialize-diagnostics -emit-dependencies -emit-module -emit-module-path /Users/gunnarhostetler/Library/Developer/Xcode/DerivedData/OpenIntelligence-exvenikajtsxhefyqtimuofgvczj/Build/Intermediates.noindex/LocalLLMClient.build/Debug-iphonesimulator/LocalLLMClientLlama.build/Objects-normal/arm64/LocalLLMClientLlama.swiftmodule -validate-clang-modules-once -clang-build-session-file /Users/gunnarhostetler/Library/Developer/Xcode/DerivedData/ModuleCache.noindex/Session.modulevalidation -package-name localllmclient -Xcc -I/Users/gunnarhostetler/Library/Developer/Xcode/DerivedData/OpenIntelligence-exvenikajtsxhefyqtimuofgvczj/Build/Intermediates.noindex/LocalLLMClient.build/Debug-iphonesimulator/LocalLLMClientLlama.build/swift-overrides.hmap -emit-const-values -Xfrontend -const-gather-protocols-file -Xfrontend /Users/gunnarhostetler/Library/Developer/Xcode/DerivedData/OpenIntelligence-exvenikajtsxhefyqtimuofgvczj/Build/Intermediates.noindex/LocalLLMClient.build/Debug-iphonesimulator/LocalLLMClientLlama.build/Objects-normal/arm64/LocalLLMClientLlama_const_extract_protocols.json -Xcc -I/Users/gunnarhostetler/Documents/GitHub/OpenIntelligence/Vendor/LocalLLMClient/Sources/LocalLLMClientLlamaC/include -Xcc -I/Users/gunnarhostetler/Library/Developer/Xcode/DerivedData/OpenIntelligence-exvenikajtsxhefyqtimuofgvczj/Build/Products/Debug-iphonesimulator/include -Xcc -I/Users/gunnarhostetler/Library/Developer/Xcode/DerivedData/OpenIntelligence-exvenikajtsxhefyqtimuofgvczj/Build/Intermediates.noindex/LocalLLMClient.build/Debug-iphonesimulator/LocalLLMClientLlama.build/DerivedSources-normal/arm64 -Xcc -I/Users/gunnarhostetler/Library/Developer/Xcode/DerivedData/OpenIntelligence-exvenikajtsxhefyqtimuofgvczj/Build/Intermediates.noindex/LocalLLMClient.build/Debug-iphonesimulator/LocalLLMClientLlama.build/DerivedSources/arm64 -Xcc -I/Users/gunnarhostetler/Library/Developer/Xcode/DerivedData/OpenIntelligence-exvenikajtsxhefyqtimuofgvczj/Build/Intermediates.noindex/LocalLLMClient.build/Debug-iphonesimulator/LocalLLMClientLlama.build/DerivedSources -Xcc -DSWIFT_PACKAGE -Xcc -DDEBUG\=1 -emit-objc-header -emit-objc-header-path /Users/gunnarhostetler/Library/Developer/Xcode/DerivedData/OpenIntelligence-exvenikajtsxhefyqtimuofgvczj/Build/Intermediates.noindex/LocalLLMClient.build/Debug-iphonesimulator/LocalLLMClientLlama.build/Objects-normal/arm64/LocalLLMClientLlama-Swift.h -working-directory /Users/gunnarhostetler/Documents/GitHub/OpenIntelligence/OpenIntelligence.xcodeproj -experimental-emit-module-separately -disable-cmo

RegisterExecutionPolicyException /Users/gunnarhostetler/Library/Developer/Xcode/DerivedData/OpenIntelligence-exvenikajtsxhefyqtimuofgvczj/Build/Products/Debug-iphonesimulator/LocalLLMClientMacros.o (in target 'LocalLLMClientMacros' from project 'LocalLLMClient')
    cd /Users/gunnarhostetler/Documents/GitHub/OpenIntelligence/Vendor/LocalLLMClient
    builtin-RegisterExecutionPolicyException /Users/gunnarhostetler/Library/Developer/Xcode/DerivedData/OpenIntelligence-exvenikajtsxhefyqtimuofgvczj/Build/Products/Debug-iphonesimulator/LocalLLMClientMacros.o

RegisterExecutionPolicyException /Users/gunnarhostetler/Library/Developer/Xcode/DerivedData/OpenIntelligence-exvenikajtsxhefyqtimuofgvczj/Build/Products/Debug-iphonesimulator/LocalLLMClientLlamaC.o (in target 'LocalLLMClientLlamaC' from project 'LocalLLMClient')
    cd /Users/gunnarhostetler/Documents/GitHub/OpenIntelligence/Vendor/LocalLLMClient
    builtin-RegisterExecutionPolicyException /Users/gunnarhostetler/Library/Developer/Xcode/DerivedData/OpenIntelligence-exvenikajtsxhefyqtimuofgvczj/Build/Products/Debug-iphonesimulator/LocalLLMClientLlamaC.o

Ld /Users/gunnarhostetler/Library/Developer/Xcode/DerivedData/OpenIntelligence-exvenikajtsxhefyqtimuofgvczj/Build/Products/Debug-iphonesimulator/LocalLLMClient.o normal (in target 'LocalLLMClient' from project 'LocalLLMClient')
    cd /Users/gunnarhostetler/Documents/GitHub/OpenIntelligence/Vendor/LocalLLMClient
    /Applications/Xcode.app/Contents/Developer/Toolchains/XcodeDefault.xctoolchain/usr/bin/clang -Xlinker -reproducible -target arm64-apple-ios16.0-simulator -r -isysroot /Applications/Xcode.app/Contents/Developer/Platforms/iPhoneSimulator.platform/Developer/SDKs/iPhoneSimulator26.1.sdk -O0 -w -L/Users/gunnarhostetler/Library/Developer/Xcode/DerivedData/OpenIntelligence-exvenikajtsxhefyqtimuofgvczj/Build/Intermediates.noindex/EagerLinkingTBDs/Debug-iphonesimulator -L/Users/gunnarhostetler/Library/Developer/Xcode/DerivedData/OpenIntelligence-exvenikajtsxhefyqtimuofgvczj/Build/Products/Debug-iphonesimulator -L/Applications/Xcode.app/Contents/Developer/Platforms/iPhoneSimulator.platform/Developer/usr/lib -F/Users/gunnarhostetler/Library/Developer/Xcode/DerivedData/OpenIntelligence-exvenikajtsxhefyqtimuofgvczj/Build/Intermediates.noindex/EagerLinkingTBDs/Debug-iphonesimulator -F/Users/gunnarhostetler/Library/Developer/Xcode/DerivedData/OpenIntelligence-exvenikajtsxhefyqtimuofgvczj/Build/Products/Debug-iphonesimulator/PackageFrameworks -F/Users/gunnarhostetler/Library/Developer/Xcode/DerivedData/OpenIntelligence-exvenikajtsxhefyqtimuofgvczj/Build/Products/Debug-iphonesimulator/PackageFrameworks -F/Users/gunnarhostetler/Library/Developer/Xcode/DerivedData/OpenIntelligence-exvenikajtsxhefyqtimuofgvczj/Build/Products/Debug-iphonesimulator/PackageFrameworks -F/Users/gunnarhostetler/Library/Developer/Xcode/DerivedData/OpenIntelligence-exvenikajtsxhefyqtimuofgvczj/Build/Products/Debug-iphonesimulator/PackageFrameworks -F/Users/gunnarhostetler/Library/Developer/Xcode/DerivedData/OpenIntelligence-exvenikajtsxhefyqtimuofgvczj/Build/Products/Debug-iphonesimulator/PackageFrameworks -F/Users/gunnarhostetler/Library/Developer/Xcode/DerivedData/OpenIntelligence-exvenikajtsxhefyqtimuofgvczj/Build/Products/Debug-iphonesimulator/PackageFrameworks -F/Users/gunnarhostetler/Library/Developer/Xcode/DerivedData/OpenIntelligence-exvenikajtsxhefyqtimuofgvczj/Build/Products/Debug-iphonesimulator -iframework /Applications/Xcode.app/Contents/Developer/Platforms/iPhoneSimulator.platform/Developer/Library/Frameworks -iframework /Applications/Xcode.app/Contents/Developer/Platforms/iPhoneSimulator.platform/Developer/SDKs/iPhoneSimulator26.1.sdk/Developer/Library/Frameworks -filelist /Users/gunnarhostetler/Library/Developer/Xcode/DerivedData/OpenIntelligence-exvenikajtsxhefyqtimuofgvczj/Build/Intermediates.noindex/LocalLLMClient.build/Debug-iphonesimulator/LocalLLMClient.build/Objects-normal/arm64/LocalLLMClient.LinkFileList -nostdlib -Xlinker -object_path_lto -Xlinker /Users/gunnarhostetler/Library/Developer/Xcode/DerivedData/OpenIntelligence-exvenikajtsxhefyqtimuofgvczj/Build/Intermediates.noindex/LocalLLMClient.build/Debug-iphonesimulator/LocalLLMClient.build/Objects-normal/arm64/LocalLLMClient_lto.o -rdynamic -Xlinker -no_deduplicate -Xlinker -objc_abi_version -Xlinker 2 -Xlinker -dependency_info -Xlinker /Users/gunnarhostetler/Library/Developer/Xcode/DerivedData/OpenIntelligence-exvenikajtsxhefyqtimuofgvczj/Build/Intermediates.noindex/LocalLLMClient.build/Debug-iphonesimulator/LocalLLMClient.build/Objects-normal/arm64/LocalLLMClient_dependency_info.dat -fobjc-link-runtime -L/Applications/Xcode.app/Contents/Developer/Toolchains/XcodeDefault.xctoolchain/usr/lib/swift/iphonesimulator -L/usr/lib/swift -Xlinker -add_ast_path -Xlinker /Users/gunnarhostetler/Library/Developer/Xcode/DerivedData/OpenIntelligence-exvenikajtsxhefyqtimuofgvczj/Build/Intermediates.noindex/LocalLLMClient.build/Debug-iphonesimulator/LocalLLMClient.build/Objects-normal/arm64/LocalLLMClient.swiftmodule @/Users/gunnarhostetler/Library/Developer/Xcode/DerivedData/OpenIntelligence-exvenikajtsxhefyqtimuofgvczj/Build/Intermediates.noindex/LocalLLMClient.build/Debug-iphonesimulator/LocalLLMClient.build/Objects-normal/arm64/LocalLLMClient-linker-args.resp -o /Users/gunnarhostetler/Library/Developer/Xcode/DerivedData/OpenIntelligence-exvenikajtsxhefyqtimuofgvczj/Build/Products/Debug-iphonesimulator/LocalLLMClient.o

Ld /Users/gunnarhostetler/Library/Developer/Xcode/DerivedData/OpenIntelligence-exvenikajtsxhefyqtimuofgvczj/Build/Products/Debug-iphonesimulator/LocalLLMClientLlama.o normal (in target 'LocalLLMClientLlama' from project 'LocalLLMClient')
    cd /Users/gunnarhostetler/Documents/GitHub/OpenIntelligence/Vendor/LocalLLMClient
    /Applications/Xcode.app/Contents/Developer/Toolchains/XcodeDefault.xctoolchain/usr/bin/clang -Xlinker -reproducible -target arm64-apple-ios16.0-simulator -r -isysroot /Applications/Xcode.app/Contents/Developer/Platforms/iPhoneSimulator.platform/Developer/SDKs/iPhoneSimulator26.1.sdk -O0 -w -L/Users/gunnarhostetler/Library/Developer/Xcode/DerivedData/OpenIntelligence-exvenikajtsxhefyqtimuofgvczj/Build/Intermediates.noindex/EagerLinkingTBDs/Debug-iphonesimulator -L/Users/gunnarhostetler/Library/Developer/Xcode/DerivedData/OpenIntelligence-exvenikajtsxhefyqtimuofgvczj/Build/Products/Debug-iphonesimulator -L/Applications/Xcode.app/Contents/Developer/Platforms/iPhoneSimulator.platform/Developer/usr/lib -F/Users/gunnarhostetler/Library/Developer/Xcode/DerivedData/OpenIntelligence-exvenikajtsxhefyqtimuofgvczj/Build/Intermediates.noindex/EagerLinkingTBDs/Debug-iphonesimulator -F/Users/gunnarhostetler/Library/Developer/Xcode/DerivedData/OpenIntelligence-exvenikajtsxhefyqtimuofgvczj/Build/Products/Debug-iphonesimulator/PackageFrameworks -F/Users/gunnarhostetler/Library/Developer/Xcode/DerivedData/OpenIntelligence-exvenikajtsxhefyqtimuofgvczj/Build/Products/Debug-iphonesimulator/PackageFrameworks -F/Users/gunnarhostetler/Library/Developer/Xcode/DerivedData/OpenIntelligence-exvenikajtsxhefyqtimuofgvczj/Build/Products/Debug-iphonesimulator/PackageFrameworks -F/Users/gunnarhostetler/Library/Developer/Xcode/DerivedData/OpenIntelligence-exvenikajtsxhefyqtimuofgvczj/Build/Products/Debug-iphonesimulator/PackageFrameworks -F/Users/gunnarhostetler/Library/Developer/Xcode/DerivedData/OpenIntelligence-exvenikajtsxhefyqtimuofgvczj/Build/Products/Debug-iphonesimulator/PackageFrameworks -F/Users/gunnarhostetler/Library/Developer/Xcode/DerivedData/OpenIntelligence-exvenikajtsxhefyqtimuofgvczj/Build/Products/Debug-iphonesimulator/PackageFrameworks -F/Users/gunnarhostetler/Library/Developer/Xcode/DerivedData/OpenIntelligence-exvenikajtsxhefyqtimuofgvczj/Build/Products/Debug-iphonesimulator -iframework /Applications/Xcode.app/Contents/Developer/Platforms/iPhoneSimulator.platform/Developer/Library/Frameworks -iframework /Applications/Xcode.app/Contents/Developer/Platforms/iPhoneSimulator.platform/Developer/SDKs/iPhoneSimulator26.1.sdk/Developer/Library/Frameworks -filelist /Users/gunnarhostetler/Library/Developer/Xcode/DerivedData/OpenIntelligence-exvenikajtsxhefyqtimuofgvczj/Build/Intermediates.noindex/LocalLLMClient.build/Debug-iphonesimulator/LocalLLMClientLlama.build/Objects-normal/arm64/LocalLLMClientLlama.LinkFileList -nostdlib -Xlinker -object_path_lto -Xlinker /Users/gunnarhostetler/Library/Developer/Xcode/DerivedData/OpenIntelligence-exvenikajtsxhefyqtimuofgvczj/Build/Intermediates.noindex/LocalLLMClient.build/Debug-iphonesimulator/LocalLLMClientLlama.build/Objects-normal/arm64/LocalLLMClientLlama_lto.o -rdynamic -Xlinker -no_deduplicate -Xlinker -objc_abi_version -Xlinker 2 -Xlinker -dependency_info -Xlinker /Users/gunnarhostetler/Library/Developer/Xcode/DerivedData/OpenIntelligence-exvenikajtsxhefyqtimuofgvczj/Build/Intermediates.noindex/LocalLLMClient.build/Debug-iphonesimulator/LocalLLMClientLlama.build/Objects-normal/arm64/LocalLLMClientLlama_dependency_info.dat -fobjc-link-runtime -L/Applications/Xcode.app/Contents/Developer/Toolchains/XcodeDefault.xctoolchain/usr/lib/swift/iphonesimulator -L/usr/lib/swift -Xlinker -add_ast_path -Xlinker /Users/gunnarhostetler/Library/Developer/Xcode/DerivedData/OpenIntelligence-exvenikajtsxhefyqtimuofgvczj/Build/Intermediates.noindex/LocalLLMClient.build/Debug-iphonesimulator/LocalLLMClientLlama.build/Objects-normal/arm64/LocalLLMClientLlama.swiftmodule @/Users/gunnarhostetler/Library/Developer/Xcode/DerivedData/OpenIntelligence-exvenikajtsxhefyqtimuofgvczj/Build/Intermediates.noindex/LocalLLMClient.build/Debug-iphonesimulator/LocalLLMClientLlama.build/Objects-normal/arm64/LocalLLMClientLlama-linker-args.resp -o /Users/gunnarhostetler/Library/Developer/Xcode/DerivedData/OpenIntelligence-exvenikajtsxhefyqtimuofgvczj/Build/Products/Debug-iphonesimulator/LocalLLMClientLlama.o

ExtractAppIntentsMetadata (in target 'LocalLLMClient' from project 'LocalLLMClient')
    cd /Users/gunnarhostetler/Documents/GitHub/OpenIntelligence/Vendor/LocalLLMClient
    /Applications/Xcode.app/Contents/Developer/Toolchains/XcodeDefault.xctoolchain/usr/bin/appintentsmetadataprocessor --toolchain-dir /var/run/com.apple.security.cryptexd/mnt/com.apple.MobileAsset.MetalToolchain-v17.2.54.0.h1Qr4f/Metal.xctoolchain --module-name LocalLLMClient --sdk-root /Applications/Xcode.app/Contents/Developer/Platforms/iPhoneSimulator.platform/Developer/SDKs/iPhoneSimulator26.1.sdk --xcode-version 17B100 --platform-family iOS --deployment-target 16.0 --bundle-identifier localllmclient.LocalLLMClient --output /Users/gunnarhostetler/Library/Developer/Xcode/DerivedData/OpenIntelligence-exvenikajtsxhefyqtimuofgvczj/Build/Products/Debug-iphonesimulator/LocalLLMClient.appintents --target-triple arm64-apple-ios16.0-simulator --binary-file /Users/gunnarhostetler/Library/Developer/Xcode/DerivedData/OpenIntelligence-exvenikajtsxhefyqtimuofgvczj/Build/Products/Debug-iphonesimulator/LocalLLMClient.o --dependency-file /Users/gunnarhostetler/Library/Developer/Xcode/DerivedData/OpenIntelligence-exvenikajtsxhefyqtimuofgvczj/Build/Intermediates.noindex/LocalLLMClient.build/Debug-iphonesimulator/LocalLLMClient.build/Objects-normal/arm64/LocalLLMClient_dependency_info.dat --stringsdata-file /Users/gunnarhostetler/Library/Developer/Xcode/DerivedData/OpenIntelligence-exvenikajtsxhefyqtimuofgvczj/Build/Intermediates.noindex/LocalLLMClient.build/Debug-iphonesimulator/LocalLLMClient.build/Objects-normal/arm64/ExtractedAppShortcutsMetadata.stringsdata --source-file-list /Users/gunnarhostetler/Library/Developer/Xcode/DerivedData/OpenIntelligence-exvenikajtsxhefyqtimuofgvczj/Build/Intermediates.noindex/LocalLLMClient.build/Debug-iphonesimulator/LocalLLMClient.build/Objects-normal/arm64/LocalLLMClient.SwiftFileList --metadata-file-list /Users/gunnarhostetler/Library/Developer/Xcode/DerivedData/OpenIntelligence-exvenikajtsxhefyqtimuofgvczj/Build/Intermediates.noindex/LocalLLMClient.build/Debug-iphonesimulator/LocalLLMClient.build/LocalLLMClient.DependencyMetadataFileList --static-metadata-file-list /Users/gunnarhostetler/Library/Developer/Xcode/DerivedData/OpenIntelligence-exvenikajtsxhefyqtimuofgvczj/Build/Intermediates.noindex/LocalLLMClient.build/Debug-iphonesimulator/LocalLLMClient.build/LocalLLMClient.DependencyStaticMetadataFileList --swift-const-vals-list /Users/gunnarhostetler/Library/Developer/Xcode/DerivedData/OpenIntelligence-exvenikajtsxhefyqtimuofgvczj/Build/Intermediates.noindex/LocalLLMClient.build/Debug-iphonesimulator/LocalLLMClient.build/Objects-normal/arm64/LocalLLMClient.SwiftConstValuesFileList --force --compile-time-extraction --deployment-aware-processing --validate-assistant-intents --no-app-shortcuts-localization
2025-11-21 21:25:19.064 appintentsmetadataprocessor[62701:13354792] Starting appintentsmetadataprocessor export
2025-11-21 21:25:19.898 appintentsmetadataprocessor[62701:13354792] Extracted no relevant App Intents symbols, skipping writing output

ExtractAppIntentsMetadata (in target 'LocalLLMClientLlama' from project 'LocalLLMClient')
    cd /Users/gunnarhostetler/Documents/GitHub/OpenIntelligence/Vendor/LocalLLMClient
    /Applications/Xcode.app/Contents/Developer/Toolchains/XcodeDefault.xctoolchain/usr/bin/appintentsmetadataprocessor --toolchain-dir /var/run/com.apple.security.cryptexd/mnt/com.apple.MobileAsset.MetalToolchain-v17.2.54.0.h1Qr4f/Metal.xctoolchain --module-name LocalLLMClientLlama --sdk-root /Applications/Xcode.app/Contents/Developer/Platforms/iPhoneSimulator.platform/Developer/SDKs/iPhoneSimulator26.1.sdk --xcode-version 17B100 --platform-family iOS --deployment-target 16.0 --bundle-identifier localllmclient.LocalLLMClientLlama --output /Users/gunnarhostetler/Library/Developer/Xcode/DerivedData/OpenIntelligence-exvenikajtsxhefyqtimuofgvczj/Build/Products/Debug-iphonesimulator/LocalLLMClientLlama.appintents --target-triple arm64-apple-ios16.0-simulator --binary-file /Users/gunnarhostetler/Library/Developer/Xcode/DerivedData/OpenIntelligence-exvenikajtsxhefyqtimuofgvczj/Build/Products/Debug-iphonesimulator/LocalLLMClientLlama.o --dependency-file /Users/gunnarhostetler/Library/Developer/Xcode/DerivedData/OpenIntelligence-exvenikajtsxhefyqtimuofgvczj/Build/Intermediates.noindex/LocalLLMClient.build/Debug-iphonesimulator/LocalLLMClientLlama.build/Objects-normal/arm64/LocalLLMClientLlama_dependency_info.dat --stringsdata-file /Users/gunnarhostetler/Library/Developer/Xcode/DerivedData/OpenIntelligence-exvenikajtsxhefyqtimuofgvczj/Build/Intermediates.noindex/LocalLLMClient.build/Debug-iphonesimulator/LocalLLMClientLlama.build/Objects-normal/arm64/ExtractedAppShortcutsMetadata.stringsdata --source-file-list /Users/gunnarhostetler/Library/Developer/Xcode/DerivedData/OpenIntelligence-exvenikajtsxhefyqtimuofgvczj/Build/Intermediates.noindex/LocalLLMClient.build/Debug-iphonesimulator/LocalLLMClientLlama.build/Objects-normal/arm64/LocalLLMClientLlama.SwiftFileList --metadata-file-list /Users/gunnarhostetler/Library/Developer/Xcode/DerivedData/OpenIntelligence-exvenikajtsxhefyqtimuofgvczj/Build/Intermediates.noindex/LocalLLMClient.build/Debug-iphonesimulator/LocalLLMClientLlama.build/LocalLLMClientLlama.DependencyMetadataFileList --static-metadata-file-list /Users/gunnarhostetler/Library/Developer/Xcode/DerivedData/OpenIntelligence-exvenikajtsxhefyqtimuofgvczj/Build/Intermediates.noindex/LocalLLMClient.build/Debug-iphonesimulator/LocalLLMClientLlama.build/LocalLLMClientLlama.DependencyStaticMetadataFileList --swift-const-vals-list /Users/gunnarhostetler/Library/Developer/Xcode/DerivedData/OpenIntelligence-exvenikajtsxhefyqtimuofgvczj/Build/Intermediates.noindex/LocalLLMClient.build/Debug-iphonesimulator/LocalLLMClientLlama.build/Objects-normal/arm64/LocalLLMClientLlama.SwiftConstValuesFileList --force --compile-time-extraction --deployment-aware-processing --validate-assistant-intents --no-app-shortcuts-localization
2025-11-21 21:25:19.566 appintentsmetadataprocessor[62732:13354872] Starting appintentsmetadataprocessor export
2025-11-21 21:25:20.343 appintentsmetadataprocessor[62732:13354872] Extracted no relevant App Intents symbols, skipping writing output

SwiftDriverJobDiscovery normal arm64 Compiling OnboardingStateStore.swift, PlanUpgradeEntryPoint.swift, QuotaPolicy.swift, SampleDocumentManager.swift, WorkspaceTier.swift, StoreKitTestHarness.swift, KeychainStorage.swift, MarkdownRenderer.swift, PlanUpgradeSheet.swift, PrivacyPolicyView.swift (in target 'OpenIntelligence' from project 'OpenIntelligence')

RegisterExecutionPolicyException /Users/gunnarhostetler/Library/Developer/Xcode/DerivedData/OpenIntelligence-exvenikajtsxhefyqtimuofgvczj/Build/Products/Debug-iphonesimulator/LocalLLMClient.o (in target 'LocalLLMClient' from project 'LocalLLMClient')
    cd /Users/gunnarhostetler/Documents/GitHub/OpenIntelligence/Vendor/LocalLLMClient
    builtin-RegisterExecutionPolicyException /Users/gunnarhostetler/Library/Developer/Xcode/DerivedData/OpenIntelligence-exvenikajtsxhefyqtimuofgvczj/Build/Products/Debug-iphonesimulator/LocalLLMClient.o

RegisterExecutionPolicyException /Users/gunnarhostetler/Library/Developer/Xcode/DerivedData/OpenIntelligence-exvenikajtsxhefyqtimuofgvczj/Build/Products/Debug-iphonesimulator/LocalLLMClientLlama.o (in target 'LocalLLMClientLlama' from project 'LocalLLMClient')
    cd /Users/gunnarhostetler/Documents/GitHub/OpenIntelligence/Vendor/LocalLLMClient
    builtin-RegisterExecutionPolicyException /Users/gunnarhostetler/Library/Developer/Xcode/DerivedData/OpenIntelligence-exvenikajtsxhefyqtimuofgvczj/Build/Products/Debug-iphonesimulator/LocalLLMClientLlama.o

CpResource /Users/gunnarhostetler/Library/Developer/Xcode/DerivedData/OpenIntelligence-exvenikajtsxhefyqtimuofgvczj/Build/Products/Debug-iphonesimulator/OpenIntelligence.app/StoreKitConfiguration.storekit /Users/gunnarhostetler/Documents/GitHub/OpenIntelligence/OpenIntelligence/StoreKit/StoreKitConfiguration.storekit (in target 'OpenIntelligence' from project 'OpenIntelligence')
    cd /Users/gunnarhostetler/Documents/GitHub/OpenIntelligence
    builtin-copy -exclude .DS_Store -exclude CVS -exclude .svn -exclude .git -exclude .hg -resolve-src-symlinks /Users/gunnarhostetler/Documents/GitHub/OpenIntelligence/OpenIntelligence/StoreKit/StoreKitConfiguration.storekit /Users/gunnarhostetler/Library/Developer/Xcode/DerivedData/OpenIntelligence-exvenikajtsxhefyqtimuofgvczj/Build/Products/Debug-iphonesimulator/OpenIntelligence.app

Copy /Users/gunnarhostetler/Library/Developer/Xcode/DerivedData/OpenIntelligence-exvenikajtsxhefyqtimuofgvczj/Build/Products/Debug-iphonesimulator/OpenIntelligence.app/LocalLLMClient_LocalLLMClientLlama.bundle /Users/gunnarhostetler/Library/Developer/Xcode/DerivedData/OpenIntelligence-exvenikajtsxhefyqtimuofgvczj/Build/Products/Debug-iphonesimulator/LocalLLMClient_LocalLLMClientLlama.bundle (in target 'OpenIntelligence' from project 'OpenIntelligence')
    cd /Users/gunnarhostetler/Documents/GitHub/OpenIntelligence
    builtin-copy -exclude .DS_Store -exclude CVS -exclude .svn -exclude .git -exclude .hg -resolve-src-symlinks /Users/gunnarhostetler/Library/Developer/Xcode/DerivedData/OpenIntelligence-exvenikajtsxhefyqtimuofgvczj/Build/Products/Debug-iphonesimulator/LocalLLMClient_LocalLLMClientLlama.bundle /Users/gunnarhostetler/Library/Developer/Xcode/DerivedData/OpenIntelligence-exvenikajtsxhefyqtimuofgvczj/Build/Products/Debug-iphonesimulator/OpenIntelligence.app

Ld /Users/gunnarhostetler/Library/Developer/Xcode/DerivedData/OpenIntelligence-exvenikajtsxhefyqtimuofgvczj/Build/Products/Debug-iphonesimulator/OpenIntelligence.app/__preview.dylib normal (in target 'OpenIntelligence' from project 'OpenIntelligence')
    cd /Users/gunnarhostetler/Documents/GitHub/OpenIntelligence
    /Applications/Xcode.app/Contents/Developer/Toolchains/XcodeDefault.xctoolchain/usr/bin/clang -Xlinker -reproducible -target arm64-apple-ios26.0-simulator -dynamiclib -isysroot /Applications/Xcode.app/Contents/Developer/Platforms/iPhoneSimulator.platform/Developer/SDKs/iPhoneSimulator26.1.sdk -O0 -L/Users/gunnarhostetler/Library/Developer/Xcode/DerivedData/OpenIntelligence-exvenikajtsxhefyqtimuofgvczj/Build/Products/Debug-iphonesimulator -F/Users/gunnarhostetler/Library/Developer/Xcode/DerivedData/OpenIntelligence-exvenikajtsxhefyqtimuofgvczj/Build/Products/Debug-iphonesimulator/PackageFrameworks -F/Users/gunnarhostetler/Library/Developer/Xcode/DerivedData/OpenIntelligence-exvenikajtsxhefyqtimuofgvczj/Build/Products/Debug-iphonesimulator/PackageFrameworks -F/Users/gunnarhostetler/Library/Developer/Xcode/DerivedData/OpenIntelligence-exvenikajtsxhefyqtimuofgvczj/Build/Products/Debug-iphonesimulator/PackageFrameworks -F/Users/gunnarhostetler/Library/Developer/Xcode/DerivedData/OpenIntelligence-exvenikajtsxhefyqtimuofgvczj/Build/Products/Debug-iphonesimulator/PackageFrameworks -F/Users/gunnarhostetler/Library/Developer/Xcode/DerivedData/OpenIntelligence-exvenikajtsxhefyqtimuofgvczj/Build/Products/Debug-iphonesimulator/PackageFrameworks -F/Users/gunnarhostetler/Library/Developer/Xcode/DerivedData/OpenIntelligence-exvenikajtsxhefyqtimuofgvczj/Build/Products/Debug-iphonesimulator/PackageFrameworks -F/Users/gunnarhostetler/Library/Developer/Xcode/DerivedData/OpenIntelligence-exvenikajtsxhefyqtimuofgvczj/Build/Products/Debug-iphonesimulator/PackageFrameworks -F/Users/gunnarhostetler/Library/Developer/Xcode/DerivedData/OpenIntelligence-exvenikajtsxhefyqtimuofgvczj/Build/Products/Debug-iphonesimulator/PackageFrameworks -F/Users/gunnarhostetler/Library/Developer/Xcode/DerivedData/OpenIntelligence-exvenikajtsxhefyqtimuofgvczj/Build/Products/Debug-iphonesimulator/PackageFrameworks -F/Users/gunnarhostetler/Library/Developer/Xcode/DerivedData/OpenIntelligence-exvenikajtsxhefyqtimuofgvczj/Build/Products/Debug-iphonesimulator -install_name @rpath/OpenIntelligence.debug.dylib -dead_strip -rdynamic -Xlinker -no_deduplicate -Xlinker -objc_abi_version -Xlinker 2 -Xlinker -dependency_info -Xlinker /Users/gunnarhostetler/Library/Developer/Xcode/DerivedData/OpenIntelligence-exvenikajtsxhefyqtimuofgvczj/Build/Intermediates.noindex/OpenIntelligence.build/Debug-iphonesimulator/OpenIntelligence.build/Objects-normal/arm64/OpenIntelligence_dependency_info.dat -Xlinker -sectcreate -Xlinker __TEXT -Xlinker __entitlements -Xlinker /Users/gunnarhostetler/Library/Developer/Xcode/DerivedData/OpenIntelligence-exvenikajtsxhefyqtimuofgvczj/Build/Intermediates.noindex/OpenIntelligence.build/Debug-iphonesimulator/OpenIntelligence.build/OpenIntelligence.app-Simulated.xcent -Xlinker -sectcreate -Xlinker __TEXT -Xlinker __ents_der -Xlinker /Users/gunnarhostetler/Library/Developer/Xcode/DerivedData/OpenIntelligence-exvenikajtsxhefyqtimuofgvczj/Build/Intermediates.noindex/OpenIntelligence.build/Debug-iphonesimulator/OpenIntelligence.build/OpenIntelligence.app-Simulated.xcent.der -Xlinker -no_adhoc_codesign -o /Users/gunnarhostetler/Library/Developer/Xcode/DerivedData/OpenIntelligence-exvenikajtsxhefyqtimuofgvczj/Build/Products/Debug-iphonesimulator/OpenIntelligence.app/__preview.dylib

Copy /Users/gunnarhostetler/Library/Developer/Xcode/DerivedData/OpenIntelligence-exvenikajtsxhefyqtimuofgvczj/Build/Products/Debug-iphonesimulator/OpenIntelligence.app/Frameworks/llama.framework /Users/gunnarhostetler/Library/Developer/Xcode/DerivedData/OpenIntelligence-exvenikajtsxhefyqtimuofgvczj/SourcePackages/artifacts/localllmclient/LocalLLMClientLlamaFramework/llama.xcframework/ios-arm64_x86_64-simulator/llama.framework (in target 'OpenIntelligence' from project 'OpenIntelligence')
    cd /Users/gunnarhostetler/Documents/GitHub/OpenIntelligence
    builtin-copy -exclude .DS_Store -exclude CVS -exclude .svn -exclude .git -exclude .hg -exclude Headers -exclude PrivateHeaders -exclude Modules -exclude \*.tbd -resolve-src-symlinks -remove-static-executable /Users/gunnarhostetler/Library/Developer/Xcode/DerivedData/OpenIntelligence-exvenikajtsxhefyqtimuofgvczj/SourcePackages/artifacts/localllmclient/LocalLLMClientLlamaFramework/llama.xcframework/ios-arm64_x86_64-simulator/llama.framework /Users/gunnarhostetler/Library/Developer/Xcode/DerivedData/OpenIntelligence-exvenikajtsxhefyqtimuofgvczj/Build/Products/Debug-iphonesimulator/OpenIntelligence.app/Frameworks

ProcessInfoPlistFile /Users/gunnarhostetler/Library/Developer/Xcode/DerivedData/OpenIntelligence-exvenikajtsxhefyqtimuofgvczj/Build/Products/Debug-iphonesimulator/OpenIntelligence.app/Info.plist /Users/gunnarhostetler/Library/Developer/Xcode/DerivedData/OpenIntelligence-exvenikajtsxhefyqtimuofgvczj/Build/Intermediates.noindex/OpenIntelligence.build/Debug-iphonesimulator/OpenIntelligence.build/empty-OpenIntelligence.plist (in target 'OpenIntelligence' from project 'OpenIntelligence')
    cd /Users/gunnarhostetler/Documents/GitHub/OpenIntelligence
    builtin-infoPlistUtility /Users/gunnarhostetler/Library/Developer/Xcode/DerivedData/OpenIntelligence-exvenikajtsxhefyqtimuofgvczj/Build/Intermediates.noindex/OpenIntelligence.build/Debug-iphonesimulator/OpenIntelligence.build/empty-OpenIntelligence.plist -producttype com.apple.product-type.application -genpkginfo /Users/gunnarhostetler/Library/Developer/Xcode/DerivedData/OpenIntelligence-exvenikajtsxhefyqtimuofgvczj/Build/Products/Debug-iphonesimulator/OpenIntelligence.app/PkgInfo -expandbuildsettings -format binary -platform iphonesimulator -additionalcontentfile /Users/gunnarhostetler/Library/Developer/Xcode/DerivedData/OpenIntelligence-exvenikajtsxhefyqtimuofgvczj/Build/Intermediates.noindex/OpenIntelligence.build/Debug-iphonesimulator/OpenIntelligence.build/assetcatalog_generated_info.plist -scanforprivacyfile /Users/gunnarhostetler/Library/Developer/Xcode/DerivedData/OpenIntelligence-exvenikajtsxhefyqtimuofgvczj/Build/Products/Debug-iphonesimulator/OpenIntelligence.app/Frameworks/llama.framework -scanforprivacyfile /Users/gunnarhostetler/Library/Developer/Xcode/DerivedData/OpenIntelligence-exvenikajtsxhefyqtimuofgvczj/Build/Products/Debug-iphonesimulator/OpenIntelligence.app/LocalLLMClient_LocalLLMClientLlama.bundle -o /Users/gunnarhostetler/Library/Developer/Xcode/DerivedData/OpenIntelligence-exvenikajtsxhefyqtimuofgvczj/Build/Products/Debug-iphonesimulator/OpenIntelligence.app/Info.plist

CodeSign /Users/gunnarhostetler/Library/Developer/Xcode/DerivedData/OpenIntelligence-exvenikajtsxhefyqtimuofgvczj/Build/Products/Debug-iphonesimulator/OpenIntelligence.app/Frameworks/llama.framework (in target 'OpenIntelligence' from project 'OpenIntelligence')
    cd /Users/gunnarhostetler/Documents/GitHub/OpenIntelligence
    
    Signing Identity:     "Sign to Run Locally"
    
    /usr/bin/codesign --force --sign - --timestamp\=none --preserve-metadata\=identifier,entitlements,flags --generate-entitlement-der /Users/gunnarhostetler/Library/Developer/Xcode/DerivedData/OpenIntelligence-exvenikajtsxhefyqtimuofgvczj/Build/Products/Debug-iphonesimulator/OpenIntelligence.app/Frameworks/llama.framework
/Users/gunnarhostetler/Library/Developer/Xcode/DerivedData/OpenIntelligence-exvenikajtsxhefyqtimuofgvczj/Build/Products/Debug-iphonesimulator/OpenIntelligence.app/Frameworks/llama.framework: replacing existing signature

SwiftDriverJobDiscovery normal arm64 Emitting module for OpenIntelligence (in target 'OpenIntelligence' from project 'OpenIntelligence')

SwiftDriver\ Compilation\ Requirements OpenIntelligence normal arm64 com.apple.xcode.tools.swift.compiler (in target 'OpenIntelligence' from project 'OpenIntelligence')
    cd /Users/gunnarhostetler/Documents/GitHub/OpenIntelligence
    builtin-Swift-Compilation-Requirements -- /Applications/Xcode.app/Contents/Developer/Toolchains/XcodeDefault.xctoolchain/usr/bin/swiftc -module-name OpenIntelligence -Onone -enforce-exclusivity\=checked @/Users/gunnarhostetler/Library/Developer/Xcode/DerivedData/OpenIntelligence-exvenikajtsxhefyqtimuofgvczj/Build/Intermediates.noindex/OpenIntelligence.build/Debug-iphonesimulator/OpenIntelligence.build/Objects-normal/arm64/OpenIntelligence.SwiftFileList -DDEBUG -Xcc -fmodule-map-file\=/Users/gunnarhostetler/Library/Developer/Xcode/DerivedData/OpenIntelligence-exvenikajtsxhefyqtimuofgvczj/Build/Intermediates.noindex/GeneratedModuleMaps-iphonesimulator/LocalLLMClientLlamaC.modulemap -default-isolation\=MainActor -enable-bare-slash-regex -enable-upcoming-feature DisableOutwardActorInference -enable-upcoming-feature InferSendableFromCaptures -enable-upcoming-feature GlobalActorIsolatedTypesUsability -enable-upcoming-feature MemberImportVisibility -enable-upcoming-feature InferIsolatedConformances -enable-upcoming-feature NonisolatedNonsendingByDefault -enable-experimental-feature DebugDescriptionMacro -sdk /Applications/Xcode.app/Contents/Developer/Platforms/iPhoneSimulator.platform/Developer/SDKs/iPhoneSimulator26.1.sdk -target arm64-apple-ios26.0-simulator -cxx-interoperability-mode\=default -g -module-cache-path /Users/gunnarhostetler/Library/Developer/Xcode/DerivedData/ModuleCache.noindex -Xfrontend -serialize-debugging-options -enable-testing -index-store-path /Users/gunnarhostetler/Library/Developer/Xcode/DerivedData/OpenIntelligence-exvenikajtsxhefyqtimuofgvczj/Index.noindex/DataStore -Xcc -std\=gnu++20 -Xcc -D_LIBCPP_HARDENING_MODE\=_LIBCPP_HARDENING_MODE_DEBUG -swift-version 5 -I /Users/gunnarhostetler/Library/Developer/Xcode/DerivedData/OpenIntelligence-exvenikajtsxhefyqtimuofgvczj/Build/Products/Debug-iphonesimulator -F /Users/gunnarhostetler/Library/Developer/Xcode/DerivedData/OpenIntelligence-exvenikajtsxhefyqtimuofgvczj/Build/Products/Debug-iphonesimulator/PackageFrameworks -F /Users/gunnarhostetler/Library/Developer/Xcode/DerivedData/OpenIntelligence-exvenikajtsxhefyqtimuofgvczj/Build/Products/Debug-iphonesimulator/PackageFrameworks -F /Users/gunnarhostetler/Library/Developer/Xcode/DerivedData/OpenIntelligence-exvenikajtsxhefyqtimuofgvczj/Build/Products/Debug-iphonesimulator/PackageFrameworks -F /Users/gunnarhostetler/Library/Developer/Xcode/DerivedData/OpenIntelligence-exvenikajtsxhefyqtimuofgvczj/Build/Products/Debug-iphonesimulator/PackageFrameworks -F /Users/gunnarhostetler/Library/Developer/Xcode/DerivedData/OpenIntelligence-exvenikajtsxhefyqtimuofgvczj/Build/Products/Debug-iphonesimulator/PackageFrameworks -F /Users/gunnarhostetler/Library/Developer/Xcode/DerivedData/OpenIntelligence-exvenikajtsxhefyqtimuofgvczj/Build/Products/Debug-iphonesimulator/PackageFrameworks -F /Users/gunnarhostetler/Library/Developer/Xcode/DerivedData/OpenIntelligence-exvenikajtsxhefyqtimuofgvczj/Build/Products/Debug-iphonesimulator/PackageFrameworks -F /Users/gunnarhostetler/Library/Developer/Xcode/DerivedData/OpenIntelligence-exvenikajtsxhefyqtimuofgvczj/Build/Products/Debug-iphonesimulator/PackageFrameworks -F /Users/gunnarhostetler/Library/Developer/Xcode/DerivedData/OpenIntelligence-exvenikajtsxhefyqtimuofgvczj/Build/Products/Debug-iphonesimulator/PackageFrameworks -F /Users/gunnarhostetler/Library/Developer/Xcode/DerivedData/OpenIntelligence-exvenikajtsxhefyqtimuofgvczj/Build/Products/Debug-iphonesimulator -Xfrontend -load-plugin-executable -Xfrontend /Users/gunnarhostetler/Library/Developer/Xcode/DerivedData/OpenIntelligence-exvenikajtsxhefyqtimuofgvczj/Build/Products/Debug/LocalLLMClientMacrosPlugin\#LocalLLMClientMacrosPlugin -emit-localized-strings -emit-localized-strings-path /Users/gunnarhostetler/Library/Developer/Xcode/DerivedData/OpenIntelligence-exvenikajtsxhefyqtimuofgvczj/Build/Intermediates.noindex/OpenIntelligence.build/Debug-iphonesimulator/OpenIntelligence.build/Objects-normal/arm64 -c -j11 -enable-batch-mode -incremental -Xcc -ivfsstatcache -Xcc /Users/gunnarhostetler/Library/Developer/Xcode/DerivedData/SDKStatCaches.noindex/iphonesimulator26.1-23B77-3885c01c3e6b6a337905948deab2002e90cf18a4295e390e64c810bc6bd7acbc.sdkstatcache -output-file-map /Users/gunnarhostetler/Library/Developer/Xcode/DerivedData/OpenIntelligence-exvenikajtsxhefyqtimuofgvczj/Build/Intermediates.noindex/OpenIntelligence.build/Debug-iphonesimulator/OpenIntelligence.build/Objects-normal/arm64/OpenIntelligence-OutputFileMap.json -use-frontend-parseable-output -save-temps -no-color-diagnostics -serialize-diagnostics -emit-dependencies -emit-module -emit-module-path /Users/gunnarhostetler/Library/Developer/Xcode/DerivedData/OpenIntelligence-exvenikajtsxhefyqtimuofgvczj/Build/Intermediates.noindex/OpenIntelligence.build/Debug-iphonesimulator/OpenIntelligence.build/Objects-normal/arm64/OpenIntelligence.swiftmodule -validate-clang-modules-once -clang-build-session-file /Users/gunnarhostetler/Library/Developer/Xcode/DerivedData/ModuleCache.noindex/Session.modulevalidation -Xcc -I/Users/gunnarhostetler/Library/Developer/Xcode/DerivedData/OpenIntelligence-exvenikajtsxhefyqtimuofgvczj/Build/Intermediates.noindex/OpenIntelligence.build/Debug-iphonesimulator/OpenIntelligence.build/swift-overrides.hmap -emit-const-values -Xfrontend -const-gather-protocols-file -Xfrontend /Users/gunnarhostetler/Library/Developer/Xcode/DerivedData/OpenIntelligence-exvenikajtsxhefyqtimuofgvczj/Build/Intermediates.noindex/OpenIntelligence.build/Debug-iphonesimulator/OpenIntelligence.build/Objects-normal/arm64/OpenIntelligence_const_extract_protocols.json -Xcc -iquote -Xcc /Users/gunnarhostetler/Library/Developer/Xcode/DerivedData/OpenIntelligence-exvenikajtsxhefyqtimuofgvczj/Build/Intermediates.noindex/OpenIntelligence.build/Debug-iphonesimulator/OpenIntelligence.build/OpenIntelligence-generated-files.hmap -Xcc -I/Users/gunnarhostetler/Library/Developer/Xcode/DerivedData/OpenIntelligence-exvenikajtsxhefyqtimuofgvczj/Build/Intermediates.noindex/OpenIntelligence.build/Debug-iphonesimulator/OpenIntelligence.build/OpenIntelligence-own-target-headers.hmap -Xcc -I/Users/gunnarhostetler/Library/Developer/Xcode/DerivedData/OpenIntelligence-exvenikajtsxhefyqtimuofgvczj/Build/Intermediates.noindex/OpenIntelligence.build/Debug-iphonesimulator/OpenIntelligence.build/OpenIntelligence-all-non-framework-target-headers.hmap -Xcc -ivfsoverlay -Xcc /Users/gunnarhostetler/Library/Developer/Xcode/DerivedData/OpenIntelligence-exvenikajtsxhefyqtimuofgvczj/Build/Intermediates.noindex/OpenIntelligence.build/Debug-iphonesimulator/OpenIntelligence-8eaf30697dd2edc034bb09d37da97ca5-VFS-iphonesimulator/all-product-headers.yaml -Xcc -iquote -Xcc /Users/gunnarhostetler/Library/Developer/Xcode/DerivedData/OpenIntelligence-exvenikajtsxhefyqtimuofgvczj/Build/Intermediates.noindex/OpenIntelligence.build/Debug-iphonesimulator/OpenIntelligence.build/OpenIntelligence-project-headers.hmap -Xcc -I/Users/gunnarhostetler/Documents/GitHub/OpenIntelligence/Vendor/LocalLLMClient/Sources/LocalLLMClientLlamaC/include -Xcc -I/Users/gunnarhostetler/Library/Developer/Xcode/DerivedData/OpenIntelligence-exvenikajtsxhefyqtimuofgvczj/Build/Products/Debug-iphonesimulator/include -Xcc -I/Users/gunnarhostetler/Library/Developer/Xcode/DerivedData/OpenIntelligence-exvenikajtsxhefyqtimuofgvczj/Build/Intermediates.noindex/OpenIntelligence.build/Debug-iphonesimulator/OpenIntelligence.build/DerivedSources-normal/arm64 -Xcc -I/Users/gunnarhostetler/Library/Developer/Xcode/DerivedData/OpenIntelligence-exvenikajtsxhefyqtimuofgvczj/Build/Intermediates.noindex/OpenIntelligence.build/Debug-iphonesimulator/OpenIntelligence.build/DerivedSources/arm64 -Xcc -I/Users/gunnarhostetler/Library/Developer/Xcode/DerivedData/OpenIntelligence-exvenikajtsxhefyqtimuofgvczj/Build/Intermediates.noindex/OpenIntelligence.build/Debug-iphonesimulator/OpenIntelligence.build/DerivedSources -Xcc -DDEBUG\=1 -emit-objc-header -emit-objc-header-path /Users/gunnarhostetler/Library/Developer/Xcode/DerivedData/OpenIntelligence-exvenikajtsxhefyqtimuofgvczj/Build/Intermediates.noindex/OpenIntelligence.build/Debug-iphonesimulator/OpenIntelligence.build/Objects-normal/arm64/OpenIntelligence-Swift.h -working-directory /Users/gunnarhostetler/Documents/GitHub/OpenIntelligence -experimental-emit-module-separately -disable-cmo

SwiftMergeGeneratedHeaders /Users/gunnarhostetler/Library/Developer/Xcode/DerivedData/OpenIntelligence-exvenikajtsxhefyqtimuofgvczj/Build/Intermediates.noindex/OpenIntelligence.build/Debug-iphonesimulator/OpenIntelligence.build/DerivedSources/OpenIntelligence-Swift.h /Users/gunnarhostetler/Library/Developer/Xcode/DerivedData/OpenIntelligence-exvenikajtsxhefyqtimuofgvczj/Build/Intermediates.noindex/OpenIntelligence.build/Debug-iphonesimulator/OpenIntelligence.build/Objects-normal/arm64/OpenIntelligence-Swift.h (in target 'OpenIntelligence' from project 'OpenIntelligence')
    cd /Users/gunnarhostetler/Documents/GitHub/OpenIntelligence
    builtin-swiftHeaderTool -arch arm64 /Users/gunnarhostetler/Library/Developer/Xcode/DerivedData/OpenIntelligence-exvenikajtsxhefyqtimuofgvczj/Build/Intermediates.noindex/OpenIntelligence.build/Debug-iphonesimulator/OpenIntelligence.build/Objects-normal/arm64/OpenIntelligence-Swift.h -o /Users/gunnarhostetler/Library/Developer/Xcode/DerivedData/OpenIntelligence-exvenikajtsxhefyqtimuofgvczj/Build/Intermediates.noindex/OpenIntelligence.build/Debug-iphonesimulator/OpenIntelligence.build/DerivedSources/OpenIntelligence-Swift.h

Copy /Users/gunnarhostetler/Library/Developer/Xcode/DerivedData/OpenIntelligence-exvenikajtsxhefyqtimuofgvczj/Build/Products/Debug-iphonesimulator/OpenIntelligence.swiftmodule/arm64-apple-ios-simulator.swiftmodule /Users/gunnarhostetler/Library/Developer/Xcode/DerivedData/OpenIntelligence-exvenikajtsxhefyqtimuofgvczj/Build/Intermediates.noindex/OpenIntelligence.build/Debug-iphonesimulator/OpenIntelligence.build/Objects-normal/arm64/OpenIntelligence.swiftmodule (in target 'OpenIntelligence' from project 'OpenIntelligence')
    cd /Users/gunnarhostetler/Documents/GitHub/OpenIntelligence
    builtin-copy -exclude .DS_Store -exclude CVS -exclude .svn -exclude .git -exclude .hg -resolve-src-symlinks -rename /Users/gunnarhostetler/Library/Developer/Xcode/DerivedData/OpenIntelligence-exvenikajtsxhefyqtimuofgvczj/Build/Intermediates.noindex/OpenIntelligence.build/Debug-iphonesimulator/OpenIntelligence.build/Objects-normal/arm64/OpenIntelligence.swiftmodule /Users/gunnarhostetler/Library/Developer/Xcode/DerivedData/OpenIntelligence-exvenikajtsxhefyqtimuofgvczj/Build/Products/Debug-iphonesimulator/OpenIntelligence.swiftmodule/arm64-apple-ios-simulator.swiftmodule

Copy /Users/gunnarhostetler/Library/Developer/Xcode/DerivedData/OpenIntelligence-exvenikajtsxhefyqtimuofgvczj/Build/Products/Debug-iphonesimulator/OpenIntelligence.swiftmodule/arm64-apple-ios-simulator.swiftdoc /Users/gunnarhostetler/Library/Developer/Xcode/DerivedData/OpenIntelligence-exvenikajtsxhefyqtimuofgvczj/Build/Intermediates.noindex/OpenIntelligence.build/Debug-iphonesimulator/OpenIntelligence.build/Objects-normal/arm64/OpenIntelligence.swiftdoc (in target 'OpenIntelligence' from project 'OpenIntelligence')
    cd /Users/gunnarhostetler/Documents/GitHub/OpenIntelligence
    builtin-copy -exclude .DS_Store -exclude CVS -exclude .svn -exclude .git -exclude .hg -resolve-src-symlinks -rename /Users/gunnarhostetler/Library/Developer/Xcode/DerivedData/OpenIntelligence-exvenikajtsxhefyqtimuofgvczj/Build/Intermediates.noindex/OpenIntelligence.build/Debug-iphonesimulator/OpenIntelligence.build/Objects-normal/arm64/OpenIntelligence.swiftdoc /Users/gunnarhostetler/Library/Developer/Xcode/DerivedData/OpenIntelligence-exvenikajtsxhefyqtimuofgvczj/Build/Products/Debug-iphonesimulator/OpenIntelligence.swiftmodule/arm64-apple-ios-simulator.swiftdoc

Copy /Users/gunnarhostetler/Library/Developer/Xcode/DerivedData/OpenIntelligence-exvenikajtsxhefyqtimuofgvczj/Build/Products/Debug-iphonesimulator/OpenIntelligence.swiftmodule/arm64-apple-ios-simulator.abi.json /Users/gunnarhostetler/Library/Developer/Xcode/DerivedData/OpenIntelligence-exvenikajtsxhefyqtimuofgvczj/Build/Intermediates.noindex/OpenIntelligence.build/Debug-iphonesimulator/OpenIntelligence.build/Objects-normal/arm64/OpenIntelligence.abi.json (in target 'OpenIntelligence' from project 'OpenIntelligence')
    cd /Users/gunnarhostetler/Documents/GitHub/OpenIntelligence
    builtin-copy -exclude .DS_Store -exclude CVS -exclude .svn -exclude .git -exclude .hg -resolve-src-symlinks -rename /Users/gunnarhostetler/Library/Developer/Xcode/DerivedData/OpenIntelligence-exvenikajtsxhefyqtimuofgvczj/Build/Intermediates.noindex/OpenIntelligence.build/Debug-iphonesimulator/OpenIntelligence.build/Objects-normal/arm64/OpenIntelligence.abi.json /Users/gunnarhostetler/Library/Developer/Xcode/DerivedData/OpenIntelligence-exvenikajtsxhefyqtimuofgvczj/Build/Products/Debug-iphonesimulator/OpenIntelligence.swiftmodule/arm64-apple-ios-simulator.abi.json

Copy /Users/gunnarhostetler/Library/Developer/Xcode/DerivedData/OpenIntelligence-exvenikajtsxhefyqtimuofgvczj/Build/Products/Debug-iphonesimulator/OpenIntelligence.swiftmodule/Project/arm64-apple-ios-simulator.swiftsourceinfo /Users/gunnarhostetler/Library/Developer/Xcode/DerivedData/OpenIntelligence-exvenikajtsxhefyqtimuofgvczj/Build/Intermediates.noindex/OpenIntelligence.build/Debug-iphonesimulator/OpenIntelligence.build/Objects-normal/arm64/OpenIntelligence.swiftsourceinfo (in target 'OpenIntelligence' from project 'OpenIntelligence')
    cd /Users/gunnarhostetler/Documents/GitHub/OpenIntelligence
    builtin-copy -exclude .DS_Store -exclude CVS -exclude .svn -exclude .git -exclude .hg -resolve-src-symlinks -rename /Users/gunnarhostetler/Library/Developer/Xcode/DerivedData/OpenIntelligence-exvenikajtsxhefyqtimuofgvczj/Build/Intermediates.noindex/OpenIntelligence.build/Debug-iphonesimulator/OpenIntelligence.build/Objects-normal/arm64/OpenIntelligence.swiftsourceinfo /Users/gunnarhostetler/Library/Developer/Xcode/DerivedData/OpenIntelligence-exvenikajtsxhefyqtimuofgvczj/Build/Products/Debug-iphonesimulator/OpenIntelligence.swiftmodule/Project/arm64-apple-ios-simulator.swiftsourceinfo

SwiftDriverJobDiscovery normal arm64 Compiling ProjectionService.swift, AutoTuneService.swift, ContainerService.swift, DocumentProcessor.swift, EmbeddingService.swift, HybridSearchService.swift, LlamaCPPiOSLLMService.swift, LLMService.swift, LLMStreamingContext.swift, LocalOpenAIServerLLMService.swift (in target 'OpenIntelligence' from project 'OpenIntelligence')

SwiftDriverJobDiscovery normal arm64 Compiling ChatMessage.swift, CloudTransmission.swift, DocumentChunk.swift, InstalledModel.swift, KnowledgeContainer.swift, LLMModel.swift, LLMModelType.swift, LocalComputePreference.swift, RAGQuery.swift, BillingError.swift (in target 'OpenIntelligence' from project 'OpenIntelligence')

SwiftDriverJobDiscovery normal arm64 Compiling AboutView.swift, BackendHealthDiagnosticsView.swift, ContainerScopingSelfTestsView.swift, DeveloperDiagnosticsHubView.swift, DeveloperSettingsView.swift, ModelPipelineStage.swift, SettingsView.swift, SettingsViewClean.swift, CloudConsentPromptView.swift (in target 'OpenIntelligence' from project 'OpenIntelligence')

SwiftDriverJobDiscovery normal arm64 Compiling LoggingConfiguration.swift, MLXLLMService.swift, MLXLocalLLMService.swift, ModelDownloadService.swift, ModelRegistry.swift, OpenAIResponsesAPIService.swift, QueryEnhancementService.swift, RAGAppIntents.swift, RAGEngine.swift, RAGService.swift (in target 'OpenIntelligence' from project 'OpenIntelligence')

SwiftDriverJobDiscovery normal arm64 Compiling TermsOfServiceView.swift, ChatComposer.swift, ChatScreen.swift, EventToasts.swift, ExecutionBadge.swift, LiveCountersStrip.swift, MessageList.swift, PipelineOverlayView.swift, ProcessingModels.swift, ResponseDetailsView.swift (in target 'OpenIntelligence' from project 'OpenIntelligence')

SwiftDriverJobDiscovery normal arm64 Compiling ModelManagerView.swift, OnboardingChecklistLauncher.swift, OnboardingChecklistView.swift, FeatureRow.swift, InfoRow.swift, ModelInfoCard.swift, ModelPipelineRow.swift, ModelSelectorSheet.swift, SettingsRootView.swift (in target 'OpenIntelligence' from project 'OpenIntelligence')

SwiftDriverJobDiscovery normal arm64 Compiling InfoButtonView.swift, Embedding3DView.swift, LiveTelemetryStatsView.swift, NLChunkingDiagnosticsView.swift, TelemetryDashboardView.swift, VisualizationsView.swift, ContentView.swift, OpenIntelligenceApp.swift, GeneratedAssetSymbols.swift (in target 'OpenIntelligence' from project 'OpenIntelligence')

SwiftDriverJobDiscovery normal arm64 Compiling RetrievalSourcesTray.swift, SourceChipsView.swift, StageProgressBar.swift, TokenCadenceView.swift, ToolCallBadge.swift, CoreValidationView.swift, DocumentLibraryView.swift, SemanticSearchView.swift, ModelGalleryScreen.swift (in target 'OpenIntelligence' from project 'OpenIntelligence')

SwiftDriver\ Compilation OpenIntelligence normal arm64 com.apple.xcode.tools.swift.compiler (in target 'OpenIntelligence' from project 'OpenIntelligence')
    cd /Users/gunnarhostetler/Documents/GitHub/OpenIntelligence
    builtin-Swift-Compilation -- /Applications/Xcode.app/Contents/Developer/Toolchains/XcodeDefault.xctoolchain/usr/bin/swiftc -module-name OpenIntelligence -Onone -enforce-exclusivity\=checked @/Users/gunnarhostetler/Library/Developer/Xcode/DerivedData/OpenIntelligence-exvenikajtsxhefyqtimuofgvczj/Build/Intermediates.noindex/OpenIntelligence.build/Debug-iphonesimulator/OpenIntelligence.build/Objects-normal/arm64/OpenIntelligence.SwiftFileList -DDEBUG -Xcc -fmodule-map-file\=/Users/gunnarhostetler/Library/Developer/Xcode/DerivedData/OpenIntelligence-exvenikajtsxhefyqtimuofgvczj/Build/Intermediates.noindex/GeneratedModuleMaps-iphonesimulator/LocalLLMClientLlamaC.modulemap -default-isolation\=MainActor -enable-bare-slash-regex -enable-upcoming-feature DisableOutwardActorInference -enable-upcoming-feature InferSendableFromCaptures -enable-upcoming-feature GlobalActorIsolatedTypesUsability -enable-upcoming-feature MemberImportVisibility -enable-upcoming-feature InferIsolatedConformances -enable-upcoming-feature NonisolatedNonsendingByDefault -enable-experimental-feature DebugDescriptionMacro -sdk /Applications/Xcode.app/Contents/Developer/Platforms/iPhoneSimulator.platform/Developer/SDKs/iPhoneSimulator26.1.sdk -target arm64-apple-ios26.0-simulator -cxx-interoperability-mode\=default -g -module-cache-path /Users/gunnarhostetler/Library/Developer/Xcode/DerivedData/ModuleCache.noindex -Xfrontend -serialize-debugging-options -enable-testing -index-store-path /Users/gunnarhostetler/Library/Developer/Xcode/DerivedData/OpenIntelligence-exvenikajtsxhefyqtimuofgvczj/Index.noindex/DataStore -Xcc -std\=gnu++20 -Xcc -D_LIBCPP_HARDENING_MODE\=_LIBCPP_HARDENING_MODE_DEBUG -swift-version 5 -I /Users/gunnarhostetler/Library/Developer/Xcode/DerivedData/OpenIntelligence-exvenikajtsxhefyqtimuofgvczj/Build/Products/Debug-iphonesimulator -F /Users/gunnarhostetler/Library/Developer/Xcode/DerivedData/OpenIntelligence-exvenikajtsxhefyqtimuofgvczj/Build/Products/Debug-iphonesimulator/PackageFrameworks -F /Users/gunnarhostetler/Library/Developer/Xcode/DerivedData/OpenIntelligence-exvenikajtsxhefyqtimuofgvczj/Build/Products/Debug-iphonesimulator/PackageFrameworks -F /Users/gunnarhostetler/Library/Developer/Xcode/DerivedData/OpenIntelligence-exvenikajtsxhefyqtimuofgvczj/Build/Products/Debug-iphonesimulator/PackageFrameworks -F /Users/gunnarhostetler/Library/Developer/Xcode/DerivedData/OpenIntelligence-exvenikajtsxhefyqtimuofgvczj/Build/Products/Debug-iphonesimulator/PackageFrameworks -F /Users/gunnarhostetler/Library/Developer/Xcode/DerivedData/OpenIntelligence-exvenikajtsxhefyqtimuofgvczj/Build/Products/Debug-iphonesimulator/PackageFrameworks -F /Users/gunnarhostetler/Library/Developer/Xcode/DerivedData/OpenIntelligence-exvenikajtsxhefyqtimuofgvczj/Build/Products/Debug-iphonesimulator/PackageFrameworks -F /Users/gunnarhostetler/Library/Developer/Xcode/DerivedData/OpenIntelligence-exvenikajtsxhefyqtimuofgvczj/Build/Products/Debug-iphonesimulator/PackageFrameworks -F /Users/gunnarhostetler/Library/Developer/Xcode/DerivedData/OpenIntelligence-exvenikajtsxhefyqtimuofgvczj/Build/Products/Debug-iphonesimulator/PackageFrameworks -F /Users/gunnarhostetler/Library/Developer/Xcode/DerivedData/OpenIntelligence-exvenikajtsxhefyqtimuofgvczj/Build/Products/Debug-iphonesimulator/PackageFrameworks -F /Users/gunnarhostetler/Library/Developer/Xcode/DerivedData/OpenIntelligence-exvenikajtsxhefyqtimuofgvczj/Build/Products/Debug-iphonesimulator -Xfrontend -load-plugin-executable -Xfrontend /Users/gunnarhostetler/Library/Developer/Xcode/DerivedData/OpenIntelligence-exvenikajtsxhefyqtimuofgvczj/Build/Products/Debug/LocalLLMClientMacrosPlugin\#LocalLLMClientMacrosPlugin -emit-localized-strings -emit-localized-strings-path /Users/gunnarhostetler/Library/Developer/Xcode/DerivedData/OpenIntelligence-exvenikajtsxhefyqtimuofgvczj/Build/Intermediates.noindex/OpenIntelligence.build/Debug-iphonesimulator/OpenIntelligence.build/Objects-normal/arm64 -c -j11 -enable-batch-mode -incremental -Xcc -ivfsstatcache -Xcc /Users/gunnarhostetler/Library/Developer/Xcode/DerivedData/SDKStatCaches.noindex/iphonesimulator26.1-23B77-3885c01c3e6b6a337905948deab2002e90cf18a4295e390e64c810bc6bd7acbc.sdkstatcache -output-file-map /Users/gunnarhostetler/Library/Developer/Xcode/DerivedData/OpenIntelligence-exvenikajtsxhefyqtimuofgvczj/Build/Intermediates.noindex/OpenIntelligence.build/Debug-iphonesimulator/OpenIntelligence.build/Objects-normal/arm64/OpenIntelligence-OutputFileMap.json -use-frontend-parseable-output -save-temps -no-color-diagnostics -serialize-diagnostics -emit-dependencies -emit-module -emit-module-path /Users/gunnarhostetler/Library/Developer/Xcode/DerivedData/OpenIntelligence-exvenikajtsxhefyqtimuofgvczj/Build/Intermediates.noindex/OpenIntelligence.build/Debug-iphonesimulator/OpenIntelligence.build/Objects-normal/arm64/OpenIntelligence.swiftmodule -validate-clang-modules-once -clang-build-session-file /Users/gunnarhostetler/Library/Developer/Xcode/DerivedData/ModuleCache.noindex/Session.modulevalidation -Xcc -I/Users/gunnarhostetler/Library/Developer/Xcode/DerivedData/OpenIntelligence-exvenikajtsxhefyqtimuofgvczj/Build/Intermediates.noindex/OpenIntelligence.build/Debug-iphonesimulator/OpenIntelligence.build/swift-overrides.hmap -emit-const-values -Xfrontend -const-gather-protocols-file -Xfrontend /Users/gunnarhostetler/Library/Developer/Xcode/DerivedData/OpenIntelligence-exvenikajtsxhefyqtimuofgvczj/Build/Intermediates.noindex/OpenIntelligence.build/Debug-iphonesimulator/OpenIntelligence.build/Objects-normal/arm64/OpenIntelligence_const_extract_protocols.json -Xcc -iquote -Xcc /Users/gunnarhostetler/Library/Developer/Xcode/DerivedData/OpenIntelligence-exvenikajtsxhefyqtimuofgvczj/Build/Intermediates.noindex/OpenIntelligence.build/Debug-iphonesimulator/OpenIntelligence.build/OpenIntelligence-generated-files.hmap -Xcc -I/Users/gunnarhostetler/Library/Developer/Xcode/DerivedData/OpenIntelligence-exvenikajtsxhefyqtimuofgvczj/Build/Intermediates.noindex/OpenIntelligence.build/Debug-iphonesimulator/OpenIntelligence.build/OpenIntelligence-own-target-headers.hmap -Xcc -I/Users/gunnarhostetler/Library/Developer/Xcode/DerivedData/OpenIntelligence-exvenikajtsxhefyqtimuofgvczj/Build/Intermediates.noindex/OpenIntelligence.build/Debug-iphonesimulator/OpenIntelligence.build/OpenIntelligence-all-non-framework-target-headers.hmap -Xcc -ivfsoverlay -Xcc /Users/gunnarhostetler/Library/Developer/Xcode/DerivedData/OpenIntelligence-exvenikajtsxhefyqtimuofgvczj/Build/Intermediates.noindex/OpenIntelligence.build/Debug-iphonesimulator/OpenIntelligence-8eaf30697dd2edc034bb09d37da97ca5-VFS-iphonesimulator/all-product-headers.yaml -Xcc -iquote -Xcc /Users/gunnarhostetler/Library/Developer/Xcode/DerivedData/OpenIntelligence-exvenikajtsxhefyqtimuofgvczj/Build/Intermediates.noindex/OpenIntelligence.build/Debug-iphonesimulator/OpenIntelligence.build/OpenIntelligence-project-headers.hmap -Xcc -I/Users/gunnarhostetler/Documents/GitHub/OpenIntelligence/Vendor/LocalLLMClient/Sources/LocalLLMClientLlamaC/include -Xcc -I/Users/gunnarhostetler/Library/Developer/Xcode/DerivedData/OpenIntelligence-exvenikajtsxhefyqtimuofgvczj/Build/Products/Debug-iphonesimulator/include -Xcc -I/Users/gunnarhostetler/Library/Developer/Xcode/DerivedData/OpenIntelligence-exvenikajtsxhefyqtimuofgvczj/Build/Intermediates.noindex/OpenIntelligence.build/Debug-iphonesimulator/OpenIntelligence.build/DerivedSources-normal/arm64 -Xcc -I/Users/gunnarhostetler/Library/Developer/Xcode/DerivedData/OpenIntelligence-exvenikajtsxhefyqtimuofgvczj/Build/Intermediates.noindex/OpenIntelligence.build/Debug-iphonesimulator/OpenIntelligence.build/DerivedSources/arm64 -Xcc -I/Users/gunnarhostetler/Library/Developer/Xcode/DerivedData/OpenIntelligence-exvenikajtsxhefyqtimuofgvczj/Build/Intermediates.noindex/OpenIntelligence.build/Debug-iphonesimulator/OpenIntelligence.build/DerivedSources -Xcc -DDEBUG\=1 -emit-objc-header -emit-objc-header-path /Users/gunnarhostetler/Library/Developer/Xcode/DerivedData/OpenIntelligence-exvenikajtsxhefyqtimuofgvczj/Build/Intermediates.noindex/OpenIntelligence.build/Debug-iphonesimulator/OpenIntelligence.build/Objects-normal/arm64/OpenIntelligence-Swift.h -working-directory /Users/gunnarhostetler/Documents/GitHub/OpenIntelligence -experimental-emit-module-separately -disable-cmo

Ld /Users/gunnarhostetler/Library/Developer/Xcode/DerivedData/OpenIntelligence-exvenikajtsxhefyqtimuofgvczj/Build/Products/Debug-iphonesimulator/OpenIntelligence.app/OpenIntelligence.debug.dylib normal (in target 'OpenIntelligence' from project 'OpenIntelligence')
    cd /Users/gunnarhostetler/Documents/GitHub/OpenIntelligence
    /Applications/Xcode.app/Contents/Developer/Toolchains/XcodeDefault.xctoolchain/usr/bin/clang -Xlinker -reproducible -target arm64-apple-ios26.0-simulator -dynamiclib -isysroot /Applications/Xcode.app/Contents/Developer/Platforms/iPhoneSimulator.platform/Developer/SDKs/iPhoneSimulator26.1.sdk -O0 -L/Users/gunnarhostetler/Library/Developer/Xcode/DerivedData/OpenIntelligence-exvenikajtsxhefyqtimuofgvczj/Build/Intermediates.noindex/EagerLinkingTBDs/Debug-iphonesimulator -L/Users/gunnarhostetler/Library/Developer/Xcode/DerivedData/OpenIntelligence-exvenikajtsxhefyqtimuofgvczj/Build/Products/Debug-iphonesimulator -F/Users/gunnarhostetler/Library/Developer/Xcode/DerivedData/OpenIntelligence-exvenikajtsxhefyqtimuofgvczj/Build/Intermediates.noindex/EagerLinkingTBDs/Debug-iphonesimulator -F/Users/gunnarhostetler/Library/Developer/Xcode/DerivedData/OpenIntelligence-exvenikajtsxhefyqtimuofgvczj/Build/Products/Debug-iphonesimulator/PackageFrameworks -F/Users/gunnarhostetler/Library/Developer/Xcode/DerivedData/OpenIntelligence-exvenikajtsxhefyqtimuofgvczj/Build/Products/Debug-iphonesimulator/PackageFrameworks -F/Users/gunnarhostetler/Library/Developer/Xcode/DerivedData/OpenIntelligence-exvenikajtsxhefyqtimuofgvczj/Build/Products/Debug-iphonesimulator/PackageFrameworks -F/Users/gunnarhostetler/Library/Developer/Xcode/DerivedData/OpenIntelligence-exvenikajtsxhefyqtimuofgvczj/Build/Products/Debug-iphonesimulator/PackageFrameworks -F/Users/gunnarhostetler/Library/Developer/Xcode/DerivedData/OpenIntelligence-exvenikajtsxhefyqtimuofgvczj/Build/Products/Debug-iphonesimulator/PackageFrameworks -F/Users/gunnarhostetler/Library/Developer/Xcode/DerivedData/OpenIntelligence-exvenikajtsxhefyqtimuofgvczj/Build/Products/Debug-iphonesimulator/PackageFrameworks -F/Users/gunnarhostetler/Library/Developer/Xcode/DerivedData/OpenIntelligence-exvenikajtsxhefyqtimuofgvczj/Build/Products/Debug-iphonesimulator/PackageFrameworks -F/Users/gunnarhostetler/Library/Developer/Xcode/DerivedData/OpenIntelligence-exvenikajtsxhefyqtimuofgvczj/Build/Products/Debug-iphonesimulator/PackageFrameworks -F/Users/gunnarhostetler/Library/Developer/Xcode/DerivedData/OpenIntelligence-exvenikajtsxhefyqtimuofgvczj/Build/Products/Debug-iphonesimulator/PackageFrameworks -F/Users/gunnarhostetler/Library/Developer/Xcode/DerivedData/OpenIntelligence-exvenikajtsxhefyqtimuofgvczj/Build/Products/Debug-iphonesimulator -filelist /Users/gunnarhostetler/Library/Developer/Xcode/DerivedData/OpenIntelligence-exvenikajtsxhefyqtimuofgvczj/Build/Intermediates.noindex/OpenIntelligence.build/Debug-iphonesimulator/OpenIntelligence.build/Objects-normal/arm64/OpenIntelligence.LinkFileList -install_name @rpath/OpenIntelligence.debug.dylib -Xlinker -rpath -Xlinker /Users/gunnarhostetler/Library/Developer/Xcode/DerivedData/OpenIntelligence-exvenikajtsxhefyqtimuofgvczj/Build/Products/Debug-iphonesimulator/PackageFrameworks -Xlinker -rpath -Xlinker @executable_path/Frameworks -dead_strip -Xlinker -object_path_lto -Xlinker /Users/gunnarhostetler/Library/Developer/Xcode/DerivedData/OpenIntelligence-exvenikajtsxhefyqtimuofgvczj/Build/Intermediates.noindex/OpenIntelligence.build/Debug-iphonesimulator/OpenIntelligence.build/Objects-normal/arm64/OpenIntelligence_lto.o -rdynamic -Xlinker -no_deduplicate -Xlinker -objc_abi_version -Xlinker 2 -Xlinker -dependency_info -Xlinker /Users/gunnarhostetler/Library/Developer/Xcode/DerivedData/OpenIntelligence-exvenikajtsxhefyqtimuofgvczj/Build/Intermediates.noindex/OpenIntelligence.build/Debug-iphonesimulator/OpenIntelligence.build/Objects-normal/arm64/OpenIntelligence_dependency_info.dat -fobjc-link-runtime -L/Applications/Xcode.app/Contents/Developer/Toolchains/XcodeDefault.xctoolchain/usr/lib/swift/iphonesimulator -L/usr/lib/swift -Xlinker -add_ast_path -Xlinker /Users/gunnarhostetler/Library/Developer/Xcode/DerivedData/OpenIntelligence-exvenikajtsxhefyqtimuofgvczj/Build/Intermediates.noindex/OpenIntelligence.build/Debug-iphonesimulator/OpenIntelligence.build/Objects-normal/arm64/OpenIntelligence.swiftmodule @/Users/gunnarhostetler/Library/Developer/Xcode/DerivedData/OpenIntelligence-exvenikajtsxhefyqtimuofgvczj/Build/Intermediates.noindex/OpenIntelligence.build/Debug-iphonesimulator/OpenIntelligence.build/Objects-normal/arm64/OpenIntelligence-linker-args.resp -Wl,-no_warn_duplicate_libraries -Wl,-no_warn_duplicate_libraries -Wl,-no_warn_duplicate_libraries -Wl,-no_warn_duplicate_libraries -Wl,-no_warn_duplicate_libraries -lc++ -Wl,-no_warn_duplicate_libraries -Wl,-no_warn_duplicate_libraries -Wl,-no_warn_duplicate_libraries -Wl,-no_warn_duplicate_libraries -Xlinker -alias -Xlinker _main -Xlinker ___debug_main_executable_dylib_entry_point -framework llama -Xlinker -no_adhoc_codesign -o /Users/gunnarhostetler/Library/Developer/Xcode/DerivedData/OpenIntelligence-exvenikajtsxhefyqtimuofgvczj/Build/Products/Debug-iphonesimulator/OpenIntelligence.app/OpenIntelligence.debug.dylib -Xlinker -add_ast_path -Xlinker /Users/gunnarhostetler/Library/Developer/Xcode/DerivedData/OpenIntelligence-exvenikajtsxhefyqtimuofgvczj/Build/Intermediates.noindex/LocalLLMClient.build/Debug-iphonesimulator/LocalLLMClient.build/Objects-normal/arm64/LocalLLMClient.swiftmodule @/Users/gunnarhostetler/Library/Developer/Xcode/DerivedData/OpenIntelligence-exvenikajtsxhefyqtimuofgvczj/Build/Intermediates.noindex/LocalLLMClient.build/Debug-iphonesimulator/LocalLLMClient.build/Objects-normal/arm64/LocalLLMClient-linker-args.resp -Xlinker -add_ast_path -Xlinker /Users/gunnarhostetler/Library/Developer/Xcode/DerivedData/OpenIntelligence-exvenikajtsxhefyqtimuofgvczj/Build/Intermediates.noindex/LocalLLMClient.build/Debug-iphonesimulator/LocalLLMClientUtility.build/Objects-normal/arm64/LocalLLMClientUtility.swiftmodule @/Users/gunnarhostetler/Library/Developer/Xcode/DerivedData/OpenIntelligence-exvenikajtsxhefyqtimuofgvczj/Build/Intermediates.noindex/LocalLLMClient.build/Debug-iphonesimulator/LocalLLMClientUtility.build/Objects-normal/arm64/LocalLLMClientUtility-linker-args.resp -Xlinker -add_ast_path -Xlinker /Users/gunnarhostetler/Library/Developer/Xcode/DerivedData/OpenIntelligence-exvenikajtsxhefyqtimuofgvczj/Build/Intermediates.noindex/Jinja.build/Debug-iphonesimulator/Jinja.build/Objects-normal/arm64/Jinja.swiftmodule @/Users/gunnarhostetler/Library/Developer/Xcode/DerivedData/OpenIntelligence-exvenikajtsxhefyqtimuofgvczj/Build/Intermediates.noindex/Jinja.build/Debug-iphonesimulator/Jinja.build/Objects-normal/arm64/Jinja-linker-args.resp -Xlinker -add_ast_path -Xlinker /Users/gunnarhostetler/Library/Developer/Xcode/DerivedData/OpenIntelligence-exvenikajtsxhefyqtimuofgvczj/Build/Intermediates.noindex/swift-collections.build/Debug-iphonesimulator/OrderedCollections.build/Objects-normal/arm64/OrderedCollections.swiftmodule @/Users/gunnarhostetler/Library/Developer/Xcode/DerivedData/OpenIntelligence-exvenikajtsxhefyqtimuofgvczj/Build/Intermediates.noindex/swift-collections.build/Debug-iphonesimulator/OrderedCollections.build/Objects-normal/arm64/OrderedCollections-linker-args.resp -Xlinker -add_ast_path -Xlinker /Users/gunnarhostetler/Library/Developer/Xcode/DerivedData/OpenIntelligence-exvenikajtsxhefyqtimuofgvczj/Build/Intermediates.noindex/swift-collections.build/Debug-iphonesimulator/InternalCollectionsUtilities.build/Objects-normal/arm64/InternalCollectionsUtilities.swiftmodule @/Users/gunnarhostetler/Library/Developer/Xcode/DerivedData/OpenIntelligence-exvenikajtsxhefyqtimuofgvczj/Build/Intermediates.noindex/swift-collections.build/Debug-iphonesimulator/InternalCollectionsUtilities.build/Objects-normal/arm64/InternalCollectionsUtilities-linker-args.resp -Xlinker -add_ast_path -Xlinker /Users/gunnarhostetler/Library/Developer/Xcode/DerivedData/OpenIntelligence-exvenikajtsxhefyqtimuofgvczj/Build/Intermediates.noindex/LocalLLMClient.build/Debug-iphonesimulator/LocalLLMClientCore.build/Objects-normal/arm64/LocalLLMClientCore.swiftmodule @/Users/gunnarhostetler/Library/Developer/Xcode/DerivedData/OpenIntelligence-exvenikajtsxhefyqtimuofgvczj/Build/Intermediates.noindex/LocalLLMClient.build/Debug-iphonesimulator/LocalLLMClientCore.build/Objects-normal/arm64/LocalLLMClientCore-linker-args.resp -Xlinker -add_ast_path -Xlinker /Users/gunnarhostetler/Library/Developer/Xcode/DerivedData/OpenIntelligence-exvenikajtsxhefyqtimuofgvczj/Build/Intermediates.noindex/LocalLLMClient.build/Debug-iphonesimulator/LocalLLMClientMacros.build/Objects-normal/arm64/LocalLLMClientMacros.swiftmodule @/Users/gunnarhostetler/Library/Developer/Xcode/DerivedData/OpenIntelligence-exvenikajtsxhefyqtimuofgvczj/Build/Intermediates.noindex/LocalLLMClient.build/Debug-iphonesimulator/LocalLLMClientMacros.build/Objects-normal/arm64/LocalLLMClientMacros-linker-args.resp -Xlinker -add_ast_path -Xlinker /Users/gunnarhostetler/Library/Developer/Xcode/DerivedData/OpenIntelligence-exvenikajtsxhefyqtimuofgvczj/Build/Intermediates.noindex/LocalLLMClient.build/Debug-iphonesimulator/LocalLLMClientLlama.build/Objects-normal/arm64/LocalLLMClientLlama.swiftmodule @/Users/gunnarhostetler/Library/Developer/Xcode/DerivedData/OpenIntelligence-exvenikajtsxhefyqtimuofgvczj/Build/Intermediates.noindex/LocalLLMClient.build/Debug-iphonesimulator/LocalLLMClientLlama.build/Objects-normal/arm64/LocalLLMClientLlama-linker-args.resp
ld: warning: Could not find or use auto-linked framework 'CoreAudioTypes': framework 'CoreAudioTypes' not found
ld: warning: Could not find or use auto-linked framework 'StoreKitTest': framework 'StoreKitTest' not found
ld: warning: Could not find or use auto-linked framework 'UIUtilities': framework 'UIUtilities' not found
ld: warning: Could not parse or use implicit file '/Applications/Xcode.app/Contents/Developer/Platforms/iPhoneSimulator.platform/Developer/SDKs/iPhoneSimulator.sdk/System/Library/Frameworks/SwiftUICore.framework/SwiftUICore.tbd': cannot link directly with 'SwiftUICore' because product being built is not an allowed client of it
Undefined symbols for architecture arm64:
  "_OBJC_CLASS_$_SKTestSession", referenced from:
       in StoreKitTestHarness.o
ld: symbol(s) not found for architecture arm64
clang: error: linker command failed with exit code 1 (use -v to see invocation)

note: Disabling hardened runtime with ad-hoc codesigning. (in target 'OpenIntelligence' from project 'OpenIntelligence')
** BUILD FAILED **


The following build commands failed:
	Ld /Users/gunnarhostetler/Library/Developer/Xcode/DerivedData/OpenIntelligence-exvenikajtsxhefyqtimuofgvczj/Build/Products/Debug-iphonesimulator/OpenIntelligence.app/OpenIntelligence.debug.dylib normal (in target 'OpenIntelligence' from project 'OpenIntelligence')
	Building project OpenIntelligence with scheme OpenIntelligence
(2 failures)
